Archive member included to satisfy reference by file (symbol)

/home/stoffer/esp8266/esp-open-sdk/sdk/lib/libmain.a(debug-vector.o)
                              (_DebugExceptionVector)
/home/stoffer/esp8266/esp-open-sdk/sdk/lib/libmain.a(double-vector.o)
                              (_DoubleExceptionVector)
/home/stoffer/esp8266/esp-open-sdk/sdk/lib/libmain.a(kernel-vector.o)
                              (_KernelExceptionVector)
/home/stoffer/esp8266/esp-open-sdk/sdk/lib/libmain.a(nmi-vector.o)
                              (_NMIExceptionVector)
/home/stoffer/esp8266/esp-open-sdk/sdk/lib/libmain.a(user-vector.o)
                              (_UserExceptionVector)
/home/stoffer/esp8266/esp-open-sdk/sdk/lib/libmain.a(vector.o)
                              (call_user_start)
/home/stoffer/esp8266/esp-open-sdk/sdk/lib/libmain.a(app_main.o)
                              /home/stoffer/esp8266/esp-open-sdk/sdk/lib/libmain.a(nmi-vector.o) (NMI_Handler)
/home/stoffer/esp8266/esp-open-sdk/sdk/lib/libmain.a(ets_timer.o)
                              /home/stoffer/esp8266/esp-open-sdk/sdk/lib/libmain.a(app_main.o) (ets_timer_setfn)
/home/stoffer/esp8266/esp-open-sdk/sdk/lib/libmain.a(mem_manager.o)
                              /home/stoffer/esp8266/esp-open-sdk/sdk/lib/libmain.a(app_main.o) (pvPortMalloc)
/home/stoffer/esp8266/esp-open-sdk/sdk/lib/libmain.a(spi_flash.o)
                              /home/stoffer/esp8266/esp-open-sdk/sdk/lib/libmain.a(app_main.o) (spi_flash_get_id)
/home/stoffer/esp8266/esp-open-sdk/sdk/lib/libmain.a(user_interface.o)
                              /home/stoffer/esp8266/esp-open-sdk/sdk/lib/libmain.a(app_main.o) (done_cb)
/home/stoffer/esp8266/esp-open-sdk/sdk/lib/libmain.a(eagle_lib.o)
                              /home/stoffer/esp8266/esp-open-sdk/sdk/lib/libmain.a(user_interface.o) (ets_sprintf)
/home/stoffer/esp8266/esp-open-sdk/sdk/lib/libmain.a(eagle_lwip_if.o)
                              /home/stoffer/esp8266/esp-open-sdk/sdk/lib/libmain.a(user_interface.o) (hostname)
build/app_app.a(user_main.o)  /home/stoffer/esp8266/esp-open-sdk/sdk/lib/libmain.a(app_main.o) (user_init)
build/app_app.a(captdns.o)    build/app_app.a(user_main.o) (captdnsInit)
build/app_app.a(led.o)        build/app_app.a(user_main.o) (led_init)
build/app_app.a(httpd_user_init.o)
                              build/app_app.a(user_main.o) (httpd_user_init)
build/app_app.a(httpd.o)      build/app_app.a(httpd_user_init.o) (cgiRedirect)
build/app_app.a(utils.o)      build/app_app.a(user_main.o) (decimal_number_length)
build/app_app.a(crypto.o)     build/app_app.a(user_main.o) (init_aes_hmac_combined)
build/app_app.a(sha256.o)     build/app_app.a(crypto.o) (sha256_raw)
build/app_app.a(aes.o)        build/app_app.a(crypto.o) (AES128_CBC_encrypt_buffer)
build/app_app.a(uart.o)       build/app_app.a(user_main.o) (uart_init)
build/app_app.a(ext_spi_flash.o)
                              build/app_app.a(user_main.o) (ext_spi_init)
build/app_app.a(gpio16.o)     build/app_app.a(user_main.o) (gpio16_output_conf)
build/app_app.a(spi.o)        build/app_app.a(ext_spi_flash.o) (spi_init_gpio)
build/app_app.a(mqtt.o)       build/app_app.a(user_main.o) (MQTT_Publish)
build/app_app.a(mqtt_msg.o)   build/app_app.a(mqtt.o) (mqtt_msg_init)
build/app_app.a(queue.o)      build/app_app.a(mqtt.o) (QUEUE_Init)
build/app_app.a(mqtt_utils.o)
                              build/app_app.a(mqtt.o) (UTILS_StrToIP)
build/app_app.a(proto.o)      build/app_app.a(queue.o) (PROTO_ParseRb)
build/app_app.a(config.o)     build/app_app.a(user_main.o) (sys_cfg)
build/app_app.a(wifi.o)       build/app_app.a(user_main.o) (wifi_connect)
build/app_app.a(cgiwifi.o)    build/app_app.a(httpd_user_init.o) (cgiWiFiScan)
build/app_app.a(tinyprintf.o)
                              build/app_app.a(user_main.o) (tfp_snprintf)
build/app_app.a(unix_time.o)  build/app_app.a(user_main.o) (init_unix_time)
build/app_app.a(cgi.o)        build/app_app.a(httpd_user_init.o) (cgiLed)
build/app_app.a(httpdespfs.o)
                              build/app_app.a(httpd_user_init.o) (cgiEspFsHook)
build/app_app.a(espfs.o)      build/app_app.a(httpdespfs.o) (espFsOpen)
build/app_app.a(heatshrink_decoder.o)
                              build/app_app.a(espfs.o) (heatshrink_decoder_free)
build/app_app.a(hmac-sha256.o)
                              build/app_app.a(crypto.o) (hmac_sha256_init)
build/app_app.a(ringbuf.o)    build/app_app.a(queue.o) (RINGBUF_Init)
/home/stoffer/esp8266/esp-open-sdk/xtensa-lx106-elf/lib/gcc/xtensa-lx106-elf/4.8.5/../../../../xtensa-lx106-elf/lib/libc.a(lib_a-atoi.o)
                              build/app_app.a(user_main.o) (atoi)
/home/stoffer/esp8266/esp-open-sdk/xtensa-lx106-elf/lib/gcc/xtensa-lx106-elf/4.8.5/../../../../xtensa-lx106-elf/lib/libc.a(lib_a-memcpy.o)
                              build/app_app.a(mqtt_msg.o) (memcpy)
[...]
Memory Configuration

Name             Origin             Length             Attributes
dport0_0_seg     0x000000003ff00000 0x0000000000000010
dram0_0_seg      0x000000003ffe8000 0x0000000000014000
iram1_0_seg      0x0000000040100000 0x0000000000008000
irom0_0_seg      0x0000000040240000 0x000000000003c000
*default*        0x0000000000000000 0xffffffffffffffff

Linker script and memory map

START GROUP
LOAD /home/stoffer/esp8266/esp-open-sdk/xtensa-lx106-elf/lib/gcc/xtensa-lx106-elf/4.8.5/../../../../xtensa-lx106-elf/lib/libc.a
LOAD /home/stoffer/esp8266/esp-open-sdk/sdk/lib/libgcc.a
LOAD /home/stoffer/esp8266/esp-open-sdk/xtensa-lx106-elf/xtensa-lx106-elf/sysroot/usr/lib/libhal.a
LOAD /home/stoffer/esp8266/esp-open-sdk/sdk/lib/libphy.a
LOAD /home/stoffer/esp8266/esp-open-sdk/sdk/lib/libpp.a
LOAD /home/stoffer/esp8266/esp-open-sdk/sdk/lib/libnet80211.a
LOAD /home/stoffer/esp8266/esp-open-sdk/sdk/lib/liblwip.a
LOAD /home/stoffer/esp8266/esp-open-sdk/sdk/lib/libwpa.a
LOAD /home/stoffer/esp8266/esp-open-sdk/sdk/lib/libmain.a
LOAD /home/stoffer/esp8266/esp-open-sdk/sdk/lib/libssl.a
LOAD /home/stoffer/esp8266/esp-open-sdk/xtensa-lx106-elf/lib/gcc/xtensa-lx106-elf/4.8.5/../../../../xtensa-lx106-elf/lib/libc.a
LOAD /home/stoffer/esp8266/esp-open-sdk/sdk/lib/libgcc.a
LOAD build/app_app.a
END GROUP
                [!provide]                        PROVIDE (_memmap_vecbase_reset, 0x40000000)
                0x0000000000000110                _memmap_cacheattr_wb_base = 0x110
                0x0000000000000110                _memmap_cacheattr_wt_base = 0x110
                0x0000000000000220                _memmap_cacheattr_bp_base = 0x220
                0x00000000fffff00f                _memmap_cacheattr_unused_mask = 0xfffff00f
                0x000000002222211f                _memmap_cacheattr_wb_trapnull = 0x2222211f
                0x000000002222211f                _memmap_cacheattr_wba_trapnull = 0x2222211f
                0x000000002222211f                _memmap_cacheattr_wbna_trapnull = 0x2222211f
                0x000000002222211f                _memmap_cacheattr_wt_trapnull = 0x2222211f
                0x000000002222222f                _memmap_cacheattr_bp_trapnull = 0x2222222f
                0x00000000fffff11f                _memmap_cacheattr_wb_strict = 0xfffff11f
                0x00000000fffff11f                _memmap_cacheattr_wt_strict = 0xfffff11f
                0x00000000fffff22f                _memmap_cacheattr_bp_strict = 0xfffff22f
                0x0000000022222112                _memmap_cacheattr_wb_allvalid = 0x22222112
                0x0000000022222112                _memmap_cacheattr_wt_allvalid = 0x22222112
                0x0000000022222222                _memmap_cacheattr_bp_allvalid = 0x22222222
                [!provide]                        PROVIDE (_memmap_cacheattr_reset, _memmap_cacheattr_wb_trapnull)

.dport0.rodata  0x000000003ff00000        0x0
                0x000000003ff00000                _dport0_rodata_start = ABSOLUTE (.)
 *(.dport0.rodata)
 *(.dport.rodata)
                0x000000003ff00000                _dport0_rodata_end = ABSOLUTE (.)

.dport0.literal
                0x000000003ff00000        0x0
                0x000000003ff00000                _dport0_literal_start = ABSOLUTE (.)
 *(.dport0.literal)
 *(.dport.literal)
                0x000000003ff00000                _dport0_literal_end = ABSOLUTE (.)

.dport0.data    0x000000003ff00000        0x0
                0x000000003ff00000                _dport0_data_start = ABSOLUTE (.)
 *(.dport0.data)
 *(.dport.data)
                0x000000003ff00000                _dport0_data_end = ABSOLUTE (.)

.data           0x000000003ffe8000      0x848
                0x000000003ffe8000                _data_start = ABSOLUTE (.)
 *(.data)
 .data          0x000000003ffe8000        0x0 /home/stoffer/esp8266/esp-open-sdk/sdk/lib/libmain.a(debug-vector.o)
 .data          0x000000003ffe8000        0x0 /home/stoffer/esp8266/esp-open-sdk/sdk/lib/libmain.a(double-vector.o)
 .data          0x000000003ffe8000        0x0 /home/stoffer/esp8266/esp-open-sdk/sdk/lib/libmain.a(kernel-vector.o)
 .data          0x000000003ffe8000        0x4 /home/stoffer/esp8266/esp-open-sdk/sdk/lib/libmain.a(nmi-vector.o)
                0x000000003ffe8000                _Pri_3_HandlerAddress
 .data          0x000000003ffe8004        0x0 /home/stoffer/esp8266/esp-open-sdk/sdk/lib/libmain.a(user-vector.o)
 .data          0x000000003ffe8004        0x0 /home/stoffer/esp8266/esp-open-sdk/sdk/lib/libmain.a(vector.o)
 .data          0x000000003ffe8004        0x1 /home/stoffer/esp8266/esp-open-sdk/sdk/lib/libmain.a(app_main.o)
 .data          0x000000003ffe8005        0x0 /home/stoffer/esp8266/esp-open-sdk/sdk/lib/libmain.a(ets_timer.o)
 .data          0x000000003ffe8005        0x0 /home/stoffer/esp8266/esp-open-sdk/sdk/lib/libmain.a(mem_manager.o)
 .data          0x000000003ffe8005        0x0 /home/stoffer/esp8266/esp-open-sdk/sdk/lib/libmain.a(spi_flash.o)
 *fill*         0x000000003ffe8005        0x3 
 .data          0x000000003ffe8008        0x6 /home/stoffer/esp8266/esp-open-sdk/sdk/lib/libmain.a(user_interface.o)
                0x000000003ffe8009                timer2_ms_flag
                0x000000003ffe800a                dhcps_flag
                0x000000003ffe800b                dhcpc_flag
                0x000000003ffe800d                reconnect_internal
 .data          0x000000003ffe800e        0x0 /home/stoffer/esp8266/esp-open-sdk/sdk/lib/libmain.a(eagle_lib.o)
 *fill*         0x000000003ffe800e        0x2 
 .data          0x000000003ffe8010        0x1 /home/stoffer/esp8266/esp-open-sdk/sdk/lib/libmain.a(eagle_lwip_if.o)
                0x000000003ffe8010                default_hostname
 .data          0x000000003ffe8011        0x0 build/app_app.a(user_main.o)
 .data          0x000000003ffe8011        0x0 build/app_app.a(captdns.o)
 .data          0x000000003ffe8011        0x0 build/app_app.a(led.o)
 *fill*         0x000000003ffe8011        0x3 
 .data          0x000000003ffe8014       0x9c build/app_app.a(httpd_user_init.o)
                0x000000003ffe8014                builtInUrls
 .data          0x000000003ffe80b0        0x0 build/app_app.a(httpd.o)
 .data          0x000000003ffe80b0        0x0 build/app_app.a(utils.o)
 .data          0x000000003ffe80b0        0x0 build/app_app.a(crypto.o)
 .data          0x000000003ffe80b0        0x0 build/app_app.a(sha256.o)
 .data          0x000000003ffe80b0        0x0 build/app_app.a(aes.o)
 .data          0x000000003ffe80b0        0x0 build/app_app.a(uart.o)
 .data          0x000000003ffe80b0        0x0 build/app_app.a(ext_spi_flash.o)
 .data          0x000000003ffe80b0        0x0 build/app_app.a(gpio16.o)
 .data          0x000000003ffe80b0        0x0 build/app_app.a(spi.o)
 .data          0x000000003ffe80b0        0x0 build/app_app.a(mqtt.o)
 .data          0x000000003ffe80b0        0x0 build/app_app.a(mqtt_msg.o)
 .data          0x000000003ffe80b0        0x0 build/app_app.a(queue.o)
 .data          0x000000003ffe80b0        0x0 build/app_app.a(mqtt_utils.o)
 .data          0x000000003ffe80b0        0x0 build/app_app.a(proto.o)
 .data          0x000000003ffe80b0        0x0 build/app_app.a(config.o)
 .data          0x000000003ffe80b0        0x0 build/app_app.a(wifi.o)
 .data          0x000000003ffe80b0        0x0 build/app_app.a(cgiwifi.o)
 .data          0x000000003ffe80b0        0x0 build/app_app.a(tinyprintf.o)
 .data          0x000000003ffe80b0        0x0 build/app_app.a(unix_time.o)
 .data          0x000000003ffe80b0        0x0 build/app_app.a(cgi.o)
 .data          0x000000003ffe80b0        0x0 build/app_app.a(httpdespfs.o)
 .data          0x000000003ffe80b0        0x0 build/app_app.a(espfs.o)
 .data          0x000000003ffe80b0        0x0 build/app_app.a(heatshrink_decoder.o)
 .data          0x000000003ffe80b0        0x0 build/app_app.a(hmac-sha256.o)
 .data          0x000000003ffe80b0        0x0 build/app_app.a(ringbuf.o)
 .data          0x000000003ffe80b0        0x0 /home/stoffer/esp8266/esp-open-sdk/xtensa-lx106-elf/lib/gcc/xtensa-lx106-elf/4.8.5/../../../../xtensa-lx106-elf/lib/libc.a(lib_a-atoi.o)
 .data          0x000000003ffe80b0        0x0 /home/stoffer/esp8266/esp-open-sdk/xtensa-lx106-elf/lib/gcc/xtensa-lx106-elf/4.8.5/../../../../xtensa-lx106-elf/lib/libc.a(lib_a-memcpy.o)
 .data          0x000000003ffe80b0        0x0 /home/stoffer/esp8266/esp-open-sdk/xtensa-lx106-elf/lib/gcc/xtensa-lx106-elf/4.8.5/../../../../xtensa-lx106-elf/lib/libc.a(lib_a-memset.o)
 .data          0x000000003ffe80b0        0x0 /home/stoffer/esp8266/esp-open-sdk/xtensa-lx106-elf/lib/gcc/xtensa-lx106-elf/4.8.5/../../../../xtensa-lx106-elf/lib/libc.a(lib_a-strlen.o)
 .data          0x000000003ffe80b0        0x0 /home/stoffer/esp8266/esp-open-sdk/xtensa-lx106-elf/lib/gcc/xtensa-lx106-elf/4.8.5/../../../../xtensa-lx106-elf/lib/libc.a(lib_a-strtok.o)
 .data          0x000000003ffe80b0        0x0 /home/stoffer/esp8266/esp-open-sdk/xtensa-lx106-elf/lib/gcc/xtensa-lx106-elf/4.8.5/../../../../xtensa-lx106-elf/lib/libc.a(lib_a-strtok_r.o)
 .data          0x000000003ffe80b0        0x0 /home/stoffer/esp8266/esp-open-sdk/xtensa-lx106-elf/lib/gcc/xtensa-lx106-elf/4.8.5/../../../../xtensa-lx106-elf/lib/libc.a(lib_a-strtol.o)
 .data          0x000000003ffe80b0        0x4 /home/stoffer/esp8266/esp-open-sdk/xtensa-lx106-elf/lib/gcc/xtensa-lx106-elf/4.8.5/../../../../xtensa-lx106-elf/lib/libc.a(lib_a-ctype_.o)
                0x000000003ffe80b0                __ctype_ptr__
 *fill*         0x000000003ffe80b4        0x4 
 .data          0x000000003ffe80b8      0x430 /home/stoffer/esp8266/esp-open-sdk/xtensa-lx106-elf/lib/gcc/xtensa-lx106-elf/4.8.5/../../../../xtensa-lx106-elf/lib/libc.a(lib_a-impure.o)
                0x000000003ffe80b8                _impure_ptr
 .data          0x000000003ffe84e8        0x0 /home/stoffer/esp8266/esp-open-sdk/xtensa-lx106-elf/xtensa-lx106-elf/sysroot/usr/lib/libhal.a(int_asm--set_intclear.o)
 .data          0x000000003ffe84e8        0x0 /home/stoffer/esp8266/esp-open-sdk/sdk/lib/libphy.a(phy.o)
 .data          0x000000003ffe84e8        0x0 /home/stoffer/esp8266/esp-open-sdk/sdk/lib/libphy.a(phy_chip_v6_ana.o)
 *fill*         0x000000003ffe84e8        0x8 
 .data          0x000000003ffe84f0       0x53 /home/stoffer/esp8266/esp-open-sdk/sdk/lib/libphy.a(phy_chip_v6.o)
                0x000000003ffe84f2                tx_rf_ana_gain
                0x000000003ffe8520                rx_gain_swp
                0x000000003ffe8540                test_rffreq_txcap
 *fill*         0x000000003ffe8543        0x1 
 .data          0x000000003ffe8544        0x1 /home/stoffer/esp8266/esp-open-sdk/sdk/lib/libphy.a(phy_chip_v6_cal.o)
                0x000000003ffe8544                rfcal_bb_atten_init
 .data          0x000000003ffe8545        0x0 /home/stoffer/esp8266/esp-open-sdk/sdk/lib/libphy.a(phy_chip_v6_unused.o)
 *fill*         0x000000003ffe8545        0x3 
 .data          0x000000003ffe8548        0x4 /home/stoffer/esp8266/esp-open-sdk/sdk/lib/libphy.a(phy_sleep.o)
                0x000000003ffe8548                chip_version
 .data          0x000000003ffe854c        0x0 /home/stoffer/esp8266/esp-open-sdk/sdk/lib/libpp.a(if_hwctrl.o)
 .data          0x000000003ffe854c        0x0 /home/stoffer/esp8266/esp-open-sdk/sdk/lib/libpp.a(lmac.o)
 .data          0x000000003ffe854c        0x1 /home/stoffer/esp8266/esp-open-sdk/sdk/lib/libpp.a(pm.o)
 *fill*         0x000000003ffe854d        0x3 
 .data          0x000000003ffe8550        0x1 /home/stoffer/esp8266/esp-open-sdk/sdk/lib/libpp.a(pm_for_bcn_only_mode.o)
 *fill*         0x000000003ffe8551        0x3 
 .data          0x000000003ffe8554       0x1c /home/stoffer/esp8266/esp-open-sdk/sdk/lib/libpp.a(pp.o)
                0x000000003ffe8554                soft_wdt_interval
                0x000000003ffe8558                NoiseTimerInterval
                0x000000003ffe8560                sleep_start_wait_time
                0x000000003ffe8568                CanDoFreqCal
                0x000000003ffe856c                tcb
 .data          0x000000003ffe8570       0x40 /home/stoffer/esp8266/esp-open-sdk/sdk/lib/libpp.a(rate_control.o)
 .data          0x000000003ffe85b0      0x24c /home/stoffer/esp8266/esp-open-sdk/sdk/lib/libpp.a(trc.o)
 .data          0x000000003ffe87fc        0x8 /home/stoffer/esp8266/esp-open-sdk/sdk/lib/libpp.a(wdev.o)
 .data          0x000000003ffe8804        0x0 /home/stoffer/esp8266/esp-open-sdk/sdk/lib/libpp.a(esf_buf.o)
 .data          0x000000003ffe8804        0x0 /home/stoffer/esp8266/esp-open-sdk/sdk/lib/libnet80211.a(ieee80211.o)
 .data          0x000000003ffe8804        0x0 /home/stoffer/esp8266/esp-open-sdk/sdk/lib/libnet80211.a(ieee80211_crypto.o)
 .data          0x000000003ffe8804        0x0 /home/stoffer/esp8266/esp-open-sdk/sdk/lib/libnet80211.a(ieee80211_ets.o)
 .data          0x000000003ffe8804        0x1 /home/stoffer/esp8266/esp-open-sdk/sdk/lib/libnet80211.a(ieee80211_hostap.o)
                0x000000003ffe8804                TmpSTAAPCloseAP
 .data          0x000000003ffe8805        0x0 /home/stoffer/esp8266/esp-open-sdk/sdk/lib/libnet80211.a(ieee80211_ht.o)
 .data          0x000000003ffe8805        0x0 /home/stoffer/esp8266/esp-open-sdk/sdk/lib/libnet80211.a(ieee80211_input.o)
 .data          0x000000003ffe8805        0x0 /home/stoffer/esp8266/esp-open-sdk/sdk/lib/libnet80211.a(ieee80211_mesh_quick.o)
 .data          0x000000003ffe8805        0x0 /home/stoffer/esp8266/esp-open-sdk/sdk/lib/libnet80211.a(ieee80211_output.o)
 .data          0x000000003ffe8805        0x0 /home/stoffer/esp8266/esp-open-sdk/sdk/lib/libnet80211.a(ieee80211_phy.o)
 .data          0x000000003ffe8805        0x0 /home/stoffer/esp8266/esp-open-sdk/sdk/lib/libnet80211.a(ieee80211_power.o)
 .data          0x000000003ffe8805        0x0 /home/stoffer/esp8266/esp-open-sdk/sdk/lib/libnet80211.a(ieee80211_proto.o)
 .data          0x000000003ffe8805        0x0 /home/stoffer/esp8266/esp-open-sdk/sdk/lib/libnet80211.a(ieee80211_rfid.o)
 .data          0x000000003ffe8805        0x0 /home/stoffer/esp8266/esp-open-sdk/sdk/lib/libnet80211.a(ieee80211_scan.o)
 .data          0x000000003ffe8805        0x0 /home/stoffer/esp8266/esp-open-sdk/sdk/lib/libnet80211.a(ieee80211_sta.o)
 .data          0x000000003ffe8805        0x0 /home/stoffer/esp8266/esp-open-sdk/sdk/lib/libnet80211.a(wl_chm.o)
 *fill*         0x000000003ffe8805        0x3 
 .data          0x000000003ffe8808        0x1 /home/stoffer/esp8266/esp-open-sdk/sdk/lib/libnet80211.a(wl_cnx.o)
 *fill*         0x000000003ffe8809        0x7 
 .data          0x000000003ffe8810       0x1c /home/stoffer/esp8266/esp-open-sdk/sdk/lib/libnet80211.a(ieee80211_action.o)
 .data          0x000000003ffe882c        0x0 /home/stoffer/esp8266/esp-open-sdk/sdk/lib/libnet80211.a(ieee80211_action_vendor.o)
 .data          0x000000003ffe882c        0x0 /home/stoffer/esp8266/esp-open-sdk/sdk/lib/libnet80211.a(ieee80211_crypto_ccmp.o)
 .data          0x000000003ffe882c        0x0 /home/stoffer/esp8266/esp-open-sdk/sdk/lib/libnet80211.a(ieee80211_ie_vendor.o)
 .data          0x000000003ffe882c        0x4 /home/stoffer/esp8266/esp-open-sdk/sdk/lib/liblwip.a(dhcp.o)
 .data          0x000000003ffe8830        0x5 /home/stoffer/esp8266/esp-open-sdk/sdk/lib/liblwip.a(dhcpserver.o)
                0x000000003ffe8830                dhcps_lease_time
 .data          0x000000003ffe8835        0x0 /home/stoffer/esp8266/esp-open-sdk/sdk/lib/liblwip.a(dns.o)
 .data          0x000000003ffe8835        0x0 /home/stoffer/esp8266/esp-open-sdk/sdk/lib/liblwip.a(espconn.o)
 .data          0x000000003ffe8835        0x0 /home/stoffer/esp8266/esp-open-sdk/sdk/lib/liblwip.a(espconn_tcp.o)
 .data          0x000000003ffe8835        0x0 /home/stoffer/esp8266/esp-open-sdk/sdk/lib/liblwip.a(espconn_udp.o)
 .data          0x000000003ffe8835        0x0 /home/stoffer/esp8266/esp-open-sdk/sdk/lib/liblwip.a(etharp.o)
 .data          0x000000003ffe8835        0x0 /home/stoffer/esp8266/esp-open-sdk/sdk/lib/liblwip.a(igmp.o)
 .data          0x000000003ffe8835        0x0 /home/stoffer/esp8266/esp-open-sdk/sdk/lib/liblwip.a(inet_chksum.o)
 .data          0x000000003ffe8835        0x0 /home/stoffer/esp8266/esp-open-sdk/sdk/lib/liblwip.a(init.o)
 .data          0x000000003ffe8835        0x0 /home/stoffer/esp8266/esp-open-sdk/sdk/lib/liblwip.a(ip_addr.o)
 .data          0x000000003ffe8835        0x0 /home/stoffer/esp8266/esp-open-sdk/sdk/lib/liblwip.a(ip.o)
 *fill*         0x000000003ffe8835        0x3 
 .data          0x000000003ffe8838        0x2 /home/stoffer/esp8266/esp-open-sdk/sdk/lib/liblwip.a(memp.o)
                0x000000003ffe8838                memp_sizes_test
 .data          0x000000003ffe883a        0x0 /home/stoffer/esp8266/esp-open-sdk/sdk/lib/liblwip.a(netif.o)
 .data          0x000000003ffe883a        0x0 /home/stoffer/esp8266/esp-open-sdk/sdk/lib/liblwip.a(pbuf.o)
 .data          0x000000003ffe883a        0x0 /home/stoffer/esp8266/esp-open-sdk/sdk/lib/liblwip.a(raw.o)
 *fill*         0x000000003ffe883a        0x2 
 .data          0x000000003ffe883c        0x1 /home/stoffer/esp8266/esp-open-sdk/sdk/lib/liblwip.a(sntp.o)
                0x000000003ffe883c                time_zone
 .data          0x000000003ffe883d        0x0 /home/stoffer/esp8266/esp-open-sdk/sdk/lib/liblwip.a(tcp_in.o)
 *fill*         0x000000003ffe883d        0x3 
 .data          0x000000003ffe8840        0x8 /home/stoffer/esp8266/esp-open-sdk/sdk/lib/liblwip.a(tcp.o)
 .data          0x000000003ffe8848        0x0 /home/stoffer/esp8266/esp-open-sdk/sdk/lib/liblwip.a(tcp_out.o)
 .data          0x000000003ffe8848        0x0 /home/stoffer/esp8266/esp-open-sdk/sdk/lib/liblwip.a(timers.o)
 .data          0x000000003ffe8848        0x0 /home/stoffer/esp8266/esp-open-sdk/sdk/lib/liblwip.a(udp.o)
 .data          0x000000003ffe8848        0x0 /home/stoffer/esp8266/esp-open-sdk/sdk/lib/liblwip.a(icmp.o)
 .data          0x000000003ffe8848        0x0 /home/stoffer/esp8266/esp-open-sdk/sdk/lib/libwpa.a(ap_config.o)
 .data          0x000000003ffe8848        0x0 /home/stoffer/esp8266/esp-open-sdk/sdk/lib/libwpa.a(common.o)
 .data          0x000000003ffe8848        0x0 /home/stoffer/esp8266/esp-open-sdk/sdk/lib/libwpa.a(os_xtensa.o)
 .data          0x000000003ffe8848        0x0 /home/stoffer/esp8266/esp-open-sdk/sdk/lib/libwpa.a(wpa_auth.o)
 .data          0x000000003ffe8848        0x0 /home/stoffer/esp8266/esp-open-sdk/sdk/lib/libwpa.a(wpa_auth_ie.o)
 .data          0x000000003ffe8848        0x0 /home/stoffer/esp8266/esp-open-sdk/sdk/lib/libwpa.a(wpa.o)
 .data          0x000000003ffe8848        0x0 /home/stoffer/esp8266/esp-open-sdk/sdk/lib/libwpa.a(wpa_common.o)
 .data          0x000000003ffe8848        0x0 /home/stoffer/esp8266/esp-open-sdk/sdk/lib/libwpa.a(wpa_debug.o)
 .data          0x000000003ffe8848        0x0 /home/stoffer/esp8266/esp-open-sdk/sdk/lib/libwpa.a(wpa_ie.o)
 .data          0x000000003ffe8848        0x0 /home/stoffer/esp8266/esp-open-sdk/sdk/lib/libwpa.a(wpa_main.o)
 .data          0x000000003ffe8848        0x0 /home/stoffer/esp8266/esp-open-sdk/sdk/lib/libwpa.a(wpas_glue.o)
 .data          0x000000003ffe8848        0x0 /home/stoffer/esp8266/esp-open-sdk/sdk/lib/libwpa.a(aes-wrap.o)
 .data          0x000000003ffe8848        0x0 /home/stoffer/esp8266/esp-open-sdk/sdk/lib/libwpa.a(aes-internal-enc.o)
 .data          0x000000003ffe8848        0x0 /home/stoffer/esp8266/esp-open-sdk/sdk/lib/libwpa.a(aes-internal.o)
 .data          0x000000003ffe8848        0x0 /home/stoffer/esp8266/esp-open-sdk/sdk/lib/libgcc.a(_modsi3.o)
 .data          0x000000003ffe8848        0x0 /home/stoffer/esp8266/esp-open-sdk/sdk/lib/libgcc.a(_ashrdi3.o)
 .data          0x000000003ffe8848        0x0 /home/stoffer/esp8266/esp-open-sdk/sdk/lib/libgcc.a(_mulsf3.o)
 .data          0x000000003ffe8848        0x0 /home/stoffer/esp8266/esp-open-sdk/sdk/lib/libgcc.a(_divsf3.o)
 .data          0x000000003ffe8848        0x0 /home/stoffer/esp8266/esp-open-sdk/sdk/lib/libgcc.a(_fixsfsi.o)
 .data          0x000000003ffe8848        0x0 /home/stoffer/esp8266/esp-open-sdk/sdk/lib/libnet80211.a(ieee80211_crypto_tkip.o)
 .data          0x000000003ffe8848        0x0 /home/stoffer/esp8266/esp-open-sdk/sdk/lib/libnet80211.a(ieee80211_crypto_wep.o)
 *(.data.*)
 *(.gnu.linkonce.d.*)
 *(.data1)
 *(.sdata)
 *(.sdata.*)
 *(.gnu.linkonce.s.*)
 *(.sdata2)
 *(.sdata2.*)
 *(.gnu.linkonce.s2.*)
 *(.jcr)
                0x000000003ffe8848                _data_end = ABSOLUTE (.)

.rodata         0x000000003ffe8850     0x10ec
                0x000000003ffe8850                _rodata_start = ABSOLUTE (.)
 *(.sdk.version)
 .sdk.version   0x000000003ffe8850       0x10 /home/stoffer/esp8266/esp-open-sdk/sdk/lib/libmain.a(app_main.o)
                0x000000003ffe8850                SDK_VERSION
 *(.rodata)
 .rodata        0x000000003ffe8860       0x48 build/app_app.a(httpd.o)
 .rodata        0x000000003ffe88a8      0x200 build/app_app.a(utils.o)
                0x000000003ffe88a8                ccit_crc16_table
 .rodata        0x000000003ffe8aa8      0x120 build/app_app.a(sha256.o)
 .rodata        0x000000003ffe8bc8      0x300 build/app_app.a(aes.o)
 .rodata        0x000000003ffe8ec8       0x48 build/app_app.a(mqtt.o)
 .rodata        0x000000003ffe8f10       0x10 build/app_app.a(config.o)
 .rodata        0x000000003ffe8f20       0x24 build/app_app.a(heatshrink_decoder.o)
 .rodata        0x000000003ffe8f44      0x101 /home/stoffer/esp8266/esp-open-sdk/xtensa-lx106-elf/lib/gcc/xtensa-lx106-elf/4.8.5/../../../../xtensa-lx106-elf/lib/libc.a(lib_a-ctype_.o)
                0x000000003ffe8f44                _ctype_
 *fill*         0x000000003ffe9045        0x3 
 .rodata        0x000000003ffe9048        0x4 /home/stoffer/esp8266/esp-open-sdk/xtensa-lx106-elf/lib/gcc/xtensa-lx106-elf/4.8.5/../../../../xtensa-lx106-elf/lib/libc.a(lib_a-impure.o)
                0x000000003ffe9048                _global_impure_ptr
 .rodata        0x000000003ffe904c        0x8 /home/stoffer/esp8266/esp-open-sdk/sdk/lib/libphy.a(phy_chip_v6_ana.o)
 .rodata        0x000000003ffe9054        0x8 /home/stoffer/esp8266/esp-open-sdk/sdk/lib/libphy.a(phy_chip_v6.o)
 .rodata        0x000000003ffe905c        0x4 /home/stoffer/esp8266/esp-open-sdk/sdk/lib/libpp.a(pp.o)
 .rodata        0x000000003ffe9060        0x8 /home/stoffer/esp8266/esp-open-sdk/sdk/lib/libnet80211.a(ieee80211_hostap.o)
 .rodata        0x000000003ffe9068        0x9 /home/stoffer/esp8266/esp-open-sdk/sdk/lib/libnet80211.a(ieee80211_output.o)
 *fill*         0x000000003ffe9071        0x3 
 .rodata        0x000000003ffe9074        0x6 /home/stoffer/esp8266/esp-open-sdk/sdk/lib/liblwip.a(etharp.o)
                0x000000003ffe9074                ethbroadcast
 *fill*         0x000000003ffe907a        0x6 
 .rodata        0x000000003ffe9080       0xc0 /home/stoffer/esp8266/esp-open-sdk/sdk/lib/liblwip.a(sntp.o)
 *(.rodata.*)
 .rodata.str1.4
                0x000000003ffe9140        0xc /home/stoffer/esp8266/esp-open-sdk/sdk/lib/libmain.a(app_main.o)
 .rodata.str1.4
                0x000000003ffe914c        0x4 /home/stoffer/esp8266/esp-open-sdk/sdk/lib/libmain.a(ets_timer.o)
                                          0xc (size before relaxing)
 .rodata.str1.4
                0x000000003ffe9150       0x1a /home/stoffer/esp8266/esp-open-sdk/sdk/lib/libmain.a(mem_manager.o)
 *fill*         0x000000003ffe916a        0x2 
 .rodata.str1.4
                0x000000003ffe916c      0x1a7 build/app_app.a(user_main.o)
                                        0x1b3 (size before relaxing)
 *fill*         0x000000003ffe9313        0x1 
 .rodata.str1.4
                0x000000003ffe9314       0x11 build/app_app.a(captdns.o)
 *fill*         0x000000003ffe9325        0x3 
 .rodata.str1.4
                0x000000003ffe9328       0xaa build/app_app.a(httpd_user_init.o)
                                         0xae (size before relaxing)
 *fill*         0x000000003ffe93d2        0x2 
 .rodata.str1.4
                0x000000003ffe93d4      0x17a build/app_app.a(httpd.o)
                                        0x186 (size before relaxing)
 *fill*         0x000000003ffe954e        0x2 
 .rodata.str1.4
                0x000000003ffe9550        0x8 build/app_app.a(utils.o)
                                          0xb (size before relaxing)
 .rodata.str1.4
                0x000000003ffe9558       0x11 build/app_app.a(sha256.o)
 .rodata.str1.4
                0x000000003ffe9569        0x1 build/app_app.a(mqtt.o)
 *fill*         0x000000003ffe9569        0x3 
 .rodata.str1.4
                0x000000003ffe956c        0x7 build/app_app.a(mqtt_msg.o)
 .rodata.str1.4
                0x000000003ffe9573        0x1 build/app_app.a(queue.o)
 *fill*         0x000000003ffe9573        0x1 
 .rodata.str1.4
                0x000000003ffe9574       0x54 build/app_app.a(config.o)
                                         0x60 (size before relaxing)
 .rodata.str1.4
                0x000000003ffe95c8       0x35 build/app_app.a(wifi.o)
                                         0x39 (size before relaxing)
 *fill*         0x000000003ffe95fd        0x3 
 .rodata.str1.4
                0x000000003ffe9600      0x253 build/app_app.a(cgiwifi.o)
                                        0x263 (size before relaxing)
 *fill*         0x000000003ffe9853        0x1 
 .rodata.str1.4
                0x000000003ffe9854       0x20 build/app_app.a(unix_time.o)
 .rodata.str1.4
                0x000000003ffe9874       0x38 build/app_app.a(cgi.o)
                                         0x54 (size before relaxing)
 .rodata.str1.4
                0x000000003ffe98ac       0x32 build/app_app.a(httpdespfs.o)
                                         0x46 (size before relaxing)
 .rodata.str1.4
                0x000000003ffe98de        0x1 build/app_app.a(espfs.o)
 .rodata.str1.4
                0x000000003ffe98de        0x1 build/app_app.a(heatshrink_decoder.o)
 .rodata.str1.1
                0x000000003ffe98de        0x2 /home/stoffer/esp8266/esp-open-sdk/xtensa-lx106-elf/lib/gcc/xtensa-lx106-elf/4.8.5/../../../../xtensa-lx106-elf/lib/libc.a(lib_a-impure.o)
 .rodata.str1.4
                0x000000003ffe98e0        0x4 /home/stoffer/esp8266/esp-open-sdk/sdk/lib/libpp.a(lmac.o)
                                          0xc (size before relaxing)
 .rodata.str1.4
                0x000000003ffe98e4        0x3 /home/stoffer/esp8266/esp-open-sdk/sdk/lib/libpp.a(pm.o)
                                          0xb (size before relaxing)
 *fill*         0x000000003ffe98e7        0x1 
 .rodata.str1.4
                0x000000003ffe98e8        0x4 /home/stoffer/esp8266/esp-open-sdk/sdk/lib/libpp.a(pm_for_bcn_only_mode.o)
                                          0xc (size before relaxing)
 .rodata.str1.4
                0x000000003ffe98ec        0x8 /home/stoffer/esp8266/esp-open-sdk/sdk/lib/libpp.a(pp.o)
                                         0x10 (size before relaxing)
 .rodata.str1.4
                0x000000003ffe98f4        0x4 /home/stoffer/esp8266/esp-open-sdk/sdk/lib/libpp.a(wdev.o)
                                          0xc (size before relaxing)
 .rodata.str1.4
                0x000000003ffe98f8        0x3 /home/stoffer/esp8266/esp-open-sdk/sdk/lib/libnet80211.a(ieee80211_hostap.o)
                                          0x8 (size before relaxing)
 *fill*         0x000000003ffe98fb        0x1 
 .rodata.str1.4
                0x000000003ffe98fc        0x7 /home/stoffer/esp8266/esp-open-sdk/sdk/lib/libnet80211.a(ieee80211_mesh_quick.o)
 .rodata.str1.4
                0x000000003ffe9903        0x4 /home/stoffer/esp8266/esp-open-sdk/sdk/lib/libnet80211.a(ieee80211_sta.o)
 .rodata.str1.4
                0x000000003ffe9903        0x4 /home/stoffer/esp8266/esp-open-sdk/sdk/lib/libnet80211.a(ieee80211_action_vendor.o)
 .rodata.str1.4
                0x000000003ffe9903        0x4 /home/stoffer/esp8266/esp-open-sdk/sdk/lib/libnet80211.a(ieee80211_ie_vendor.o)
 .rodata.str1.4
                0x000000003ffe9903        0x1 /home/stoffer/esp8266/esp-open-sdk/sdk/lib/liblwip.a(espconn_tcp.o)
 *fill*         0x000000003ffe9903        0x1 
 .rodata.str1.4
                0x000000003ffe9904       0x20 /home/stoffer/esp8266/esp-open-sdk/sdk/lib/liblwip.a(sntp.o)
 .rodata.str1.4
                0x000000003ffe9924       0x10 /home/stoffer/esp8266/esp-open-sdk/sdk/lib/libwpa.a(wpa_debug.o)
                                          0xd (size before relaxing)
 *(.gnu.linkonce.r.*)
 *(.rodata1)
                0x000000003ffe9934                __XT_EXCEPTION_TABLE__ = ABSOLUTE (.)
 *(.xt_except_table)
 *(.gcc_except_table)
 *(.gnu.linkonce.e.*)
 *(.gnu.version_r)
 *(.eh_frame)
 *crtbegin.o(.ctors)
 *(EXCLUDE_FILE(*crtend.o) .ctors)
 *(SORT(.ctors.*))
 *(.ctors)
 *crtbegin.o(.dtors)
 *(EXCLUDE_FILE(*crtend.o) .dtors)
 *(SORT(.dtors.*))
 *(.dtors)
                0x000000003ffe9934                __XT_EXCEPTION_DESCS__ = ABSOLUTE (.)
 *(.xt_except_desc)
 *(.gnu.linkonce.h.*)
                0x000000003ffe9934                __XT_EXCEPTION_DESCS_END__ = ABSOLUTE (.)
 *(.xt_except_desc_end)
 *(.dynamic)
 *(.gnu.version_d)
                0x000000003ffe9934                . = ALIGN (0x4)
                0x000000003ffe9934                _bss_table_start = ABSOLUTE (.)
                0x000000003ffe9934        0x4 LONG 0x3ffe9940 _bss_start
                0x000000003ffe9938        0x4 LONG 0x3fff2550 _bss_end
                0x000000003ffe993c                _bss_table_end = ABSOLUTE (.)
                0x000000003ffe993c                _rodata_end = ABSOLUTE (.)

.bss            0x000000003ffe9940     0x8c10
                0x000000003ffe9940                . = ALIGN (0x8)
                0x000000003ffe9940                _bss_start = ABSOLUTE (.)
 *(.dynsbss)
 *(.sbss)
 *(.sbss.*)
 *(.gnu.linkonce.sb.*)
 *(.scommon)
 *(.sbss2)
 *(.sbss2.*)
 *(.gnu.linkonce.sb2.*)
 *(.dynbss)
 *(.bss)
 .bss           0x000000003ffe9940        0x0 /home/stoffer/esp8266/esp-open-sdk/sdk/lib/libmain.a(debug-vector.o)
 .bss           0x000000003ffe9940        0x0 /home/stoffer/esp8266/esp-open-sdk/sdk/lib/libmain.a(double-vector.o)
 .bss           0x000000003ffe9940        0x0 /home/stoffer/esp8266/esp-open-sdk/sdk/lib/libmain.a(kernel-vector.o)
 .bss           0x000000003ffe9940      0x1c0 /home/stoffer/esp8266/esp-open-sdk/sdk/lib/libmain.a(nmi-vector.o)
 .bss           0x000000003ffe9b00        0x0 /home/stoffer/esp8266/esp-open-sdk/sdk/lib/libmain.a(user-vector.o)
 .bss           0x000000003ffe9b00        0x0 /home/stoffer/esp8266/esp-open-sdk/sdk/lib/libmain.a(vector.o)
 .bss           0x000000003ffe9b00       0x41 /home/stoffer/esp8266/esp-open-sdk/sdk/lib/libmain.a(app_main.o)
                0x000000003ffe9b04                info
                0x000000003ffe9b28                lwip_timer_interval
                0x000000003ffe9b2c                check_timeouts_timer
                0x000000003ffe9b40                user_init_flag
 *fill*         0x000000003ffe9b41        0xf 
 .bss           0x000000003ffe9b50       0x30 /home/stoffer/esp8266/esp-open-sdk/sdk/lib/libmain.a(ets_timer.o)
                0x000000003ffe9b50                dbg_timer_flag
                0x000000003ffe9b54                timer_list
                0x000000003ffe9b58                debug_timer
                0x000000003ffe9b5c                debug_timerfn
 .bss           0x000000003ffe9b80       0x3c /home/stoffer/esp8266/esp-open-sdk/sdk/lib/libmain.a(mem_manager.o)
 .bss           0x000000003ffe9bbc        0x4 /home/stoffer/esp8266/esp-open-sdk/sdk/lib/libmain.a(spi_flash.o)
                0x000000003ffe9bbc                flash_read
 .bss           0x000000003ffe9bc0      0x242 /home/stoffer/esp8266/esp-open-sdk/sdk/lib/libmain.a(user_interface.o)
                0x000000003ffe9cb7                deep_sleep_flag
                0x000000003ffe9cb8                cpu_overclock
                0x000000003ffe9cbc                event_cb
                0x000000003ffe9cc0                status_led_output_level
                0x000000003ffe9cc4                done_cb
                0x000000003ffe9cc8                rst_if
                0x000000003ffe9ce4                default_interface
                0x000000003ffe9ce5                OpmodChgIsOnGoing
                0x000000003ffe9ce8                promiscuous_cb
                0x000000003ffe9d00                event_TaskQueue
 .bss           0x000000003ffe9e02        0x0 /home/stoffer/esp8266/esp-open-sdk/sdk/lib/libmain.a(eagle_lib.o)
 *fill*         0x000000003ffe9e02        0x2 
 .bss           0x000000003ffe9e04        0xc /home/stoffer/esp8266/esp-open-sdk/sdk/lib/libmain.a(eagle_lwip_if.o)
                0x000000003ffe9e04                hostname
 .bss           0x000000003ffe9e10       0x68 build/app_app.a(user_main.o)
                0x000000003ffe9e10                counter
 .bss           0x000000003ffe9e78       0x2c build/app_app.a(captdns.o)
 .bss           0x000000003ffe9ea4       0x14 build/app_app.a(led.o)
 .bss           0x000000003ffe9eb8        0x0 build/app_app.a(httpd_user_init.o)
 .bss           0x000000003ffe9eb8     0x21f4 build/app_app.a(httpd.o)
 .bss           0x000000003ffec0ac        0x0 build/app_app.a(utils.o)
 .bss           0x000000003ffec0ac        0x0 build/app_app.a(crypto.o)
 .bss           0x000000003ffec0ac        0x0 build/app_app.a(sha256.o)
 .bss           0x000000003ffec0ac       0xbc build/app_app.a(aes.o)
 .bss           0x000000003ffec168        0x0 build/app_app.a(uart.o)
 .bss           0x000000003ffec168        0x0 build/app_app.a(ext_spi_flash.o)
 .bss           0x000000003ffec168        0x0 build/app_app.a(gpio16.o)
 .bss           0x000000003ffec168        0x0 build/app_app.a(spi.o)
 .bss           0x000000003ffec168        0x8 build/app_app.a(mqtt.o)
                0x000000003ffec168                default_private_key_len
                0x000000003ffec16c                default_certificate_len
 .bss           0x000000003ffec170        0x0 build/app_app.a(mqtt_msg.o)
 .bss           0x000000003ffec170        0x0 build/app_app.a(queue.o)
 .bss           0x000000003ffec170        0x0 build/app_app.a(mqtt_utils.o)
 .bss           0x000000003ffec170        0x0 build/app_app.a(proto.o)
 .bss           0x000000003ffec170       0x14 build/app_app.a(config.o)
 .bss           0x000000003ffec184       0x20 build/app_app.a(wifi.o)
                0x000000003ffec184                wifi_reconnect
                0x000000003ffec185                wifi_scan_runnning
                0x000000003ffec186                wifi_fallback_last_present
                0x000000003ffec187                wifi_fallback_present
                0x000000003ffec188                wifi_cb
 .bss           0x000000003ffec1a4       0x14 build/app_app.a(cgiwifi.o)
 .bss           0x000000003ffec1b8        0x8 build/app_app.a(tinyprintf.o)
 .bss           0x000000003ffec1c0       0x30 build/app_app.a(unix_time.o)
                0x000000003ffec1c0                ntp_offline_second_counter
                0x000000003ffec1c4                init_time
 .bss           0x000000003ffec1f0        0x5 build/app_app.a(cgi.o)
 .bss           0x000000003ffec1f5        0x0 build/app_app.a(httpdespfs.o)
 .bss           0x000000003ffec1f5        0x0 build/app_app.a(espfs.o)
 .bss           0x000000003ffec1f5        0x0 build/app_app.a(heatshrink_decoder.o)
 .bss           0x000000003ffec1f5        0x0 build/app_app.a(hmac-sha256.o)
 .bss           0x000000003ffec1f5        0x0 build/app_app.a(ringbuf.o)
 .bss           0x000000003ffec1f5        0x0 /home/stoffer/esp8266/esp-open-sdk/xtensa-lx106-elf/lib/gcc/xtensa-lx106-elf/4.8.5/../../../../xtensa-lx106-elf/lib/libc.a(lib_a-atoi.o)
 .bss           0x000000003ffec1f5        0x0 /home/stoffer/esp8266/esp-open-sdk/xtensa-lx106-elf/lib/gcc/xtensa-lx106-elf/4.8.5/../../../../xtensa-lx106-elf/lib/libc.a(lib_a-memcpy.o)
 .bss           0x000000003ffec1f5        0x0 /home/stoffer/esp8266/esp-open-sdk/xtensa-lx106-elf/lib/gcc/xtensa-lx106-elf/4.8.5/../../../../xtensa-lx106-elf/lib/libc.a(lib_a-memset.o)
 .bss           0x000000003ffec1f5        0x0 /home/stoffer/esp8266/esp-open-sdk/xtensa-lx106-elf/lib/gcc/xtensa-lx106-elf/4.8.5/../../../../xtensa-lx106-elf/lib/libc.a(lib_a-strlen.o)
 .bss           0x000000003ffec1f5        0x0 /home/stoffer/esp8266/esp-open-sdk/xtensa-lx106-elf/lib/gcc/xtensa-lx106-elf/4.8.5/../../../../xtensa-lx106-elf/lib/libc.a(lib_a-strtok.o)
 .bss           0x000000003ffec1f5        0x0 /home/stoffer/esp8266/esp-open-sdk/xtensa-lx106-elf/lib/gcc/xtensa-lx106-elf/4.8.5/../../../../xtensa-lx106-elf/lib/libc.a(lib_a-strtok_r.o)
 .bss           0x000000003ffec1f5        0x0 /home/stoffer/esp8266/esp-open-sdk/xtensa-lx106-elf/lib/gcc/xtensa-lx106-elf/4.8.5/../../../../xtensa-lx106-elf/lib/libc.a(lib_a-strtol.o)
 .bss           0x000000003ffec1f5        0x0 /home/stoffer/esp8266/esp-open-sdk/xtensa-lx106-elf/lib/gcc/xtensa-lx106-elf/4.8.5/../../../../xtensa-lx106-elf/lib/libc.a(lib_a-ctype_.o)
 .bss           0x000000003ffec1f5        0x0 /home/stoffer/esp8266/esp-open-sdk/xtensa-lx106-elf/lib/gcc/xtensa-lx106-elf/4.8.5/../../../../xtensa-lx106-elf/lib/libc.a(lib_a-impure.o)
 .bss           0x000000003ffec1f5        0x0 /home/stoffer/esp8266/esp-open-sdk/xtensa-lx106-elf/xtensa-lx106-elf/sysroot/usr/lib/libhal.a(int_asm--set_intclear.o)
 *fill*         0x000000003ffec1f5        0x3 
 .bss           0x000000003ffec1f8        0x4 /home/stoffer/esp8266/esp-open-sdk/sdk/lib/libphy.a(phy.o)
 .bss           0x000000003ffec1fc        0x2 /home/stoffer/esp8266/esp-open-sdk/sdk/lib/libphy.a(phy_chip_v6_ana.o)
                0x000000003ffec1fc                tout_dis_txpwr_track
                0x000000003ffec1fd                sleep_mode_flag
 *fill*         0x000000003ffec1fe        0x2 
 .bss           0x000000003ffec200      0x15b /home/stoffer/esp8266/esp-open-sdk/sdk/lib/libphy.a(phy_chip_v6.o)
                0x000000003ffec200                g_phyFuns
                0x000000003ffec204                rxiq_compute_num
                0x000000003ffec208                rx_table_renew_en
                0x000000003ffec20c                check_result
                0x000000003ffec210                chip6_sleep_params
                0x000000003ffec2a4                chip6_phy_init_ctrl
                0x000000003ffec318                phy_freq_offset
                0x000000003ffec31a                do_pwctrl_flag
                0x000000003ffec31b                txbk_dpdby_flag
                0x000000003ffec31d                sw_scan_mode
                0x000000003ffec31e                rxmax_ext_level
                0x000000003ffec320                phy_rx_gain_dc_table
                0x000000003ffec334                periodic_cal_dc_num
                0x000000003ffec338                periodic_cal_flag
                0x000000003ffec339                bbpll_cal_flag
                0x000000003ffec33a                phy_in_most_power
                0x000000003ffec33b                init_rf_no_cal
                0x000000003ffec33c                test_print_time
                0x000000003ffec340                phy_rx_gain_dc_flag
                0x000000003ffec341                phy_in_vdd33_offset
                0x000000003ffec342                phy_set_most_tpw_disbg
                0x000000003ffec343                phy_set_most_tpw_index
                0x000000003ffec344                adc_rand_noise
                0x000000003ffec348                dpd_bypass_original
                0x000000003ffec34a                phy_txpwr_diff_flash
                0x000000003ffec350                noise_array
 *fill*         0x000000003ffec35b        0x1 
 .bss           0x000000003ffec35c        0x9 /home/stoffer/esp8266/esp-open-sdk/sdk/lib/libphy.a(phy_chip_v6_cal.o)
                0x000000003ffec35c                phy_tx_power_out
                0x000000003ffec35e                phy_tx_pwr_error
                0x000000003ffec360                tx_pwctrl_track_num
                0x000000003ffec361                rxiq_cover_fail_num
                0x000000003ffec362                phy_meas_freq_offset
                0x000000003ffec364                tx_pwctrl_pk_num
 .bss           0x000000003ffec365        0x0 /home/stoffer/esp8266/esp-open-sdk/sdk/lib/libphy.a(phy_chip_v6_unused.o)
 *fill*         0x000000003ffec365        0x3 
 .bss           0x000000003ffec368        0x7 /home/stoffer/esp8266/esp-open-sdk/sdk/lib/libphy.a(phy_sleep.o)
                0x000000003ffec368                periodic_cal_sat
                0x000000003ffec36a                lslp_mem_opt_8266
                0x000000003ffec36c                software_slp_reject
                0x000000003ffec36d                SDIO_slp_reject
                0x000000003ffec36e                hardware_reject
 *fill*         0x000000003ffec36f        0x1 
 .bss           0x000000003ffec370       0x40 /home/stoffer/esp8266/esp-open-sdk/sdk/lib/libpp.a(if_hwctrl.o)
                0x000000003ffec370                interface_mask
                0x000000003ffec390                if_ctrl
 .bss           0x000000003ffec3b0      0x150 /home/stoffer/esp8266/esp-open-sdk/sdk/lib/libpp.a(lmac.o)
                0x000000003ffec3b4                lmacConfMib
                0x000000003ffec3d8                our_tx_eb
 .bss           0x000000003ffec500      0x11a /home/stoffer/esp8266/esp-open-sdk/sdk/lib/libpp.a(pm.o)
                0x000000003ffec500                pmc
                0x000000003ffec5e0                flash_tmp
 *fill*         0x000000003ffec61a        0x2 
 .bss           0x000000003ffec61c       0x34 /home/stoffer/esp8266/esp-open-sdk/sdk/lib/libpp.a(pm_for_bcn_only_mode.o)
 .bss           0x000000003ffec650      0x322 /home/stoffer/esp8266/esp-open-sdk/sdk/lib/libpp.a(pp.o)
                0x000000003ffec668                pend_flag_noise_check
                0x000000003ffec670                pend_flag_periodic_cal
                0x000000003ffec688                idle_timer_reopen_flag
                0x000000003ffec68a                dbg_stop_sw_wdt
                0x000000003ffec68b                dbg_stop_hw_wdt
                0x000000003ffec68d                total_buffed_eb_num
                0x000000003ffec690                HighestFreqOffsetInOneChk
                0x000000003ffec692                LowestFreqOffsetInOneChk
                0x000000003ffec694                DefFreqCalTimer
                0x000000003ffec6a8                PktNumInOneChk
                0x000000003ffec830                buffed_eb_arr
 *fill*         0x000000003ffec972        0xe 
 .bss           0x000000003ffec980      0x100 /home/stoffer/esp8266/esp-open-sdk/sdk/lib/libpp.a(rate_control.o)
 .bss           0x000000003ffeca80      0x46c /home/stoffer/esp8266/esp-open-sdk/sdk/lib/libpp.a(trc.o)
 *fill*         0x000000003ffeceec        0x4 
 .bss           0x000000003ffecef0     0x2f88 /home/stoffer/esp8266/esp-open-sdk/sdk/lib/libpp.a(wdev.o)
                0x000000003ffecef0                wDevCtrl
                0x000000003ffed098                WdevTimOffSet
 *fill*         0x000000003ffefe78        0x8 
 .bss           0x000000003ffefe80      0xaa4 /home/stoffer/esp8266/esp-open-sdk/sdk/lib/libpp.a(esf_buf.o)
 .bss           0x000000003fff0924      0x67c /home/stoffer/esp8266/esp-open-sdk/sdk/lib/libnet80211.a(ieee80211.o)
                0x000000003fff0924                g_ic
 .bss           0x000000003fff0fa0        0x0 /home/stoffer/esp8266/esp-open-sdk/sdk/lib/libnet80211.a(ieee80211_crypto.o)
 .bss           0x000000003fff0fa0        0x0 /home/stoffer/esp8266/esp-open-sdk/sdk/lib/libnet80211.a(ieee80211_ets.o)
 .bss           0x000000003fff0fa0       0x56 /home/stoffer/esp8266/esp-open-sdk/sdk/lib/libnet80211.a(ieee80211_hostap.o)
                0x000000003fff0fa0                BcnEb_update
                0x000000003fff0fad                BcnWithMcastSendStart
                0x000000003fff0fae                BcnWithMcastSendCnt
                0x000000003fff0fc8                PendFreeBcnEb
                0x000000003fff0fcc                ApFreqCalTimer
                0x000000003fff0fe0                APRecvBcnStartTick
 .bss           0x000000003fff0ff6        0x0 /home/stoffer/esp8266/esp-open-sdk/sdk/lib/libnet80211.a(ieee80211_ht.o)
 .bss           0x000000003fff0ff6        0x0 /home/stoffer/esp8266/esp-open-sdk/sdk/lib/libnet80211.a(ieee80211_input.o)
 .bss           0x000000003fff0ff6        0x0 /home/stoffer/esp8266/esp-open-sdk/sdk/lib/libnet80211.a(ieee80211_mesh_quick.o)
 .bss           0x000000003fff0ff6        0x0 /home/stoffer/esp8266/esp-open-sdk/sdk/lib/libnet80211.a(ieee80211_output.o)
 .bss           0x000000003fff0ff6        0x0 /home/stoffer/esp8266/esp-open-sdk/sdk/lib/libnet80211.a(ieee80211_phy.o)
 .bss           0x000000003fff0ff6        0x0 /home/stoffer/esp8266/esp-open-sdk/sdk/lib/libnet80211.a(ieee80211_power.o)
 .bss           0x000000003fff0ff6        0x0 /home/stoffer/esp8266/esp-open-sdk/sdk/lib/libnet80211.a(ieee80211_proto.o)
 .bss           0x000000003fff0ff6        0x0 /home/stoffer/esp8266/esp-open-sdk/sdk/lib/libnet80211.a(ieee80211_rfid.o)
 *fill*         0x000000003fff0ff6        0x2 
 .bss           0x000000003fff0ff8       0xc8 /home/stoffer/esp8266/esp-open-sdk/sdk/lib/libnet80211.a(ieee80211_scan.o)
                0x000000003fff0ff8                gScanStruct
                0x000000003fff10a4                connect_scan_flag
                0x000000003fff10a5                FreqCalCntForScan
                0x000000003fff10a6                TestStaFreqCalValInput
                0x000000003fff10a8                auth_type
                0x000000003fff10aa                scannum
 .bss           0x000000003fff10c0       0x10 /home/stoffer/esp8266/esp-open-sdk/sdk/lib/libnet80211.a(ieee80211_sta.o)
 .bss           0x000000003fff10d0       0x3c /home/stoffer/esp8266/esp-open-sdk/sdk/lib/libnet80211.a(wl_chm.o)
 *fill*         0x000000003fff110c        0x4 
 .bss           0x000000003fff1110      0x37e /home/stoffer/esp8266/esp-open-sdk/sdk/lib/libnet80211.a(wl_cnx.o)
                0x000000003fff1470                sta_con_timer
                0x000000003fff1484                backup_ni_connect_status
                0x000000003fff1488                g_cnx_probe_rc_list_cb
                0x000000003fff148c                reconnect_flag
                0x000000003fff148d                no_ap_found_index
 .bss           0x000000003fff148e        0x0 /home/stoffer/esp8266/esp-open-sdk/sdk/lib/libnet80211.a(ieee80211_action.o)
 *fill*         0x000000003fff148e        0x2 
 .bss           0x000000003fff1490       0x10 /home/stoffer/esp8266/esp-open-sdk/sdk/lib/libnet80211.a(ieee80211_action_vendor.o)
 .bss           0x000000003fff14a0        0x0 /home/stoffer/esp8266/esp-open-sdk/sdk/lib/libnet80211.a(ieee80211_crypto_ccmp.o)
 .bss           0x000000003fff14a0        0x0 /home/stoffer/esp8266/esp-open-sdk/sdk/lib/libnet80211.a(ieee80211_ie_vendor.o)
 .bss           0x000000003fff14a0       0x38 /home/stoffer/esp8266/esp-open-sdk/sdk/lib/liblwip.a(dhcp.o)
                0x000000003fff14a0                dhcp_rx_options_given
                0x000000003fff14b0                dhcp_rx_options_val
 .bss           0x000000003fff14d8       0x24 /home/stoffer/esp8266/esp-open-sdk/sdk/lib/liblwip.a(dhcpserver.o)
 *fill*         0x000000003fff14fc        0x4 
 .bss           0x000000003fff1500      0x480 /home/stoffer/esp8266/esp-open-sdk/sdk/lib/liblwip.a(dns.o)
 .bss           0x000000003fff1980      0x104 /home/stoffer/esp8266/esp-open-sdk/sdk/lib/liblwip.a(espconn.o)
                0x000000003fff1980                plink_active
                0x000000003fff1984                pserver_list
                0x000000003fff1990                premot
                0x000000003fff1a50                pktinfo
 *fill*         0x000000003fff1a84        0xc 
 .bss           0x000000003fff1a90       0x78 /home/stoffer/esp8266/esp-open-sdk/sdk/lib/liblwip.a(espconn_tcp.o)
                0x000000003fff1a90                espconn_TaskQueue
 .bss           0x000000003fff1b08        0x0 /home/stoffer/esp8266/esp-open-sdk/sdk/lib/liblwip.a(espconn_udp.o)
 *fill*         0x000000003fff1b08        0x8 
 .bss           0x000000003fff1b10      0x100 /home/stoffer/esp8266/esp-open-sdk/sdk/lib/liblwip.a(etharp.o)
                0x000000003fff1b14                ethzero
 .bss           0x000000003fff1c10        0xc /home/stoffer/esp8266/esp-open-sdk/sdk/lib/liblwip.a(igmp.o)
 .bss           0x000000003fff1c1c        0x0 /home/stoffer/esp8266/esp-open-sdk/sdk/lib/liblwip.a(inet_chksum.o)
 .bss           0x000000003fff1c1c        0x0 /home/stoffer/esp8266/esp-open-sdk/sdk/lib/liblwip.a(init.o)
 *fill*         0x000000003fff1c1c        0x4 
 .bss           0x000000003fff1c20       0x10 /home/stoffer/esp8266/esp-open-sdk/sdk/lib/liblwip.a(ip_addr.o)
 .bss           0x000000003fff1c30       0x12 /home/stoffer/esp8266/esp-open-sdk/sdk/lib/liblwip.a(ip.o)
                0x000000003fff1c30                current_iphdr_dest
                0x000000003fff1c34                current_iphdr_src
                0x000000003fff1c38                current_netif
                0x000000003fff1c3c                current_header
 .bss           0x000000003fff1c42        0x0 /home/stoffer/esp8266/esp-open-sdk/sdk/lib/liblwip.a(memp.o)
 *fill*         0x000000003fff1c42        0x2 
 .bss           0x000000003fff1c44        0x9 /home/stoffer/esp8266/esp-open-sdk/sdk/lib/liblwip.a(netif.o)
                0x000000003fff1c44                netif_list
                0x000000003fff1c48                netif_default
 .bss           0x000000003fff1c4d        0x0 /home/stoffer/esp8266/esp-open-sdk/sdk/lib/liblwip.a(pbuf.o)
 *fill*         0x000000003fff1c4d        0x3 
 .bss           0x000000003fff1c50        0x4 /home/stoffer/esp8266/esp-open-sdk/sdk/lib/liblwip.a(raw.o)
 *fill*         0x000000003fff1c54        0xc 
 .bss           0x000000003fff1c60      0x118 /home/stoffer/esp8266/esp-open-sdk/sdk/lib/liblwip.a(sntp.o)
                0x000000003fff1c60                res_buf
                0x000000003fff1c84                __tzyear
                0x000000003fff1c88                __tznorth
                0x000000003fff1c8c                realtime_stamp
                0x000000003fff1cb0                sntp__tzrule
                0x000000003fff1cf0                reult
 .bss           0x000000003fff1d78       0x34 /home/stoffer/esp8266/esp-open-sdk/sdk/lib/liblwip.a(tcp_in.o)
                0x000000003fff1da8                tcp_input_pcb
 .bss           0x000000003fff1dac       0x1c /home/stoffer/esp8266/esp-open-sdk/sdk/lib/liblwip.a(tcp.o)
                0x000000003fff1db0                tcp_active_pcbs
                0x000000003fff1db4                tcp_tmp_pcb
                0x000000003fff1db8                tcp_tw_pcbs
                0x000000003fff1dbc                tcp_bound_pcbs
                0x000000003fff1dc0                tcp_listen_pcbs
                0x000000003fff1dc4                tcp_ticks
 .bss           0x000000003fff1dc8        0x0 /home/stoffer/esp8266/esp-open-sdk/sdk/lib/liblwip.a(tcp_out.o)
 .bss           0x000000003fff1dc8        0xc /home/stoffer/esp8266/esp-open-sdk/sdk/lib/liblwip.a(timers.o)
 .bss           0x000000003fff1dd4        0x4 /home/stoffer/esp8266/esp-open-sdk/sdk/lib/liblwip.a(udp.o)
                0x000000003fff1dd4                udp_pcbs
 .bss           0x000000003fff1dd8        0x0 /home/stoffer/esp8266/esp-open-sdk/sdk/lib/liblwip.a(icmp.o)
 .bss           0x000000003fff1dd8        0x0 /home/stoffer/esp8266/esp-open-sdk/sdk/lib/libwpa.a(ap_config.o)
 .bss           0x000000003fff1dd8        0x0 /home/stoffer/esp8266/esp-open-sdk/sdk/lib/libwpa.a(common.o)
 .bss           0x000000003fff1dd8        0x0 /home/stoffer/esp8266/esp-open-sdk/sdk/lib/libwpa.a(os_xtensa.o)
 .bss           0x000000003fff1dd8        0x0 /home/stoffer/esp8266/esp-open-sdk/sdk/lib/libwpa.a(wpa_auth.o)
 .bss           0x000000003fff1dd8        0x0 /home/stoffer/esp8266/esp-open-sdk/sdk/lib/libwpa.a(wpa_auth_ie.o)
 *fill*         0x000000003fff1dd8        0x8 
 .bss           0x000000003fff1de0      0x26a /home/stoffer/esp8266/esp-open-sdk/sdk/lib/libwpa.a(wpa.o)
 .bss           0x000000003fff204a        0x0 /home/stoffer/esp8266/esp-open-sdk/sdk/lib/libwpa.a(wpa_common.o)
 .bss           0x000000003fff204a        0x0 /home/stoffer/esp8266/esp-open-sdk/sdk/lib/libwpa.a(wpa_debug.o)
 .bss           0x000000003fff204a        0x0 /home/stoffer/esp8266/esp-open-sdk/sdk/lib/libwpa.a(wpa_ie.o)
 .bss           0x000000003fff204a        0x0 /home/stoffer/esp8266/esp-open-sdk/sdk/lib/libwpa.a(wpa_main.o)
 .bss           0x000000003fff204a        0x0 /home/stoffer/esp8266/esp-open-sdk/sdk/lib/libwpa.a(wpas_glue.o)
 .bss           0x000000003fff204a        0x0 /home/stoffer/esp8266/esp-open-sdk/sdk/lib/libwpa.a(aes-wrap.o)
 .bss           0x000000003fff204a        0x0 /home/stoffer/esp8266/esp-open-sdk/sdk/lib/libwpa.a(aes-internal-enc.o)
 .bss           0x000000003fff204a        0x0 /home/stoffer/esp8266/esp-open-sdk/sdk/lib/libwpa.a(aes-internal.o)
 .bss           0x000000003fff204a        0x0 /home/stoffer/esp8266/esp-open-sdk/sdk/lib/libgcc.a(_modsi3.o)
 .bss           0x000000003fff204a        0x0 /home/stoffer/esp8266/esp-open-sdk/sdk/lib/libgcc.a(_ashrdi3.o)
 .bss           0x000000003fff204a        0x0 /home/stoffer/esp8266/esp-open-sdk/sdk/lib/libgcc.a(_mulsf3.o)
 .bss           0x000000003fff204a        0x0 /home/stoffer/esp8266/esp-open-sdk/sdk/lib/libgcc.a(_divsf3.o)
 .bss           0x000000003fff204a        0x0 /home/stoffer/esp8266/esp-open-sdk/sdk/lib/libgcc.a(_fixsfsi.o)
 *fill*         0x000000003fff204a        0x6 
 .bss           0x000000003fff2050        0x8 /home/stoffer/esp8266/esp-open-sdk/sdk/lib/libnet80211.a(ieee80211_crypto_tkip.o)
 .bss           0x000000003fff2058        0x0 /home/stoffer/esp8266/esp-open-sdk/sdk/lib/libnet80211.a(ieee80211_crypto_wep.o)
 *(.bss.*)
 *(.gnu.linkonce.b.*)
 *(COMMON)
 COMMON         0x000000003fff2058       0xf4 build/app_app.a(user_main.o)
                0x000000003fff2058                impulses_per_kwh
                0x000000003fff205c                mqtt_client
                0x000000003fff212c                last_impulse_meter_count
                0x000000003fff2130                impulse_rising_edge_time
                0x000000003fff2134                current_energy
                0x000000003fff2138                last_impulse_time
                0x000000003fff213c                impulse_time
                0x000000003fff2140                rtc_info
                0x000000003fff2144                impulse_falling_edge_time
                0x000000003fff2148                impulse_meter_energy
 COMMON         0x000000003fff214c       0x40 build/app_app.a(crypto.o)
                0x000000003fff214c                hmac_sha256_key
                0x000000003fff215c                aes_key
                0x000000003fff216c                sha256_hash
 COMMON         0x000000003fff218c      0x200 build/app_app.a(uart.o)
                0x000000003fff218c                kmp_received_task_queue
 COMMON         0x000000003fff238c       0x10 build/app_app.a(mqtt.o)
                0x000000003fff238c                default_private_key
                0x000000003fff2390                default_certificate
                0x000000003fff2394                mqtt_procTaskQueue
 COMMON         0x000000003fff239c      0x190 build/app_app.a(config.o)
                0x000000003fff239c                sys_cfg
                0x000000003fff2524                config_save_timer_running
                0x000000003fff2528                saveFlag
 COMMON         0x000000003fff252c        0x8 build/app_app.a(wifi.o)
                0x000000003fff252c                config_ssid
                0x000000003fff2530                config_pass
 COMMON         0x000000003fff2534        0xc build/app_app.a(cgiwifi.o)
                0x000000003fff2534                cgiWifiAps
 COMMON         0x000000003fff2540       0x10 build/app_app.a(unix_time.o)
                0x000000003fff2540                current_unix_time
                0x000000003fff2548                boot_time
                0x000000003fff2550                . = ALIGN (0x8)
                0x000000003fff2550                _bss_end = ABSOLUTE (.)
                0x000000003fff2550                _heap_start = ABSOLUTE (.)

.text           0x0000000040100000     0x6aac
                0x0000000040100000                _stext = .
                0x0000000040100000                _text_start = ABSOLUTE (.)
 *(.UserEnter.text)
 .UserEnter.text
                0x0000000040100000        0xd /home/stoffer/esp8266/esp-open-sdk/sdk/lib/libmain.a(vector.o)
                                         0x14 (size before relaxing)
                0x0000000040100004                call_user_start
                0x0000000040100010                . = ALIGN (0x10)
 *fill*         0x000000004010000d        0x3 
 *(.DebugExceptionVector.text)
 .DebugExceptionVector.text
                0x0000000040100010        0x6 /home/stoffer/esp8266/esp-open-sdk/sdk/lib/libmain.a(debug-vector.o)
                0x0000000040100010                _DebugExceptionVector
                0x0000000040100020                . = ALIGN (0x10)
 *fill*         0x0000000040100016        0xa 
 *(.NMIExceptionVector.text)
 .NMIExceptionVector.text
                0x0000000040100020        0x6 /home/stoffer/esp8266/esp-open-sdk/sdk/lib/libmain.a(nmi-vector.o)
                                          0xd (size before relaxing)
                0x0000000040100020                _NMIExceptionVector
                0x0000000040100030                . = ALIGN (0x10)
 *fill*         0x0000000040100026        0xa 
 *(.KernelExceptionVector.text)
 .KernelExceptionVector.text
                0x0000000040100030        0x6 /home/stoffer/esp8266/esp-open-sdk/sdk/lib/libmain.a(kernel-vector.o)
                0x0000000040100030                _KernelExceptionVector
                0x0000000040100036        0x4 LONG 0x0
                0x000000004010003a        0x4 LONG 0x0
                0x000000004010003e        0x4 LONG 0x0
                0x0000000040100042        0x4 LONG 0x0
                0x0000000040100050                . = ALIGN (0x10)
 *fill*         0x0000000040100046        0xa 
 *(.UserExceptionVector.text)
 .UserExceptionVector.text
                0x0000000040100050        0x6 /home/stoffer/esp8266/esp-open-sdk/sdk/lib/libmain.a(user-vector.o)
                                          0xd (size before relaxing)
                0x0000000040100050                _UserExceptionVector
                0x0000000040100056        0x4 LONG 0x0
                0x000000004010005a        0x4 LONG 0x0
                0x000000004010005e        0x4 LONG 0x0
                0x0000000040100062        0x4 LONG 0x0
                0x0000000040100070                . = ALIGN (0x10)
 *fill*         0x0000000040100066        0xa 
 *(.DoubleExceptionVector.text)
 .DoubleExceptionVector.text
                0x0000000040100070        0x6 /home/stoffer/esp8266/esp-open-sdk/sdk/lib/libmain.a(double-vector.o)
                0x0000000040100070                _DoubleExceptionVector
                0x0000000040100076        0x4 LONG 0x0
                0x000000004010007a        0x4 LONG 0x0
                0x000000004010007e        0x4 LONG 0x0
                0x0000000040100082        0x4 LONG 0x0
                0x0000000040100090                . = ALIGN (0x10)
 *fill*         0x0000000040100086        0xa 
 *(.entry.text)
 *(.init.literal)
 *(.init)
 *(.literal .text .literal.* .text.* .stub .gnu.warning .gnu.linkonce.literal.* .gnu.linkonce.t.*.literal .gnu.linkonce.t.*)
 .text          0x0000000040100090       0xc7 /home/stoffer/esp8266/esp-open-sdk/sdk/lib/libmain.a(nmi-vector.o)
                                         0xcb (size before relaxing)
                0x000000004010009c                _NMILevelVector
 *fill*         0x0000000040100157        0x1 
 .text          0x0000000040100158       0x1e /home/stoffer/esp8266/esp-open-sdk/sdk/lib/libmain.a(user-vector.o)
                0x000000004010015c                _UserExceptionVector_1
 *fill*         0x0000000040100176        0x2 
 .text          0x0000000040100178      0x5fe /home/stoffer/esp8266/esp-open-sdk/sdk/lib/libmain.a(app_main.o)
                                        0x66a (size before relaxing)
                0x00000000401001b0                Cache_Read_Enable_New
                0x00000000401001ec                NmiTimSetFunc
                0x0000000040100210                NMI_Handler
                0x0000000040100268                call_user_start_local
                0x00000000401003c8                wdt_feed
 *fill*         0x0000000040100776        0x2 
 .text          0x0000000040100778      0x3cc /home/stoffer/esp8266/esp-open-sdk/sdk/lib/libmain.a(ets_timer.o)
                                        0x450 (size before relaxing)
                0x000000004010084c                ets_timer_setfn
                0x0000000040100928                ets_timer_disarm
                0x00000000401009d8                ets_timer_arm_new
 .text          0x0000000040100b44      0x30f /home/stoffer/esp8266/esp-open-sdk/sdk/lib/libmain.a(mem_manager.o)
                                        0x367 (size before relaxing)
                0x0000000040100b48                prvInsertBlockIntoUsedList
                0x0000000040100b78                system_show_malloc
                0x0000000040100b78                pvShowMalloc
                0x0000000040100c04                prvRemoveBlockFromUsedList
                0x0000000040100c30                xPortWantedSizeAlign
                0x0000000040100c58                pvPortMalloc
                0x0000000040100d20                vPortFree
                0x0000000040100d78                pvPortCalloc
                0x0000000040100da8                pvPortZalloc
                0x0000000040100dc4                pvPortRealloc
 *fill*         0x0000000040100e53        0x1 
 .text          0x0000000040100e54      0x59d /home/stoffer/esp8266/esp-open-sdk/sdk/lib/libmain.a(spi_flash.o)
                                        0x650 (size before relaxing)
                0x0000000040100e58                Cache_Read_Disable_2
                0x0000000040100e98                Cache_Read_Enable_2
                0x0000000040100ee8                spi_flash_get_unique_id
                0x0000000040101050                spi_flash_get_id
                0x00000000401010ac                spi_flash_read_status
                0x00000000401010e0                spi_flash_write_status
                0x0000000040101160                spi_flash_erase_sector
                0x0000000040101194                spi_flash_write
                0x00000000401011e8                spi_flash_read
                0x0000000040101264                spi_flash_issi_enable_QIO_mode
 *fill*         0x00000000401013f1        0x3 
 .text          0x00000000401013f4      0x2ee /home/stoffer/esp8266/esp-open-sdk/sdk/lib/libmain.a(user_interface.o)
                                        0x34a (size before relaxing)
                0x0000000040101410                os_printf_plus
                0x000000004010153c                system_restart_core
                0x0000000040101574                system_deep_sleep_local_2
                0x00000000401015e8                system_get_time
                0x0000000040101600                system_os_post
                0x0000000040101634                system_rtc_mem_write
                0x000000004010168c                system_rtc_mem_read
 *fill*         0x00000000401016e2        0x2 
 .text          0x00000000401016e4       0xf8 build/app_app.a(user_main.o)
                                        0x123 (size before relaxing)
                0x000000004010171c                gpio_int_handler
 *fill*         0x00000000401017dc        0x0 
 .text          0x00000000401017dc       0x5b build/app_app.a(httpd_user_init.o)
                                         0x5f (size before relaxing)
                0x00000000401017e8                myPassFn
                0x0000000040101820                httpd_user_init
 *fill*         0x0000000040101837        0x1 
 .text          0x0000000040101838       0xd5 build/app_app.a(uart.o)
                                         0xdd (size before relaxing)
                0x00000000401018dc                uart_tx_one_char
 *fill*         0x000000004010190d        0x3 
 .text          0x0000000040101910       0x75 build/app_app.a(wifi.o)
                0x0000000040101928                wifi_handle_event_cb
 *fill*         0x0000000040101985        0x3 
 .text          0x0000000040101988      0x434 build/app_app.a(heatshrink_decoder.o)
                                        0x44c (size before relaxing)
                0x0000000040101a24                heatshrink_decoder_free
                0x0000000040101a3c                heatshrink_decoder_reset
                0x0000000040101a88                heatshrink_decoder_alloc
                0x0000000040101afc                heatshrink_decoder_sink
                0x0000000040101b74                heatshrink_decoder_poll
                0x0000000040101d90                heatshrink_decoder_finish
 .literal       0x0000000040101dbc        0x0 /home/stoffer/esp8266/esp-open-sdk/xtensa-lx106-elf/lib/gcc/xtensa-lx106-elf/4.8.5/../../../../xtensa-lx106-elf/lib/libc.a(lib_a-atoi.o)
                                          0x8 (size before relaxing)
 .literal       0x0000000040101dbc        0x8 /home/stoffer/esp8266/esp-open-sdk/xtensa-lx106-elf/lib/gcc/xtensa-lx106-elf/4.8.5/../../../../xtensa-lx106-elf/lib/libc.a(lib_a-strlen.o)
                                          0xc (size before relaxing)
 .literal       0x0000000040101dc4        0x4 /home/stoffer/esp8266/esp-open-sdk/xtensa-lx106-elf/lib/gcc/xtensa-lx106-elf/4.8.5/../../../../xtensa-lx106-elf/lib/libc.a(lib_a-strtok.o)
                                          0x8 (size before relaxing)
 .literal       0x0000000040101dc8       0x10 /home/stoffer/esp8266/esp-open-sdk/xtensa-lx106-elf/lib/gcc/xtensa-lx106-elf/4.8.5/../../../../xtensa-lx106-elf/lib/libc.a(lib_a-strtol.o)
                                         0x18 (size before relaxing)
 .literal       0x0000000040101dd8        0x4 /home/stoffer/esp8266/esp-open-sdk/sdk/lib/libgcc.a(_mulsf3.o)
                                         0x10 (size before relaxing)
 .literal       0x0000000040101ddc        0x0 /home/stoffer/esp8266/esp-open-sdk/sdk/lib/libgcc.a(_divsf3.o)
                                         0x10 (size before relaxing)
 .literal       0x0000000040101ddc        0x0 /home/stoffer/esp8266/esp-open-sdk/sdk/lib/libgcc.a(_fixsfsi.o)
                                          0x4 (size before relaxing)
 .text          0x0000000040101ddc       0x27 /home/stoffer/esp8266/esp-open-sdk/xtensa-lx106-elf/lib/gcc/xtensa-lx106-elf/4.8.5/../../../../xtensa-lx106-elf/lib/libc.a(lib_a-atoi.o)
                                         0x2f (size before relaxing)
                0x0000000040101ddc                atoi
                0x0000000040101df0                _atoi_r
 *fill*         0x0000000040101e03        0x1 
 .text          0x0000000040101e04       0x5b /home/stoffer/esp8266/esp-open-sdk/xtensa-lx106-elf/lib/gcc/xtensa-lx106-elf/4.8.5/../../../../xtensa-lx106-elf/lib/libc.a(lib_a-strlen.o)
                0x0000000040101e04                strlen
 *fill*         0x0000000040101e5f        0x1 
 .text          0x0000000040101e60       0x1c /home/stoffer/esp8266/esp-open-sdk/xtensa-lx106-elf/lib/gcc/xtensa-lx106-elf/4.8.5/../../../../xtensa-lx106-elf/lib/libc.a(lib_a-strtok.o)
                0x0000000040101e60                strtok
 .text          0x0000000040101e7c      0x15f /home/stoffer/esp8266/esp-open-sdk/xtensa-lx106-elf/lib/gcc/xtensa-lx106-elf/4.8.5/../../../../xtensa-lx106-elf/lib/libc.a(lib_a-strtol.o)
                0x0000000040101e7c                _strtol_r
                0x0000000040101fbc                strtol
 *fill*         0x0000000040101fdb        0x1 
 .text          0x0000000040101fdc       0x53 /home/stoffer/esp8266/esp-open-sdk/sdk/lib/libphy.a(phy.o)
                                         0x5f (size before relaxing)
                0x0000000040101fe4                register_phy_ops
                0x0000000040102004                register_get_phy_addr
                0x000000004010200c                phy_change_channel
                0x0000000040102024                phy_get_mactime
 *fill*         0x000000004010202f        0x1 
 .text          0x0000000040102030      0x262 /home/stoffer/esp8266/esp-open-sdk/sdk/lib/libphy.a(phy_chip_v6_ana.o)
                                        0x276 (size before relaxing)
                0x0000000040102050                phy_adc_read_fast
 *fill*         0x0000000040102292        0x2 
 .text          0x0000000040102294       0x4d /home/stoffer/esp8266/esp-open-sdk/sdk/lib/libphy.a(phy_chip_v6.o)
                                         0x55 (size before relaxing)
                0x00000000401022a4                phy_debug_print
 *fill*         0x00000000401022e1        0x3 
 .text          0x00000000401022e4       0xb2 /home/stoffer/esp8266/esp-open-sdk/sdk/lib/libphy.a(phy_chip_v6_cal.o)
                                         0xba (size before relaxing)
                0x00000000401022e4                unsign_to_sign
                0x0000000040102320                phy_get_bb_freqoffset
                0x0000000040102388                phy_get_bb_evm
 *fill*         0x0000000040102396        0x2 
 .text          0x0000000040102398       0xe7 /home/stoffer/esp8266/esp-open-sdk/sdk/lib/libphy.a(phy_sleep.o)
                                        0x103 (size before relaxing)
                0x000000004010239c                pm_rtc_clock_cali
                0x0000000040102454                clockgate_watchdog
 *fill*         0x000000004010247f        0x1 
 .text          0x0000000040102480     0x1602 /home/stoffer/esp8266/esp-open-sdk/sdk/lib/libpp.a(lmac.o)
                                       0x1962 (size before relaxing)
                0x0000000040102484                lmacIsActive
                0x0000000040102498                lmacIsIdle
                0x0000000040102918                lmacSetAcParam
                0x000000004010296c                lmacProcessTXStartData
                0x0000000040102aec                lmacProcessTxSuccess
                0x0000000040102c30                GetAccess
                0x0000000040102c3c                lmacDiscardAgedMSDU
                0x0000000040102c50                lmacRecycleMPDU
                0x0000000040103214                lmacProcessTxTimeout
                0x000000004010327c                lmacProcessAllTxTimeout
                0x0000000040103290                lmacProcessCollisions
                0x00000000401032f0                lmacProcessCollision
                0x0000000040103374                lmacMSDUAged
                0x0000000040103704                lmacProcessCtsTimeout
                0x000000004010373c                lmacProcessAckTimeout
                0x0000000040103794                lmacProcessRtsStart
                0x00000000401037a0                lmacProcessTxRtsError
                0x0000000040103840                lmacProcessTxError
                0x00000000401038d0                lmacTxFrame
                0x0000000040103a6c                lmacRxDone
 *fill*         0x0000000040103a82        0x2 
 .text          0x0000000040103a84      0x8e1 /home/stoffer/esp8266/esp-open-sdk/sdk/lib/libpp.a(pp.o)
                                        0x9fd (size before relaxing)
                0x0000000040103ab8                pp_soft_wdt_feed_local
                0x0000000040103b4c                ppProcessTxQ
                0x0000000040103bc0                ppFetchTxQFirstAvail
                0x0000000040103c00                ppDequeueTxQ
                0x0000000040103c28                ppRollBackTxQ
                0x0000000040103c4c                ppRecordBarRRC
                0x0000000040103c5c                ppTxqUpdateBitmap
                0x0000000040103c84                ppEnqueueTxDone
                0x0000000040103cb8                ppEnqueueRxq
                0x00000000401041a0                ppDiscardMPDU
                0x00000000401041c4                pp_post
                0x0000000040104250                pp_post2
                0x0000000040104278                ppCalTxop
                0x00000000401042f8                ppCalFrameTimes
 *fill*         0x0000000040104365        0x3 
 .text          0x0000000040104368       0xf5 /home/stoffer/esp8266/esp-open-sdk/sdk/lib/libpp.a(rate_control.o)
                                        0x109 (size before relaxing)
                0x0000000040104388                RC_GetAckRate
                0x0000000040104394                RC_GetRtsRate
                0x00000000401043a4                RC_GetAckTime
                0x00000000401043b8                RC_GetCtsTime
                0x00000000401043f0                RC_GetBlockAckTime
 *fill*         0x000000004010445d        0x3 
 .text          0x0000000040104460      0x9a1 /home/stoffer/esp8266/esp-open-sdk/sdk/lib/libpp.a(trc.o)
                                        0xa05 (size before relaxing)
                0x0000000040104634                rcUpdateTxDone
                0x00000000401046c8                rcUpdateRxDone
                0x0000000040104724                rcUpdateDataRxDone
                0x0000000040104740                rcGetSched
                0x0000000040104824                rcGetRate
                0x0000000040104d34                rcReachRetryLimit
                0x0000000040104d4c                trc_NeedRTS
 *fill*         0x0000000040104e01        0x3 
 .text          0x0000000040104e04     0x105b /home/stoffer/esp8266/esp-open-sdk/sdk/lib/libpp.a(wdev.o)
                                       0x1347 (size before relaxing)
                0x00000000401051a8                wDev_MacTim1SetFunc
                0x00000000401051c8                wDev_MacTim1Arm
                0x000000004010525c                wDev_ProcessFiq
                0x00000000401055a0                wDev_EnableTransmit
                0x00000000401055d8                wDev_DisableTransmit
                0x00000000401055f8                Tx_Copy2Queue
                0x0000000040105640                wDev_ProcessCollision
                0x0000000040105664                wDev_GetTxqCollisions
                0x0000000040105674                wDev_ClearTxqCollisions
                0x0000000040105690                wDev_SetWaitingQueue
                0x00000000401056d8                wDev_ClearWaitingQueue
                0x00000000401056fc                wDev_SetFrameAckType
                0x000000004010575c                wDev_AppendRxBlocks
                0x00000000401058a0                wDev_AppendRxAmpduLensBlocks
                0x0000000040105974                wDev_GetBAInfo
                0x00000000401059a8                wDevDisableRx
 *fill*         0x0000000040105e5f        0x1 
 .text          0x0000000040105e60       0x4c /home/stoffer/esp8266/esp-open-sdk/sdk/lib/libpp.a(esf_buf.o)
                                         0x5c (size before relaxing)
                0x0000000040105e64                esf_rx_buf_alloc
 .text          0x0000000040105eac       0x23 /home/stoffer/esp8266/esp-open-sdk/sdk/lib/libnet80211.a(ieee80211_output.o)
                                         0x27 (size before relaxing)
 *fill*         0x0000000040105ecf        0x1 
 .text          0x0000000040105ed0        0xb /home/stoffer/esp8266/esp-open-sdk/sdk/lib/libnet80211.a(wl_chm.o)
                0x0000000040105ed4                chm_get_current_channel
 *fill*         0x0000000040105edb        0x1 
 .text          0x0000000040105edc       0x43 /home/stoffer/esp8266/esp-open-sdk/sdk/lib/liblwip.a(etharp.o)
                                         0x47 (size before relaxing)
 *fill*         0x0000000040105f1f        0x1 
 .text          0x0000000040105f20       0xd6 /home/stoffer/esp8266/esp-open-sdk/sdk/lib/liblwip.a(sntp.o)
                                         0xde (size before relaxing)
                0x0000000040105f28                sntp_get_current_timestamp
                0x0000000040105f50                sntp_get_real_time
 *fill*         0x0000000040105ff6        0x2 
 .text          0x0000000040105ff8      0x1fd /home/stoffer/esp8266/esp-open-sdk/sdk/lib/liblwip.a(tcp.o)
                                        0x229 (size before relaxing)
 *fill*         0x00000000401061f5        0x3 
 .text          0x00000000401061f8      0x159 /home/stoffer/esp8266/esp-open-sdk/sdk/lib/liblwip.a(tcp_out.o)
                                        0x161 (size before relaxing)
 *fill*         0x0000000040106351        0x3 
 .text          0x0000000040106354       0xb4 /home/stoffer/esp8266/esp-open-sdk/sdk/lib/liblwip.a(timers.o)
                                         0xc0 (size before relaxing)
 .text          0x0000000040106408      0x15d /home/stoffer/esp8266/esp-open-sdk/sdk/lib/libgcc.a(_mulsf3.o)
                0x0000000040106480                __mulsf3
 *fill*         0x0000000040106565        0x3 
 .text          0x0000000040106568      0x135 /home/stoffer/esp8266/esp-open-sdk/sdk/lib/libgcc.a(_divsf3.o)
                0x00000000401065e4                __divsf3
 *fill*         0x000000004010669d        0x3 
 .text          0x00000000401066a0       0x40 /home/stoffer/esp8266/esp-open-sdk/sdk/lib/libgcc.a(_fixsfsi.o)
                0x00000000401066a0                __fixsfsi
 .text          0x00000000401066e0        0x0 /home/stoffer/esp8266/esp-open-sdk/sdk/lib/libmain.a(debug-vector.o)
 .text          0x00000000401066e0        0x0 /home/stoffer/esp8266/esp-open-sdk/sdk/lib/libmain.a(double-vector.o)
 .text          0x00000000401066e0        0x0 /home/stoffer/esp8266/esp-open-sdk/sdk/lib/libmain.a(kernel-vector.o)
 .literal       0x00000000401066e0        0x0 /home/stoffer/esp8266/esp-open-sdk/sdk/lib/libmain.a(nmi-vector.o)
 *fill*         0x00000000401066e0        0x0 
 .literal       0x00000000401066e0        0x0 /home/stoffer/esp8266/esp-open-sdk/sdk/lib/libmain.a(user-vector.o)
 .text          0x00000000401066e0        0x0 /home/stoffer/esp8266/esp-open-sdk/sdk/lib/libmain.a(vector.o)
 *fill*         0x00000000401066e0        0x0 
 .literal       0x00000000401066e0        0x0 /home/stoffer/esp8266/esp-open-sdk/sdk/lib/libmain.a(app_main.o)
 *fill*         0x00000000401066e0        0x0 
 .literal       0x00000000401066e0        0x0 /home/stoffer/esp8266/esp-open-sdk/sdk/lib/libmain.a(ets_timer.o)
 .literal       0x00000000401066e0        0x0 /home/stoffer/esp8266/esp-open-sdk/sdk/lib/libmain.a(mem_manager.o)
 *fill*         0x00000000401066e0        0x0 
 .literal       0x00000000401066e0        0x0 /home/stoffer/esp8266/esp-open-sdk/sdk/lib/libmain.a(spi_flash.o)
 .literal       0x00000000401066e0        0x0 /home/stoffer/esp8266/esp-open-sdk/sdk/lib/libmain.a(user_interface.o)
 .text          0x00000000401066e0        0x0 /home/stoffer/esp8266/esp-open-sdk/sdk/lib/libmain.a(eagle_lib.o)
 .text          0x00000000401066e0        0x0 /home/stoffer/esp8266/esp-open-sdk/sdk/lib/libmain.a(eagle_lwip_if.o)
 *fill*         0x00000000401066e0        0x0 
 .literal       0x00000000401066e0        0x0 build/app_app.a(user_main.o)
 .text          0x00000000401066e0        0x0 build/app_app.a(captdns.o)
 .text          0x00000000401066e0        0x0 build/app_app.a(led.o)
 *fill*         0x00000000401066e0        0x0 
 .literal       0x00000000401066e0        0x0 build/app_app.a(httpd_user_init.o)
 *fill*         0x00000000401066e0        0x0 
 .literal       0x00000000401066e0        0x0 build/app_app.a(httpd.o)
 .text          0x00000000401066e0       0xe9 build/app_app.a(httpd.o)
                0x000000004010670c                httpdUrlDecode
 .text          0x00000000401067c9        0x0 build/app_app.a(utils.o)
 .text          0x00000000401067c9        0x0 build/app_app.a(crypto.o)
 .text          0x00000000401067c9        0x0 build/app_app.a(sha256.o)
 .text          0x00000000401067c9        0x0 build/app_app.a(aes.o)
 *fill*         0x00000000401067c9        0x3 
 .literal       0x00000000401067cc        0x0 build/app_app.a(uart.o)
 .text          0x00000000401067cc        0x0 build/app_app.a(ext_spi_flash.o)
 .text          0x00000000401067cc        0x0 build/app_app.a(gpio16.o)
 .text          0x00000000401067cc        0x0 build/app_app.a(spi.o)
 .text          0x00000000401067cc        0x0 build/app_app.a(mqtt.o)
 .text          0x00000000401067cc        0x0 build/app_app.a(mqtt_msg.o)
 .text          0x00000000401067cc        0x0 build/app_app.a(queue.o)
 .text          0x00000000401067cc        0x0 build/app_app.a(mqtt_utils.o)
 .text          0x00000000401067cc        0x0 build/app_app.a(proto.o)
 .text          0x00000000401067cc        0x0 build/app_app.a(config.o)
 *fill*         0x00000000401067cc        0x0 
 .literal       0x00000000401067cc        0x0 build/app_app.a(wifi.o)
 .text          0x00000000401067cc        0x0 build/app_app.a(cgiwifi.o)
 .text          0x00000000401067cc        0x0 build/app_app.a(tinyprintf.o)
 .text          0x00000000401067cc        0x0 build/app_app.a(unix_time.o)
 .text          0x00000000401067cc        0x0 build/app_app.a(cgi.o)
 .text          0x00000000401067cc        0x0 build/app_app.a(httpdespfs.o)
 .text          0x00000000401067cc        0x0 build/app_app.a(espfs.o)
 *fill*         0x00000000401067cc        0x0 
 .literal       0x00000000401067cc        0x0 build/app_app.a(heatshrink_decoder.o)
 .text          0x00000000401067cc        0x0 build/app_app.a(hmac-sha256.o)
 .text          0x00000000401067cc        0x0 build/app_app.a(ringbuf.o)
 *fill*         0x00000000401067cc        0x0 
 .text          0x00000000401067cc      0x145 /home/stoffer/esp8266/esp-open-sdk/xtensa-lx106-elf/lib/gcc/xtensa-lx106-elf/4.8.5/../../../../xtensa-lx106-elf/lib/libc.a(lib_a-memcpy.o)
                0x0000000040106810                memcpy
 *fill*         0x0000000040106911        0x3 
 .text          0x0000000040106914       0x7c /home/stoffer/esp8266/esp-open-sdk/xtensa-lx106-elf/lib/gcc/xtensa-lx106-elf/4.8.5/../../../../xtensa-lx106-elf/lib/libc.a(lib_a-memset.o)
                0x0000000040106940                memset
 *fill*         0x0000000040106990        0x0 
 .literal       0x0000000040106990        0x0 /home/stoffer/esp8266/esp-open-sdk/xtensa-lx106-elf/lib/gcc/xtensa-lx106-elf/4.8.5/../../../../xtensa-lx106-elf/lib/libc.a(lib_a-strtok_r.o)
 .text          0x0000000040106990       0x71 /home/stoffer/esp8266/esp-open-sdk/xtensa-lx106-elf/lib/gcc/xtensa-lx106-elf/4.8.5/../../../../xtensa-lx106-elf/lib/libc.a(lib_a-strtok_r.o)
                0x0000000040106990                __strtok_r
                0x00000000401069f0                strtok_r
 *fill*         0x0000000040106a01        0x0 
 .text          0x0000000040106a01        0x0 /home/stoffer/esp8266/esp-open-sdk/xtensa-lx106-elf/lib/gcc/xtensa-lx106-elf/4.8.5/../../../../xtensa-lx106-elf/lib/libc.a(lib_a-ctype_.o)
 .text          0x0000000040106a01        0x0 /home/stoffer/esp8266/esp-open-sdk/xtensa-lx106-elf/lib/gcc/xtensa-lx106-elf/4.8.5/../../../../xtensa-lx106-elf/lib/libc.a(lib_a-impure.o)
 *fill*         0x0000000040106a01        0x3 
 .text          0x0000000040106a04        0x5 /home/stoffer/esp8266/esp-open-sdk/xtensa-lx106-elf/xtensa-lx106-elf/sysroot/usr/lib/libhal.a(int_asm--set_intclear.o)
                0x0000000040106a04                xthal_set_intclear
 *fill*         0x0000000040106a09        0x3 
 .literal       0x0000000040106a0c        0x0 /home/stoffer/esp8266/esp-open-sdk/sdk/lib/libphy.a(phy.o)
 *fill*         0x0000000040106a0c        0x0 
 .literal       0x0000000040106a0c        0x0 /home/stoffer/esp8266/esp-open-sdk/sdk/lib/libphy.a(phy_chip_v6_ana.o)
 *fill*         0x0000000040106a0c        0x0 
 .literal       0x0000000040106a0c        0x0 /home/stoffer/esp8266/esp-open-sdk/sdk/lib/libphy.a(phy_chip_v6.o)
 *fill*         0x0000000040106a0c        0x0 
 .literal       0x0000000040106a0c        0x0 /home/stoffer/esp8266/esp-open-sdk/sdk/lib/libphy.a(phy_chip_v6_cal.o)
 .text          0x0000000040106a0c        0x0 /home/stoffer/esp8266/esp-open-sdk/sdk/lib/libphy.a(phy_chip_v6_unused.o)
 *fill*         0x0000000040106a0c        0x0 
 .literal       0x0000000040106a0c        0x0 /home/stoffer/esp8266/esp-open-sdk/sdk/lib/libphy.a(phy_sleep.o)
 .text          0x0000000040106a0c        0x0 /home/stoffer/esp8266/esp-open-sdk/sdk/lib/libpp.a(if_hwctrl.o)
 *fill*         0x0000000040106a0c        0x0 
 .literal       0x0000000040106a0c        0x0 /home/stoffer/esp8266/esp-open-sdk/sdk/lib/libpp.a(lmac.o)
 .text          0x0000000040106a0c        0x0 /home/stoffer/esp8266/esp-open-sdk/sdk/lib/libpp.a(pm.o)
 .text          0x0000000040106a0c        0x0 /home/stoffer/esp8266/esp-open-sdk/sdk/lib/libpp.a(pm_for_bcn_only_mode.o)
 *fill*         0x0000000040106a0c        0x0 
 .literal       0x0000000040106a0c        0x0 /home/stoffer/esp8266/esp-open-sdk/sdk/lib/libpp.a(pp.o)
 *fill*         0x0000000040106a0c        0x0 
 .literal       0x0000000040106a0c        0x0 /home/stoffer/esp8266/esp-open-sdk/sdk/lib/libpp.a(rate_control.o)
 *fill*         0x0000000040106a0c        0x0 
 .literal       0x0000000040106a0c        0x0 /home/stoffer/esp8266/esp-open-sdk/sdk/lib/libpp.a(trc.o)
 *fill*         0x0000000040106a0c        0x0 
 .literal       0x0000000040106a0c        0x0 /home/stoffer/esp8266/esp-open-sdk/sdk/lib/libpp.a(wdev.o)
 *fill*         0x0000000040106a0c        0x0 
 .literal       0x0000000040106a0c        0x0 /home/stoffer/esp8266/esp-open-sdk/sdk/lib/libpp.a(esf_buf.o)
 .text          0x0000000040106a0c        0x0 /home/stoffer/esp8266/esp-open-sdk/sdk/lib/libnet80211.a(ieee80211.o)
 .text          0x0000000040106a0c        0x0 /home/stoffer/esp8266/esp-open-sdk/sdk/lib/libnet80211.a(ieee80211_crypto.o)
 .text          0x0000000040106a0c        0x0 /home/stoffer/esp8266/esp-open-sdk/sdk/lib/libnet80211.a(ieee80211_ets.o)
 .literal       0x0000000040106a0c        0x0 /home/stoffer/esp8266/esp-open-sdk/sdk/lib/libnet80211.a(ieee80211_hostap.o)
 .text          0x0000000040106a0c       0x25 /home/stoffer/esp8266/esp-open-sdk/sdk/lib/libnet80211.a(ieee80211_hostap.o)
 .text          0x0000000040106a31        0x0 /home/stoffer/esp8266/esp-open-sdk/sdk/lib/libnet80211.a(ieee80211_ht.o)
 .text          0x0000000040106a31        0x0 /home/stoffer/esp8266/esp-open-sdk/sdk/lib/libnet80211.a(ieee80211_input.o)
 .text          0x0000000040106a31        0x0 /home/stoffer/esp8266/esp-open-sdk/sdk/lib/libnet80211.a(ieee80211_mesh_quick.o)
 *fill*         0x0000000040106a31        0x3 
 .literal       0x0000000040106a34        0x0 /home/stoffer/esp8266/esp-open-sdk/sdk/lib/libnet80211.a(ieee80211_output.o)
 .text          0x0000000040106a34        0x0 /home/stoffer/esp8266/esp-open-sdk/sdk/lib/libnet80211.a(ieee80211_phy.o)
 .text          0x0000000040106a34        0x0 /home/stoffer/esp8266/esp-open-sdk/sdk/lib/libnet80211.a(ieee80211_power.o)
 .text          0x0000000040106a34        0x0 /home/stoffer/esp8266/esp-open-sdk/sdk/lib/libnet80211.a(ieee80211_proto.o)
 .text          0x0000000040106a34        0x0 /home/stoffer/esp8266/esp-open-sdk/sdk/lib/libnet80211.a(ieee80211_rfid.o)
 .text          0x0000000040106a34        0x0 /home/stoffer/esp8266/esp-open-sdk/sdk/lib/libnet80211.a(ieee80211_scan.o)
 .text          0x0000000040106a34        0x0 /home/stoffer/esp8266/esp-open-sdk/sdk/lib/libnet80211.a(ieee80211_sta.o)
 *fill*         0x0000000040106a34        0x0 
 .literal       0x0000000040106a34        0x0 /home/stoffer/esp8266/esp-open-sdk/sdk/lib/libnet80211.a(wl_chm.o)
 .text          0x0000000040106a34        0x0 /home/stoffer/esp8266/esp-open-sdk/sdk/lib/libnet80211.a(wl_cnx.o)
 .text          0x0000000040106a34        0x0 /home/stoffer/esp8266/esp-open-sdk/sdk/lib/libnet80211.a(ieee80211_action.o)
 .text          0x0000000040106a34        0x0 /home/stoffer/esp8266/esp-open-sdk/sdk/lib/libnet80211.a(ieee80211_action_vendor.o)
 .text          0x0000000040106a34        0x0 /home/stoffer/esp8266/esp-open-sdk/sdk/lib/libnet80211.a(ieee80211_crypto_ccmp.o)
 .text          0x0000000040106a34        0x0 /home/stoffer/esp8266/esp-open-sdk/sdk/lib/libnet80211.a(ieee80211_ie_vendor.o)
 .text          0x0000000040106a34        0x0 /home/stoffer/esp8266/esp-open-sdk/sdk/lib/liblwip.a(dhcp.o)
 .text          0x0000000040106a34        0x0 /home/stoffer/esp8266/esp-open-sdk/sdk/lib/liblwip.a(dhcpserver.o)
 .text          0x0000000040106a34        0x0 /home/stoffer/esp8266/esp-open-sdk/sdk/lib/liblwip.a(dns.o)
 .text          0x0000000040106a34        0x0 /home/stoffer/esp8266/esp-open-sdk/sdk/lib/liblwip.a(espconn.o)
 .text          0x0000000040106a34        0x0 /home/stoffer/esp8266/esp-open-sdk/sdk/lib/liblwip.a(espconn_tcp.o)
 .text          0x0000000040106a34        0x0 /home/stoffer/esp8266/esp-open-sdk/sdk/lib/liblwip.a(espconn_udp.o)
 *fill*         0x0000000040106a34        0x0 
 .literal       0x0000000040106a34        0x0 /home/stoffer/esp8266/esp-open-sdk/sdk/lib/liblwip.a(etharp.o)
 .text          0x0000000040106a34        0x0 /home/stoffer/esp8266/esp-open-sdk/sdk/lib/liblwip.a(igmp.o)
 .text          0x0000000040106a34        0x0 /home/stoffer/esp8266/esp-open-sdk/sdk/lib/liblwip.a(inet_chksum.o)
 .text          0x0000000040106a34        0x0 /home/stoffer/esp8266/esp-open-sdk/sdk/lib/liblwip.a(init.o)
 .text          0x0000000040106a34        0x0 /home/stoffer/esp8266/esp-open-sdk/sdk/lib/liblwip.a(ip_addr.o)
 .text          0x0000000040106a34        0x0 /home/stoffer/esp8266/esp-open-sdk/sdk/lib/liblwip.a(ip.o)
 .text          0x0000000040106a34        0x0 /home/stoffer/esp8266/esp-open-sdk/sdk/lib/liblwip.a(memp.o)
 .text          0x0000000040106a34        0x0 /home/stoffer/esp8266/esp-open-sdk/sdk/lib/liblwip.a(netif.o)
 .text          0x0000000040106a34        0x0 /home/stoffer/esp8266/esp-open-sdk/sdk/lib/liblwip.a(pbuf.o)
 .text          0x0000000040106a34        0x0 /home/stoffer/esp8266/esp-open-sdk/sdk/lib/liblwip.a(raw.o)
 *fill*         0x0000000040106a34        0x0 
 .literal       0x0000000040106a34        0x0 /home/stoffer/esp8266/esp-open-sdk/sdk/lib/liblwip.a(sntp.o)
 .text          0x0000000040106a34        0x0 /home/stoffer/esp8266/esp-open-sdk/sdk/lib/liblwip.a(tcp_in.o)
 *fill*         0x0000000040106a34        0x0 
 .literal       0x0000000040106a34        0x0 /home/stoffer/esp8266/esp-open-sdk/sdk/lib/liblwip.a(tcp.o)
 *fill*         0x0000000040106a34        0x0 
 .literal       0x0000000040106a34        0x0 /home/stoffer/esp8266/esp-open-sdk/sdk/lib/liblwip.a(tcp_out.o)
 *fill*         0x0000000040106a34        0x0 
 .literal       0x0000000040106a34        0x0 /home/stoffer/esp8266/esp-open-sdk/sdk/lib/liblwip.a(timers.o)
 .text          0x0000000040106a34        0x0 /home/stoffer/esp8266/esp-open-sdk/sdk/lib/liblwip.a(udp.o)
 .text          0x0000000040106a34        0x0 /home/stoffer/esp8266/esp-open-sdk/sdk/lib/liblwip.a(icmp.o)
 .text          0x0000000040106a34        0x0 /home/stoffer/esp8266/esp-open-sdk/sdk/lib/libwpa.a(ap_config.o)
 .text          0x0000000040106a34        0x0 /home/stoffer/esp8266/esp-open-sdk/sdk/lib/libwpa.a(common.o)
 .text          0x0000000040106a34        0x0 /home/stoffer/esp8266/esp-open-sdk/sdk/lib/libwpa.a(os_xtensa.o)
 .literal       0x0000000040106a34        0x0 /home/stoffer/esp8266/esp-open-sdk/sdk/lib/libwpa.a(wpa_auth.o)
 .text          0x0000000040106a34       0x11 /home/stoffer/esp8266/esp-open-sdk/sdk/lib/libwpa.a(wpa_auth.o)
 .text          0x0000000040106a45        0x0 /home/stoffer/esp8266/esp-open-sdk/sdk/lib/libwpa.a(wpa_auth_ie.o)
 .text          0x0000000040106a45        0x0 /home/stoffer/esp8266/esp-open-sdk/sdk/lib/libwpa.a(wpa.o)
 .text          0x0000000040106a45        0x0 /home/stoffer/esp8266/esp-open-sdk/sdk/lib/libwpa.a(wpa_common.o)
 .text          0x0000000040106a45        0x0 /home/stoffer/esp8266/esp-open-sdk/sdk/lib/libwpa.a(wpa_debug.o)
 .text          0x0000000040106a45        0x0 /home/stoffer/esp8266/esp-open-sdk/sdk/lib/libwpa.a(wpa_ie.o)
 .text          0x0000000040106a45        0x0 /home/stoffer/esp8266/esp-open-sdk/sdk/lib/libwpa.a(wpa_main.o)
 .text          0x0000000040106a45        0x0 /home/stoffer/esp8266/esp-open-sdk/sdk/lib/libwpa.a(wpas_glue.o)
 .text          0x0000000040106a45        0x0 /home/stoffer/esp8266/esp-open-sdk/sdk/lib/libwpa.a(aes-wrap.o)
 .text          0x0000000040106a45        0x0 /home/stoffer/esp8266/esp-open-sdk/sdk/lib/libwpa.a(aes-internal-enc.o)
 .text          0x0000000040106a45        0x0 /home/stoffer/esp8266/esp-open-sdk/sdk/lib/libwpa.a(aes-internal.o)
 *fill*         0x0000000040106a45        0x3 
 .text          0x0000000040106a48       0x49 /home/stoffer/esp8266/esp-open-sdk/sdk/lib/libgcc.a(_modsi3.o)
                0x0000000040106a48                __modsi3
 *fill*         0x0000000040106a91        0x3 
 .text          0x0000000040106a94       0x18 /home/stoffer/esp8266/esp-open-sdk/sdk/lib/libgcc.a(_ashrdi3.o)
                0x0000000040106a94                __ashrdi3
 *fill*         0x0000000040106aac        0x0 
 *fill*         0x0000000040106aac        0x0 
 .text          0x0000000040106aac        0x0 /home/stoffer/esp8266/esp-open-sdk/sdk/lib/libnet80211.a(ieee80211_crypto_tkip.o)
 .text          0x0000000040106aac        0x0 /home/stoffer/esp8266/esp-open-sdk/sdk/lib/libnet80211.a(ieee80211_crypto_wep.o)
 *(.fini.literal)
 *(.fini)
 *(.gnu.version)
                0x0000000040106aac                _text_end = ABSOLUTE (.)
                0x0000000040106aac                _etext = .

.NMIExceptionVector.literal
                0x0000000040106aac        0x0
 .NMIExceptionVector.literal
                0x0000000040106aac        0x0 /home/stoffer/esp8266/esp-open-sdk/sdk/lib/libmain.a(nmi-vector.o)

.UserExceptionVector.literal
                0x0000000040106aac        0x0
 .UserExceptionVector.literal
                0x0000000040106aac        0x0 /home/stoffer/esp8266/esp-open-sdk/sdk/lib/libmain.a(user-vector.o)

.UserEnter.literal
                0x0000000040106aac        0x0
 .UserEnter.literal