Archive member included to satisfy reference by file (symbol)

/home/stoffer/esp8266/esp-open-sdk/sdk/lib/libmain.a(debug-vector.o)
                              (_DebugExceptionVector)
/home/stoffer/esp8266/esp-open-sdk/sdk/lib/libmain.a(double-vector.o)
                              (_DoubleExceptionVector)
/home/stoffer/esp8266/esp-open-sdk/sdk/lib/libmain.a(kernel-vector.o)
                              (_KernelExceptionVector)
/home/stoffer/esp8266/esp-open-sdk/sdk/lib/libmain.a(nmi-vector.o)
                              (_NMIExceptionVector)
/home/stoffer/esp8266/esp-open-sdk/sdk/lib/libmain.a(user-vector.o)
                              (_UserExceptionVector)
/home/stoffer/esp8266/esp-open-sdk/sdk/lib/libmain.a(vector.o)
                              (call_user_start)
/home/stoffer/esp8266/esp-open-sdk/sdk/lib/libmain.a(app_main.o)
                              /home/stoffer/esp8266/esp-open-sdk/sdk/lib/libmain.a(nmi-vector.o) (NMI_Handler)
/home/stoffer/esp8266/esp-open-sdk/sdk/lib/libmain.a(ets_timer.o)
                              /home/stoffer/esp8266/esp-open-sdk/sdk/lib/libmain.a(app_main.o) (ets_timer_setfn)
/home/stoffer/esp8266/esp-open-sdk/sdk/lib/libmain.a(mem_manager.o)
                              /home/stoffer/esp8266/esp-open-sdk/sdk/lib/libmain.a(app_main.o) (pvPortMalloc)
/home/stoffer/esp8266/esp-open-sdk/sdk/lib/libmain.a(spi_flash.o)
                              /home/stoffer/esp8266/esp-open-sdk/sdk/lib/libmain.a(app_main.o) (spi_flash_get_id)
/home/stoffer/esp8266/esp-open-sdk/sdk/lib/libmain.a(user_interface.o)
                              /home/stoffer/esp8266/esp-open-sdk/sdk/lib/libmain.a(app_main.o) (done_cb)
/home/stoffer/esp8266/esp-open-sdk/sdk/lib/libmain.a(eagle_lib.o)
                              /home/stoffer/esp8266/esp-open-sdk/sdk/lib/libmain.a(user_interface.o) (ets_sprintf)
/home/stoffer/esp8266/esp-open-sdk/sdk/lib/libmain.a(eagle_lwip_if.o)
                              /home/stoffer/esp8266/esp-open-sdk/sdk/lib/libmain.a(user_interface.o) (hostname)
build/app_app.a(user_main.o)  /home/stoffer/esp8266/esp-open-sdk/sdk/lib/libmain.a(app_main.o) (user_init)
build/app_app.a(captdns.o)    build/app_app.a(user_main.o) (captdnsInit)
build/app_app.a(led.o)        build/app_app.a(user_main.o) (led_init)
build/app_app.a(httpd_user_init.o)
                              build/app_app.a(user_main.o) (httpd_user_init)
build/app_app.a(httpd.o)      build/app_app.a(httpd_user_init.o) (cgiRedirect)
build/app_app.a(crypto.o)     build/app_app.a(user_main.o) (init_aes_hmac_combined)
build/app_app.a(sha256.o)     build/app_app.a(crypto.o) (sha256_raw)
build/app_app.a(aes.o)        build/app_app.a(crypto.o) (AES128_CBC_encrypt_buffer)
build/app_app.a(kmp_request.o)
                              build/app_app.a(user_main.o) (kmp_request_init)
build/app_app.a(kmp.o)        build/app_app.a(kmp_request.o) (kmp_value_to_string)
build/app_app.a(cron.o)       build/app_app.a(user_main.o) (cron_init)
build/app_app.a(ac_out.o)     build/app_app.a(user_main.o) (ac_out_init)
build/app_app.a(uart.o)       build/app_app.a(kmp_request.o) (uart0_tx_buffer)
build/app_app.a(mqtt.o)       build/app_app.a(user_main.o) (MQTT_Publish)
build/app_app.a(mqtt_msg.o)   build/app_app.a(mqtt.o) (mqtt_msg_init)
build/app_app.a(queue.o)      build/app_app.a(mqtt.o) (QUEUE_Init)
build/app_app.a(mqtt_utils.o)
                              build/app_app.a(mqtt.o) (UTILS_StrToIP)
build/app_app.a(proto.o)      build/app_app.a(queue.o) (PROTO_ParseRb)
build/app_app.a(config.o)     build/app_app.a(user_main.o) (sys_cfg)
build/app_app.a(wifi.o)       build/app_app.a(user_main.o) (wifi_connect)
build/app_app.a(cgiwifi.o)    build/app_app.a(httpd_user_init.o) (cgiWiFiScan)
build/app_app.a(tinyprintf.o)
                              build/app_app.a(user_main.o) (tfp_snprintf)
build/app_app.a(unix_time.o)  build/app_app.a(user_main.o) (init_unix_time)
build/app_app.a(cgi.o)        build/app_app.a(httpd_user_init.o) (cgiLed)
build/app_app.a(httpdespfs.o)
                              build/app_app.a(httpd_user_init.o) (cgiEspFsHook)
build/app_app.a(espfs.o)      build/app_app.a(httpdespfs.o) (espFsOpen)
build/app_app.a(heatshrink_decoder.o)
                              build/app_app.a(espfs.o) (heatshrink_decoder_free)
build/app_app.a(utils.o)      build/app_app.a(kmp.o) (ccit_crc16)
build/app_app.a(hmac-sha256.o)
                              build/app_app.a(crypto.o) (hmac_sha256_init)
build/app_app.a(ringbuf.o)    build/app_app.a(queue.o) (RINGBUF_Init)
/home/stoffer/esp8266/esp-open-sdk/xtensa-lx106-elf/lib/gcc/xtensa-lx106-elf/4.8.5/../../../../xtensa-lx106-elf/lib/libc.a(lib_a-atoi.o)
                              build/app_app.a(user_main.o) (atoi)
/home/stoffer/esp8266/esp-open-sdk/xtensa-lx106-elf/lib/gcc/xtensa-lx106-elf/4.8.5/../../../../xtensa-lx106-elf/lib/libc.a(lib_a-gmtime.o)
                              build/app_app.a(cron.o) (gmtime)
[...]
Memory Configuration

Name             Origin             Length             Attributes
dport0_0_seg     0x000000003ff00000 0x0000000000000010
dram0_0_seg      0x000000003ffe8000 0x0000000000014000
iram1_0_seg      0x0000000040100000 0x0000000000008000
irom0_0_seg      0x0000000040240000 0x000000000003c000
*default*        0x0000000000000000 0xffffffffffffffff

Linker script and memory map

START GROUP
LOAD /home/stoffer/esp8266/esp-open-sdk/xtensa-lx106-elf/lib/gcc/xtensa-lx106-elf/4.8.5/../../../../xtensa-lx106-elf/lib/libc.a
LOAD /home/stoffer/esp8266/esp-open-sdk/sdk/lib/libgcc.a
LOAD /home/stoffer/esp8266/esp-open-sdk/xtensa-lx106-elf/xtensa-lx106-elf/sysroot/usr/lib/libhal.a
LOAD /home/stoffer/esp8266/esp-open-sdk/sdk/lib/libphy.a
LOAD /home/stoffer/esp8266/esp-open-sdk/sdk/lib/libpp.a
LOAD /home/stoffer/esp8266/esp-open-sdk/sdk/lib/libnet80211.a
LOAD /home/stoffer/esp8266/esp-open-sdk/sdk/lib/liblwip.a
LOAD /home/stoffer/esp8266/esp-open-sdk/sdk/lib/libwpa.a
LOAD /home/stoffer/esp8266/esp-open-sdk/sdk/lib/libmain.a
LOAD /home/stoffer/esp8266/esp-open-sdk/sdk/lib/libssl.a
LOAD /home/stoffer/esp8266/esp-open-sdk/xtensa-lx106-elf/lib/gcc/xtensa-lx106-elf/4.8.5/../../../../xtensa-lx106-elf/lib/libc.a
LOAD /home/stoffer/esp8266/esp-open-sdk/sdk/lib/libgcc.a
LOAD build/app_app.a
END GROUP
                [!provide]                        PROVIDE (_memmap_vecbase_reset, 0x40000000)
                0x0000000000000110                _memmap_cacheattr_wb_base = 0x110
                0x0000000000000110                _memmap_cacheattr_wt_base = 0x110
                0x0000000000000220                _memmap_cacheattr_bp_base = 0x220
                0x00000000fffff00f                _memmap_cacheattr_unused_mask = 0xfffff00f
                0x000000002222211f                _memmap_cacheattr_wb_trapnull = 0x2222211f
                0x000000002222211f                _memmap_cacheattr_wba_trapnull = 0x2222211f
                0x000000002222211f                _memmap_cacheattr_wbna_trapnull = 0x2222211f
                0x000000002222211f                _memmap_cacheattr_wt_trapnull = 0x2222211f
                0x000000002222222f                _memmap_cacheattr_bp_trapnull = 0x2222222f
                0x00000000fffff11f                _memmap_cacheattr_wb_strict = 0xfffff11f
                0x00000000fffff11f                _memmap_cacheattr_wt_strict = 0xfffff11f
                0x00000000fffff22f                _memmap_cacheattr_bp_strict = 0xfffff22f
                0x0000000022222112                _memmap_cacheattr_wb_allvalid = 0x22222112
                0x0000000022222112                _memmap_cacheattr_wt_allvalid = 0x22222112
                0x0000000022222222                _memmap_cacheattr_bp_allvalid = 0x22222222
                [!provide]                        PROVIDE (_memmap_cacheattr_reset, _memmap_cacheattr_wb_trapnull)

.dport0.rodata  0x000000003ff00000        0x0
                0x000000003ff00000                _dport0_rodata_start = ABSOLUTE (.)
 *(.dport0.rodata)
 *(.dport.rodata)
                0x000000003ff00000                _dport0_rodata_end = ABSOLUTE (.)

.dport0.literal
                0x000000003ff00000        0x0
                0x000000003ff00000                _dport0_literal_start = ABSOLUTE (.)
 *(.dport0.literal)
 *(.dport.literal)
                0x000000003ff00000                _dport0_literal_end = ABSOLUTE (.)

.dport0.data    0x000000003ff00000        0x0
                0x000000003ff00000                _dport0_data_start = ABSOLUTE (.)
 *(.dport0.data)
 *(.dport.data)
                0x000000003ff00000                _dport0_data_end = ABSOLUTE (.)

.data           0x000000003ffe8000      0x898
                0x000000003ffe8000                _data_start = ABSOLUTE (.)
 *(.data)
 .data          0x000000003ffe8000        0x0 /home/stoffer/esp8266/esp-open-sdk/sdk/lib/libmain.a(debug-vector.o)
 .data          0x000000003ffe8000        0x0 /home/stoffer/esp8266/esp-open-sdk/sdk/lib/libmain.a(double-vector.o)
 .data          0x000000003ffe8000        0x0 /home/stoffer/esp8266/esp-open-sdk/sdk/lib/libmain.a(kernel-vector.o)
 .data          0x000000003ffe8000        0x4 /home/stoffer/esp8266/esp-open-sdk/sdk/lib/libmain.a(nmi-vector.o)
                0x000000003ffe8000                _Pri_3_HandlerAddress
 .data          0x000000003ffe8004        0x0 /home/stoffer/esp8266/esp-open-sdk/sdk/lib/libmain.a(user-vector.o)
 .data          0x000000003ffe8004        0x0 /home/stoffer/esp8266/esp-open-sdk/sdk/lib/libmain.a(vector.o)
 .data          0x000000003ffe8004        0x1 /home/stoffer/esp8266/esp-open-sdk/sdk/lib/libmain.a(app_main.o)
 .data          0x000000003ffe8005        0x0 /home/stoffer/esp8266/esp-open-sdk/sdk/lib/libmain.a(ets_timer.o)
 .data          0x000000003ffe8005        0x0 /home/stoffer/esp8266/esp-open-sdk/sdk/lib/libmain.a(mem_manager.o)
 .data          0x000000003ffe8005        0x0 /home/stoffer/esp8266/esp-open-sdk/sdk/lib/libmain.a(spi_flash.o)
 *fill*         0x000000003ffe8005        0x3 
 .data          0x000000003ffe8008        0x6 /home/stoffer/esp8266/esp-open-sdk/sdk/lib/libmain.a(user_interface.o)
                0x000000003ffe8009                timer2_ms_flag
                0x000000003ffe800a                dhcps_flag
                0x000000003ffe800b                dhcpc_flag
                0x000000003ffe800d                reconnect_internal
 .data          0x000000003ffe800e        0x0 /home/stoffer/esp8266/esp-open-sdk/sdk/lib/libmain.a(eagle_lib.o)
 *fill*         0x000000003ffe800e        0x2 
 .data          0x000000003ffe8010        0x1 /home/stoffer/esp8266/esp-open-sdk/sdk/lib/libmain.a(eagle_lwip_if.o)
                0x000000003ffe8010                default_hostname
 .data          0x000000003ffe8011        0x0 build/app_app.a(user_main.o)
 .data          0x000000003ffe8011        0x0 build/app_app.a(captdns.o)
 .data          0x000000003ffe8011        0x0 build/app_app.a(led.o)
 *fill*         0x000000003ffe8011        0x3 
 .data          0x000000003ffe8014       0x9c build/app_app.a(httpd_user_init.o)
                0x000000003ffe8014                builtInUrls
 .data          0x000000003ffe80b0        0x0 build/app_app.a(httpd.o)
 .data          0x000000003ffe80b0        0x0 build/app_app.a(crypto.o)
 .data          0x000000003ffe80b0        0x0 build/app_app.a(sha256.o)
 .data          0x000000003ffe80b0        0x0 build/app_app.a(aes.o)
 .data          0x000000003ffe80b0        0x0 build/app_app.a(kmp_request.o)
 .data          0x000000003ffe80b0        0x0 build/app_app.a(kmp.o)
 .data          0x000000003ffe80b0        0x0 build/app_app.a(cron.o)
 .data          0x000000003ffe80b0        0x4 build/app_app.a(ac_out.o)
                0x000000003ffe80b0                ac_pwm_state
 .data          0x000000003ffe80b4        0x0 build/app_app.a(uart.o)
 .data          0x000000003ffe80b4        0x0 build/app_app.a(mqtt.o)
 .data          0x000000003ffe80b4        0x0 build/app_app.a(mqtt_msg.o)
 .data          0x000000003ffe80b4        0x0 build/app_app.a(queue.o)
 .data          0x000000003ffe80b4        0x0 build/app_app.a(mqtt_utils.o)
 .data          0x000000003ffe80b4        0x0 build/app_app.a(proto.o)
 .data          0x000000003ffe80b4        0x0 build/app_app.a(config.o)
 .data          0x000000003ffe80b4        0x0 build/app_app.a(wifi.o)
 .data          0x000000003ffe80b4        0x0 build/app_app.a(cgiwifi.o)
 .data          0x000000003ffe80b4        0x0 build/app_app.a(tinyprintf.o)
 .data          0x000000003ffe80b4        0x0 build/app_app.a(unix_time.o)
 .data          0x000000003ffe80b4        0x0 build/app_app.a(cgi.o)
 .data          0x000000003ffe80b4        0x0 build/app_app.a(httpdespfs.o)
 .data          0x000000003ffe80b4        0x0 build/app_app.a(espfs.o)
 .data          0x000000003ffe80b4        0x0 build/app_app.a(heatshrink_decoder.o)
 .data          0x000000003ffe80b4        0x0 build/app_app.a(utils.o)
 .data          0x000000003ffe80b4        0x0 build/app_app.a(hmac-sha256.o)
 .data          0x000000003ffe80b4        0x0 build/app_app.a(ringbuf.o)
 .data          0x000000003ffe80b4        0x0 /home/stoffer/esp8266/esp-open-sdk/xtensa-lx106-elf/lib/gcc/xtensa-lx106-elf/4.8.5/../../../../xtensa-lx106-elf/lib/libc.a(lib_a-atoi.o)
 .data          0x000000003ffe80b4        0x0 /home/stoffer/esp8266/esp-open-sdk/xtensa-lx106-elf/lib/gcc/xtensa-lx106-elf/4.8.5/../../../../xtensa-lx106-elf/lib/libc.a(lib_a-gmtime.o)
 .data          0x000000003ffe80b4        0x0 /home/stoffer/esp8266/esp-open-sdk/xtensa-lx106-elf/lib/gcc/xtensa-lx106-elf/4.8.5/../../../../xtensa-lx106-elf/lib/libc.a(lib_a-gmtime_r.o)
 *fill*         0x000000003ffe80b4        0x4 
 .data          0x000000003ffe80b8      0x430 /home/stoffer/esp8266/esp-open-sdk/xtensa-lx106-elf/lib/gcc/xtensa-lx106-elf/4.8.5/../../../../xtensa-lx106-elf/lib/libc.a(lib_a-impure.o)
                0x000000003ffe80b8                _impure_ptr
 .data          0x000000003ffe84e8        0x0 /home/stoffer/esp8266/esp-open-sdk/xtensa-lx106-elf/lib/gcc/xtensa-lx106-elf/4.8.5/../../../../xtensa-lx106-elf/lib/libc.a(lib_a-memcpy.o)
 .data          0x000000003ffe84e8        0x0 /home/stoffer/esp8266/esp-open-sdk/xtensa-lx106-elf/lib/gcc/xtensa-lx106-elf/4.8.5/../../../../xtensa-lx106-elf/lib/libc.a(lib_a-memset.o)
 .data          0x000000003ffe84e8        0x0 /home/stoffer/esp8266/esp-open-sdk/xtensa-lx106-elf/lib/gcc/xtensa-lx106-elf/4.8.5/../../../../xtensa-lx106-elf/lib/libc.a(lib_a-mktm_r.o)
 .data          0x000000003ffe84e8        0x0 /home/stoffer/esp8266/esp-open-sdk/xtensa-lx106-elf/lib/gcc/xtensa-lx106-elf/4.8.5/../../../../xtensa-lx106-elf/lib/libc.a(lib_a-strcat.o)
 .data          0x000000003ffe84e8        0x0 /home/stoffer/esp8266/esp-open-sdk/xtensa-lx106-elf/lib/gcc/xtensa-lx106-elf/4.8.5/../../../../xtensa-lx106-elf/lib/libc.a(lib_a-strlen.o)
 .data          0x000000003ffe84e8        0x0 /home/stoffer/esp8266/esp-open-sdk/xtensa-lx106-elf/lib/gcc/xtensa-lx106-elf/4.8.5/../../../../xtensa-lx106-elf/lib/libc.a(lib_a-strtok.o)
 .data          0x000000003ffe84e8        0x0 /home/stoffer/esp8266/esp-open-sdk/xtensa-lx106-elf/lib/gcc/xtensa-lx106-elf/4.8.5/../../../../xtensa-lx106-elf/lib/libc.a(lib_a-strtok_r.o)
 .data          0x000000003ffe84e8        0x0 /home/stoffer/esp8266/esp-open-sdk/xtensa-lx106-elf/lib/gcc/xtensa-lx106-elf/4.8.5/../../../../xtensa-lx106-elf/lib/libc.a(lib_a-strtol.o)
 .data          0x000000003ffe84e8        0x0 /home/stoffer/esp8266/esp-open-sdk/xtensa-lx106-elf/lib/gcc/xtensa-lx106-elf/4.8.5/../../../../xtensa-lx106-elf/lib/libc.a(lib_a-tzlock.o)
 .data          0x000000003ffe84e8        0x8 /home/stoffer/esp8266/esp-open-sdk/xtensa-lx106-elf/lib/gcc/xtensa-lx106-elf/4.8.5/../../../../xtensa-lx106-elf/lib/libc.a(lib_a-tzvars.o)
                0x000000003ffe84e8                _tzname
 .data          0x000000003ffe84f0        0x4 /home/stoffer/esp8266/esp-open-sdk/xtensa-lx106-elf/lib/gcc/xtensa-lx106-elf/4.8.5/../../../../xtensa-lx106-elf/lib/libc.a(lib_a-ctype_.o)
                0x000000003ffe84f0                __ctype_ptr__
 .data          0x000000003ffe84f4       0x40 /home/stoffer/esp8266/esp-open-sdk/xtensa-lx106-elf/lib/gcc/xtensa-lx106-elf/4.8.5/../../../../xtensa-lx106-elf/lib/libc.a(lib_a-gettzinfo.o)
 .data          0x000000003ffe8534        0x0 /home/stoffer/esp8266/esp-open-sdk/sdk/lib/libgcc.a(_modsi3.o)
 .data          0x000000003ffe8534        0x0 /home/stoffer/esp8266/esp-open-sdk/xtensa-lx106-elf/xtensa-lx106-elf/sysroot/usr/lib/libhal.a(int_asm--set_intclear.o)
 .data          0x000000003ffe8534        0x0 /home/stoffer/esp8266/esp-open-sdk/sdk/lib/libphy.a(phy.o)
 .data          0x000000003ffe8534        0x0 /home/stoffer/esp8266/esp-open-sdk/sdk/lib/libphy.a(phy_chip_v6_ana.o)
 *fill*         0x000000003ffe8534        0xc 
 .data          0x000000003ffe8540       0x53 /home/stoffer/esp8266/esp-open-sdk/sdk/lib/libphy.a(phy_chip_v6.o)
                0x000000003ffe8542                tx_rf_ana_gain
                0x000000003ffe8570                rx_gain_swp
                0x000000003ffe8590                test_rffreq_txcap
 *fill*         0x000000003ffe8593        0x1 
 .data          0x000000003ffe8594        0x1 /home/stoffer/esp8266/esp-open-sdk/sdk/lib/libphy.a(phy_chip_v6_cal.o)
                0x000000003ffe8594                rfcal_bb_atten_init
 .data          0x000000003ffe8595        0x0 /home/stoffer/esp8266/esp-open-sdk/sdk/lib/libphy.a(phy_chip_v6_unused.o)
 *fill*         0x000000003ffe8595        0x3 
 .data          0x000000003ffe8598        0x4 /home/stoffer/esp8266/esp-open-sdk/sdk/lib/libphy.a(phy_sleep.o)
                0x000000003ffe8598                chip_version
 .data          0x000000003ffe859c        0x0 /home/stoffer/esp8266/esp-open-sdk/sdk/lib/libpp.a(if_hwctrl.o)
 .data          0x000000003ffe859c        0x0 /home/stoffer/esp8266/esp-open-sdk/sdk/lib/libpp.a(lmac.o)
 .data          0x000000003ffe859c        0x1 /home/stoffer/esp8266/esp-open-sdk/sdk/lib/libpp.a(pm.o)
 *fill*         0x000000003ffe859d        0x3 
 .data          0x000000003ffe85a0        0x1 /home/stoffer/esp8266/esp-open-sdk/sdk/lib/libpp.a(pm_for_bcn_only_mode.o)
 *fill*         0x000000003ffe85a1        0x3 
 .data          0x000000003ffe85a4       0x1c /home/stoffer/esp8266/esp-open-sdk/sdk/lib/libpp.a(pp.o)
                0x000000003ffe85a4                soft_wdt_interval
                0x000000003ffe85a8                NoiseTimerInterval
                0x000000003ffe85b0                sleep_start_wait_time
                0x000000003ffe85b8                CanDoFreqCal
                0x000000003ffe85bc                tcb
 .data          0x000000003ffe85c0       0x40 /home/stoffer/esp8266/esp-open-sdk/sdk/lib/libpp.a(rate_control.o)
 .data          0x000000003ffe8600      0x24c /home/stoffer/esp8266/esp-open-sdk/sdk/lib/libpp.a(trc.o)
 .data          0x000000003ffe884c        0x8 /home/stoffer/esp8266/esp-open-sdk/sdk/lib/libpp.a(wdev.o)
 .data          0x000000003ffe8854        0x0 /home/stoffer/esp8266/esp-open-sdk/sdk/lib/libpp.a(esf_buf.o)
 .data          0x000000003ffe8854        0x0 /home/stoffer/esp8266/esp-open-sdk/sdk/lib/libnet80211.a(ieee80211.o)
 .data          0x000000003ffe8854        0x0 /home/stoffer/esp8266/esp-open-sdk/sdk/lib/libnet80211.a(ieee80211_crypto.o)
 .data          0x000000003ffe8854        0x0 /home/stoffer/esp8266/esp-open-sdk/sdk/lib/libnet80211.a(ieee80211_ets.o)
 .data          0x000000003ffe8854        0x1 /home/stoffer/esp8266/esp-open-sdk/sdk/lib/libnet80211.a(ieee80211_hostap.o)
                0x000000003ffe8854                TmpSTAAPCloseAP
 .data          0x000000003ffe8855        0x0 /home/stoffer/esp8266/esp-open-sdk/sdk/lib/libnet80211.a(ieee80211_ht.o)
 .data          0x000000003ffe8855        0x0 /home/stoffer/esp8266/esp-open-sdk/sdk/lib/libnet80211.a(ieee80211_input.o)
 .data          0x000000003ffe8855        0x0 /home/stoffer/esp8266/esp-open-sdk/sdk/lib/libnet80211.a(ieee80211_mesh_quick.o)
 .data          0x000000003ffe8855        0x0 /home/stoffer/esp8266/esp-open-sdk/sdk/lib/libnet80211.a(ieee80211_output.o)
 .data          0x000000003ffe8855        0x0 /home/stoffer/esp8266/esp-open-sdk/sdk/lib/libnet80211.a(ieee80211_phy.o)
 .data          0x000000003ffe8855        0x0 /home/stoffer/esp8266/esp-open-sdk/sdk/lib/libnet80211.a(ieee80211_power.o)
 .data          0x000000003ffe8855        0x0 /home/stoffer/esp8266/esp-open-sdk/sdk/lib/libnet80211.a(ieee80211_proto.o)
 .data          0x000000003ffe8855        0x0 /home/stoffer/esp8266/esp-open-sdk/sdk/lib/libnet80211.a(ieee80211_rfid.o)
 .data          0x000000003ffe8855        0x0 /home/stoffer/esp8266/esp-open-sdk/sdk/lib/libnet80211.a(ieee80211_scan.o)
 .data          0x000000003ffe8855        0x0 /home/stoffer/esp8266/esp-open-sdk/sdk/lib/libnet80211.a(ieee80211_sta.o)
 .data          0x000000003ffe8855        0x0 /home/stoffer/esp8266/esp-open-sdk/sdk/lib/libnet80211.a(wl_chm.o)
 *fill*         0x000000003ffe8855        0x3 
 .data          0x000000003ffe8858        0x1 /home/stoffer/esp8266/esp-open-sdk/sdk/lib/libnet80211.a(wl_cnx.o)
 *fill*         0x000000003ffe8859        0x7 
 .data          0x000000003ffe8860       0x1c /home/stoffer/esp8266/esp-open-sdk/sdk/lib/libnet80211.a(ieee80211_action.o)
 .data          0x000000003ffe887c        0x0 /home/stoffer/esp8266/esp-open-sdk/sdk/lib/libnet80211.a(ieee80211_action_vendor.o)
 .data          0x000000003ffe887c        0x0 /home/stoffer/esp8266/esp-open-sdk/sdk/lib/libnet80211.a(ieee80211_crypto_ccmp.o)
 .data          0x000000003ffe887c        0x0 /home/stoffer/esp8266/esp-open-sdk/sdk/lib/libnet80211.a(ieee80211_ie_vendor.o)
 .data          0x000000003ffe887c        0x4 /home/stoffer/esp8266/esp-open-sdk/sdk/lib/liblwip.a(dhcp.o)
 .data          0x000000003ffe8880        0x5 /home/stoffer/esp8266/esp-open-sdk/sdk/lib/liblwip.a(dhcpserver.o)
                0x000000003ffe8880                dhcps_lease_time
 .data          0x000000003ffe8885        0x0 /home/stoffer/esp8266/esp-open-sdk/sdk/lib/liblwip.a(dns.o)
 .data          0x000000003ffe8885        0x0 /home/stoffer/esp8266/esp-open-sdk/sdk/lib/liblwip.a(espconn.o)
 .data          0x000000003ffe8885        0x0 /home/stoffer/esp8266/esp-open-sdk/sdk/lib/liblwip.a(espconn_tcp.o)
 .data          0x000000003ffe8885        0x0 /home/stoffer/esp8266/esp-open-sdk/sdk/lib/liblwip.a(espconn_udp.o)
 .data          0x000000003ffe8885        0x0 /home/stoffer/esp8266/esp-open-sdk/sdk/lib/liblwip.a(etharp.o)
 .data          0x000000003ffe8885        0x0 /home/stoffer/esp8266/esp-open-sdk/sdk/lib/liblwip.a(igmp.o)
 .data          0x000000003ffe8885        0x0 /home/stoffer/esp8266/esp-open-sdk/sdk/lib/liblwip.a(inet_chksum.o)
 .data          0x000000003ffe8885        0x0 /home/stoffer/esp8266/esp-open-sdk/sdk/lib/liblwip.a(init.o)
 .data          0x000000003ffe8885        0x0 /home/stoffer/esp8266/esp-open-sdk/sdk/lib/liblwip.a(ip_addr.o)
 .data          0x000000003ffe8885        0x0 /home/stoffer/esp8266/esp-open-sdk/sdk/lib/liblwip.a(ip.o)
 *fill*         0x000000003ffe8885        0x3 
 .data          0x000000003ffe8888        0x2 /home/stoffer/esp8266/esp-open-sdk/sdk/lib/liblwip.a(memp.o)
                0x000000003ffe8888                memp_sizes_test
 .data          0x000000003ffe888a        0x0 /home/stoffer/esp8266/esp-open-sdk/sdk/lib/liblwip.a(netif.o)
 .data          0x000000003ffe888a        0x0 /home/stoffer/esp8266/esp-open-sdk/sdk/lib/liblwip.a(pbuf.o)
 .data          0x000000003ffe888a        0x0 /home/stoffer/esp8266/esp-open-sdk/sdk/lib/liblwip.a(raw.o)
 *fill*         0x000000003ffe888a        0x2 
 .data          0x000000003ffe888c        0x1 /home/stoffer/esp8266/esp-open-sdk/sdk/lib/liblwip.a(sntp.o)
                0x000000003ffe888c                time_zone
 .data          0x000000003ffe888d        0x0 /home/stoffer/esp8266/esp-open-sdk/sdk/lib/liblwip.a(tcp_in.o)
 *fill*         0x000000003ffe888d        0x3 
 .data          0x000000003ffe8890        0x8 /home/stoffer/esp8266/esp-open-sdk/sdk/lib/liblwip.a(tcp.o)
 .data          0x000000003ffe8898        0x0 /home/stoffer/esp8266/esp-open-sdk/sdk/lib/liblwip.a(tcp_out.o)
 .data          0x000000003ffe8898        0x0 /home/stoffer/esp8266/esp-open-sdk/sdk/lib/liblwip.a(timers.o)
 .data          0x000000003ffe8898        0x0 /home/stoffer/esp8266/esp-open-sdk/sdk/lib/liblwip.a(udp.o)
 .data          0x000000003ffe8898        0x0 /home/stoffer/esp8266/esp-open-sdk/sdk/lib/liblwip.a(icmp.o)
 .data          0x000000003ffe8898        0x0 /home/stoffer/esp8266/esp-open-sdk/sdk/lib/libwpa.a(ap_config.o)
 .data          0x000000003ffe8898        0x0 /home/stoffer/esp8266/esp-open-sdk/sdk/lib/libwpa.a(common.o)
 .data          0x000000003ffe8898        0x0 /home/stoffer/esp8266/esp-open-sdk/sdk/lib/libwpa.a(os_xtensa.o)
 .data          0x000000003ffe8898        0x0 /home/stoffer/esp8266/esp-open-sdk/sdk/lib/libwpa.a(wpa_auth.o)
 .data          0x000000003ffe8898        0x0 /home/stoffer/esp8266/esp-open-sdk/sdk/lib/libwpa.a(wpa_auth_ie.o)
 .data          0x000000003ffe8898        0x0 /home/stoffer/esp8266/esp-open-sdk/sdk/lib/libwpa.a(wpa.o)
 .data          0x000000003ffe8898        0x0 /home/stoffer/esp8266/esp-open-sdk/sdk/lib/libwpa.a(wpa_common.o)
 .data          0x000000003ffe8898        0x0 /home/stoffer/esp8266/esp-open-sdk/sdk/lib/libwpa.a(wpa_debug.o)
 .data          0x000000003ffe8898        0x0 /home/stoffer/esp8266/esp-open-sdk/sdk/lib/libwpa.a(wpa_ie.o)
 .data          0x000000003ffe8898        0x0 /home/stoffer/esp8266/esp-open-sdk/sdk/lib/libwpa.a(wpa_main.o)
 .data          0x000000003ffe8898        0x0 /home/stoffer/esp8266/esp-open-sdk/sdk/lib/libwpa.a(wpas_glue.o)
 .data          0x000000003ffe8898        0x0 /home/stoffer/esp8266/esp-open-sdk/sdk/lib/libwpa.a(aes-wrap.o)
 .data          0x000000003ffe8898        0x0 /home/stoffer/esp8266/esp-open-sdk/sdk/lib/libwpa.a(aes-internal-enc.o)
 .data          0x000000003ffe8898        0x0 /home/stoffer/esp8266/esp-open-sdk/sdk/lib/libwpa.a(aes-internal.o)
 .data          0x000000003ffe8898        0x0 /home/stoffer/esp8266/esp-open-sdk/sdk/lib/libgcc.a(_ashrdi3.o)
 .data          0x000000003ffe8898        0x0 /home/stoffer/esp8266/esp-open-sdk/sdk/lib/libgcc.a(_mulsf3.o)
 .data          0x000000003ffe8898        0x0 /home/stoffer/esp8266/esp-open-sdk/sdk/lib/libgcc.a(_divsf3.o)
 .data          0x000000003ffe8898        0x0 /home/stoffer/esp8266/esp-open-sdk/sdk/lib/libgcc.a(_fixsfsi.o)
 .data          0x000000003ffe8898        0x0 /home/stoffer/esp8266/esp-open-sdk/sdk/lib/libnet80211.a(ieee80211_crypto_tkip.o)
 .data          0x000000003ffe8898        0x0 /home/stoffer/esp8266/esp-open-sdk/sdk/lib/libnet80211.a(ieee80211_crypto_wep.o)
 *(.data.*)
 *(.gnu.linkonce.d.*)
 *(.data1)
 *(.sdata)
 *(.sdata.*)
 *(.gnu.linkonce.s.*)
 *(.sdata2)
 *(.sdata2.*)
 *(.gnu.linkonce.s2.*)
 *(.jcr)
                0x000000003ffe8898                _data_end = ABSOLUTE (.)

.rodata         0x000000003ffe88a0     0x1334
                0x000000003ffe88a0                _rodata_start = ABSOLUTE (.)
 *(.sdk.version)
 .sdk.version   0x000000003ffe88a0       0x10 /home/stoffer/esp8266/esp-open-sdk/sdk/lib/libmain.a(app_main.o)
                0x000000003ffe88a0                SDK_VERSION
 *(.rodata)
 .rodata        0x000000003ffe88b0       0x48 build/app_app.a(httpd.o)
 .rodata        0x000000003ffe88f8      0x120 build/app_app.a(sha256.o)
 .rodata        0x000000003ffe8a18      0x300 build/app_app.a(aes.o)
 .rodata        0x000000003ffe8d18       0xd4 build/app_app.a(kmp.o)
 .rodata        0x000000003ffe8dec       0x48 build/app_app.a(mqtt.o)
 .rodata        0x000000003ffe8e34       0x10 build/app_app.a(config.o)
 .rodata        0x000000003ffe8e44       0x24 build/app_app.a(heatshrink_decoder.o)
 .rodata        0x000000003ffe8e68      0x200 build/app_app.a(utils.o)
                0x000000003ffe8e68                ccit_crc16_table
 .rodata        0x000000003ffe9068        0x4 /home/stoffer/esp8266/esp-open-sdk/xtensa-lx106-elf/lib/gcc/xtensa-lx106-elf/4.8.5/../../../../xtensa-lx106-elf/lib/libc.a(lib_a-impure.o)
                0x000000003ffe9068                _global_impure_ptr
 .rodata        0x000000003ffe906c       0x68 /home/stoffer/esp8266/esp-open-sdk/xtensa-lx106-elf/lib/gcc/xtensa-lx106-elf/4.8.5/../../../../xtensa-lx106-elf/lib/libc.a(lib_a-mktm_r.o)
 .rodata        0x000000003ffe90d4      0x101 /home/stoffer/esp8266/esp-open-sdk/xtensa-lx106-elf/lib/gcc/xtensa-lx106-elf/4.8.5/../../../../xtensa-lx106-elf/lib/libc.a(lib_a-ctype_.o)
                0x000000003ffe90d4                _ctype_
 *fill*         0x000000003ffe91d5        0x3 
 .rodata        0x000000003ffe91d8        0x8 /home/stoffer/esp8266/esp-open-sdk/sdk/lib/libphy.a(phy_chip_v6_ana.o)
 .rodata        0x000000003ffe91e0        0x8 /home/stoffer/esp8266/esp-open-sdk/sdk/lib/libphy.a(phy_chip_v6.o)
 .rodata        0x000000003ffe91e8        0x4 /home/stoffer/esp8266/esp-open-sdk/sdk/lib/libpp.a(pp.o)
 .rodata        0x000000003ffe91ec        0x8 /home/stoffer/esp8266/esp-open-sdk/sdk/lib/libnet80211.a(ieee80211_hostap.o)
 .rodata        0x000000003ffe91f4        0x9 /home/stoffer/esp8266/esp-open-sdk/sdk/lib/libnet80211.a(ieee80211_output.o)
 *fill*         0x000000003ffe91fd        0x3 
 .rodata        0x000000003ffe9200        0x6 /home/stoffer/esp8266/esp-open-sdk/sdk/lib/liblwip.a(etharp.o)
                0x000000003ffe9200                ethbroadcast
 *fill*         0x000000003ffe9206        0xa 
 .rodata        0x000000003ffe9210       0xc0 /home/stoffer/esp8266/esp-open-sdk/sdk/lib/liblwip.a(sntp.o)
 *(.rodata.*)
 .rodata.str1.4
                0x000000003ffe92d0        0xc /home/stoffer/esp8266/esp-open-sdk/sdk/lib/libmain.a(app_main.o)
 .rodata.str1.4
                0x000000003ffe92dc        0x4 /home/stoffer/esp8266/esp-open-sdk/sdk/lib/libmain.a(ets_timer.o)
                                          0xc (size before relaxing)
 .rodata.str1.4
                0x000000003ffe92e0       0x1a /home/stoffer/esp8266/esp-open-sdk/sdk/lib/libmain.a(mem_manager.o)
 *fill*         0x000000003ffe92fa        0x2 
 .rodata.str1.4
                0x000000003ffe92fc      0x1f7 build/app_app.a(user_main.o)
                                        0x20b (size before relaxing)
 *fill*         0x000000003ffe94f3        0x1 
 .rodata.str1.4
                0x000000003ffe94f4       0x11 build/app_app.a(captdns.o)
 *fill*         0x000000003ffe9505        0x3 
 .rodata.str1.4
                0x000000003ffe9508       0xa2 build/app_app.a(httpd_user_init.o)
                                         0xa6 (size before relaxing)
 *fill*         0x000000003ffe95aa        0x2 
 .rodata.str1.4
                0x000000003ffe95ac      0x176 build/app_app.a(httpd.o)
                                        0x186 (size before relaxing)
 *fill*         0x000000003ffe9722        0x2 
 .rodata.str1.4
                0x000000003ffe9724       0x11 build/app_app.a(sha256.o)
 *fill*         0x000000003ffe9735        0x3 
 .rodata.str1.4
                0x000000003ffe9738       0x7a build/app_app.a(kmp_request.o)
                                         0x8a (size before relaxing)
 *fill*         0x000000003ffe97b2        0x2 
 .rodata.str1.4
                0x000000003ffe97b4       0x8c build/app_app.a(kmp.o)
                                         0x9c (size before relaxing)
 .rodata.str1.4
                0x000000003ffe9840       0x40 build/app_app.a(cron.o)
                                         0x68 (size before relaxing)
 .rodata.str1.4
                0x000000003ffe9880        0x1 build/app_app.a(mqtt.o)
 .rodata.str1.4
                0x000000003ffe9880        0x7 build/app_app.a(mqtt_msg.o)
 .rodata.str1.4
                0x000000003ffe9887        0x1 build/app_app.a(queue.o)
 *fill*         0x000000003ffe9887        0x1 
 .rodata.str1.4
                0x000000003ffe9888       0x45 build/app_app.a(config.o)
                                         0x4d (size before relaxing)
 *fill*         0x000000003ffe98cd        0x3 
 .rodata.str1.4
                0x000000003ffe98d0       0x35 build/app_app.a(wifi.o)
                                         0x39 (size before relaxing)
 *fill*         0x000000003ffe9905        0x3 
 .rodata.str1.4
                0x000000003ffe9908      0x1d5 build/app_app.a(cgiwifi.o)
                                        0x1e1 (size before relaxing)
 *fill*         0x000000003ffe9add        0x3 
 .rodata.str1.4
                0x000000003ffe9ae0       0x20 build/app_app.a(unix_time.o)
 .rodata.str1.4
                0x000000003ffe9b00       0x34 build/app_app.a(cgi.o)
                                         0x54 (size before relaxing)
 .rodata.str1.4
                0x000000003ffe9b34       0x32 build/app_app.a(httpdespfs.o)
                                         0x46 (size before relaxing)
 .rodata.str1.4
                0x000000003ffe9b66        0x1 build/app_app.a(espfs.o)
 .rodata.str1.4
                0x000000003ffe9b66        0x1 build/app_app.a(heatshrink_decoder.o)
 *fill*         0x000000003ffe9b66        0x2 
 .rodata.str1.4
                0x000000003ffe9b68        0x8 build/app_app.a(utils.o)
                                          0xb (size before relaxing)
 .rodata.str1.1
                0x000000003ffe9b70        0x2 /home/stoffer/esp8266/esp-open-sdk/xtensa-lx106-elf/lib/gcc/xtensa-lx106-elf/4.8.5/../../../../xtensa-lx106-elf/lib/libc.a(lib_a-impure.o)
 .rodata.str1.1
                0x000000003ffe9b72        0x4 /home/stoffer/esp8266/esp-open-sdk/xtensa-lx106-elf/lib/gcc/xtensa-lx106-elf/4.8.5/../../../../xtensa-lx106-elf/lib/libc.a(lib_a-tzvars.o)
 *fill*         0x000000003ffe9b76        0x2 
 .rodata.str1.4
                0x000000003ffe9b78        0x4 /home/stoffer/esp8266/esp-open-sdk/sdk/lib/libpp.a(lmac.o)
                                          0xc (size before relaxing)
 .rodata.str1.4
                0x000000003ffe9b7c        0x3 /home/stoffer/esp8266/esp-open-sdk/sdk/lib/libpp.a(pm.o)
                                          0xb (size before relaxing)
 *fill*         0x000000003ffe9b7f        0x1 
 .rodata.str1.4
                0x000000003ffe9b80        0x4 /home/stoffer/esp8266/esp-open-sdk/sdk/lib/libpp.a(pm_for_bcn_only_mode.o)
                                          0xc (size before relaxing)
 .rodata.str1.4
                0x000000003ffe9b84        0x8 /home/stoffer/esp8266/esp-open-sdk/sdk/lib/libpp.a(pp.o)
                                         0x10 (size before relaxing)
 .rodata.str1.4
                0x000000003ffe9b8c        0x4 /home/stoffer/esp8266/esp-open-sdk/sdk/lib/libpp.a(wdev.o)
                                          0xc (size before relaxing)
 .rodata.str1.4
                0x000000003ffe9b90        0x3 /home/stoffer/esp8266/esp-open-sdk/sdk/lib/libnet80211.a(ieee80211_hostap.o)
                                          0x8 (size before relaxing)
 *fill*         0x000000003ffe9b93        0x1 
 .rodata.str1.4
                0x000000003ffe9b94        0x7 /home/stoffer/esp8266/esp-open-sdk/sdk/lib/libnet80211.a(ieee80211_mesh_quick.o)
 .rodata.str1.4
                0x000000003ffe9b9b        0x4 /home/stoffer/esp8266/esp-open-sdk/sdk/lib/libnet80211.a(ieee80211_sta.o)
 .rodata.str1.4
                0x000000003ffe9b9b        0x4 /home/stoffer/esp8266/esp-open-sdk/sdk/lib/libnet80211.a(ieee80211_action_vendor.o)
 .rodata.str1.4
                0x000000003ffe9b9b        0x4 /home/stoffer/esp8266/esp-open-sdk/sdk/lib/libnet80211.a(ieee80211_ie_vendor.o)
 .rodata.str1.4
                0x000000003ffe9b9b        0x1 /home/stoffer/esp8266/esp-open-sdk/sdk/lib/liblwip.a(espconn_tcp.o)
 *fill*         0x000000003ffe9b9b        0x1 
 .rodata.str1.4
                0x000000003ffe9b9c       0x20 /home/stoffer/esp8266/esp-open-sdk/sdk/lib/liblwip.a(sntp.o)
 .rodata.str1.4
                0x000000003ffe9bbc       0x10 /home/stoffer/esp8266/esp-open-sdk/sdk/lib/libwpa.a(wpa_debug.o)
                                          0xd (size before relaxing)
 *(.gnu.linkonce.r.*)
 *(.rodata1)
                0x000000003ffe9bcc                __XT_EXCEPTION_TABLE__ = ABSOLUTE (.)
 *(.xt_except_table)
 *(.gcc_except_table)
 *(.gnu.linkonce.e.*)
 *(.gnu.version_r)
 *(.eh_frame)
 *crtbegin.o(.ctors)
 *(EXCLUDE_FILE(*crtend.o) .ctors)
 *(SORT(.ctors.*))
 *(.ctors)
 *crtbegin.o(.dtors)
 *(EXCLUDE_FILE(*crtend.o) .dtors)
 *(SORT(.dtors.*))
 *(.dtors)
                0x000000003ffe9bcc                __XT_EXCEPTION_DESCS__ = ABSOLUTE (.)
 *(.xt_except_desc)
 *(.gnu.linkonce.h.*)
                0x000000003ffe9bcc                __XT_EXCEPTION_DESCS_END__ = ABSOLUTE (.)
 *(.xt_except_desc_end)
 *(.dynamic)
 *(.gnu.version_d)
                0x000000003ffe9bcc                . = ALIGN (0x4)
                0x000000003ffe9bcc                _bss_table_start = ABSOLUTE (.)
                0x000000003ffe9bcc        0x4 LONG 0x3ffe9bd8 _bss_start
                0x000000003ffe9bd0        0x4 LONG 0x3fff36b8 _bss_end
                0x000000003ffe9bd4                _bss_table_end = ABSOLUTE (.)
                0x000000003ffe9bd4                _rodata_end = ABSOLUTE (.)

.bss            0x000000003ffe9bd8     0x9ae0
                0x000000003ffe9bd8                . = ALIGN (0x8)
                0x000000003ffe9bd8                _bss_start = ABSOLUTE (.)
 *(.dynsbss)
 *(.sbss)
 *(.sbss.*)
 *(.gnu.linkonce.sb.*)
 *(.scommon)
 *(.sbss2)
 *(.sbss2.*)
 *(.gnu.linkonce.sb2.*)
 *(.dynbss)
 *(.bss)
 .bss           0x000000003ffe9bd8        0x0 /home/stoffer/esp8266/esp-open-sdk/sdk/lib/libmain.a(debug-vector.o)
 .bss           0x000000003ffe9bd8        0x0 /home/stoffer/esp8266/esp-open-sdk/sdk/lib/libmain.a(double-vector.o)
 .bss           0x000000003ffe9bd8        0x0 /home/stoffer/esp8266/esp-open-sdk/sdk/lib/libmain.a(kernel-vector.o)
 *fill*         0x000000003ffe9bd8        0x8 
 .bss           0x000000003ffe9be0      0x1c0 /home/stoffer/esp8266/esp-open-sdk/sdk/lib/libmain.a(nmi-vector.o)
 .bss           0x000000003ffe9da0        0x0 /home/stoffer/esp8266/esp-open-sdk/sdk/lib/libmain.a(user-vector.o)
 .bss           0x000000003ffe9da0        0x0 /home/stoffer/esp8266/esp-open-sdk/sdk/lib/libmain.a(vector.o)
 .bss           0x000000003ffe9da0       0x41 /home/stoffer/esp8266/esp-open-sdk/sdk/lib/libmain.a(app_main.o)
                0x000000003ffe9da4                info
                0x000000003ffe9dc8                lwip_timer_interval
                0x000000003ffe9dcc                check_timeouts_timer
                0x000000003ffe9de0                user_init_flag
 *fill*         0x000000003ffe9de1        0xf 
 .bss           0x000000003ffe9df0       0x30 /home/stoffer/esp8266/esp-open-sdk/sdk/lib/libmain.a(ets_timer.o)
                0x000000003ffe9df0                dbg_timer_flag
                0x000000003ffe9df4                timer_list
                0x000000003ffe9df8                debug_timer
                0x000000003ffe9dfc                debug_timerfn
 .bss           0x000000003ffe9e20       0x3c /home/stoffer/esp8266/esp-open-sdk/sdk/lib/libmain.a(mem_manager.o)
 .bss           0x000000003ffe9e5c        0x4 /home/stoffer/esp8266/esp-open-sdk/sdk/lib/libmain.a(spi_flash.o)
                0x000000003ffe9e5c                flash_read
 .bss           0x000000003ffe9e60      0x242 /home/stoffer/esp8266/esp-open-sdk/sdk/lib/libmain.a(user_interface.o)
                0x000000003ffe9f57                deep_sleep_flag
                0x000000003ffe9f58                cpu_overclock
                0x000000003ffe9f5c                event_cb
                0x000000003ffe9f60                status_led_output_level
                0x000000003ffe9f64                done_cb
                0x000000003ffe9f68                rst_if
                0x000000003ffe9f84                default_interface
                0x000000003ffe9f85                OpmodChgIsOnGoing
                0x000000003ffe9f88                promiscuous_cb
                0x000000003ffe9fa0                event_TaskQueue
 .bss           0x000000003ffea0a2        0x0 /home/stoffer/esp8266/esp-open-sdk/sdk/lib/libmain.a(eagle_lib.o)
 *fill*         0x000000003ffea0a2        0x2 
 .bss           0x000000003ffea0a4        0xc /home/stoffer/esp8266/esp-open-sdk/sdk/lib/libmain.a(eagle_lwip_if.o)
                0x000000003ffea0a4                hostname
 .bss           0x000000003ffea0b0       0x54 build/app_app.a(user_main.o)
                0x000000003ffea0b0                counter
 .bss           0x000000003ffea104       0x2c build/app_app.a(captdns.o)
 .bss           0x000000003ffea130       0x14 build/app_app.a(led.o)
 .bss           0x000000003ffea144        0x0 build/app_app.a(httpd_user_init.o)
 .bss           0x000000003ffea144     0x21f4 build/app_app.a(httpd.o)
 .bss           0x000000003ffec338        0x0 build/app_app.a(crypto.o)
 .bss           0x000000003ffec338        0x0 build/app_app.a(sha256.o)
 .bss           0x000000003ffec338       0xbc build/app_app.a(aes.o)
 .bss           0x000000003ffec3f4       0x44 build/app_app.a(kmp_request.o)
                0x000000003ffec3f4                kmp_serial
 .bss           0x000000003ffec438        0x0 build/app_app.a(kmp.o)
 .bss           0x000000003ffec438       0x14 build/app_app.a(cron.o)
 .bss           0x000000003ffec44c       0x3c build/app_app.a(ac_out.o)
 .bss           0x000000003ffec488        0x0 build/app_app.a(uart.o)
 .bss           0x000000003ffec488        0x8 build/app_app.a(mqtt.o)
                0x000000003ffec488                default_private_key_len
                0x000000003ffec48c                default_certificate_len
 .bss           0x000000003ffec490        0x0 build/app_app.a(mqtt_msg.o)
 .bss           0x000000003ffec490        0x0 build/app_app.a(queue.o)
 .bss           0x000000003ffec490        0x0 build/app_app.a(mqtt_utils.o)
 .bss           0x000000003ffec490        0x0 build/app_app.a(proto.o)
 .bss           0x000000003ffec490       0x14 build/app_app.a(config.o)
 .bss           0x000000003ffec4a4       0x20 build/app_app.a(wifi.o)
                0x000000003ffec4a4                wifi_reconnect
                0x000000003ffec4a5                wifi_scan_runnning
                0x000000003ffec4a6                wifi_fallback_last_present
                0x000000003ffec4a7                wifi_fallback_present
                0x000000003ffec4a8                wifi_cb
 .bss           0x000000003ffec4c4       0x14 build/app_app.a(cgiwifi.o)
 .bss           0x000000003ffec4d8        0x8 build/app_app.a(tinyprintf.o)
 .bss           0x000000003ffec4e0       0x30 build/app_app.a(unix_time.o)
                0x000000003ffec4e0                ntp_offline_second_counter
                0x000000003ffec4e4                init_time
 .bss           0x000000003ffec510        0x5 build/app_app.a(cgi.o)
 .bss           0x000000003ffec515        0x0 build/app_app.a(httpdespfs.o)
 .bss           0x000000003ffec515        0x0 build/app_app.a(espfs.o)
 .bss           0x000000003ffec515        0x0 build/app_app.a(heatshrink_decoder.o)
 .bss           0x000000003ffec515        0x0 build/app_app.a(utils.o)
 .bss           0x000000003ffec515        0x0 build/app_app.a(hmac-sha256.o)
 .bss           0x000000003ffec515        0x0 build/app_app.a(ringbuf.o)
 .bss           0x000000003ffec515        0x0 /home/stoffer/esp8266/esp-open-sdk/xtensa-lx106-elf/lib/gcc/xtensa-lx106-elf/4.8.5/../../../../xtensa-lx106-elf/lib/libc.a(lib_a-atoi.o)
 .bss           0x000000003ffec515        0x0 /home/stoffer/esp8266/esp-open-sdk/xtensa-lx106-elf/lib/gcc/xtensa-lx106-elf/4.8.5/../../../../xtensa-lx106-elf/lib/libc.a(lib_a-gmtime.o)
 .bss           0x000000003ffec515        0x0 /home/stoffer/esp8266/esp-open-sdk/xtensa-lx106-elf/lib/gcc/xtensa-lx106-elf/4.8.5/../../../../xtensa-lx106-elf/lib/libc.a(lib_a-gmtime_r.o)
 .bss           0x000000003ffec515        0x0 /home/stoffer/esp8266/esp-open-sdk/xtensa-lx106-elf/lib/gcc/xtensa-lx106-elf/4.8.5/../../../../xtensa-lx106-elf/lib/libc.a(lib_a-impure.o)
 .bss           0x000000003ffec515        0x0 /home/stoffer/esp8266/esp-open-sdk/xtensa-lx106-elf/lib/gcc/xtensa-lx106-elf/4.8.5/../../../../xtensa-lx106-elf/lib/libc.a(lib_a-memcpy.o)
 .bss           0x000000003ffec515        0x0 /home/stoffer/esp8266/esp-open-sdk/xtensa-lx106-elf/lib/gcc/xtensa-lx106-elf/4.8.5/../../../../xtensa-lx106-elf/lib/libc.a(lib_a-memset.o)
 .bss           0x000000003ffec515        0x0 /home/stoffer/esp8266/esp-open-sdk/xtensa-lx106-elf/lib/gcc/xtensa-lx106-elf/4.8.5/../../../../xtensa-lx106-elf/lib/libc.a(lib_a-mktm_r.o)
 .bss           0x000000003ffec515        0x0 /home/stoffer/esp8266/esp-open-sdk/xtensa-lx106-elf/lib/gcc/xtensa-lx106-elf/4.8.5/../../../../xtensa-lx106-elf/lib/libc.a(lib_a-strcat.o)
 .bss           0x000000003ffec515        0x0 /home/stoffer/esp8266/esp-open-sdk/xtensa-lx106-elf/lib/gcc/xtensa-lx106-elf/4.8.5/../../../../xtensa-lx106-elf/lib/libc.a(lib_a-strlen.o)
 .bss           0x000000003ffec515        0x0 /home/stoffer/esp8266/esp-open-sdk/xtensa-lx106-elf/lib/gcc/xtensa-lx106-elf/4.8.5/../../../../xtensa-lx106-elf/lib/libc.a(lib_a-strtok.o)
 .bss           0x000000003ffec515        0x0 /home/stoffer/esp8266/esp-open-sdk/xtensa-lx106-elf/lib/gcc/xtensa-lx106-elf/4.8.5/../../../../xtensa-lx106-elf/lib/libc.a(lib_a-strtok_r.o)
 .bss           0x000000003ffec515        0x0 /home/stoffer/esp8266/esp-open-sdk/xtensa-lx106-elf/lib/gcc/xtensa-lx106-elf/4.8.5/../../../../xtensa-lx106-elf/lib/libc.a(lib_a-strtol.o)
 .bss           0x000000003ffec515        0x0 /home/stoffer/esp8266/esp-open-sdk/xtensa-lx106-elf/lib/gcc/xtensa-lx106-elf/4.8.5/../../../../xtensa-lx106-elf/lib/libc.a(lib_a-tzlock.o)
 *fill*         0x000000003ffec515        0x3 
 .bss           0x000000003ffec518        0x8 /home/stoffer/esp8266/esp-open-sdk/xtensa-lx106-elf/lib/gcc/xtensa-lx106-elf/4.8.5/../../../../xtensa-lx106-elf/lib/libc.a(lib_a-tzvars.o)
                0x000000003ffec518                _timezone
                0x000000003ffec51c                _daylight
 .bss           0x000000003ffec520        0x0 /home/stoffer/esp8266/esp-open-sdk/xtensa-lx106-elf/lib/gcc/xtensa-lx106-elf/4.8.5/../../../../xtensa-lx106-elf/lib/libc.a(lib_a-ctype_.o)
 .bss           0x000000003ffec520        0x0 /home/stoffer/esp8266/esp-open-sdk/xtensa-lx106-elf/lib/gcc/xtensa-lx106-elf/4.8.5/../../../../xtensa-lx106-elf/lib/libc.a(lib_a-gettzinfo.o)
 .bss           0x000000003ffec520        0x0 /home/stoffer/esp8266/esp-open-sdk/sdk/lib/libgcc.a(_modsi3.o)
 .bss           0x000000003ffec520        0x0 /home/stoffer/esp8266/esp-open-sdk/xtensa-lx106-elf/xtensa-lx106-elf/sysroot/usr/lib/libhal.a(int_asm--set_intclear.o)
 .bss           0x000000003ffec520        0x4 /home/stoffer/esp8266/esp-open-sdk/sdk/lib/libphy.a(phy.o)
 .bss           0x000000003ffec524        0x2 /home/stoffer/esp8266/esp-open-sdk/sdk/lib/libphy.a(phy_chip_v6_ana.o)
                0x000000003ffec524                tout_dis_txpwr_track
                0x000000003ffec525                sleep_mode_flag
 *fill*         0x000000003ffec526        0x2 
 .bss           0x000000003ffec528      0x15b /home/stoffer/esp8266/esp-open-sdk/sdk/lib/libphy.a(phy_chip_v6.o)
                0x000000003ffec528                g_phyFuns
                0x000000003ffec52c                rxiq_compute_num
                0x000000003ffec530                rx_table_renew_en
                0x000000003ffec534                check_result
                0x000000003ffec538                chip6_sleep_params
                0x000000003ffec5cc                chip6_phy_init_ctrl
                0x000000003ffec640                phy_freq_offset
                0x000000003ffec642                do_pwctrl_flag
                0x000000003ffec643                txbk_dpdby_flag
                0x000000003ffec645                sw_scan_mode
                0x000000003ffec646                rxmax_ext_level
                0x000000003ffec648                phy_rx_gain_dc_table
                0x000000003ffec65c                periodic_cal_dc_num
                0x000000003ffec660                periodic_cal_flag
                0x000000003ffec661                bbpll_cal_flag
                0x000000003ffec662                phy_in_most_power
                0x000000003ffec663                init_rf_no_cal
                0x000000003ffec664                test_print_time
                0x000000003ffec668                phy_rx_gain_dc_flag
                0x000000003ffec669                phy_in_vdd33_offset
                0x000000003ffec66a                phy_set_most_tpw_disbg
                0x000000003ffec66b                phy_set_most_tpw_index
                0x000000003ffec66c                adc_rand_noise
                0x000000003ffec670                dpd_bypass_original
                0x000000003ffec672                phy_txpwr_diff_flash
                0x000000003ffec678                noise_array
 *fill*         0x000000003ffec683        0x1 
 .bss           0x000000003ffec684        0x9 /home/stoffer/esp8266/esp-open-sdk/sdk/lib/libphy.a(phy_chip_v6_cal.o)
                0x000000003ffec684                phy_tx_power_out
                0x000000003ffec686                phy_tx_pwr_error
                0x000000003ffec688                tx_pwctrl_track_num
                0x000000003ffec689                rxiq_cover_fail_num
                0x000000003ffec68a                phy_meas_freq_offset
                0x000000003ffec68c                tx_pwctrl_pk_num
 .bss           0x000000003ffec68d        0x0 /home/stoffer/esp8266/esp-open-sdk/sdk/lib/libphy.a(phy_chip_v6_unused.o)
 *fill*         0x000000003ffec68d        0x3 
 .bss           0x000000003ffec690        0x7 /home/stoffer/esp8266/esp-open-sdk/sdk/lib/libphy.a(phy_sleep.o)
                0x000000003ffec690                periodic_cal_sat
                0x000000003ffec692                lslp_mem_opt_8266
                0x000000003ffec694                software_slp_reject
                0x000000003ffec695                SDIO_slp_reject
                0x000000003ffec696                hardware_reject
 *fill*         0x000000003ffec697        0x9 
 .bss           0x000000003ffec6a0       0x40 /home/stoffer/esp8266/esp-open-sdk/sdk/lib/libpp.a(if_hwctrl.o)
                0x000000003ffec6a0                interface_mask
                0x000000003ffec6c0                if_ctrl
 .bss           0x000000003ffec6e0      0x150 /home/stoffer/esp8266/esp-open-sdk/sdk/lib/libpp.a(lmac.o)
                0x000000003ffec6e4                lmacConfMib
                0x000000003ffec708                our_tx_eb
 .bss           0x000000003ffec830      0x11a /home/stoffer/esp8266/esp-open-sdk/sdk/lib/libpp.a(pm.o)
                0x000000003ffec830                pmc
                0x000000003ffec910                flash_tmp
 *fill*         0x000000003ffec94a        0x2 
 .bss           0x000000003ffec94c       0x34 /home/stoffer/esp8266/esp-open-sdk/sdk/lib/libpp.a(pm_for_bcn_only_mode.o)
 .bss           0x000000003ffec980      0x322 /home/stoffer/esp8266/esp-open-sdk/sdk/lib/libpp.a(pp.o)
                0x000000003ffec998                pend_flag_noise_check
                0x000000003ffec9a0                pend_flag_periodic_cal
                0x000000003ffec9b8                idle_timer_reopen_flag
                0x000000003ffec9ba                dbg_stop_sw_wdt
                0x000000003ffec9bb                dbg_stop_hw_wdt
                0x000000003ffec9bd                total_buffed_eb_num
                0x000000003ffec9c0                HighestFreqOffsetInOneChk
                0x000000003ffec9c2                LowestFreqOffsetInOneChk
                0x000000003ffec9c4                DefFreqCalTimer
                0x000000003ffec9d8                PktNumInOneChk
                0x000000003ffecb60                buffed_eb_arr
 *fill*         0x000000003ffecca2        0xe 
 .bss           0x000000003ffeccb0      0x100 /home/stoffer/esp8266/esp-open-sdk/sdk/lib/libpp.a(rate_control.o)
 .bss           0x000000003ffecdb0      0x46c /home/stoffer/esp8266/esp-open-sdk/sdk/lib/libpp.a(trc.o)
 *fill*         0x000000003ffed21c        0x4 
 .bss           0x000000003ffed220     0x2f88 /home/stoffer/esp8266/esp-open-sdk/sdk/lib/libpp.a(wdev.o)
                0x000000003ffed220                wDevCtrl
                0x000000003ffed3c8                WdevTimOffSet
 *fill*         0x000000003fff01a8        0x8 
 .bss           0x000000003fff01b0      0xaa4 /home/stoffer/esp8266/esp-open-sdk/sdk/lib/libpp.a(esf_buf.o)
 .bss           0x000000003fff0c54      0x67c /home/stoffer/esp8266/esp-open-sdk/sdk/lib/libnet80211.a(ieee80211.o)
                0x000000003fff0c54                g_ic
 .bss           0x000000003fff12d0        0x0 /home/stoffer/esp8266/esp-open-sdk/sdk/lib/libnet80211.a(ieee80211_crypto.o)
 .bss           0x000000003fff12d0        0x0 /home/stoffer/esp8266/esp-open-sdk/sdk/lib/libnet80211.a(ieee80211_ets.o)
 .bss           0x000000003fff12d0       0x56 /home/stoffer/esp8266/esp-open-sdk/sdk/lib/libnet80211.a(ieee80211_hostap.o)
                0x000000003fff12d0                BcnEb_update
                0x000000003fff12dd                BcnWithMcastSendStart
                0x000000003fff12de                BcnWithMcastSendCnt
                0x000000003fff12f8                PendFreeBcnEb
                0x000000003fff12fc                ApFreqCalTimer
                0x000000003fff1310                APRecvBcnStartTick
 .bss           0x000000003fff1326        0x0 /home/stoffer/esp8266/esp-open-sdk/sdk/lib/libnet80211.a(ieee80211_ht.o)
 .bss           0x000000003fff1326        0x0 /home/stoffer/esp8266/esp-open-sdk/sdk/lib/libnet80211.a(ieee80211_input.o)
 .bss           0x000000003fff1326        0x0 /home/stoffer/esp8266/esp-open-sdk/sdk/lib/libnet80211.a(ieee80211_mesh_quick.o)
 .bss           0x000000003fff1326        0x0 /home/stoffer/esp8266/esp-open-sdk/sdk/lib/libnet80211.a(ieee80211_output.o)
 .bss           0x000000003fff1326        0x0 /home/stoffer/esp8266/esp-open-sdk/sdk/lib/libnet80211.a(ieee80211_phy.o)
 .bss           0x000000003fff1326        0x0 /home/stoffer/esp8266/esp-open-sdk/sdk/lib/libnet80211.a(ieee80211_power.o)
 .bss           0x000000003fff1326        0x0 /home/stoffer/esp8266/esp-open-sdk/sdk/lib/libnet80211.a(ieee80211_proto.o)
 .bss           0x000000003fff1326        0x0 /home/stoffer/esp8266/esp-open-sdk/sdk/lib/libnet80211.a(ieee80211_rfid.o)
 *fill*         0x000000003fff1326        0x2 
 .bss           0x000000003fff1328       0xc8 /home/stoffer/esp8266/esp-open-sdk/sdk/lib/libnet80211.a(ieee80211_scan.o)
                0x000000003fff1328                gScanStruct
                0x000000003fff13d4                connect_scan_flag
                0x000000003fff13d5                FreqCalCntForScan
                0x000000003fff13d6                TestStaFreqCalValInput
                0x000000003fff13d8                auth_type
                0x000000003fff13da                scannum
 .bss           0x000000003fff13f0       0x10 /home/stoffer/esp8266/esp-open-sdk/sdk/lib/libnet80211.a(ieee80211_sta.o)
 .bss           0x000000003fff1400       0x3c /home/stoffer/esp8266/esp-open-sdk/sdk/lib/libnet80211.a(wl_chm.o)
 *fill*         0x000000003fff143c        0x4 
 .bss           0x000000003fff1440      0x37e /home/stoffer/esp8266/esp-open-sdk/sdk/lib/libnet80211.a(wl_cnx.o)
                0x000000003fff17a0                sta_con_timer
                0x000000003fff17b4                backup_ni_connect_status
                0x000000003fff17b8                g_cnx_probe_rc_list_cb
                0x000000003fff17bc                reconnect_flag
                0x000000003fff17bd                no_ap_found_index
 .bss           0x000000003fff17be        0x0 /home/stoffer/esp8266/esp-open-sdk/sdk/lib/libnet80211.a(ieee80211_action.o)
 *fill*         0x000000003fff17be        0x2 
 .bss           0x000000003fff17c0       0x10 /home/stoffer/esp8266/esp-open-sdk/sdk/lib/libnet80211.a(ieee80211_action_vendor.o)
 .bss           0x000000003fff17d0        0x0 /home/stoffer/esp8266/esp-open-sdk/sdk/lib/libnet80211.a(ieee80211_crypto_ccmp.o)
 .bss           0x000000003fff17d0        0x0 /home/stoffer/esp8266/esp-open-sdk/sdk/lib/libnet80211.a(ieee80211_ie_vendor.o)
 .bss           0x000000003fff17d0       0x38 /home/stoffer/esp8266/esp-open-sdk/sdk/lib/liblwip.a(dhcp.o)
                0x000000003fff17d0                dhcp_rx_options_given
                0x000000003fff17e0                dhcp_rx_options_val
 .bss           0x000000003fff1808       0x24 /home/stoffer/esp8266/esp-open-sdk/sdk/lib/liblwip.a(dhcpserver.o)
 *fill*         0x000000003fff182c        0x4 
 .bss           0x000000003fff1830      0x480 /home/stoffer/esp8266/esp-open-sdk/sdk/lib/liblwip.a(dns.o)
 .bss           0x000000003fff1cb0      0x104 /home/stoffer/esp8266/esp-open-sdk/sdk/lib/liblwip.a(espconn.o)
                0x000000003fff1cb0                plink_active
                0x000000003fff1cb4                pserver_list
                0x000000003fff1cc0                premot
                0x000000003fff1d80                pktinfo
 *fill*         0x000000003fff1db4        0xc 
 .bss           0x000000003fff1dc0       0x78 /home/stoffer/esp8266/esp-open-sdk/sdk/lib/liblwip.a(espconn_tcp.o)
                0x000000003fff1dc0                espconn_TaskQueue
 .bss           0x000000003fff1e38        0x0 /home/stoffer/esp8266/esp-open-sdk/sdk/lib/liblwip.a(espconn_udp.o)
 *fill*         0x000000003fff1e38        0x8 
 .bss           0x000000003fff1e40      0x100 /home/stoffer/esp8266/esp-open-sdk/sdk/lib/liblwip.a(etharp.o)
                0x000000003fff1e44                ethzero
 .bss           0x000000003fff1f40        0xc /home/stoffer/esp8266/esp-open-sdk/sdk/lib/liblwip.a(igmp.o)
 .bss           0x000000003fff1f4c        0x0 /home/stoffer/esp8266/esp-open-sdk/sdk/lib/liblwip.a(inet_chksum.o)
 .bss           0x000000003fff1f4c        0x0 /home/stoffer/esp8266/esp-open-sdk/sdk/lib/liblwip.a(init.o)
 *fill*         0x000000003fff1f4c        0x4 
 .bss           0x000000003fff1f50       0x10 /home/stoffer/esp8266/esp-open-sdk/sdk/lib/liblwip.a(ip_addr.o)
 .bss           0x000000003fff1f60       0x12 /home/stoffer/esp8266/esp-open-sdk/sdk/lib/liblwip.a(ip.o)
                0x000000003fff1f60                current_iphdr_dest
                0x000000003fff1f64                current_iphdr_src
                0x000000003fff1f68                current_netif
                0x000000003fff1f6c                current_header
 .bss           0x000000003fff1f72        0x0 /home/stoffer/esp8266/esp-open-sdk/sdk/lib/liblwip.a(memp.o)
 *fill*         0x000000003fff1f72        0x2 
 .bss           0x000000003fff1f74        0x9 /home/stoffer/esp8266/esp-open-sdk/sdk/lib/liblwip.a(netif.o)
                0x000000003fff1f74                netif_list
                0x000000003fff1f78                netif_default
 .bss           0x000000003fff1f7d        0x0 /home/stoffer/esp8266/esp-open-sdk/sdk/lib/liblwip.a(pbuf.o)
 *fill*         0x000000003fff1f7d        0x3 
 .bss           0x000000003fff1f80        0x4 /home/stoffer/esp8266/esp-open-sdk/sdk/lib/liblwip.a(raw.o)
 *fill*         0x000000003fff1f84        0xc 
 .bss           0x000000003fff1f90      0x118 /home/stoffer/esp8266/esp-open-sdk/sdk/lib/liblwip.a(sntp.o)
                0x000000003fff1f90                res_buf
                0x000000003fff1fb4                __tzyear
                0x000000003fff1fb8                __tznorth
                0x000000003fff1fbc                realtime_stamp
                0x000000003fff1fe0                sntp__tzrule
                0x000000003fff2020                reult
 .bss           0x000000003fff20a8       0x34 /home/stoffer/esp8266/esp-open-sdk/sdk/lib/liblwip.a(tcp_in.o)
                0x000000003fff20d8                tcp_input_pcb
 .bss           0x000000003fff20dc       0x1c /home/stoffer/esp8266/esp-open-sdk/sdk/lib/liblwip.a(tcp.o)
                0x000000003fff20e0                tcp_active_pcbs
                0x000000003fff20e4                tcp_tmp_pcb
                0x000000003fff20e8                tcp_tw_pcbs
                0x000000003fff20ec                tcp_bound_pcbs
                0x000000003fff20f0                tcp_listen_pcbs
                0x000000003fff20f4                tcp_ticks
 .bss           0x000000003fff20f8        0x0 /home/stoffer/esp8266/esp-open-sdk/sdk/lib/liblwip.a(tcp_out.o)
 .bss           0x000000003fff20f8        0xc /home/stoffer/esp8266/esp-open-sdk/sdk/lib/liblwip.a(timers.o)
 .bss           0x000000003fff2104        0x4 /home/stoffer/esp8266/esp-open-sdk/sdk/lib/liblwip.a(udp.o)
                0x000000003fff2104                udp_pcbs
 .bss           0x000000003fff2108        0x0 /home/stoffer/esp8266/esp-open-sdk/sdk/lib/liblwip.a(icmp.o)
 .bss           0x000000003fff2108        0x0 /home/stoffer/esp8266/esp-open-sdk/sdk/lib/libwpa.a(ap_config.o)
 .bss           0x000000003fff2108        0x0 /home/stoffer/esp8266/esp-open-sdk/sdk/lib/libwpa.a(common.o)
 .bss           0x000000003fff2108        0x0 /home/stoffer/esp8266/esp-open-sdk/sdk/lib/libwpa.a(os_xtensa.o)
 .bss           0x000000003fff2108        0x0 /home/stoffer/esp8266/esp-open-sdk/sdk/lib/libwpa.a(wpa_auth.o)
 .bss           0x000000003fff2108        0x0 /home/stoffer/esp8266/esp-open-sdk/sdk/lib/libwpa.a(wpa_auth_ie.o)
 *fill*         0x000000003fff2108        0x8 
 .bss           0x000000003fff2110      0x26a /home/stoffer/esp8266/esp-open-sdk/sdk/lib/libwpa.a(wpa.o)
 .bss           0x000000003fff237a        0x0 /home/stoffer/esp8266/esp-open-sdk/sdk/lib/libwpa.a(wpa_common.o)
 .bss           0x000000003fff237a        0x0 /home/stoffer/esp8266/esp-open-sdk/sdk/lib/libwpa.a(wpa_debug.o)
 .bss           0x000000003fff237a        0x0 /home/stoffer/esp8266/esp-open-sdk/sdk/lib/libwpa.a(wpa_ie.o)
 .bss           0x000000003fff237a        0x0 /home/stoffer/esp8266/esp-open-sdk/sdk/lib/libwpa.a(wpa_main.o)
 .bss           0x000000003fff237a        0x0 /home/stoffer/esp8266/esp-open-sdk/sdk/lib/libwpa.a(wpas_glue.o)
 .bss           0x000000003fff237a        0x0 /home/stoffer/esp8266/esp-open-sdk/sdk/lib/libwpa.a(aes-wrap.o)
 .bss           0x000000003fff237a        0x0 /home/stoffer/esp8266/esp-open-sdk/sdk/lib/libwpa.a(aes-internal-enc.o)
 .bss           0x000000003fff237a        0x0 /home/stoffer/esp8266/esp-open-sdk/sdk/lib/libwpa.a(aes-internal.o)
 .bss           0x000000003fff237a        0x0 /home/stoffer/esp8266/esp-open-sdk/sdk/lib/libgcc.a(_ashrdi3.o)
 .bss           0x000000003fff237a        0x0 /home/stoffer/esp8266/esp-open-sdk/sdk/lib/libgcc.a(_mulsf3.o)
 .bss           0x000000003fff237a        0x0 /home/stoffer/esp8266/esp-open-sdk/sdk/lib/libgcc.a(_divsf3.o)
 .bss           0x000000003fff237a        0x0 /home/stoffer/esp8266/esp-open-sdk/sdk/lib/libgcc.a(_fixsfsi.o)
 *fill*         0x000000003fff237a        0x6 
 .bss           0x000000003fff2380        0x8 /home/stoffer/esp8266/esp-open-sdk/sdk/lib/libnet80211.a(ieee80211_crypto_tkip.o)
 .bss           0x000000003fff2388        0x0 /home/stoffer/esp8266/esp-open-sdk/sdk/lib/libnet80211.a(ieee80211_crypto_wep.o)
 *(.bss.*)
 *(.gnu.linkonce.b.*)
 *(COMMON)
 COMMON         0x000000003fff2388      0x2d4 build/app_app.a(user_main.o)
                0x000000003fff2388                mqtt_client
                0x000000003fff2458                rtc_info
                0x000000003fff245c                kmp_received_task_queue
 COMMON         0x000000003fff265c       0x40 build/app_app.a(crypto.o)
                0x000000003fff265c                hmac_sha256_key
                0x000000003fff266c                aes_key
                0x000000003fff267c                sha256_hash
 COMMON         0x000000003fff269c      0x58c build/app_app.a(kmp_request.o)
                0x000000003fff269c                response
                0x000000003fff2708                fifo_buffer
                0x000000003fff2808                frame_length
                0x000000003fff280c                fifo_head
                0x000000003fff2810                kmp_requests_sent
                0x000000003fff2814                fifo_tail
                0x000000003fff2818                register_list
                0x000000003fff2828                frame
 COMMON         0x000000003fff2c28       0x10 build/app_app.a(kmp.o)
                0x000000003fff2c28                kmp_response
                0x000000003fff2c2c                kmp_data_length
                0x000000003fff2c30                kmp_frame_length
                0x000000003fff2c34                kmp_frame
 COMMON         0x000000003fff2c38        0x1 build/app_app.a(cron.o)
                0x000000003fff2c38                sec_drift
 *fill*         0x000000003fff2c39        0x3 
 COMMON         0x000000003fff2c3c        0x4 build/app_app.a(ac_out.o)
                0x000000003fff2c3c                ac_pwm_duty_cycle
 COMMON         0x000000003fff2c40       0x10 build/app_app.a(mqtt.o)
                0x000000003fff2c40                default_private_key
                0x000000003fff2c44                default_certificate
                0x000000003fff2c48                mqtt_procTaskQueue
 COMMON         0x000000003fff2c50      0xa40 build/app_app.a(config.o)
                0x000000003fff2c50                sys_cfg
                0x000000003fff3688                config_save_timer_running
                0x000000003fff368c                saveFlag
 COMMON         0x000000003fff3690        0x8 build/app_app.a(wifi.o)
                0x000000003fff3690                config_ssid
                0x000000003fff3694                config_pass
 COMMON         0x000000003fff3698        0xc build/app_app.a(cgiwifi.o)
                0x000000003fff3698                cgiWifiAps
 *fill*         0x000000003fff36a4        0x4 
 COMMON         0x000000003fff36a8       0x10 build/app_app.a(unix_time.o)
                0x000000003fff36a8                current_unix_time
                0x000000003fff36b0                boot_time
                0x000000003fff36b8                . = ALIGN (0x8)
                0x000000003fff36b8                _bss_end = ABSOLUTE (.)
                0x000000003fff36b8                _heap_start = ABSOLUTE (.)

.text           0x0000000040100000     0x7014
                0x0000000040100000                _stext = .
                0x0000000040100000                _text_start = ABSOLUTE (.)
 *(.UserEnter.text)
 .UserEnter.text
                0x0000000040100000        0xd /home/stoffer/esp8266/esp-open-sdk/sdk/lib/libmain.a(vector.o)
                                         0x14 (size before relaxing)
                0x0000000040100004                call_user_start
                0x0000000040100010                . = ALIGN (0x10)
 *fill*         0x000000004010000d        0x3 
 *(.DebugExceptionVector.text)
 .DebugExceptionVector.text
                0x0000000040100010        0x6 /home/stoffer/esp8266/esp-open-sdk/sdk/lib/libmain.a(debug-vector.o)
                0x0000000040100010                _DebugExceptionVector
                0x0000000040100020                . = ALIGN (0x10)
 *fill*         0x0000000040100016        0xa 
 *(.NMIExceptionVector.text)
 .NMIExceptionVector.text
                0x0000000040100020        0x6 /home/stoffer/esp8266/esp-open-sdk/sdk/lib/libmain.a(nmi-vector.o)
                                          0xd (size before relaxing)
                0x0000000040100020                _NMIExceptionVector
                0x0000000040100030                . = ALIGN (0x10)
 *fill*         0x0000000040100026        0xa 
 *(.KernelExceptionVector.text)
 .KernelExceptionVector.text
                0x0000000040100030        0x6 /home/stoffer/esp8266/esp-open-sdk/sdk/lib/libmain.a(kernel-vector.o)
                0x0000000040100030                _KernelExceptionVector
                0x0000000040100036        0x4 LONG 0x0
                0x000000004010003a        0x4 LONG 0x0
                0x000000004010003e        0x4 LONG 0x0
                0x0000000040100042        0x4 LONG 0x0
                0x0000000040100050                . = ALIGN (0x10)
 *fill*         0x0000000040100046        0xa 
 *(.UserExceptionVector.text)
 .UserExceptionVector.text
                0x0000000040100050        0x6 /home/stoffer/esp8266/esp-open-sdk/sdk/lib/libmain.a(user-vector.o)
                                          0xd (size before relaxing)
                0x0000000040100050                _UserExceptionVector
                0x0000000040100056        0x4 LONG 0x0
                0x000000004010005a        0x4 LONG 0x0
                0x000000004010005e        0x4 LONG 0x0
                0x0000000040100062        0x4 LONG 0x0
                0x0000000040100070                . = ALIGN (0x10)
 *fill*         0x0000000040100066        0xa 
 *(.DoubleExceptionVector.text)
 .DoubleExceptionVector.text
                0x0000000040100070        0x6 /home/stoffer/esp8266/esp-open-sdk/sdk/lib/libmain.a(double-vector.o)
                0x0000000040100070                _DoubleExceptionVector
                0x0000000040100076        0x4 LONG 0x0
                0x000000004010007a        0x4 LONG 0x0
                0x000000004010007e        0x4 LONG 0x0
                0x0000000040100082        0x4 LONG 0x0
                0x0000000040100090                . = ALIGN (0x10)
 *fill*         0x0000000040100086        0xa 
 *(.entry.text)
 *(.init.literal)
 *(.init)
 *(.literal .text .literal.* .text.* .stub .gnu.warning .gnu.linkonce.literal.* .gnu.linkonce.t.*.literal .gnu.linkonce.t.*)
 .text          0x0000000040100090       0xc7 /home/stoffer/esp8266/esp-open-sdk/sdk/lib/libmain.a(nmi-vector.o)
                                         0xcb (size before relaxing)
                0x000000004010009c                _NMILevelVector
 *fill*         0x0000000040100157        0x1 
 .text          0x0000000040100158       0x1e /home/stoffer/esp8266/esp-open-sdk/sdk/lib/libmain.a(user-vector.o)
                0x000000004010015c                _UserExceptionVector_1
 *fill*         0x0000000040100176        0x2 
 .text          0x0000000040100178      0x5fe /home/stoffer/esp8266/esp-open-sdk/sdk/lib/libmain.a(app_main.o)
                                        0x66a (size before relaxing)
                0x00000000401001b0                Cache_Read_Enable_New
                0x00000000401001ec                NmiTimSetFunc
                0x0000000040100210                NMI_Handler
                0x0000000040100268                call_user_start_local
                0x00000000401003c8                wdt_feed
 *fill*         0x0000000040100776        0x2 
 .text          0x0000000040100778      0x3cc /home/stoffer/esp8266/esp-open-sdk/sdk/lib/libmain.a(ets_timer.o)
                                        0x450 (size before relaxing)
                0x000000004010084c                ets_timer_setfn
                0x0000000040100928                ets_timer_disarm
                0x00000000401009d8                ets_timer_arm_new
 .text          0x0000000040100b44      0x30f /home/stoffer/esp8266/esp-open-sdk/sdk/lib/libmain.a(mem_manager.o)
                                        0x367 (size before relaxing)
                0x0000000040100b48                prvInsertBlockIntoUsedList
                0x0000000040100b78                system_show_malloc
                0x0000000040100b78                pvShowMalloc
                0x0000000040100c04                prvRemoveBlockFromUsedList
                0x0000000040100c30                xPortWantedSizeAlign
                0x0000000040100c58                pvPortMalloc
                0x0000000040100d20                vPortFree
                0x0000000040100d78                pvPortCalloc
                0x0000000040100da8                pvPortZalloc
                0x0000000040100dc4                pvPortRealloc
 *fill*         0x0000000040100e53        0x1 
 .text          0x0000000040100e54      0x59d /home/stoffer/esp8266/esp-open-sdk/sdk/lib/libmain.a(spi_flash.o)
                                        0x650 (size before relaxing)
                0x0000000040100e58                Cache_Read_Disable_2
                0x0000000040100e98                Cache_Read_Enable_2
                0x0000000040100ee8                spi_flash_get_unique_id
                0x0000000040101050                spi_flash_get_id
                0x00000000401010ac                spi_flash_read_status
                0x00000000401010e0                spi_flash_write_status
                0x0000000040101160                spi_flash_erase_sector
                0x0000000040101194                spi_flash_write
                0x00000000401011e8                spi_flash_read
                0x0000000040101264                spi_flash_issi_enable_QIO_mode
 *fill*         0x00000000401013f1        0x3 
 .text          0x00000000401013f4      0x2ee /home/stoffer/esp8266/esp-open-sdk/sdk/lib/libmain.a(user_interface.o)
                                        0x34a (size before relaxing)
                0x0000000040101410                os_printf_plus
                0x000000004010153c                system_restart_core
                0x0000000040101574                system_deep_sleep_local_2
                0x00000000401015e8                system_get_time
                0x0000000040101600                system_os_post
                0x0000000040101634                system_rtc_mem_write
                0x000000004010168c                system_rtc_mem_read
 *fill*         0x00000000401016e2        0x2 
 .text          0x00000000401016e4       0x5b build/app_app.a(httpd_user_init.o)
                                         0x5f (size before relaxing)
                0x00000000401016f0                myPassFn
                0x0000000040101728                httpd_user_init
 *fill*         0x000000004010173f        0x1 
 .text          0x0000000040101740       0xeb build/app_app.a(kmp_request.o)
                                        0x10b (size before relaxing)
                0x0000000040101748                kmp_fifo_in_use
                0x0000000040101764                kmp_fifo_put
                0x00000000401017b0                kmp_fifo_get
                0x00000000401017f8                kmp_fifo_snoop
 *fill*         0x000000004010182b        0x1 
 .text          0x000000004010182c      0x15d build/app_app.a(uart.o)
                                        0x175 (size before relaxing)
                0x0000000040101958                uart_tx_one_char
 *fill*         0x0000000040101989        0x3 
 .text          0x000000004010198c       0x75 build/app_app.a(wifi.o)
                0x00000000401019a4                wifi_handle_event_cb
 *fill*         0x0000000040101a01        0x3 
 .text          0x0000000040101a04      0x434 build/app_app.a(heatshrink_decoder.o)
                                        0x44c (size before relaxing)
                0x0000000040101aa0                heatshrink_decoder_free
                0x0000000040101ab8                heatshrink_decoder_reset
                0x0000000040101b04                heatshrink_decoder_alloc
                0x0000000040101b78                heatshrink_decoder_sink
                0x0000000040101bf0                heatshrink_decoder_poll
                0x0000000040101e0c                heatshrink_decoder_finish
 .literal       0x0000000040101e38        0x0 /home/stoffer/esp8266/esp-open-sdk/xtensa-lx106-elf/lib/gcc/xtensa-lx106-elf/4.8.5/../../../../xtensa-lx106-elf/lib/libc.a(lib_a-atoi.o)
                                          0x8 (size before relaxing)
 .literal       0x0000000040101e38        0x4 /home/stoffer/esp8266/esp-open-sdk/xtensa-lx106-elf/lib/gcc/xtensa-lx106-elf/4.8.5/../../../../xtensa-lx106-elf/lib/libc.a(lib_a-gmtime.o)
                                          0x8 (size before relaxing)
 .literal       0x0000000040101e3c        0x0 /home/stoffer/esp8266/esp-open-sdk/xtensa-lx106-elf/lib/gcc/xtensa-lx106-elf/4.8.5/../../../../xtensa-lx106-elf/lib/libc.a(lib_a-gmtime_r.o)
                                          0x4 (size before relaxing)
 .literal       0x0000000040101e3c       0x1c /home/stoffer/esp8266/esp-open-sdk/xtensa-lx106-elf/lib/gcc/xtensa-lx106-elf/4.8.5/../../../../xtensa-lx106-elf/lib/libc.a(lib_a-mktm_r.o)
                                         0x88 (size before relaxing)
 .literal       0x0000000040101e58        0x8 /home/stoffer/esp8266/esp-open-sdk/xtensa-lx106-elf/lib/gcc/xtensa-lx106-elf/4.8.5/../../../../xtensa-lx106-elf/lib/libc.a(lib_a-strlen.o)
                                          0xc (size before relaxing)
 .literal       0x0000000040101e60        0x0 /home/stoffer/esp8266/esp-open-sdk/xtensa-lx106-elf/lib/gcc/xtensa-lx106-elf/4.8.5/../../../../xtensa-lx106-elf/lib/libc.a(lib_a-strtok.o)
                                          0x8 (size before relaxing)
 .literal       0x0000000040101e60       0x10 /home/stoffer/esp8266/esp-open-sdk/xtensa-lx106-elf/lib/gcc/xtensa-lx106-elf/4.8.5/../../../../xtensa-lx106-elf/lib/libc.a(lib_a-strtol.o)
                                         0x18 (size before relaxing)
 .literal       0x0000000040101e70        0x4 /home/stoffer/esp8266/esp-open-sdk/xtensa-lx106-elf/lib/gcc/xtensa-lx106-elf/4.8.5/../../../../xtensa-lx106-elf/lib/libc.a(lib_a-gettzinfo.o)
 .literal       0x0000000040101e74        0x4 /home/stoffer/esp8266/esp-open-sdk/sdk/lib/libgcc.a(_mulsf3.o)
                                         0x10 (size before relaxing)
 .literal       0x0000000040101e78        0x0 /home/stoffer/esp8266/esp-open-sdk/sdk/lib/libgcc.a(_divsf3.o)
                                         0x10 (size before relaxing)
 .literal       0x0000000040101e78        0x0 /home/stoffer/esp8266/esp-open-sdk/sdk/lib/libgcc.a(_fixsfsi.o)
                                          0x4 (size before relaxing)
 .text          0x0000000040101e78       0x27 /home/stoffer/esp8266/esp-open-sdk/xtensa-lx106-elf/lib/gcc/xtensa-lx106-elf/4.8.5/../../../../xtensa-lx106-elf/lib/libc.a(lib_a-atoi.o)
                                         0x2f (size before relaxing)
                0x0000000040101e78                atoi
                0x0000000040101e8c                _atoi_r
 *fill*         0x0000000040101e9f        0x1 
 .text          0x0000000040101ea0       0x17 /home/stoffer/esp8266/esp-open-sdk/xtensa-lx106-elf/lib/gcc/xtensa-lx106-elf/4.8.5/../../../../xtensa-lx106-elf/lib/libc.a(lib_a-gmtime.o)
                                         0x1b (size before relaxing)
                0x0000000040101ea0                gmtime
 *fill*         0x0000000040101eb7        0x1 
 .text          0x0000000040101eb8       0x14 /home/stoffer/esp8266/esp-open-sdk/xtensa-lx106-elf/lib/gcc/xtensa-lx106-elf/4.8.5/../../../../xtensa-lx106-elf/lib/libc.a(lib_a-gmtime_r.o)
                0x0000000040101eb8                gmtime_r
 .text          0x0000000040101ecc      0x473 /home/stoffer/esp8266/esp-open-sdk/xtensa-lx106-elf/lib/gcc/xtensa-lx106-elf/4.8.5/../../../../xtensa-lx106-elf/lib/libc.a(lib_a-mktm_r.o)
                                        0x49f (size before relaxing)
                0x0000000040101ecc                __tzcalc_limits
                0x000000004010204c                _mktm_r
 *fill*         0x000000004010233f        0x1 
 .text          0x0000000040102340       0x5b /home/stoffer/esp8266/esp-open-sdk/xtensa-lx106-elf/lib/gcc/xtensa-lx106-elf/4.8.5/../../../../xtensa-lx106-elf/lib/libc.a(lib_a-strlen.o)
                0x0000000040102340                strlen
 *fill*         0x000000004010239b        0x1 
 .text          0x000000004010239c       0x1c /home/stoffer/esp8266/esp-open-sdk/xtensa-lx106-elf/lib/gcc/xtensa-lx106-elf/4.8.5/../../../../xtensa-lx106-elf/lib/libc.a(lib_a-strtok.o)
                0x000000004010239c                strtok
 .text          0x00000000401023b8      0x15f /home/stoffer/esp8266/esp-open-sdk/xtensa-lx106-elf/lib/gcc/xtensa-lx106-elf/4.8.5/../../../../xtensa-lx106-elf/lib/libc.a(lib_a-strtol.o)
                0x00000000401023b8                _strtol_r
                0x00000000401024f8                strtol
 *fill*         0x0000000040102517        0x1 
 .text          0x0000000040102518        0x5 /home/stoffer/esp8266/esp-open-sdk/xtensa-lx106-elf/lib/gcc/xtensa-lx106-elf/4.8.5/../../../../xtensa-lx106-elf/lib/libc.a(lib_a-gettzinfo.o)
                0x0000000040102518                __gettzinfo
 *fill*         0x000000004010251d        0x3 
 .text          0x0000000040102520       0x53 /home/stoffer/esp8266/esp-open-sdk/sdk/lib/libphy.a(phy.o)
                                         0x5f (size before relaxing)
                0x0000000040102528                register_phy_ops
                0x0000000040102548                register_get_phy_addr
                0x0000000040102550                phy_change_channel
                0x0000000040102568                phy_get_mactime
 *fill*         0x0000000040102573        0x1 
 .text          0x0000000040102574      0x262 /home/stoffer/esp8266/esp-open-sdk/sdk/lib/libphy.a(phy_chip_v6_ana.o)
                                        0x276 (size before relaxing)
                0x0000000040102594                phy_adc_read_fast
 *fill*         0x00000000401027d6        0x2 
 .text          0x00000000401027d8       0x4d /home/stoffer/esp8266/esp-open-sdk/sdk/lib/libphy.a(phy_chip_v6.o)
                                         0x55 (size before relaxing)
                0x00000000401027e8                phy_debug_print
 *fill*         0x0000000040102825        0x3 
 .text          0x0000000040102828       0xb2 /home/stoffer/esp8266/esp-open-sdk/sdk/lib/libphy.a(phy_chip_v6_cal.o)
                                         0xba (size before relaxing)
                0x0000000040102828                unsign_to_sign
                0x0000000040102864                phy_get_bb_freqoffset
                0x00000000401028cc                phy_get_bb_evm
 *fill*         0x00000000401028da        0x2 
 .text          0x00000000401028dc       0xe7 /home/stoffer/esp8266/esp-open-sdk/sdk/lib/libphy.a(phy_sleep.o)
                                        0x103 (size before relaxing)
                0x00000000401028e0                pm_rtc_clock_cali
                0x0000000040102998                clockgate_watchdog
 *fill*         0x00000000401029c3        0x1 
 .text          0x00000000401029c4     0x15fe /home/stoffer/esp8266/esp-open-sdk/sdk/lib/libpp.a(lmac.o)
                                       0x1962 (size before relaxing)
                0x00000000401029c8                lmacIsActive
                0x00000000401029dc                lmacIsIdle
                0x0000000040102e5c                lmacSetAcParam
                0x0000000040102eb0                lmacProcessTXStartData
                0x0000000040103030                lmacProcessTxSuccess
                0x0000000040103174                GetAccess
                0x0000000040103180                lmacDiscardAgedMSDU
                0x0000000040103194                lmacRecycleMPDU
                0x0000000040103754                lmacProcessTxTimeout
                0x00000000401037bc                lmacProcessAllTxTimeout
                0x00000000401037d0                lmacProcessCollisions
                0x0000000040103830                lmacProcessCollision
                0x00000000401038b4                lmacMSDUAged
                0x0000000040103c44                lmacProcessCtsTimeout
                0x0000000040103c7c                lmacProcessAckTimeout
                0x0000000040103cd4                lmacProcessRtsStart
                0x0000000040103ce0                lmacProcessTxRtsError
                0x0000000040103d80                lmacProcessTxError
                0x0000000040103e10                lmacTxFrame
                0x0000000040103fac                lmacRxDone
 *fill*         0x0000000040103fc2        0x2 
 .text          0x0000000040103fc4      0x8e1 /home/stoffer/esp8266/esp-open-sdk/sdk/lib/libpp.a(pp.o)
                                        0x9fd (size before relaxing)
                0x0000000040103ff8                pp_soft_wdt_feed_local
                0x000000004010408c                ppProcessTxQ
                0x0000000040104100                ppFetchTxQFirstAvail
                0x0000000040104140                ppDequeueTxQ
                0x0000000040104168                ppRollBackTxQ
                0x000000004010418c                ppRecordBarRRC
                0x000000004010419c                ppTxqUpdateBitmap
                0x00000000401041c4                ppEnqueueTxDone
                0x00000000401041f8                ppEnqueueRxq
                0x00000000401046e0                ppDiscardMPDU
                0x0000000040104704                pp_post
                0x0000000040104790                pp_post2
                0x00000000401047b8                ppCalTxop
                0x0000000040104838                ppCalFrameTimes
 *fill*         0x00000000401048a5        0x3 
 .text          0x00000000401048a8       0xf5 /home/stoffer/esp8266/esp-open-sdk/sdk/lib/libpp.a(rate_control.o)
                                        0x109 (size before relaxing)
                0x00000000401048c8                RC_GetAckRate
                0x00000000401048d4                RC_GetRtsRate
                0x00000000401048e4                RC_GetAckTime
                0x00000000401048f8                RC_GetCtsTime
                0x0000000040104930                RC_GetBlockAckTime
 *fill*         0x000000004010499d        0x3 
 .text          0x00000000401049a0      0x9a1 /home/stoffer/esp8266/esp-open-sdk/sdk/lib/libpp.a(trc.o)
                                        0xa05 (size before relaxing)
                0x0000000040104b74                rcUpdateTxDone
                0x0000000040104c08                rcUpdateRxDone
                0x0000000040104c64                rcUpdateDataRxDone
                0x0000000040104c80                rcGetSched
                0x0000000040104d64                rcGetRate
                0x0000000040105274                rcReachRetryLimit
                0x000000004010528c                trc_NeedRTS
 *fill*         0x0000000040105341        0x3 
 .text          0x0000000040105344     0x105b /home/stoffer/esp8266/esp-open-sdk/sdk/lib/libpp.a(wdev.o)
                                       0x1347 (size before relaxing)
                0x00000000401056e8                wDev_MacTim1SetFunc
                0x0000000040105708                wDev_MacTim1Arm
                0x000000004010579c                wDev_ProcessFiq
                0x0000000040105ae0                wDev_EnableTransmit
                0x0000000040105b18                wDev_DisableTransmit
                0x0000000040105b38                Tx_Copy2Queue
                0x0000000040105b80                wDev_ProcessCollision
                0x0000000040105ba4                wDev_GetTxqCollisions
                0x0000000040105bb4                wDev_ClearTxqCollisions
                0x0000000040105bd0                wDev_SetWaitingQueue
                0x0000000040105c18                wDev_ClearWaitingQueue
                0x0000000040105c3c                wDev_SetFrameAckType
                0x0000000040105c9c                wDev_AppendRxBlocks
                0x0000000040105de0                wDev_AppendRxAmpduLensBlocks
                0x0000000040105eb4                wDev_GetBAInfo
                0x0000000040105ee8                wDevDisableRx
 *fill*         0x000000004010639f        0x1 
 .text          0x00000000401063a0       0x4c /home/stoffer/esp8266/esp-open-sdk/sdk/lib/libpp.a(esf_buf.o)
                                         0x5c (size before relaxing)
                0x00000000401063a4                esf_rx_buf_alloc
 .text          0x00000000401063ec       0x23 /home/stoffer/esp8266/esp-open-sdk/sdk/lib/libnet80211.a(ieee80211_output.o)
                                         0x27 (size before relaxing)
 *fill*         0x000000004010640f        0x1 
 .text          0x0000000040106410        0xb /home/stoffer/esp8266/esp-open-sdk/sdk/lib/libnet80211.a(wl_chm.o)
                0x0000000040106414                chm_get_current_channel
 *fill*         0x000000004010641b        0x1 
 .text          0x000000004010641c       0x43 /home/stoffer/esp8266/esp-open-sdk/sdk/lib/liblwip.a(etharp.o)
                                         0x47 (size before relaxing)
 *fill*         0x000000004010645f        0x1 
 .text          0x0000000040106460       0xd6 /home/stoffer/esp8266/esp-open-sdk/sdk/lib/liblwip.a(sntp.o)
                                         0xde (size before relaxing)
                0x0000000040106468                sntp_get_current_timestamp
                0x0000000040106490                sntp_get_real_time
 *fill*         0x0000000040106536        0x2 
 .text          0x0000000040106538      0x1fd /home/stoffer/esp8266/esp-open-sdk/sdk/lib/liblwip.a(tcp.o)
                                        0x229 (size before relaxing)
 *fill*         0x0000000040106735        0x3 
 .text          0x0000000040106738      0x159 /home/stoffer/esp8266/esp-open-sdk/sdk/lib/liblwip.a(tcp_out.o)
                                        0x161 (size before relaxing)
 *fill*         0x0000000040106891        0x3 
 .text          0x0000000040106894       0xb4 /home/stoffer/esp8266/esp-open-sdk/sdk/lib/liblwip.a(timers.o)
                                         0xc0 (size before relaxing)
 .text          0x0000000040106948      0x15d /home/stoffer/esp8266/esp-open-sdk/sdk/lib/libgcc.a(_mulsf3.o)
                0x00000000401069c0                __mulsf3
 *fill*         0x0000000040106aa5        0x3 
 .text          0x0000000040106aa8      0x135 /home/stoffer/esp8266/esp-open-sdk/sdk/lib/libgcc.a(_divsf3.o)
                0x0000000040106b24                __divsf3
 *fill*         0x0000000040106bdd        0x3 
 .text          0x0000000040106be0       0x40 /home/stoffer/esp8266/esp-open-sdk/sdk/lib/libgcc.a(_fixsfsi.o)
                0x0000000040106be0                __fixsfsi
 .text          0x0000000040106c20        0x0 /home/stoffer/esp8266/esp-open-sdk/sdk/lib/libmain.a(debug-vector.o)
 .text          0x0000000040106c20        0x0 /home/stoffer/esp8266/esp-open-sdk/sdk/lib/libmain.a(double-vector.o)
 .text          0x0000000040106c20        0x0 /home/stoffer/esp8266/esp-open-sdk/sdk/lib/libmain.a(kernel-vector.o)
 .literal       0x0000000040106c20        0x0 /home/stoffer/esp8266/esp-open-sdk/sdk/lib/libmain.a(nmi-vector.o)
 *fill*         0x0000000040106c20        0x0 
 .literal       0x0000000040106c20        0x0 /home/stoffer/esp8266/esp-open-sdk/sdk/lib/libmain.a(user-vector.o)
 .text          0x0000000040106c20        0x0 /home/stoffer/esp8266/esp-open-sdk/sdk/lib/libmain.a(vector.o)
 *fill*         0x0000000040106c20        0x0 
 .literal       0x0000000040106c20        0x0 /home/stoffer/esp8266/esp-open-sdk/sdk/lib/libmain.a(app_main.o)
 *fill*         0x0000000040106c20        0x0 
 .literal       0x0000000040106c20        0x0 /home/stoffer/esp8266/esp-open-sdk/sdk/lib/libmain.a(ets_timer.o)
 .literal       0x0000000040106c20        0x0 /home/stoffer/esp8266/esp-open-sdk/sdk/lib/libmain.a(mem_manager.o)
 *fill*         0x0000000040106c20        0x0 
 .literal       0x0000000040106c20        0x0 /home/stoffer/esp8266/esp-open-sdk/sdk/lib/libmain.a(spi_flash.o)
 .literal       0x0000000040106c20        0x0 /home/stoffer/esp8266/esp-open-sdk/sdk/lib/libmain.a(user_interface.o)
 .text          0x0000000040106c20        0x0 /home/stoffer/esp8266/esp-open-sdk/sdk/lib/libmain.a(eagle_lib.o)
 .text          0x0000000040106c20        0x0 /home/stoffer/esp8266/esp-open-sdk/sdk/lib/libmain.a(eagle_lwip_if.o)
 .text          0x0000000040106c20        0x0 build/app_app.a(user_main.o)
 .text          0x0000000040106c20        0x0 build/app_app.a(captdns.o)
 .text          0x0000000040106c20        0x0 build/app_app.a(led.o)
 *fill*         0x0000000040106c20        0x0 
 .literal       0x0000000040106c20        0x0 build/app_app.a(httpd_user_init.o)
 *fill*         0x0000000040106c20        0x0 
 .literal       0x0000000040106c20        0x0 build/app_app.a(httpd.o)
 .text          0x0000000040106c20       0xe9 build/app_app.a(httpd.o)
                0x0000000040106c4c                httpdUrlDecode
 .text          0x0000000040106d09        0x0 build/app_app.a(crypto.o)
 .text          0x0000000040106d09        0x0 build/app_app.a(sha256.o)
 .text          0x0000000040106d09        0x0 build/app_app.a(aes.o)
 *fill*         0x0000000040106d09        0x3 
 .literal       0x0000000040106d0c        0x0 build/app_app.a(kmp_request.o)
 .text          0x0000000040106d0c        0x0 build/app_app.a(kmp.o)
 .text          0x0000000040106d0c        0x0 build/app_app.a(cron.o)
 .text          0x0000000040106d0c        0x0 build/app_app.a(ac_out.o)
 *fill*         0x0000000040106d0c        0x0 
 .literal       0x0000000040106d0c        0x0 build/app_app.a(uart.o)
 .text          0x0000000040106d0c        0x0 build/app_app.a(mqtt.o)
 .text          0x0000000040106d0c        0x0 build/app_app.a(mqtt_msg.o)
 .text          0x0000000040106d0c        0x0 build/app_app.a(queue.o)
 .text          0x0000000040106d0c        0x0 build/app_app.a(mqtt_utils.o)
 .text          0x0000000040106d0c        0x0 build/app_app.a(proto.o)
 .text          0x0000000040106d0c        0x0 build/app_app.a(config.o)
 *fill*         0x0000000040106d0c        0x0 
 .literal       0x0000000040106d0c        0x0 build/app_app.a(wifi.o)
 .text          0x0000000040106d0c        0x0 build/app_app.a(cgiwifi.o)
 .text          0x0000000040106d0c        0x0 build/app_app.a(tinyprintf.o)
 .text          0x0000000040106d0c        0x0 build/app_app.a(unix_time.o)
 .text          0x0000000040106d0c        0x0 build/app_app.a(cgi.o)
 .text          0x0000000040106d0c        0x0 build/app_app.a(httpdespfs.o)
 .text          0x0000000040106d0c        0x0 build/app_app.a(espfs.o)
 *fill*         0x0000000040106d0c        0x0 
 .literal       0x0000000040106d0c        0x0 build/app_app.a(heatshrink_decoder.o)
 .text          0x0000000040106d0c        0x0 build/app_app.a(utils.o)
 .text          0x0000000040106d0c        0x0 build/app_app.a(hmac-sha256.o)
 .text          0x0000000040106d0c        0x0 build/app_app.a(ringbuf.o)
 *fill*         0x0000000040106d0c        0x0 
 *fill*         0x0000000040106d0c        0x0 
 .text          0x0000000040106d0c        0x0 /home/stoffer/esp8266/esp-open-sdk/xtensa-lx106-elf/lib/gcc/xtensa-lx106-elf/4.8.5/../../../../xtensa-lx106-elf/lib/libc.a(lib_a-impure.o)
 .text          0x0000000040106d0c      0x145 /home/stoffer/esp8266/esp-open-sdk/xtensa-lx106-elf/lib/gcc/xtensa-lx106-elf/4.8.5/../../../../xtensa-lx106-elf/lib/libc.a(lib_a-memcpy.o)
                0x0000000040106d50                memcpy
 *fill*         0x0000000040106e51        0x3 
 .text          0x0000000040106e54       0x7c /home/stoffer/esp8266/esp-open-sdk/xtensa-lx106-elf/lib/gcc/xtensa-lx106-elf/4.8.5/../../../../xtensa-lx106-elf/lib/libc.a(lib_a-memset.o)
                0x0000000040106e80                memset
 *fill*         0x0000000040106ed0        0x0 
 .text          0x0000000040106ed0       0x1e /home/stoffer/esp8266/esp-open-sdk/xtensa-lx106-elf/lib/gcc/xtensa-lx106-elf/4.8.5/../../../../xtensa-lx106-elf/lib/libc.a(lib_a-strcat.o)
                0x0000000040106ed0                strcat
 *fill*         0x0000000040106eee        0x0 
 *fill*         0x0000000040106eee        0x2 
 .literal       0x0000000040106ef0        0x0 /home/stoffer/esp8266/esp-open-sdk/xtensa-lx106-elf/lib/gcc/xtensa-lx106-elf/4.8.5/../../../../xtensa-lx106-elf/lib/libc.a(lib_a-strtok_r.o)
 .text          0x0000000040106ef0       0x71 /home/stoffer/esp8266/esp-open-sdk/xtensa-lx106-elf/lib/gcc/xtensa-lx106-elf/4.8.5/../../../../xtensa-lx106-elf/lib/libc.a(lib_a-strtok_r.o)
                0x0000000040106ef0                __strtok_r
                0x0000000040106f50                strtok_r
 *fill*         0x0000000040106f61        0x0 
 *fill*         0x0000000040106f61        0x3 
 .text          0x0000000040106f64        0x6 /home/stoffer/esp8266/esp-open-sdk/xtensa-lx106-elf/lib/gcc/xtensa-lx106-elf/4.8.5/../../../../xtensa-lx106-elf/lib/libc.a(lib_a-tzlock.o)
                0x0000000040106f64                __tz_lock
                0x0000000040106f68                __tz_unlock
 .text          0x0000000040106f6a        0x0 /home/stoffer/esp8266/esp-open-sdk/xtensa-lx106-elf/lib/gcc/xtensa-lx106-elf/4.8.5/../../../../xtensa-lx106-elf/lib/libc.a(lib_a-tzvars.o)
 .text          0x0000000040106f6a        0x0 /home/stoffer/esp8266/esp-open-sdk/xtensa-lx106-elf/lib/gcc/xtensa-lx106-elf/4.8.5/../../../../xtensa-lx106-elf/lib/libc.a(lib_a-ctype_.o)
 *fill*         0x0000000040106f6a        0x0 
 *fill*         0x0000000040106f6a        0x2 
 .text          0x0000000040106f6c       0x49 /home/stoffer/esp8266/esp-open-sdk/sdk/lib/libgcc.a(_modsi3.o)
                0x0000000040106f6c                __modsi3
 *fill*         0x0000000040106fb5        0x3 
 .text          0x0000000040106fb8        0x5 /home/stoffer/esp8266/esp-open-sdk/xtensa-lx106-elf/xtensa-lx106-elf/sysroot/usr/lib/libhal.a(int_asm--set_intclear.o)
                0x0000000040106fb8                xthal_set_intclear
 *fill*         0x0000000040106fbd        0x3 
 .literal       0x0000000040106fc0        0x0 /home/stoffer/esp8266/esp-open-sdk/sdk/lib/libphy.a(phy.o)
 *fill*         0x0000000040106fc0        0x0 
 .literal       0x0000000040106fc0        0x0 /home/stoffer/esp8266/esp-open-sdk/sdk/lib/libphy.a(phy_chip_v6_ana.o)
 *fill*         0x0000000040106fc0        0x0 
 .literal       0x0000000040106fc0        0x0 /home/stoffer/esp8266/esp-open-sdk/sdk/lib/libphy.a(phy_chip_v6.o)
 *fill*         0x0000000040106fc0        0x0 
 .literal       0x0000000040106fc0        0x0 /home/stoffer/esp8266/esp-open-sdk/sdk/lib/libphy.a(phy_chip_v6_cal.o)
 .text          0x0000000040106fc0        0x0 /home/stoffer/esp8266/esp-open-sdk/sdk/lib/libphy.a(phy_chip_v6_unused.o)
 *fill*         0x0000000040106fc0        0x0 
 .literal       0x0000000040106fc0        0x0 /home/stoffer/esp8266/esp-open-sdk/sdk/lib/libphy.a(phy_sleep.o)
 .text          0x0000000040106fc0        0x0 /home/stoffer/esp8266/esp-open-sdk/sdk/lib/libpp.a(if_hwctrl.o)
 *fill*         0x0000000040106fc0        0x0 
 .literal       0x0000000040106fc0        0x0 /home/stoffer/esp8266/esp-open-sdk/sdk/lib/libpp.a(lmac.o)
 .text          0x0000000040106fc0        0x0 /home/stoffer/esp8266/esp-open-sdk/sdk/lib/libpp.a(pm.o)
 .text          0x0000000040106fc0        0x0 /home/stoffer/esp8266/esp-open-sdk/sdk/lib/libpp.a(pm_for_bcn_only_mode.o)
 *fill*         0x0000000040106fc0        0x0 
 .literal       0x0000000040106fc0        0x0 /home/stoffer/esp8266/esp-open-sdk/sdk/lib/libpp.a(pp.o)
 *fill*         0x0000000040106fc0        0x0 
 .literal       0x0000000040106fc0        0x0 /home/stoffer/esp8266/esp-open-sdk/sdk/lib/libpp.a(rate_control.o)
 *fill*         0x0000000040106fc0        0x0 
 .literal       0x0000000040106fc0        0x0 /home/stoffer/esp8266/esp-open-sdk/sdk/lib/libpp.a(trc.o)
 *fill*         0x0000000040106fc0        0x0 
 .literal       0x0000000040106fc0        0x0 /home/stoffer/esp8266/esp-open-sdk/sdk/lib/libpp.a(wdev.o)
 *fill*         0x0000000040106fc0        0x0 
 .literal       0x0000000040106fc0        0x0 /home/stoffer/esp8266/esp-open-sdk/sdk/lib/libpp.a(esf_buf.o)