Archive member included to satisfy reference by file (symbol)

/home/stoffer/esp8266/esp-open-sdk/sdk/lib/libmain.a(debug-vector.o)
                              (_DebugExceptionVector)
/home/stoffer/esp8266/esp-open-sdk/sdk/lib/libmain.a(double-vector.o)
                              (_DoubleExceptionVector)
/home/stoffer/esp8266/esp-open-sdk/sdk/lib/libmain.a(kernel-vector.o)
                              (_KernelExceptionVector)
/home/stoffer/esp8266/esp-open-sdk/sdk/lib/libmain.a(nmi-vector.o)
                              (_NMIExceptionVector)
/home/stoffer/esp8266/esp-open-sdk/sdk/lib/libmain.a(user-vector.o)
                              (_UserExceptionVector)
/home/stoffer/esp8266/esp-open-sdk/sdk/lib/libmain.a(vector.o)
                              (call_user_start)
/home/stoffer/esp8266/esp-open-sdk/sdk/lib/libmain.a(app_main.o)
                              /home/stoffer/esp8266/esp-open-sdk/sdk/lib/libmain.a(nmi-vector.o) (NMI_Handler)
/home/stoffer/esp8266/esp-open-sdk/sdk/lib/libmain.a(ets_timer.o)
                              /home/stoffer/esp8266/esp-open-sdk/sdk/lib/libmain.a(app_main.o) (ets_timer_setfn)
/home/stoffer/esp8266/esp-open-sdk/sdk/lib/libmain.a(mem_manager.o)
                              /home/stoffer/esp8266/esp-open-sdk/sdk/lib/libmain.a(app_main.o) (pvPortMalloc)
/home/stoffer/esp8266/esp-open-sdk/sdk/lib/libmain.a(spi_flash.o)
                              /home/stoffer/esp8266/esp-open-sdk/sdk/lib/libmain.a(app_main.o) (spi_flash_get_id)
/home/stoffer/esp8266/esp-open-sdk/sdk/lib/libmain.a(user_interface.o)
                              /home/stoffer/esp8266/esp-open-sdk/sdk/lib/libmain.a(app_main.o) (done_cb)
/home/stoffer/esp8266/esp-open-sdk/sdk/lib/libmain.a(eagle_lib.o)
                              /home/stoffer/esp8266/esp-open-sdk/sdk/lib/libmain.a(user_interface.o) (ets_sprintf)
/home/stoffer/esp8266/esp-open-sdk/sdk/lib/libmain.a(eagle_lwip_if.o)
                              /home/stoffer/esp8266/esp-open-sdk/sdk/lib/libmain.a(user_interface.o) (hostname)
build/app_app.a(user_main.o)  /home/stoffer/esp8266/esp-open-sdk/sdk/lib/libmain.a(app_main.o) (user_init)
build/app_app.a(captdns.o)    build/app_app.a(user_main.o) (captdnsInit)
build/app_app.a(led.o)        build/app_app.a(user_main.o) (led_init)
build/app_app.a(httpd_user_init.o)
                              build/app_app.a(user_main.o) (httpd_user_init)
build/app_app.a(httpd.o)      build/app_app.a(httpd_user_init.o) (cgiRedirect)
build/app_app.a(crypto.o)     build/app_app.a(user_main.o) (init_aes_hmac_combined)
build/app_app.a(sha256.o)     build/app_app.a(crypto.o) (sha256_raw)
build/app_app.a(aes.o)        build/app_app.a(crypto.o) (AES128_CBC_encrypt_buffer)
build/app_app.a(kmp_request.o)
                              build/app_app.a(user_main.o) (kmp_request_init)
build/app_app.a(kmp.o)        build/app_app.a(kmp_request.o) (kmp_value_to_string)
build/app_app.a(cron.o)       build/app_app.a(user_main.o) (cron_init)
build/app_app.a(ac_out.o)     build/app_app.a(user_main.o) (ac_out_init)
build/app_app.a(uart.o)       build/app_app.a(kmp_request.o) (uart0_tx_buffer)
build/app_app.a(mqtt.o)       build/app_app.a(user_main.o) (MQTT_Publish)
build/app_app.a(mqtt_msg.o)   build/app_app.a(mqtt.o) (mqtt_msg_init)
build/app_app.a(queue.o)      build/app_app.a(mqtt.o) (QUEUE_Init)
build/app_app.a(mqtt_utils.o)
                              build/app_app.a(mqtt.o) (UTILS_StrToIP)
build/app_app.a(proto.o)      build/app_app.a(queue.o) (PROTO_ParseRb)
build/app_app.a(config.o)     build/app_app.a(user_main.o) (sys_cfg)
build/app_app.a(wifi.o)       build/app_app.a(user_main.o) (wifi_connect)
build/app_app.a(cgiwifi.o)    build/app_app.a(httpd_user_init.o) (cgiWiFiScan)
build/app_app.a(tinyprintf.o)
                              build/app_app.a(user_main.o) (tfp_snprintf)
build/app_app.a(unix_time.o)  build/app_app.a(user_main.o) (init_unix_time)
build/app_app.a(cgi.o)        build/app_app.a(httpd_user_init.o) (cgiLed)
build/app_app.a(httpdespfs.o)
                              build/app_app.a(httpd_user_init.o) (cgiEspFsHook)
build/app_app.a(espfs.o)      build/app_app.a(httpdespfs.o) (espFsOpen)
build/app_app.a(heatshrink_decoder.o)
                              build/app_app.a(espfs.o) (heatshrink_decoder_free)
build/app_app.a(utils.o)      build/app_app.a(kmp.o) (ccit_crc16)
build/app_app.a(hmac-sha256.o)
                              build/app_app.a(crypto.o) (hmac_sha256_init)
build/app_app.a(ringbuf.o)    build/app_app.a(queue.o) (RINGBUF_Init)
/home/stoffer/esp8266/esp-open-sdk/xtensa-lx106-elf/lib/gcc/xtensa-lx106-elf/4.8.5/../../../../xtensa-lx106-elf/lib/libc.a(lib_a-atoi.o)
                              build/app_app.a(user_main.o) (atoi)
/home/stoffer/esp8266/esp-open-sdk/xtensa-lx106-elf/lib/gcc/xtensa-lx106-elf/4.8.5/../../../../xtensa-lx106-elf/lib/libc.a(lib_a-gmtime.o)
                              build/app_app.a(cron.o) (gmtime)
[...]
Memory Configuration

Name             Origin             Length             Attributes
dport0_0_seg     0x000000003ff00000 0x0000000000000010
dram0_0_seg      0x000000003ffe8000 0x0000000000014000
iram1_0_seg      0x0000000040100000 0x0000000000008000
irom0_0_seg      0x0000000040240000 0x000000000003c000
*default*        0x0000000000000000 0xffffffffffffffff

Linker script and memory map

START GROUP
LOAD /home/stoffer/esp8266/esp-open-sdk/xtensa-lx106-elf/lib/gcc/xtensa-lx106-elf/4.8.5/../../../../xtensa-lx106-elf/lib/libc.a
LOAD /home/stoffer/esp8266/esp-open-sdk/sdk/lib/libgcc.a
LOAD /home/stoffer/esp8266/esp-open-sdk/xtensa-lx106-elf/xtensa-lx106-elf/sysroot/usr/lib/libhal.a
LOAD /home/stoffer/esp8266/esp-open-sdk/sdk/lib/libphy.a
LOAD /home/stoffer/esp8266/esp-open-sdk/sdk/lib/libpp.a
LOAD /home/stoffer/esp8266/esp-open-sdk/sdk/lib/libnet80211.a
LOAD /home/stoffer/esp8266/esp-open-sdk/sdk/lib/liblwip.a
LOAD /home/stoffer/esp8266/esp-open-sdk/sdk/lib/libwpa.a
LOAD /home/stoffer/esp8266/esp-open-sdk/sdk/lib/libmain.a
LOAD /home/stoffer/esp8266/esp-open-sdk/sdk/lib/libssl.a
LOAD /home/stoffer/esp8266/esp-open-sdk/xtensa-lx106-elf/lib/gcc/xtensa-lx106-elf/4.8.5/../../../../xtensa-lx106-elf/lib/libc.a
LOAD /home/stoffer/esp8266/esp-open-sdk/sdk/lib/libgcc.a
LOAD build/app_app.a
END GROUP
                [!provide]                        PROVIDE (_memmap_vecbase_reset, 0x40000000)
                0x0000000000000110                _memmap_cacheattr_wb_base = 0x110
                0x0000000000000110                _memmap_cacheattr_wt_base = 0x110
                0x0000000000000220                _memmap_cacheattr_bp_base = 0x220
                0x00000000fffff00f                _memmap_cacheattr_unused_mask = 0xfffff00f
                0x000000002222211f                _memmap_cacheattr_wb_trapnull = 0x2222211f
                0x000000002222211f                _memmap_cacheattr_wba_trapnull = 0x2222211f
                0x000000002222211f                _memmap_cacheattr_wbna_trapnull = 0x2222211f
                0x000000002222211f                _memmap_cacheattr_wt_trapnull = 0x2222211f
                0x000000002222222f                _memmap_cacheattr_bp_trapnull = 0x2222222f
                0x00000000fffff11f                _memmap_cacheattr_wb_strict = 0xfffff11f
                0x00000000fffff11f                _memmap_cacheattr_wt_strict = 0xfffff11f
                0x00000000fffff22f                _memmap_cacheattr_bp_strict = 0xfffff22f
                0x0000000022222112                _memmap_cacheattr_wb_allvalid = 0x22222112
                0x0000000022222112                _memmap_cacheattr_wt_allvalid = 0x22222112
                0x0000000022222222                _memmap_cacheattr_bp_allvalid = 0x22222222
                [!provide]                        PROVIDE (_memmap_cacheattr_reset, _memmap_cacheattr_wb_trapnull)

.dport0.rodata  0x000000003ff00000        0x0
                0x000000003ff00000                _dport0_rodata_start = ABSOLUTE (.)
 *(.dport0.rodata)
 *(.dport.rodata)
                0x000000003ff00000                _dport0_rodata_end = ABSOLUTE (.)

.dport0.literal
                0x000000003ff00000        0x0
                0x000000003ff00000                _dport0_literal_start = ABSOLUTE (.)
 *(.dport0.literal)
 *(.dport.literal)
                0x000000003ff00000                _dport0_literal_end = ABSOLUTE (.)

.dport0.data    0x000000003ff00000        0x0
                0x000000003ff00000                _dport0_data_start = ABSOLUTE (.)
 *(.dport0.data)
 *(.dport.data)
                0x000000003ff00000                _dport0_data_end = ABSOLUTE (.)

.data           0x000000003ffe8000      0x898
                0x000000003ffe8000                _data_start = ABSOLUTE (.)
 *(.data)
 .data          0x000000003ffe8000        0x0 /home/stoffer/esp8266/esp-open-sdk/sdk/lib/libmain.a(debug-vector.o)
 .data          0x000000003ffe8000        0x0 /home/stoffer/esp8266/esp-open-sdk/sdk/lib/libmain.a(double-vector.o)
 .data          0x000000003ffe8000        0x0 /home/stoffer/esp8266/esp-open-sdk/sdk/lib/libmain.a(kernel-vector.o)
 .data          0x000000003ffe8000        0x4 /home/stoffer/esp8266/esp-open-sdk/sdk/lib/libmain.a(nmi-vector.o)
                0x000000003ffe8000                _Pri_3_HandlerAddress
 .data          0x000000003ffe8004        0x0 /home/stoffer/esp8266/esp-open-sdk/sdk/lib/libmain.a(user-vector.o)
 .data          0x000000003ffe8004        0x0 /home/stoffer/esp8266/esp-open-sdk/sdk/lib/libmain.a(vector.o)
 .data          0x000000003ffe8004        0x1 /home/stoffer/esp8266/esp-open-sdk/sdk/lib/libmain.a(app_main.o)
 .data          0x000000003ffe8005        0x0 /home/stoffer/esp8266/esp-open-sdk/sdk/lib/libmain.a(ets_timer.o)
 .data          0x000000003ffe8005        0x0 /home/stoffer/esp8266/esp-open-sdk/sdk/lib/libmain.a(mem_manager.o)
 .data          0x000000003ffe8005        0x0 /home/stoffer/esp8266/esp-open-sdk/sdk/lib/libmain.a(spi_flash.o)
 *fill*         0x000000003ffe8005        0x3 
 .data          0x000000003ffe8008        0x6 /home/stoffer/esp8266/esp-open-sdk/sdk/lib/libmain.a(user_interface.o)
                0x000000003ffe8009                timer2_ms_flag
                0x000000003ffe800a                dhcps_flag
                0x000000003ffe800b                dhcpc_flag
                0x000000003ffe800d                reconnect_internal
 .data          0x000000003ffe800e        0x0 /home/stoffer/esp8266/esp-open-sdk/sdk/lib/libmain.a(eagle_lib.o)
 *fill*         0x000000003ffe800e        0x2 
 .data          0x000000003ffe8010        0x1 /home/stoffer/esp8266/esp-open-sdk/sdk/lib/libmain.a(eagle_lwip_if.o)
                0x000000003ffe8010                default_hostname
 .data          0x000000003ffe8011        0x0 build/app_app.a(user_main.o)
 .data          0x000000003ffe8011        0x0 build/app_app.a(captdns.o)
 .data          0x000000003ffe8011        0x0 build/app_app.a(led.o)
 *fill*         0x000000003ffe8011        0x3 
 .data          0x000000003ffe8014       0x9c build/app_app.a(httpd_user_init.o)
                0x000000003ffe8014                builtInUrls
 .data          0x000000003ffe80b0        0x0 build/app_app.a(httpd.o)
 .data          0x000000003ffe80b0        0x0 build/app_app.a(crypto.o)
 .data          0x000000003ffe80b0        0x0 build/app_app.a(sha256.o)
 .data          0x000000003ffe80b0        0x0 build/app_app.a(aes.o)
 .data          0x000000003ffe80b0        0x0 build/app_app.a(kmp_request.o)
 .data          0x000000003ffe80b0        0x0 build/app_app.a(kmp.o)
 .data          0x000000003ffe80b0        0x0 build/app_app.a(cron.o)
 .data          0x000000003ffe80b0        0x4 build/app_app.a(ac_out.o)
                0x000000003ffe80b0                ac_pwm_state
 .data          0x000000003ffe80b4        0x0 build/app_app.a(uart.o)
 .data          0x000000003ffe80b4        0x0 build/app_app.a(mqtt.o)
 .data          0x000000003ffe80b4        0x0 build/app_app.a(mqtt_msg.o)
 .data          0x000000003ffe80b4        0x0 build/app_app.a(queue.o)
 .data          0x000000003ffe80b4        0x0 build/app_app.a(mqtt_utils.o)
 .data          0x000000003ffe80b4        0x0 build/app_app.a(proto.o)
 .data          0x000000003ffe80b4        0x0 build/app_app.a(config.o)
 .data          0x000000003ffe80b4        0x1 build/app_app.a(wifi.o)
                0x000000003ffe80b4                rssi
 .data          0x000000003ffe80b5        0x0 build/app_app.a(cgiwifi.o)
 .data          0x000000003ffe80b5        0x0 build/app_app.a(tinyprintf.o)
 .data          0x000000003ffe80b5        0x0 build/app_app.a(unix_time.o)
 .data          0x000000003ffe80b5        0x0 build/app_app.a(cgi.o)
 .data          0x000000003ffe80b5        0x0 build/app_app.a(httpdespfs.o)
 .data          0x000000003ffe80b5        0x0 build/app_app.a(espfs.o)
 .data          0x000000003ffe80b5        0x0 build/app_app.a(heatshrink_decoder.o)
 .data          0x000000003ffe80b5        0x0 build/app_app.a(utils.o)
 .data          0x000000003ffe80b5        0x0 build/app_app.a(hmac-sha256.o)
 .data          0x000000003ffe80b5        0x0 build/app_app.a(ringbuf.o)
 .data          0x000000003ffe80b5        0x0 /home/stoffer/esp8266/esp-open-sdk/xtensa-lx106-elf/lib/gcc/xtensa-lx106-elf/4.8.5/../../../../xtensa-lx106-elf/lib/libc.a(lib_a-atoi.o)
 .data          0x000000003ffe80b5        0x0 /home/stoffer/esp8266/esp-open-sdk/xtensa-lx106-elf/lib/gcc/xtensa-lx106-elf/4.8.5/../../../../xtensa-lx106-elf/lib/libc.a(lib_a-gmtime.o)
 .data          0x000000003ffe80b5        0x0 /home/stoffer/esp8266/esp-open-sdk/xtensa-lx106-elf/lib/gcc/xtensa-lx106-elf/4.8.5/../../../../xtensa-lx106-elf/lib/libc.a(lib_a-gmtime_r.o)
 *fill*         0x000000003ffe80b5        0x3 
 .data          0x000000003ffe80b8      0x430 /home/stoffer/esp8266/esp-open-sdk/xtensa-lx106-elf/lib/gcc/xtensa-lx106-elf/4.8.5/../../../../xtensa-lx106-elf/lib/libc.a(lib_a-impure.o)
                0x000000003ffe80b8                _impure_ptr
 .data          0x000000003ffe84e8        0x0 /home/stoffer/esp8266/esp-open-sdk/xtensa-lx106-elf/lib/gcc/xtensa-lx106-elf/4.8.5/../../../../xtensa-lx106-elf/lib/libc.a(lib_a-memcpy.o)
 .data          0x000000003ffe84e8        0x0 /home/stoffer/esp8266/esp-open-sdk/xtensa-lx106-elf/lib/gcc/xtensa-lx106-elf/4.8.5/../../../../xtensa-lx106-elf/lib/libc.a(lib_a-memset.o)
 .data          0x000000003ffe84e8        0x0 /home/stoffer/esp8266/esp-open-sdk/xtensa-lx106-elf/lib/gcc/xtensa-lx106-elf/4.8.5/../../../../xtensa-lx106-elf/lib/libc.a(lib_a-mktm_r.o)
 .data          0x000000003ffe84e8        0x0 /home/stoffer/esp8266/esp-open-sdk/xtensa-lx106-elf/lib/gcc/xtensa-lx106-elf/4.8.5/../../../../xtensa-lx106-elf/lib/libc.a(lib_a-strcat.o)
 .data          0x000000003ffe84e8        0x0 /home/stoffer/esp8266/esp-open-sdk/xtensa-lx106-elf/lib/gcc/xtensa-lx106-elf/4.8.5/../../../../xtensa-lx106-elf/lib/libc.a(lib_a-strlen.o)
 .data          0x000000003ffe84e8        0x0 /home/stoffer/esp8266/esp-open-sdk/xtensa-lx106-elf/lib/gcc/xtensa-lx106-elf/4.8.5/../../../../xtensa-lx106-elf/lib/libc.a(lib_a-strtok.o)
 .data          0x000000003ffe84e8        0x0 /home/stoffer/esp8266/esp-open-sdk/xtensa-lx106-elf/lib/gcc/xtensa-lx106-elf/4.8.5/../../../../xtensa-lx106-elf/lib/libc.a(lib_a-strtok_r.o)
 .data          0x000000003ffe84e8        0x0 /home/stoffer/esp8266/esp-open-sdk/xtensa-lx106-elf/lib/gcc/xtensa-lx106-elf/4.8.5/../../../../xtensa-lx106-elf/lib/libc.a(lib_a-strtol.o)
 .data          0x000000003ffe84e8        0x0 /home/stoffer/esp8266/esp-open-sdk/xtensa-lx106-elf/lib/gcc/xtensa-lx106-elf/4.8.5/../../../../xtensa-lx106-elf/lib/libc.a(lib_a-tzlock.o)
 .data          0x000000003ffe84e8        0x8 /home/stoffer/esp8266/esp-open-sdk/xtensa-lx106-elf/lib/gcc/xtensa-lx106-elf/4.8.5/../../../../xtensa-lx106-elf/lib/libc.a(lib_a-tzvars.o)
                0x000000003ffe84e8                _tzname
 .data          0x000000003ffe84f0        0x4 /home/stoffer/esp8266/esp-open-sdk/xtensa-lx106-elf/lib/gcc/xtensa-lx106-elf/4.8.5/../../../../xtensa-lx106-elf/lib/libc.a(lib_a-ctype_.o)
                0x000000003ffe84f0                __ctype_ptr__
 .data          0x000000003ffe84f4       0x40 /home/stoffer/esp8266/esp-open-sdk/xtensa-lx106-elf/lib/gcc/xtensa-lx106-elf/4.8.5/../../../../xtensa-lx106-elf/lib/libc.a(lib_a-gettzinfo.o)
 .data          0x000000003ffe8534        0x0 /home/stoffer/esp8266/esp-open-sdk/sdk/lib/libgcc.a(_modsi3.o)
 .data          0x000000003ffe8534        0x0 /home/stoffer/esp8266/esp-open-sdk/xtensa-lx106-elf/xtensa-lx106-elf/sysroot/usr/lib/libhal.a(int_asm--set_intclear.o)
 .data          0x000000003ffe8534        0x0 /home/stoffer/esp8266/esp-open-sdk/sdk/lib/libphy.a(phy.o)
 .data          0x000000003ffe8534        0x0 /home/stoffer/esp8266/esp-open-sdk/sdk/lib/libphy.a(phy_chip_v6_ana.o)
 *fill*         0x000000003ffe8534        0xc 
 .data          0x000000003ffe8540       0x53 /home/stoffer/esp8266/esp-open-sdk/sdk/lib/libphy.a(phy_chip_v6.o)
                0x000000003ffe8542                tx_rf_ana_gain
                0x000000003ffe8570                rx_gain_swp
                0x000000003ffe8590                test_rffreq_txcap
 *fill*         0x000000003ffe8593        0x1 
 .data          0x000000003ffe8594        0x1 /home/stoffer/esp8266/esp-open-sdk/sdk/lib/libphy.a(phy_chip_v6_cal.o)
                0x000000003ffe8594                rfcal_bb_atten_init
 .data          0x000000003ffe8595        0x0 /home/stoffer/esp8266/esp-open-sdk/sdk/lib/libphy.a(phy_chip_v6_unused.o)
 *fill*         0x000000003ffe8595        0x3 
 .data          0x000000003ffe8598        0x4 /home/stoffer/esp8266/esp-open-sdk/sdk/lib/libphy.a(phy_sleep.o)
                0x000000003ffe8598                chip_version
 .data          0x000000003ffe859c        0x0 /home/stoffer/esp8266/esp-open-sdk/sdk/lib/libpp.a(if_hwctrl.o)
 .data          0x000000003ffe859c        0x0 /home/stoffer/esp8266/esp-open-sdk/sdk/lib/libpp.a(lmac.o)
 .data          0x000000003ffe859c        0x1 /home/stoffer/esp8266/esp-open-sdk/sdk/lib/libpp.a(pm.o)
 *fill*         0x000000003ffe859d        0x3 
 .data          0x000000003ffe85a0        0x1 /home/stoffer/esp8266/esp-open-sdk/sdk/lib/libpp.a(pm_for_bcn_only_mode.o)
 *fill*         0x000000003ffe85a1        0x3 
 .data          0x000000003ffe85a4       0x1c /home/stoffer/esp8266/esp-open-sdk/sdk/lib/libpp.a(pp.o)
                0x000000003ffe85a4                soft_wdt_interval
                0x000000003ffe85a8                NoiseTimerInterval
                0x000000003ffe85b0                sleep_start_wait_time
                0x000000003ffe85b8                CanDoFreqCal
                0x000000003ffe85bc                tcb
 .data          0x000000003ffe85c0       0x40 /home/stoffer/esp8266/esp-open-sdk/sdk/lib/libpp.a(rate_control.o)
 .data          0x000000003ffe8600      0x24c /home/stoffer/esp8266/esp-open-sdk/sdk/lib/libpp.a(trc.o)
 .data          0x000000003ffe884c        0x8 /home/stoffer/esp8266/esp-open-sdk/sdk/lib/libpp.a(wdev.o)
 .data          0x000000003ffe8854        0x0 /home/stoffer/esp8266/esp-open-sdk/sdk/lib/libpp.a(esf_buf.o)
 .data          0x000000003ffe8854        0x0 /home/stoffer/esp8266/esp-open-sdk/sdk/lib/libnet80211.a(ieee80211.o)
 .data          0x000000003ffe8854        0x0 /home/stoffer/esp8266/esp-open-sdk/sdk/lib/libnet80211.a(ieee80211_crypto.o)
 .data          0x000000003ffe8854        0x0 /home/stoffer/esp8266/esp-open-sdk/sdk/lib/libnet80211.a(ieee80211_ets.o)
 .data          0x000000003ffe8854        0x1 /home/stoffer/esp8266/esp-open-sdk/sdk/lib/libnet80211.a(ieee80211_hostap.o)
                0x000000003ffe8854                TmpSTAAPCloseAP
 .data          0x000000003ffe8855        0x0 /home/stoffer/esp8266/esp-open-sdk/sdk/lib/libnet80211.a(ieee80211_ht.o)
 .data          0x000000003ffe8855        0x0 /home/stoffer/esp8266/esp-open-sdk/sdk/lib/libnet80211.a(ieee80211_input.o)
 .data          0x000000003ffe8855        0x0 /home/stoffer/esp8266/esp-open-sdk/sdk/lib/libnet80211.a(ieee80211_mesh_quick.o)
 .data          0x000000003ffe8855        0x0 /home/stoffer/esp8266/esp-open-sdk/sdk/lib/libnet80211.a(ieee80211_output.o)
 .data          0x000000003ffe8855        0x0 /home/stoffer/esp8266/esp-open-sdk/sdk/lib/libnet80211.a(ieee80211_phy.o)
 .data          0x000000003ffe8855        0x0 /home/stoffer/esp8266/esp-open-sdk/sdk/lib/libnet80211.a(ieee80211_power.o)
 .data          0x000000003ffe8855        0x0 /home/stoffer/esp8266/esp-open-sdk/sdk/lib/libnet80211.a(ieee80211_proto.o)
 .data          0x000000003ffe8855        0x0 /home/stoffer/esp8266/esp-open-sdk/sdk/lib/libnet80211.a(ieee80211_rfid.o)
 .data          0x000000003ffe8855        0x0 /home/stoffer/esp8266/esp-open-sdk/sdk/lib/libnet80211.a(ieee80211_scan.o)
 .data          0x000000003ffe8855        0x0 /home/stoffer/esp8266/esp-open-sdk/sdk/lib/libnet80211.a(ieee80211_sta.o)
 .data          0x000000003ffe8855        0x0 /home/stoffer/esp8266/esp-open-sdk/sdk/lib/libnet80211.a(wl_chm.o)
 *fill*         0x000000003ffe8855        0x3 
 .data          0x000000003ffe8858        0x1 /home/stoffer/esp8266/esp-open-sdk/sdk/lib/libnet80211.a(wl_cnx.o)
 *fill*         0x000000003ffe8859        0x7 
 .data          0x000000003ffe8860       0x1c /home/stoffer/esp8266/esp-open-sdk/sdk/lib/libnet80211.a(ieee80211_action.o)
 .data          0x000000003ffe887c        0x0 /home/stoffer/esp8266/esp-open-sdk/sdk/lib/libnet80211.a(ieee80211_action_vendor.o)
 .data          0x000000003ffe887c        0x0 /home/stoffer/esp8266/esp-open-sdk/sdk/lib/libnet80211.a(ieee80211_crypto_ccmp.o)
 .data          0x000000003ffe887c        0x0 /home/stoffer/esp8266/esp-open-sdk/sdk/lib/libnet80211.a(ieee80211_ie_vendor.o)
 .data          0x000000003ffe887c        0x4 /home/stoffer/esp8266/esp-open-sdk/sdk/lib/liblwip.a(dhcp.o)
 .data          0x000000003ffe8880        0x5 /home/stoffer/esp8266/esp-open-sdk/sdk/lib/liblwip.a(dhcpserver.o)
                0x000000003ffe8880                dhcps_lease_time
 .data          0x000000003ffe8885        0x0 /home/stoffer/esp8266/esp-open-sdk/sdk/lib/liblwip.a(dns.o)
 .data          0x000000003ffe8885        0x0 /home/stoffer/esp8266/esp-open-sdk/sdk/lib/liblwip.a(espconn.o)
 .data          0x000000003ffe8885        0x0 /home/stoffer/esp8266/esp-open-sdk/sdk/lib/liblwip.a(espconn_tcp.o)
 .data          0x000000003ffe8885        0x0 /home/stoffer/esp8266/esp-open-sdk/sdk/lib/liblwip.a(espconn_udp.o)
 .data          0x000000003ffe8885        0x0 /home/stoffer/esp8266/esp-open-sdk/sdk/lib/liblwip.a(etharp.o)
 .data          0x000000003ffe8885        0x0 /home/stoffer/esp8266/esp-open-sdk/sdk/lib/liblwip.a(igmp.o)
 .data          0x000000003ffe8885        0x0 /home/stoffer/esp8266/esp-open-sdk/sdk/lib/liblwip.a(inet_chksum.o)
 .data          0x000000003ffe8885        0x0 /home/stoffer/esp8266/esp-open-sdk/sdk/lib/liblwip.a(init.o)
 .data          0x000000003ffe8885        0x0 /home/stoffer/esp8266/esp-open-sdk/sdk/lib/liblwip.a(ip_addr.o)
 .data          0x000000003ffe8885        0x0 /home/stoffer/esp8266/esp-open-sdk/sdk/lib/liblwip.a(ip.o)
 *fill*         0x000000003ffe8885        0x3 
 .data          0x000000003ffe8888        0x2 /home/stoffer/esp8266/esp-open-sdk/sdk/lib/liblwip.a(memp.o)
                0x000000003ffe8888                memp_sizes_test
 .data          0x000000003ffe888a        0x0 /home/stoffer/esp8266/esp-open-sdk/sdk/lib/liblwip.a(netif.o)
 .data          0x000000003ffe888a        0x0 /home/stoffer/esp8266/esp-open-sdk/sdk/lib/liblwip.a(pbuf.o)
 .data          0x000000003ffe888a        0x0 /home/stoffer/esp8266/esp-open-sdk/sdk/lib/liblwip.a(raw.o)
 *fill*         0x000000003ffe888a        0x2 
 .data          0x000000003ffe888c        0x1 /home/stoffer/esp8266/esp-open-sdk/sdk/lib/liblwip.a(sntp.o)
                0x000000003ffe888c                time_zone
 .data          0x000000003ffe888d        0x0 /home/stoffer/esp8266/esp-open-sdk/sdk/lib/liblwip.a(tcp_in.o)
 *fill*         0x000000003ffe888d        0x3 
 .data          0x000000003ffe8890        0x8 /home/stoffer/esp8266/esp-open-sdk/sdk/lib/liblwip.a(tcp.o)
 .data          0x000000003ffe8898        0x0 /home/stoffer/esp8266/esp-open-sdk/sdk/lib/liblwip.a(tcp_out.o)
 .data          0x000000003ffe8898        0x0 /home/stoffer/esp8266/esp-open-sdk/sdk/lib/liblwip.a(timers.o)
 .data          0x000000003ffe8898        0x0 /home/stoffer/esp8266/esp-open-sdk/sdk/lib/liblwip.a(udp.o)
 .data          0x000000003ffe8898        0x0 /home/stoffer/esp8266/esp-open-sdk/sdk/lib/liblwip.a(icmp.o)
 .data          0x000000003ffe8898        0x0 /home/stoffer/esp8266/esp-open-sdk/sdk/lib/libwpa.a(ap_config.o)
 .data          0x000000003ffe8898        0x0 /home/stoffer/esp8266/esp-open-sdk/sdk/lib/libwpa.a(common.o)
 .data          0x000000003ffe8898        0x0 /home/stoffer/esp8266/esp-open-sdk/sdk/lib/libwpa.a(os_xtensa.o)
 .data          0x000000003ffe8898        0x0 /home/stoffer/esp8266/esp-open-sdk/sdk/lib/libwpa.a(wpa_auth.o)
 .data          0x000000003ffe8898        0x0 /home/stoffer/esp8266/esp-open-sdk/sdk/lib/libwpa.a(wpa_auth_ie.o)
 .data          0x000000003ffe8898        0x0 /home/stoffer/esp8266/esp-open-sdk/sdk/lib/libwpa.a(wpa.o)
 .data          0x000000003ffe8898        0x0 /home/stoffer/esp8266/esp-open-sdk/sdk/lib/libwpa.a(wpa_common.o)
 .data          0x000000003ffe8898        0x0 /home/stoffer/esp8266/esp-open-sdk/sdk/lib/libwpa.a(wpa_debug.o)
 .data          0x000000003ffe8898        0x0 /home/stoffer/esp8266/esp-open-sdk/sdk/lib/libwpa.a(wpa_ie.o)
 .data          0x000000003ffe8898        0x0 /home/stoffer/esp8266/esp-open-sdk/sdk/lib/libwpa.a(wpa_main.o)
 .data          0x000000003ffe8898        0x0 /home/stoffer/esp8266/esp-open-sdk/sdk/lib/libwpa.a(wpas_glue.o)
 .data          0x000000003ffe8898        0x0 /home/stoffer/esp8266/esp-open-sdk/sdk/lib/libwpa.a(aes-wrap.o)
 .data          0x000000003ffe8898        0x0 /home/stoffer/esp8266/esp-open-sdk/sdk/lib/libwpa.a(aes-internal-enc.o)
 .data          0x000000003ffe8898        0x0 /home/stoffer/esp8266/esp-open-sdk/sdk/lib/libwpa.a(aes-internal.o)
 .data          0x000000003ffe8898        0x0 /home/stoffer/esp8266/esp-open-sdk/sdk/lib/libgcc.a(_ashrdi3.o)
 .data          0x000000003ffe8898        0x0 /home/stoffer/esp8266/esp-open-sdk/sdk/lib/libgcc.a(_mulsf3.o)
 .data          0x000000003ffe8898        0x0 /home/stoffer/esp8266/esp-open-sdk/sdk/lib/libgcc.a(_divsf3.o)
 .data          0x000000003ffe8898        0x0 /home/stoffer/esp8266/esp-open-sdk/sdk/lib/libgcc.a(_fixsfsi.o)
 .data          0x000000003ffe8898        0x0 /home/stoffer/esp8266/esp-open-sdk/sdk/lib/libnet80211.a(ieee80211_crypto_tkip.o)
 .data          0x000000003ffe8898        0x0 /home/stoffer/esp8266/esp-open-sdk/sdk/lib/libnet80211.a(ieee80211_crypto_wep.o)
 *(.data.*)
 *(.gnu.linkonce.d.*)
 *(.data1)
 *(.sdata)
 *(.sdata.*)
 *(.gnu.linkonce.s.*)
 *(.sdata2)
 *(.sdata2.*)
 *(.gnu.linkonce.s2.*)
 *(.jcr)
                0x000000003ffe8898                _data_end = ABSOLUTE (.)

.rodata         0x000000003ffe88a0     0x1680
                0x000000003ffe88a0                _rodata_start = ABSOLUTE (.)
 *(.sdk.version)
 .sdk.version   0x000000003ffe88a0       0x10 /home/stoffer/esp8266/esp-open-sdk/sdk/lib/libmain.a(app_main.o)
                0x000000003ffe88a0                SDK_VERSION
 *(.rodata)
 .rodata        0x000000003ffe88b0       0x48 build/app_app.a(httpd.o)
 .rodata        0x000000003ffe88f8      0x120 build/app_app.a(sha256.o)
 .rodata        0x000000003ffe8a18      0x300 build/app_app.a(aes.o)
 .rodata        0x000000003ffe8d18       0xd4 build/app_app.a(kmp.o)
 .rodata        0x000000003ffe8dec       0x48 build/app_app.a(mqtt.o)
 .rodata        0x000000003ffe8e34       0x10 build/app_app.a(config.o)
 .rodata        0x000000003ffe8e44       0x24 build/app_app.a(heatshrink_decoder.o)
 .rodata        0x000000003ffe8e68      0x200 build/app_app.a(utils.o)
                0x000000003ffe8e68                ccit_crc16_table
 .rodata        0x000000003ffe9068        0x4 /home/stoffer/esp8266/esp-open-sdk/xtensa-lx106-elf/lib/gcc/xtensa-lx106-elf/4.8.5/../../../../xtensa-lx106-elf/lib/libc.a(lib_a-impure.o)
                0x000000003ffe9068                _global_impure_ptr
 .rodata        0x000000003ffe906c       0x68 /home/stoffer/esp8266/esp-open-sdk/xtensa-lx106-elf/lib/gcc/xtensa-lx106-elf/4.8.5/../../../../xtensa-lx106-elf/lib/libc.a(lib_a-mktm_r.o)
 .rodata        0x000000003ffe90d4      0x101 /home/stoffer/esp8266/esp-open-sdk/xtensa-lx106-elf/lib/gcc/xtensa-lx106-elf/4.8.5/../../../../xtensa-lx106-elf/lib/libc.a(lib_a-ctype_.o)
                0x000000003ffe90d4                _ctype_
 *fill*         0x000000003ffe91d5        0x3 
 .rodata        0x000000003ffe91d8        0x8 /home/stoffer/esp8266/esp-open-sdk/sdk/lib/libphy.a(phy_chip_v6_ana.o)
 .rodata        0x000000003ffe91e0        0x8 /home/stoffer/esp8266/esp-open-sdk/sdk/lib/libphy.a(phy_chip_v6.o)
 .rodata        0x000000003ffe91e8        0x4 /home/stoffer/esp8266/esp-open-sdk/sdk/lib/libpp.a(pp.o)
 .rodata        0x000000003ffe91ec        0x8 /home/stoffer/esp8266/esp-open-sdk/sdk/lib/libnet80211.a(ieee80211_hostap.o)
 .rodata        0x000000003ffe91f4        0x9 /home/stoffer/esp8266/esp-open-sdk/sdk/lib/libnet80211.a(ieee80211_output.o)
 *fill*         0x000000003ffe91fd        0x3 
 .rodata        0x000000003ffe9200        0x6 /home/stoffer/esp8266/esp-open-sdk/sdk/lib/liblwip.a(etharp.o)
                0x000000003ffe9200                ethbroadcast
 *fill*         0x000000003ffe9206        0xa 
 .rodata        0x000000003ffe9210       0xc0 /home/stoffer/esp8266/esp-open-sdk/sdk/lib/liblwip.a(sntp.o)
 *(.rodata.*)
 .rodata.str1.4
                0x000000003ffe92d0        0xc /home/stoffer/esp8266/esp-open-sdk/sdk/lib/libmain.a(app_main.o)
 .rodata.str1.4
                0x000000003ffe92dc        0x4 /home/stoffer/esp8266/esp-open-sdk/sdk/lib/libmain.a(ets_timer.o)
                                          0xc (size before relaxing)
 .rodata.str1.4
                0x000000003ffe92e0       0x1a /home/stoffer/esp8266/esp-open-sdk/sdk/lib/libmain.a(mem_manager.o)
 *fill*         0x000000003ffe92fa        0x2 
 .rodata.str1.4
                0x000000003ffe92fc      0x2d7 build/app_app.a(user_main.o)
                                        0x2eb (size before relaxing)
 *fill*         0x000000003ffe95d3        0x1 
 .rodata.str1.4
                0x000000003ffe95d4       0x11 build/app_app.a(captdns.o)
 *fill*         0x000000003ffe95e5        0x3 
 .rodata.str1.4
                0x000000003ffe95e8       0xa2 build/app_app.a(httpd_user_init.o)
                                         0xa6 (size before relaxing)
 *fill*         0x000000003ffe968a        0x2 
 .rodata.str1.4
                0x000000003ffe968c      0x176 build/app_app.a(httpd.o)
                                        0x186 (size before relaxing)
 *fill*         0x000000003ffe9802        0x2 
 .rodata.str1.4
                0x000000003ffe9804       0x36 build/app_app.a(crypto.o)
                                         0x3a (size before relaxing)
 *fill*         0x000000003ffe983a        0x2 
 .rodata.str1.4
                0x000000003ffe983c       0x11 build/app_app.a(sha256.o)
 *fill*         0x000000003ffe984d        0x3 
 .rodata.str1.4
                0x000000003ffe9850       0xfb build/app_app.a(kmp_request.o)
                                        0x10b (size before relaxing)
 *fill*         0x000000003ffe994b        0x1 
 .rodata.str1.4
                0x000000003ffe994c       0x8c build/app_app.a(kmp.o)
                                         0x9c (size before relaxing)
 .rodata.str1.4
                0x000000003ffe99d8       0xb9 build/app_app.a(cron.o)
                                         0xe1 (size before relaxing)
 *fill*         0x000000003ffe9a91        0x3 
 .rodata.str1.4
                0x000000003ffe9a94       0x6c build/app_app.a(ac_out.o)
 .rodata.str1.4
                0x000000003ffe9b00        0xb build/app_app.a(mqtt.o)
                                          0xf (size before relaxing)
 *fill*         0x000000003ffe9b0b        0x1 
 .rodata.str1.4
                0x000000003ffe9b0c        0x7 build/app_app.a(mqtt_msg.o)
 .rodata.str1.4
                0x000000003ffe9b13        0x1 build/app_app.a(queue.o)
 *fill*         0x000000003ffe9b13        0x1 
 .rodata.str1.4
                0x000000003ffe9b14       0x87 build/app_app.a(config.o)
                                         0x8b (size before relaxing)
 *fill*         0x000000003ffe9b9b        0x1 
 .rodata.str1.4
                0x000000003ffe9b9c       0xad build/app_app.a(wifi.o)
                                         0xb1 (size before relaxing)
 *fill*         0x000000003ffe9c49        0x3 
 .rodata.str1.4
                0x000000003ffe9c4c      0x1e5 build/app_app.a(cgiwifi.o)
                                        0x1f1 (size before relaxing)
 *fill*         0x000000003ffe9e31        0x3 
 .rodata.str1.4
                0x000000003ffe9e34       0x20 build/app_app.a(unix_time.o)
 .rodata.str1.4
                0x000000003ffe9e54       0x34 build/app_app.a(cgi.o)
                                         0x54 (size before relaxing)
 .rodata.str1.4
                0x000000003ffe9e88       0x32 build/app_app.a(httpdespfs.o)
                                         0x46 (size before relaxing)
 .rodata.str1.4
                0x000000003ffe9eba        0x1 build/app_app.a(espfs.o)
 .rodata.str1.4
                0x000000003ffe9eba        0x1 build/app_app.a(heatshrink_decoder.o)
 *fill*         0x000000003ffe9eba        0x2 
 .rodata.str1.4
                0x000000003ffe9ebc        0x8 build/app_app.a(utils.o)
                                          0xb (size before relaxing)
 .rodata.str1.1
                0x000000003ffe9ec4        0x2 /home/stoffer/esp8266/esp-open-sdk/xtensa-lx106-elf/lib/gcc/xtensa-lx106-elf/4.8.5/../../../../xtensa-lx106-elf/lib/libc.a(lib_a-impure.o)
 .rodata.str1.1
                0x000000003ffe9ec6        0x4 /home/stoffer/esp8266/esp-open-sdk/xtensa-lx106-elf/lib/gcc/xtensa-lx106-elf/4.8.5/../../../../xtensa-lx106-elf/lib/libc.a(lib_a-tzvars.o)
 *fill*         0x000000003ffe9eca        0x2 
 .rodata.str1.4
                0x000000003ffe9ecc        0x4 /home/stoffer/esp8266/esp-open-sdk/sdk/lib/libpp.a(lmac.o)
                                          0xc (size before relaxing)
 .rodata.str1.4
                0x000000003ffe9ed0        0x3 /home/stoffer/esp8266/esp-open-sdk/sdk/lib/libpp.a(pm.o)
                                          0xb (size before relaxing)
 *fill*         0x000000003ffe9ed3        0x1 
 .rodata.str1.4
                0x000000003ffe9ed4        0x4 /home/stoffer/esp8266/esp-open-sdk/sdk/lib/libpp.a(pm_for_bcn_only_mode.o)
                                          0xc (size before relaxing)
 .rodata.str1.4
                0x000000003ffe9ed8        0x8 /home/stoffer/esp8266/esp-open-sdk/sdk/lib/libpp.a(pp.o)
                                         0x10 (size before relaxing)
 .rodata.str1.4
                0x000000003ffe9ee0        0x4 /home/stoffer/esp8266/esp-open-sdk/sdk/lib/libpp.a(wdev.o)
                                          0xc (size before relaxing)
 .rodata.str1.4
                0x000000003ffe9ee4        0x3 /home/stoffer/esp8266/esp-open-sdk/sdk/lib/libnet80211.a(ieee80211_hostap.o)
                                          0x8 (size before relaxing)
 *fill*         0x000000003ffe9ee7        0x1 
 .rodata.str1.4
                0x000000003ffe9ee8        0x7 /home/stoffer/esp8266/esp-open-sdk/sdk/lib/libnet80211.a(ieee80211_mesh_quick.o)
 .rodata.str1.4
                0x000000003ffe9eef        0x4 /home/stoffer/esp8266/esp-open-sdk/sdk/lib/libnet80211.a(ieee80211_sta.o)
 .rodata.str1.4
                0x000000003ffe9eef        0x4 /home/stoffer/esp8266/esp-open-sdk/sdk/lib/libnet80211.a(ieee80211_action_vendor.o)
 .rodata.str1.4
                0x000000003ffe9eef        0x4 /home/stoffer/esp8266/esp-open-sdk/sdk/lib/libnet80211.a(ieee80211_ie_vendor.o)
 .rodata.str1.4
                0x000000003ffe9eef        0x1 /home/stoffer/esp8266/esp-open-sdk/sdk/lib/liblwip.a(espconn_tcp.o)
 *fill*         0x000000003ffe9eef        0x1 
 .rodata.str1.4
                0x000000003ffe9ef0       0x20 /home/stoffer/esp8266/esp-open-sdk/sdk/lib/liblwip.a(sntp.o)
 .rodata.str1.4
                0x000000003ffe9f10        0x8 /home/stoffer/esp8266/esp-open-sdk/sdk/lib/libwpa.a(wpa_debug.o)
                                          0xd (size before relaxing)
 *(.gnu.linkonce.r.*)
 *(.rodata1)
                0x000000003ffe9f18                __XT_EXCEPTION_TABLE__ = ABSOLUTE (.)
 *(.xt_except_table)
 *(.gcc_except_table)
 *(.gnu.linkonce.e.*)
 *(.gnu.version_r)
 *(.eh_frame)
 *crtbegin.o(.ctors)
 *(EXCLUDE_FILE(*crtend.o) .ctors)
 *(SORT(.ctors.*))
 *(.ctors)
 *crtbegin.o(.dtors)
 *(EXCLUDE_FILE(*crtend.o) .dtors)
 *(SORT(.dtors.*))
 *(.dtors)
                0x000000003ffe9f18                __XT_EXCEPTION_DESCS__ = ABSOLUTE (.)
 *(.xt_except_desc)
 *(.gnu.linkonce.h.*)
                0x000000003ffe9f18                __XT_EXCEPTION_DESCS_END__ = ABSOLUTE (.)
 *(.xt_except_desc_end)
 *(.dynamic)
 *(.gnu.version_d)
                0x000000003ffe9f18                . = ALIGN (0x4)
                0x000000003ffe9f18                _bss_table_start = ABSOLUTE (.)
                0x000000003ffe9f18        0x4 LONG 0x3ffe9f20 _bss_start
                0x000000003ffe9f1c        0x4 LONG 0x3fff3a28 _bss_end
                0x000000003ffe9f20                _bss_table_end = ABSOLUTE (.)
                0x000000003ffe9f20                _rodata_end = ABSOLUTE (.)

.bss            0x000000003ffe9f20     0x9b08
                0x000000003ffe9f20                . = ALIGN (0x8)
                0x000000003ffe9f20                _bss_start = ABSOLUTE (.)
 *(.dynsbss)
 *(.sbss)
 *(.sbss.*)
 *(.gnu.linkonce.sb.*)
 *(.scommon)
 *(.sbss2)
 *(.sbss2.*)
 *(.gnu.linkonce.sb2.*)
 *(.dynbss)
 *(.bss)
 .bss           0x000000003ffe9f20        0x0 /home/stoffer/esp8266/esp-open-sdk/sdk/lib/libmain.a(debug-vector.o)
 .bss           0x000000003ffe9f20        0x0 /home/stoffer/esp8266/esp-open-sdk/sdk/lib/libmain.a(double-vector.o)
 .bss           0x000000003ffe9f20        0x0 /home/stoffer/esp8266/esp-open-sdk/sdk/lib/libmain.a(kernel-vector.o)
 .bss           0x000000003ffe9f20      0x1c0 /home/stoffer/esp8266/esp-open-sdk/sdk/lib/libmain.a(nmi-vector.o)
 .bss           0x000000003ffea0e0        0x0 /home/stoffer/esp8266/esp-open-sdk/sdk/lib/libmain.a(user-vector.o)
 .bss           0x000000003ffea0e0        0x0 /home/stoffer/esp8266/esp-open-sdk/sdk/lib/libmain.a(vector.o)
 .bss           0x000000003ffea0e0       0x41 /home/stoffer/esp8266/esp-open-sdk/sdk/lib/libmain.a(app_main.o)
                0x000000003ffea0e4                info
                0x000000003ffea108                lwip_timer_interval
                0x000000003ffea10c                check_timeouts_timer
                0x000000003ffea120                user_init_flag
 *fill*         0x000000003ffea121        0xf 
 .bss           0x000000003ffea130       0x30 /home/stoffer/esp8266/esp-open-sdk/sdk/lib/libmain.a(ets_timer.o)
                0x000000003ffea130                dbg_timer_flag
                0x000000003ffea134                timer_list
                0x000000003ffea138                debug_timer
                0x000000003ffea13c                debug_timerfn
 .bss           0x000000003ffea160       0x3c /home/stoffer/esp8266/esp-open-sdk/sdk/lib/libmain.a(mem_manager.o)
 .bss           0x000000003ffea19c        0x4 /home/stoffer/esp8266/esp-open-sdk/sdk/lib/libmain.a(spi_flash.o)
                0x000000003ffea19c                flash_read
 .bss           0x000000003ffea1a0      0x242 /home/stoffer/esp8266/esp-open-sdk/sdk/lib/libmain.a(user_interface.o)
                0x000000003ffea297                deep_sleep_flag
                0x000000003ffea298                cpu_overclock
                0x000000003ffea29c                event_cb
                0x000000003ffea2a0                status_led_output_level
                0x000000003ffea2a4                done_cb
                0x000000003ffea2a8                rst_if
                0x000000003ffea2c4                default_interface
                0x000000003ffea2c5                OpmodChgIsOnGoing
                0x000000003ffea2c8                promiscuous_cb
                0x000000003ffea2e0                event_TaskQueue
 .bss           0x000000003ffea3e2        0x0 /home/stoffer/esp8266/esp-open-sdk/sdk/lib/libmain.a(eagle_lib.o)
 *fill*         0x000000003ffea3e2        0x2 
 .bss           0x000000003ffea3e4        0xc /home/stoffer/esp8266/esp-open-sdk/sdk/lib/libmain.a(eagle_lwip_if.o)
                0x000000003ffea3e4                hostname
 .bss           0x000000003ffea3f0       0x54 build/app_app.a(user_main.o)
                0x000000003ffea3f0                counter
 .bss           0x000000003ffea444       0x2c build/app_app.a(captdns.o)
 .bss           0x000000003ffea470       0x14 build/app_app.a(led.o)
 .bss           0x000000003ffea484        0x0 build/app_app.a(httpd_user_init.o)
 .bss           0x000000003ffea484     0x21f4 build/app_app.a(httpd.o)
 .bss           0x000000003ffec678        0x0 build/app_app.a(crypto.o)
 .bss           0x000000003ffec678        0x0 build/app_app.a(sha256.o)
 .bss           0x000000003ffec678       0xbc build/app_app.a(aes.o)
 .bss           0x000000003ffec734       0x44 build/app_app.a(kmp_request.o)
                0x000000003ffec734                kmp_serial
 .bss           0x000000003ffec778        0x0 build/app_app.a(kmp.o)
 .bss           0x000000003ffec778       0x14 build/app_app.a(cron.o)
 .bss           0x000000003ffec78c       0x3c build/app_app.a(ac_out.o)
 .bss           0x000000003ffec7c8        0x0 build/app_app.a(uart.o)
 .bss           0x000000003ffec7c8        0x8 build/app_app.a(mqtt.o)
                0x000000003ffec7c8                default_private_key_len
                0x000000003ffec7cc                default_certificate_len
 .bss           0x000000003ffec7d0        0x0 build/app_app.a(mqtt_msg.o)
 .bss           0x000000003ffec7d0        0x0 build/app_app.a(queue.o)
 .bss           0x000000003ffec7d0        0x0 build/app_app.a(mqtt_utils.o)
 .bss           0x000000003ffec7d0        0x0 build/app_app.a(proto.o)
 .bss           0x000000003ffec7d0       0x14 build/app_app.a(config.o)
 .bss           0x000000003ffec7e4       0x4c build/app_app.a(wifi.o)
                0x000000003ffec7e4                get_rssi_running
                0x000000003ffec7e5                wifi_reconnect
                0x000000003ffec7e6                wifi_scan_runnning
                0x000000003ffec7e7                wifi_fallback_last_present
                0x000000003ffec7e8                wifi_fallback_present
                0x000000003ffec7e9                wifi_interrupted
                0x000000003ffec7ea                wifi_present
                0x000000003ffec7ec                wifi_cb
 .bss           0x000000003ffec830       0x14 build/app_app.a(cgiwifi.o)
 .bss           0x000000003ffec844        0x8 build/app_app.a(tinyprintf.o)
 .bss           0x000000003ffec84c       0x30 build/app_app.a(unix_time.o)
                0x000000003ffec84c                ntp_offline_second_counter
                0x000000003ffec850                init_time
 .bss           0x000000003ffec87c        0x5 build/app_app.a(cgi.o)
 .bss           0x000000003ffec881        0x0 build/app_app.a(httpdespfs.o)
 .bss           0x000000003ffec881        0x0 build/app_app.a(espfs.o)
 .bss           0x000000003ffec881        0x0 build/app_app.a(heatshrink_decoder.o)
 .bss           0x000000003ffec881        0x0 build/app_app.a(utils.o)
 .bss           0x000000003ffec881        0x0 build/app_app.a(hmac-sha256.o)
 .bss           0x000000003ffec881        0x0 build/app_app.a(ringbuf.o)
 .bss           0x000000003ffec881        0x0 /home/stoffer/esp8266/esp-open-sdk/xtensa-lx106-elf/lib/gcc/xtensa-lx106-elf/4.8.5/../../../../xtensa-lx106-elf/lib/libc.a(lib_a-atoi.o)
 .bss           0x000000003ffec881        0x0 /home/stoffer/esp8266/esp-open-sdk/xtensa-lx106-elf/lib/gcc/xtensa-lx106-elf/4.8.5/../../../../xtensa-lx106-elf/lib/libc.a(lib_a-gmtime.o)
 .bss           0x000000003ffec881        0x0 /home/stoffer/esp8266/esp-open-sdk/xtensa-lx106-elf/lib/gcc/xtensa-lx106-elf/4.8.5/../../../../xtensa-lx106-elf/lib/libc.a(lib_a-gmtime_r.o)
 .bss           0x000000003ffec881        0x0 /home/stoffer/esp8266/esp-open-sdk/xtensa-lx106-elf/lib/gcc/xtensa-lx106-elf/4.8.5/../../../../xtensa-lx106-elf/lib/libc.a(lib_a-impure.o)
 .bss           0x000000003ffec881        0x0 /home/stoffer/esp8266/esp-open-sdk/xtensa-lx106-elf/lib/gcc/xtensa-lx106-elf/4.8.5/../../../../xtensa-lx106-elf/lib/libc.a(lib_a-memcpy.o)
 .bss           0x000000003ffec881        0x0 /home/stoffer/esp8266/esp-open-sdk/xtensa-lx106-elf/lib/gcc/xtensa-lx106-elf/4.8.5/../../../../xtensa-lx106-elf/lib/libc.a(lib_a-memset.o)
 .bss           0x000000003ffec881        0x0 /home/stoffer/esp8266/esp-open-sdk/xtensa-lx106-elf/lib/gcc/xtensa-lx106-elf/4.8.5/../../../../xtensa-lx106-elf/lib/libc.a(lib_a-mktm_r.o)
 .bss           0x000000003ffec881        0x0 /home/stoffer/esp8266/esp-open-sdk/xtensa-lx106-elf/lib/gcc/xtensa-lx106-elf/4.8.5/../../../../xtensa-lx106-elf/lib/libc.a(lib_a-strcat.o)
 .bss           0x000000003ffec881        0x0 /home/stoffer/esp8266/esp-open-sdk/xtensa-lx106-elf/lib/gcc/xtensa-lx106-elf/4.8.5/../../../../xtensa-lx106-elf/lib/libc.a(lib_a-strlen.o)
 .bss           0x000000003ffec881        0x0 /home/stoffer/esp8266/esp-open-sdk/xtensa-lx106-elf/lib/gcc/xtensa-lx106-elf/4.8.5/../../../../xtensa-lx106-elf/lib/libc.a(lib_a-strtok.o)
 .bss           0x000000003ffec881        0x0 /home/stoffer/esp8266/esp-open-sdk/xtensa-lx106-elf/lib/gcc/xtensa-lx106-elf/4.8.5/../../../../xtensa-lx106-elf/lib/libc.a(lib_a-strtok_r.o)
 .bss           0x000000003ffec881        0x0 /home/stoffer/esp8266/esp-open-sdk/xtensa-lx106-elf/lib/gcc/xtensa-lx106-elf/4.8.5/../../../../xtensa-lx106-elf/lib/libc.a(lib_a-strtol.o)
 .bss           0x000000003ffec881        0x0 /home/stoffer/esp8266/esp-open-sdk/xtensa-lx106-elf/lib/gcc/xtensa-lx106-elf/4.8.5/../../../../xtensa-lx106-elf/lib/libc.a(lib_a-tzlock.o)
 *fill*         0x000000003ffec881        0x3 
 .bss           0x000000003ffec884        0x8 /home/stoffer/esp8266/esp-open-sdk/xtensa-lx106-elf/lib/gcc/xtensa-lx106-elf/4.8.5/../../../../xtensa-lx106-elf/lib/libc.a(lib_a-tzvars.o)
                0x000000003ffec884                _timezone
                0x000000003ffec888                _daylight
 .bss           0x000000003ffec88c        0x0 /home/stoffer/esp8266/esp-open-sdk/xtensa-lx106-elf/lib/gcc/xtensa-lx106-elf/4.8.5/../../../../xtensa-lx106-elf/lib/libc.a(lib_a-ctype_.o)
 .bss           0x000000003ffec88c        0x0 /home/stoffer/esp8266/esp-open-sdk/xtensa-lx106-elf/lib/gcc/xtensa-lx106-elf/4.8.5/../../../../xtensa-lx106-elf/lib/libc.a(lib_a-gettzinfo.o)
 .bss           0x000000003ffec88c        0x0 /home/stoffer/esp8266/esp-open-sdk/sdk/lib/libgcc.a(_modsi3.o)
 .bss           0x000000003ffec88c        0x0 /home/stoffer/esp8266/esp-open-sdk/xtensa-lx106-elf/xtensa-lx106-elf/sysroot/usr/lib/libhal.a(int_asm--set_intclear.o)
 .bss           0x000000003ffec88c        0x4 /home/stoffer/esp8266/esp-open-sdk/sdk/lib/libphy.a(phy.o)
 .bss           0x000000003ffec890        0x2 /home/stoffer/esp8266/esp-open-sdk/sdk/lib/libphy.a(phy_chip_v6_ana.o)
                0x000000003ffec890                tout_dis_txpwr_track
                0x000000003ffec891                sleep_mode_flag
 *fill*         0x000000003ffec892        0x6 
 .bss           0x000000003ffec898      0x15b /home/stoffer/esp8266/esp-open-sdk/sdk/lib/libphy.a(phy_chip_v6.o)
                0x000000003ffec898                g_phyFuns
                0x000000003ffec89c                rxiq_compute_num
                0x000000003ffec8a0                rx_table_renew_en
                0x000000003ffec8a4                check_result
                0x000000003ffec8a8                chip6_sleep_params
                0x000000003ffec93c                chip6_phy_init_ctrl
                0x000000003ffec9b0                phy_freq_offset
                0x000000003ffec9b2                do_pwctrl_flag
                0x000000003ffec9b3                txbk_dpdby_flag
                0x000000003ffec9b5                sw_scan_mode
                0x000000003ffec9b6                rxmax_ext_level
                0x000000003ffec9b8                phy_rx_gain_dc_table
                0x000000003ffec9cc                periodic_cal_dc_num
                0x000000003ffec9d0                periodic_cal_flag
                0x000000003ffec9d1                bbpll_cal_flag
                0x000000003ffec9d2                phy_in_most_power
                0x000000003ffec9d3                init_rf_no_cal
                0x000000003ffec9d4                test_print_time
                0x000000003ffec9d8                phy_rx_gain_dc_flag
                0x000000003ffec9d9                phy_in_vdd33_offset
                0x000000003ffec9da                phy_set_most_tpw_disbg
                0x000000003ffec9db                phy_set_most_tpw_index
                0x000000003ffec9dc                adc_rand_noise
                0x000000003ffec9e0                dpd_bypass_original
                0x000000003ffec9e2                phy_txpwr_diff_flash
                0x000000003ffec9e8                noise_array
 *fill*         0x000000003ffec9f3        0x1 
 .bss           0x000000003ffec9f4        0x9 /home/stoffer/esp8266/esp-open-sdk/sdk/lib/libphy.a(phy_chip_v6_cal.o)
                0x000000003ffec9f4                phy_tx_power_out
                0x000000003ffec9f6                phy_tx_pwr_error
                0x000000003ffec9f8                tx_pwctrl_track_num
                0x000000003ffec9f9                rxiq_cover_fail_num
                0x000000003ffec9fa                phy_meas_freq_offset
                0x000000003ffec9fc                tx_pwctrl_pk_num
 .bss           0x000000003ffec9fd        0x0 /home/stoffer/esp8266/esp-open-sdk/sdk/lib/libphy.a(phy_chip_v6_unused.o)
 *fill*         0x000000003ffec9fd        0x3 
 .bss           0x000000003ffeca00        0x7 /home/stoffer/esp8266/esp-open-sdk/sdk/lib/libphy.a(phy_sleep.o)
                0x000000003ffeca00                periodic_cal_sat
                0x000000003ffeca02                lslp_mem_opt_8266
                0x000000003ffeca04                software_slp_reject
                0x000000003ffeca05                SDIO_slp_reject
                0x000000003ffeca06                hardware_reject
 *fill*         0x000000003ffeca07        0x9 
 .bss           0x000000003ffeca10       0x40 /home/stoffer/esp8266/esp-open-sdk/sdk/lib/libpp.a(if_hwctrl.o)
                0x000000003ffeca10                interface_mask
                0x000000003ffeca30                if_ctrl
 .bss           0x000000003ffeca50      0x150 /home/stoffer/esp8266/esp-open-sdk/sdk/lib/libpp.a(lmac.o)
                0x000000003ffeca54                lmacConfMib
                0x000000003ffeca78                our_tx_eb
 .bss           0x000000003ffecba0      0x11a /home/stoffer/esp8266/esp-open-sdk/sdk/lib/libpp.a(pm.o)
                0x000000003ffecba0                pmc
                0x000000003ffecc80                flash_tmp
 *fill*         0x000000003ffeccba        0x2 
 .bss           0x000000003ffeccbc       0x34 /home/stoffer/esp8266/esp-open-sdk/sdk/lib/libpp.a(pm_for_bcn_only_mode.o)
 .bss           0x000000003ffeccf0      0x322 /home/stoffer/esp8266/esp-open-sdk/sdk/lib/libpp.a(pp.o)
                0x000000003ffecd08                pend_flag_noise_check
                0x000000003ffecd10                pend_flag_periodic_cal
                0x000000003ffecd28                idle_timer_reopen_flag
                0x000000003ffecd2a                dbg_stop_sw_wdt
                0x000000003ffecd2b                dbg_stop_hw_wdt
                0x000000003ffecd2d                total_buffed_eb_num
                0x000000003ffecd30                HighestFreqOffsetInOneChk
                0x000000003ffecd32                LowestFreqOffsetInOneChk
                0x000000003ffecd34                DefFreqCalTimer
                0x000000003ffecd48                PktNumInOneChk
                0x000000003ffeced0                buffed_eb_arr
 *fill*         0x000000003ffed012        0xe 
 .bss           0x000000003ffed020      0x100 /home/stoffer/esp8266/esp-open-sdk/sdk/lib/libpp.a(rate_control.o)
 .bss           0x000000003ffed120      0x46c /home/stoffer/esp8266/esp-open-sdk/sdk/lib/libpp.a(trc.o)
 *fill*         0x000000003ffed58c        0x4 
 .bss           0x000000003ffed590     0x2f88 /home/stoffer/esp8266/esp-open-sdk/sdk/lib/libpp.a(wdev.o)
                0x000000003ffed590                wDevCtrl
                0x000000003ffed738                WdevTimOffSet
 *fill*         0x000000003fff0518        0x8 
 .bss           0x000000003fff0520      0xaa4 /home/stoffer/esp8266/esp-open-sdk/sdk/lib/libpp.a(esf_buf.o)
 .bss           0x000000003fff0fc4      0x67c /home/stoffer/esp8266/esp-open-sdk/sdk/lib/libnet80211.a(ieee80211.o)
                0x000000003fff0fc4                g_ic
 .bss           0x000000003fff1640        0x0 /home/stoffer/esp8266/esp-open-sdk/sdk/lib/libnet80211.a(ieee80211_crypto.o)
 .bss           0x000000003fff1640        0x0 /home/stoffer/esp8266/esp-open-sdk/sdk/lib/libnet80211.a(ieee80211_ets.o)
 .bss           0x000000003fff1640       0x56 /home/stoffer/esp8266/esp-open-sdk/sdk/lib/libnet80211.a(ieee80211_hostap.o)
                0x000000003fff1640                BcnEb_update
                0x000000003fff164d                BcnWithMcastSendStart
                0x000000003fff164e                BcnWithMcastSendCnt
                0x000000003fff1668                PendFreeBcnEb
                0x000000003fff166c                ApFreqCalTimer
                0x000000003fff1680                APRecvBcnStartTick
 .bss           0x000000003fff1696        0x0 /home/stoffer/esp8266/esp-open-sdk/sdk/lib/libnet80211.a(ieee80211_ht.o)
 .bss           0x000000003fff1696        0x0 /home/stoffer/esp8266/esp-open-sdk/sdk/lib/libnet80211.a(ieee80211_input.o)
 .bss           0x000000003fff1696        0x0 /home/stoffer/esp8266/esp-open-sdk/sdk/lib/libnet80211.a(ieee80211_mesh_quick.o)
 .bss           0x000000003fff1696        0x0 /home/stoffer/esp8266/esp-open-sdk/sdk/lib/libnet80211.a(ieee80211_output.o)
 .bss           0x000000003fff1696        0x0 /home/stoffer/esp8266/esp-open-sdk/sdk/lib/libnet80211.a(ieee80211_phy.o)
 .bss           0x000000003fff1696        0x0 /home/stoffer/esp8266/esp-open-sdk/sdk/lib/libnet80211.a(ieee80211_power.o)
 .bss           0x000000003fff1696        0x0 /home/stoffer/esp8266/esp-open-sdk/sdk/lib/libnet80211.a(ieee80211_proto.o)
 .bss           0x000000003fff1696        0x0 /home/stoffer/esp8266/esp-open-sdk/sdk/lib/libnet80211.a(ieee80211_rfid.o)
 *fill*         0x000000003fff1696        0x2 
 .bss           0x000000003fff1698       0xc8 /home/stoffer/esp8266/esp-open-sdk/sdk/lib/libnet80211.a(ieee80211_scan.o)
                0x000000003fff1698                gScanStruct
                0x000000003fff1744                connect_scan_flag
                0x000000003fff1745                FreqCalCntForScan
                0x000000003fff1746                TestStaFreqCalValInput
                0x000000003fff1748                auth_type
                0x000000003fff174a                scannum
 .bss           0x000000003fff1760       0x10 /home/stoffer/esp8266/esp-open-sdk/sdk/lib/libnet80211.a(ieee80211_sta.o)
 .bss           0x000000003fff1770       0x3c /home/stoffer/esp8266/esp-open-sdk/sdk/lib/libnet80211.a(wl_chm.o)
 *fill*         0x000000003fff17ac        0x4 
 .bss           0x000000003fff17b0      0x37e /home/stoffer/esp8266/esp-open-sdk/sdk/lib/libnet80211.a(wl_cnx.o)
                0x000000003fff1b10                sta_con_timer
                0x000000003fff1b24                backup_ni_connect_status
                0x000000003fff1b28                g_cnx_probe_rc_list_cb
                0x000000003fff1b2c                reconnect_flag
                0x000000003fff1b2d                no_ap_found_index
 .bss           0x000000003fff1b2e        0x0 /home/stoffer/esp8266/esp-open-sdk/sdk/lib/libnet80211.a(ieee80211_action.o)
 *fill*         0x000000003fff1b2e        0x2 
 .bss           0x000000003fff1b30       0x10 /home/stoffer/esp8266/esp-open-sdk/sdk/lib/libnet80211.a(ieee80211_action_vendor.o)
 .bss           0x000000003fff1b40        0x0 /home/stoffer/esp8266/esp-open-sdk/sdk/lib/libnet80211.a(ieee80211_crypto_ccmp.o)
 .bss           0x000000003fff1b40        0x0 /home/stoffer/esp8266/esp-open-sdk/sdk/lib/libnet80211.a(ieee80211_ie_vendor.o)
 .bss           0x000000003fff1b40       0x38 /home/stoffer/esp8266/esp-open-sdk/sdk/lib/liblwip.a(dhcp.o)
                0x000000003fff1b40                dhcp_rx_options_given
                0x000000003fff1b50                dhcp_rx_options_val
 .bss           0x000000003fff1b78       0x24 /home/stoffer/esp8266/esp-open-sdk/sdk/lib/liblwip.a(dhcpserver.o)
 *fill*         0x000000003fff1b9c        0x4 
 .bss           0x000000003fff1ba0      0x480 /home/stoffer/esp8266/esp-open-sdk/sdk/lib/liblwip.a(dns.o)
 .bss           0x000000003fff2020      0x104 /home/stoffer/esp8266/esp-open-sdk/sdk/lib/liblwip.a(espconn.o)
                0x000000003fff2020                plink_active
                0x000000003fff2024                pserver_list
                0x000000003fff2030                premot
                0x000000003fff20f0                pktinfo
 *fill*         0x000000003fff2124        0xc 
 .bss           0x000000003fff2130       0x78 /home/stoffer/esp8266/esp-open-sdk/sdk/lib/liblwip.a(espconn_tcp.o)
                0x000000003fff2130                espconn_TaskQueue
 .bss           0x000000003fff21a8        0x0 /home/stoffer/esp8266/esp-open-sdk/sdk/lib/liblwip.a(espconn_udp.o)
 *fill*         0x000000003fff21a8        0x8 
 .bss           0x000000003fff21b0      0x100 /home/stoffer/esp8266/esp-open-sdk/sdk/lib/liblwip.a(etharp.o)
                0x000000003fff21b4                ethzero
 .bss           0x000000003fff22b0        0xc /home/stoffer/esp8266/esp-open-sdk/sdk/lib/liblwip.a(igmp.o)
 .bss           0x000000003fff22bc        0x0 /home/stoffer/esp8266/esp-open-sdk/sdk/lib/liblwip.a(inet_chksum.o)
 .bss           0x000000003fff22bc        0x0 /home/stoffer/esp8266/esp-open-sdk/sdk/lib/liblwip.a(init.o)
 *fill*         0x000000003fff22bc        0x4 
 .bss           0x000000003fff22c0       0x10 /home/stoffer/esp8266/esp-open-sdk/sdk/lib/liblwip.a(ip_addr.o)
 .bss           0x000000003fff22d0       0x12 /home/stoffer/esp8266/esp-open-sdk/sdk/lib/liblwip.a(ip.o)
                0x000000003fff22d0                current_iphdr_dest
                0x000000003fff22d4                current_iphdr_src
                0x000000003fff22d8                current_netif
                0x000000003fff22dc                current_header
 .bss           0x000000003fff22e2        0x0 /home/stoffer/esp8266/esp-open-sdk/sdk/lib/liblwip.a(memp.o)
 *fill*         0x000000003fff22e2        0x2 
 .bss           0x000000003fff22e4        0x9 /home/stoffer/esp8266/esp-open-sdk/sdk/lib/liblwip.a(netif.o)
                0x000000003fff22e4                netif_list
                0x000000003fff22e8                netif_default
 .bss           0x000000003fff22ed        0x0 /home/stoffer/esp8266/esp-open-sdk/sdk/lib/liblwip.a(pbuf.o)
 *fill*         0x000000003fff22ed        0x3 
 .bss           0x000000003fff22f0        0x4 /home/stoffer/esp8266/esp-open-sdk/sdk/lib/liblwip.a(raw.o)
 *fill*         0x000000003fff22f4        0xc 
 .bss           0x000000003fff2300      0x118 /home/stoffer/esp8266/esp-open-sdk/sdk/lib/liblwip.a(sntp.o)
                0x000000003fff2300                res_buf
                0x000000003fff2324                __tzyear
                0x000000003fff2328                __tznorth
                0x000000003fff232c                realtime_stamp
                0x000000003fff2350                sntp__tzrule
                0x000000003fff2390                reult
 .bss           0x000000003fff2418       0x34 /home/stoffer/esp8266/esp-open-sdk/sdk/lib/liblwip.a(tcp_in.o)
                0x000000003fff2448                tcp_input_pcb
 .bss           0x000000003fff244c       0x1c /home/stoffer/esp8266/esp-open-sdk/sdk/lib/liblwip.a(tcp.o)
                0x000000003fff2450                tcp_active_pcbs
                0x000000003fff2454                tcp_tmp_pcb
                0x000000003fff2458                tcp_tw_pcbs
                0x000000003fff245c                tcp_bound_pcbs
                0x000000003fff2460                tcp_listen_pcbs
                0x000000003fff2464                tcp_ticks
 .bss           0x000000003fff2468        0x0 /home/stoffer/esp8266/esp-open-sdk/sdk/lib/liblwip.a(tcp_out.o)
 .bss           0x000000003fff2468        0xc /home/stoffer/esp8266/esp-open-sdk/sdk/lib/liblwip.a(timers.o)
 .bss           0x000000003fff2474        0x4 /home/stoffer/esp8266/esp-open-sdk/sdk/lib/liblwip.a(udp.o)
                0x000000003fff2474                udp_pcbs
 .bss           0x000000003fff2478        0x0 /home/stoffer/esp8266/esp-open-sdk/sdk/lib/liblwip.a(icmp.o)
 .bss           0x000000003fff2478        0x0 /home/stoffer/esp8266/esp-open-sdk/sdk/lib/libwpa.a(ap_config.o)
 .bss           0x000000003fff2478        0x0 /home/stoffer/esp8266/esp-open-sdk/sdk/lib/libwpa.a(common.o)
 .bss           0x000000003fff2478        0x0 /home/stoffer/esp8266/esp-open-sdk/sdk/lib/libwpa.a(os_xtensa.o)
 .bss           0x000000003fff2478        0x0 /home/stoffer/esp8266/esp-open-sdk/sdk/lib/libwpa.a(wpa_auth.o)
 .bss           0x000000003fff2478        0x0 /home/stoffer/esp8266/esp-open-sdk/sdk/lib/libwpa.a(wpa_auth_ie.o)
 *fill*         0x000000003fff2478        0x8 
 .bss           0x000000003fff2480      0x26a /home/stoffer/esp8266/esp-open-sdk/sdk/lib/libwpa.a(wpa.o)
 .bss           0x000000003fff26ea        0x0 /home/stoffer/esp8266/esp-open-sdk/sdk/lib/libwpa.a(wpa_common.o)
 .bss           0x000000003fff26ea        0x0 /home/stoffer/esp8266/esp-open-sdk/sdk/lib/libwpa.a(wpa_debug.o)
 .bss           0x000000003fff26ea        0x0 /home/stoffer/esp8266/esp-open-sdk/sdk/lib/libwpa.a(wpa_ie.o)
 .bss           0x000000003fff26ea        0x0 /home/stoffer/esp8266/esp-open-sdk/sdk/lib/libwpa.a(wpa_main.o)
 .bss           0x000000003fff26ea        0x0 /home/stoffer/esp8266/esp-open-sdk/sdk/lib/libwpa.a(wpas_glue.o)
 .bss           0x000000003fff26ea        0x0 /home/stoffer/esp8266/esp-open-sdk/sdk/lib/libwpa.a(aes-wrap.o)
 .bss           0x000000003fff26ea        0x0 /home/stoffer/esp8266/esp-open-sdk/sdk/lib/libwpa.a(aes-internal-enc.o)
 .bss           0x000000003fff26ea        0x0 /home/stoffer/esp8266/esp-open-sdk/sdk/lib/libwpa.a(aes-internal.o)
 .bss           0x000000003fff26ea        0x0 /home/stoffer/esp8266/esp-open-sdk/sdk/lib/libgcc.a(_ashrdi3.o)
 .bss           0x000000003fff26ea        0x0 /home/stoffer/esp8266/esp-open-sdk/sdk/lib/libgcc.a(_mulsf3.o)
 .bss           0x000000003fff26ea        0x0 /home/stoffer/esp8266/esp-open-sdk/sdk/lib/libgcc.a(_divsf3.o)
 .bss           0x000000003fff26ea        0x0 /home/stoffer/esp8266/esp-open-sdk/sdk/lib/libgcc.a(_fixsfsi.o)
 *fill*         0x000000003fff26ea        0x6 
 .bss           0x000000003fff26f0        0x8 /home/stoffer/esp8266/esp-open-sdk/sdk/lib/libnet80211.a(ieee80211_crypto_tkip.o)
 .bss           0x000000003fff26f8        0x0 /home/stoffer/esp8266/esp-open-sdk/sdk/lib/libnet80211.a(ieee80211_crypto_wep.o)
 *(.bss.*)
 *(.gnu.linkonce.b.*)
 *(COMMON)
 COMMON         0x000000003fff26f8      0x2d4 build/app_app.a(user_main.o)
                0x000000003fff26f8                mqtt_client
                0x000000003fff27c8                rtc_info
                0x000000003fff27cc                kmp_received_task_queue
 COMMON         0x000000003fff29cc       0x40 build/app_app.a(crypto.o)
                0x000000003fff29cc                hmac_sha256_key
                0x000000003fff29dc                aes_key
                0x000000003fff29ec                sha256_hash
 COMMON         0x000000003fff2a0c      0x58c build/app_app.a(kmp_request.o)
                0x000000003fff2a0c                response
                0x000000003fff2a78                fifo_buffer
                0x000000003fff2b78                frame_length
                0x000000003fff2b7c                fifo_head
                0x000000003fff2b80                kmp_requests_sent
                0x000000003fff2b84                fifo_tail
                0x000000003fff2b88                register_list
                0x000000003fff2b98                frame
 COMMON         0x000000003fff2f98       0x10 build/app_app.a(kmp.o)
                0x000000003fff2f98                kmp_response
                0x000000003fff2f9c                kmp_data_length
                0x000000003fff2fa0                kmp_frame_length
                0x000000003fff2fa4                kmp_frame
 COMMON         0x000000003fff2fa8        0x1 build/app_app.a(cron.o)
                0x000000003fff2fa8                sec_drift
 *fill*         0x000000003fff2fa9        0x3 
 COMMON         0x000000003fff2fac        0x4 build/app_app.a(ac_out.o)
                0x000000003fff2fac                ac_pwm_duty_cycle
 COMMON         0x000000003fff2fb0       0x10 build/app_app.a(mqtt.o)
                0x000000003fff2fb0                default_private_key
                0x000000003fff2fb4                default_certificate
                0x000000003fff2fb8                mqtt_procTaskQueue
 COMMON         0x000000003fff2fc0      0xa40 build/app_app.a(config.o)
                0x000000003fff2fc0                sys_cfg
                0x000000003fff39f8                config_save_timer_running
                0x000000003fff39fc                saveFlag
 COMMON         0x000000003fff3a00        0x8 build/app_app.a(wifi.o)
                0x000000003fff3a00                config_ssid
                0x000000003fff3a04                config_pass
 COMMON         0x000000003fff3a08        0xc build/app_app.a(cgiwifi.o)
                0x000000003fff3a08                cgiWifiAps
 *fill*         0x000000003fff3a14        0x4 
 COMMON         0x000000003fff3a18       0x10 build/app_app.a(unix_time.o)
                0x000000003fff3a18                current_unix_time
                0x000000003fff3a20                boot_time
                0x000000003fff3a28                . = ALIGN (0x8)
                0x000000003fff3a28                _bss_end = ABSOLUTE (.)
                0x000000003fff3a28                _heap_start = ABSOLUTE (.)

.text           0x0000000040100000     0x7028
                0x0000000040100000                _stext = .
                0x0000000040100000                _text_start = ABSOLUTE (.)
 *(.UserEnter.text)
 .UserEnter.text
                0x0000000040100000        0xd /home/stoffer/esp8266/esp-open-sdk/sdk/lib/libmain.a(vector.o)
                                         0x14 (size before relaxing)
                0x0000000040100004                call_user_start
                0x0000000040100010                . = ALIGN (0x10)
 *fill*         0x000000004010000d        0x3 
 *(.DebugExceptionVector.text)
 .DebugExceptionVector.text
                0x0000000040100010        0x6 /home/stoffer/esp8266/esp-open-sdk/sdk/lib/libmain.a(debug-vector.o)
                0x0000000040100010                _DebugExceptionVector
                0x0000000040100020                . = ALIGN (0x10)
 *fill*         0x0000000040100016        0xa 
 *(.NMIExceptionVector.text)
 .NMIExceptionVector.text
                0x0000000040100020        0x6 /home/stoffer/esp8266/esp-open-sdk/sdk/lib/libmain.a(nmi-vector.o)
                                          0xd (size before relaxing)
                0x0000000040100020                _NMIExceptionVector
                0x0000000040100030                . = ALIGN (0x10)
 *fill*         0x0000000040100026        0xa 
 *(.KernelExceptionVector.text)
 .KernelExceptionVector.text
                0x0000000040100030        0x6 /home/stoffer/esp8266/esp-open-sdk/sdk/lib/libmain.a(kernel-vector.o)
                0x0000000040100030                _KernelExceptionVector
                0x0000000040100036        0x4 LONG 0x0
                0x000000004010003a        0x4 LONG 0x0
                0x000000004010003e        0x4 LONG 0x0
                0x0000000040100042        0x4 LONG 0x0
                0x0000000040100050                . = ALIGN (0x10)
 *fill*         0x0000000040100046        0xa 
 *(.UserExceptionVector.text)
 .UserExceptionVector.text
                0x0000000040100050        0x6 /home/stoffer/esp8266/esp-open-sdk/sdk/lib/libmain.a(user-vector.o)
                                          0xd (size before relaxing)
                0x0000000040100050                _UserExceptionVector
                0x0000000040100056        0x4 LONG 0x0
                0x000000004010005a        0x4 LONG 0x0
                0x000000004010005e        0x4 LONG 0x0
                0x0000000040100062        0x4 LONG 0x0
                0x0000000040100070                . = ALIGN (0x10)
 *fill*         0x0000000040100066        0xa 
 *(.DoubleExceptionVector.text)
 .DoubleExceptionVector.text
                0x0000000040100070        0x6 /home/stoffer/esp8266/esp-open-sdk/sdk/lib/libmain.a(double-vector.o)
                0x0000000040100070                _DoubleExceptionVector
                0x0000000040100076        0x4 LONG 0x0
                0x000000004010007a        0x4 LONG 0x0
                0x000000004010007e        0x4 LONG 0x0
                0x0000000040100082        0x4 LONG 0x0
                0x0000000040100090                . = ALIGN (0x10)
 *fill*         0x0000000040100086        0xa 
 *(.entry.text)
 *(.init.literal)
 *(.init)
 *(.literal .text .literal.* .text.* .stub .gnu.warning .gnu.linkonce.literal.* .gnu.linkonce.t.*.literal .gnu.linkonce.t.*)
 .text          0x0000000040100090       0xc7 /home/stoffer/esp8266/esp-open-sdk/sdk/lib/libmain.a(nmi-vector.o)
                                         0xcb (size before relaxing)
                0x000000004010009c                _NMILevelVector
 *fill*         0x0000000040100157        0x1 
 .text          0x0000000040100158       0x1e /home/stoffer/esp8266/esp-open-sdk/sdk/lib/libmain.a(user-vector.o)
                0x000000004010015c                _UserExceptionVector_1
 *fill*         0x0000000040100176        0x2 
 .text          0x0000000040100178      0x5fe /home/stoffer/esp8266/esp-open-sdk/sdk/lib/libmain.a(app_main.o)
                                        0x66a (size before relaxing)
                0x00000000401001b0                Cache_Read_Enable_New
                0x00000000401001ec                NmiTimSetFunc
                0x0000000040100210                NMI_Handler
                0x0000000040100268                call_user_start_local
                0x00000000401003c8                wdt_feed
 *fill*         0x0000000040100776        0x2 
 .text          0x0000000040100778      0x3cc /home/stoffer/esp8266/esp-open-sdk/sdk/lib/libmain.a(ets_timer.o)
                                        0x450 (size before relaxing)
                0x000000004010084c                ets_timer_setfn
                0x0000000040100928                ets_timer_disarm
                0x00000000401009d8                ets_timer_arm_new
 .text          0x0000000040100b44      0x30f /home/stoffer/esp8266/esp-open-sdk/sdk/lib/libmain.a(mem_manager.o)
                                        0x367 (size before relaxing)
                0x0000000040100b48                prvInsertBlockIntoUsedList
                0x0000000040100b78                system_show_malloc
                0x0000000040100b78                pvShowMalloc
                0x0000000040100c04                prvRemoveBlockFromUsedList
                0x0000000040100c30                xPortWantedSizeAlign
                0x0000000040100c58                pvPortMalloc
                0x0000000040100d20                vPortFree
                0x0000000040100d78                pvPortCalloc
                0x0000000040100da8                pvPortZalloc
                0x0000000040100dc4                pvPortRealloc
 *fill*         0x0000000040100e53        0x1 
 .text          0x0000000040100e54      0x59d /home/stoffer/esp8266/esp-open-sdk/sdk/lib/libmain.a(spi_flash.o)
                                        0x650 (size before relaxing)
                0x0000000040100e58                Cache_Read_Disable_2
                0x0000000040100e98                Cache_Read_Enable_2
                0x0000000040100ee8                spi_flash_get_unique_id
                0x0000000040101050                spi_flash_get_id
                0x00000000401010ac                spi_flash_read_status
                0x00000000401010e0                spi_flash_write_status
                0x0000000040101160                spi_flash_erase_sector
                0x0000000040101194                spi_flash_write
                0x00000000401011e8                spi_flash_read
                0x0000000040101264                spi_flash_issi_enable_QIO_mode
 *fill*         0x00000000401013f1        0x3 
 .text          0x00000000401013f4      0x2ee /home/stoffer/esp8266/esp-open-sdk/sdk/lib/libmain.a(user_interface.o)
                                        0x34a (size before relaxing)
                0x0000000040101410                os_printf_plus
                0x000000004010153c                system_restart_core
                0x0000000040101574                system_deep_sleep_local_2
                0x00000000401015e8                system_get_time
                0x0000000040101600                system_os_post
                0x0000000040101634                system_rtc_mem_write
                0x000000004010168c                system_rtc_mem_read
 *fill*         0x00000000401016e2        0x2 
 .text          0x00000000401016e4       0x5b build/app_app.a(httpd_user_init.o)
                                         0x5f (size before relaxing)
                0x00000000401016f0                myPassFn
                0x0000000040101728                httpd_user_init
 *fill*         0x000000004010173f        0x1 
 .text          0x0000000040101740       0xeb build/app_app.a(kmp_request.o)
                                        0x10b (size before relaxing)
                0x0000000040101748                kmp_fifo_in_use
                0x0000000040101764                kmp_fifo_put
                0x00000000401017b0                kmp_fifo_get
                0x00000000401017f8                kmp_fifo_snoop
 *fill*         0x000000004010182b        0x1 
 .text          0x000000004010182c      0x15d build/app_app.a(uart.o)
                                        0x175 (size before relaxing)
                0x0000000040101958                uart_tx_one_char
 *fill*         0x0000000040101989        0x3 
 .text          0x000000004010198c       0x89 build/app_app.a(wifi.o)
                                         0x95 (size before relaxing)
                0x00000000401019a8                wifi_handle_event_cb
 *fill*         0x0000000040101a15        0x3 
 .text          0x0000000040101a18      0x434 build/app_app.a(heatshrink_decoder.o)
                                        0x44c (size before relaxing)
                0x0000000040101ab4                heatshrink_decoder_free
                0x0000000040101acc                heatshrink_decoder_reset
                0x0000000040101b18                heatshrink_decoder_alloc
                0x0000000040101b8c                heatshrink_decoder_sink
                0x0000000040101c04                heatshrink_decoder_poll
                0x0000000040101e20                heatshrink_decoder_finish
 .literal       0x0000000040101e4c        0x0 /home/stoffer/esp8266/esp-open-sdk/xtensa-lx106-elf/lib/gcc/xtensa-lx106-elf/4.8.5/../../../../xtensa-lx106-elf/lib/libc.a(lib_a-atoi.o)
                                          0x8 (size before relaxing)
 .literal       0x0000000040101e4c        0x4 /home/stoffer/esp8266/esp-open-sdk/xtensa-lx106-elf/lib/gcc/xtensa-lx106-elf/4.8.5/../../../../xtensa-lx106-elf/lib/libc.a(lib_a-gmtime.o)
                                          0x8 (size before relaxing)
 .literal       0x0000000040101e50        0x0 /home/stoffer/esp8266/esp-open-sdk/xtensa-lx106-elf/lib/gcc/xtensa-lx106-elf/4.8.5/../../../../xtensa-lx106-elf/lib/libc.a(lib_a-gmtime_r.o)
                                          0x4 (size before relaxing)
 .literal       0x0000000040101e50       0x1c /home/stoffer/esp8266/esp-open-sdk/xtensa-lx106-elf/lib/gcc/xtensa-lx106-elf/4.8.5/../../../../xtensa-lx106-elf/lib/libc.a(lib_a-mktm_r.o)
                                         0x88 (size before relaxing)
 .literal       0x0000000040101e6c        0x8 /home/stoffer/esp8266/esp-open-sdk/xtensa-lx106-elf/lib/gcc/xtensa-lx106-elf/4.8.5/../../../../xtensa-lx106-elf/lib/libc.a(lib_a-strlen.o)
                                          0xc (size before relaxing)
 .literal       0x0000000040101e74        0x0 /home/stoffer/esp8266/esp-open-sdk/xtensa-lx106-elf/lib/gcc/xtensa-lx106-elf/4.8.5/../../../../xtensa-lx106-elf/lib/libc.a(lib_a-strtok.o)
                                          0x8 (size before relaxing)
 .literal       0x0000000040101e74       0x10 /home/stoffer/esp8266/esp-open-sdk/xtensa-lx106-elf/lib/gcc/xtensa-lx106-elf/4.8.5/../../../../xtensa-lx106-elf/lib/libc.a(lib_a-strtol.o)
                                         0x18 (size before relaxing)
 .literal       0x0000000040101e84        0x4 /home/stoffer/esp8266/esp-open-sdk/xtensa-lx106-elf/lib/gcc/xtensa-lx106-elf/4.8.5/../../../../xtensa-lx106-elf/lib/libc.a(lib_a-gettzinfo.o)
 .literal       0x0000000040101e88        0x4 /home/stoffer/esp8266/esp-open-sdk/sdk/lib/libgcc.a(_mulsf3.o)
                                         0x10 (size before relaxing)
 .literal       0x0000000040101e8c        0x0 /home/stoffer/esp8266/esp-open-sdk/sdk/lib/libgcc.a(_divsf3.o)
                                         0x10 (size before relaxing)
 .literal       0x0000000040101e8c        0x0 /home/stoffer/esp8266/esp-open-sdk/sdk/lib/libgcc.a(_fixsfsi.o)
                                          0x4 (size before relaxing)
 .text          0x0000000040101e8c       0x27 /home/stoffer/esp8266/esp-open-sdk/xtensa-lx106-elf/lib/gcc/xtensa-lx106-elf/4.8.5/../../../../xtensa-lx106-elf/lib/libc.a(lib_a-atoi.o)
                                         0x2f (size before relaxing)
                0x0000000040101e8c                atoi
                0x0000000040101ea0                _atoi_r
 *fill*         0x0000000040101eb3        0x1 
 .text          0x0000000040101eb4       0x17 /home/stoffer/esp8266/esp-open-sdk/xtensa-lx106-elf/lib/gcc/xtensa-lx106-elf/4.8.5/../../../../xtensa-lx106-elf/lib/libc.a(lib_a-gmtime.o)
                                         0x1b (size before relaxing)
                0x0000000040101eb4                gmtime
 *fill*         0x0000000040101ecb        0x1 
 .text          0x0000000040101ecc       0x14 /home/stoffer/esp8266/esp-open-sdk/xtensa-lx106-elf/lib/gcc/xtensa-lx106-elf/4.8.5/../../../../xtensa-lx106-elf/lib/libc.a(lib_a-gmtime_r.o)
                0x0000000040101ecc                gmtime_r
 .text          0x0000000040101ee0      0x473 /home/stoffer/esp8266/esp-open-sdk/xtensa-lx106-elf/lib/gcc/xtensa-lx106-elf/4.8.5/../../../../xtensa-lx106-elf/lib/libc.a(lib_a-mktm_r.o)
                                        0x49f (size before relaxing)
                0x0000000040101ee0                __tzcalc_limits
                0x0000000040102060                _mktm_r
 *fill*         0x0000000040102353        0x1 
 .text          0x0000000040102354       0x5b /home/stoffer/esp8266/esp-open-sdk/xtensa-lx106-elf/lib/gcc/xtensa-lx106-elf/4.8.5/../../../../xtensa-lx106-elf/lib/libc.a(lib_a-strlen.o)
                0x0000000040102354                strlen
 *fill*         0x00000000401023af        0x1 
 .text          0x00000000401023b0       0x1c /home/stoffer/esp8266/esp-open-sdk/xtensa-lx106-elf/lib/gcc/xtensa-lx106-elf/4.8.5/../../../../xtensa-lx106-elf/lib/libc.a(lib_a-strtok.o)
                0x00000000401023b0                strtok
 .text          0x00000000401023cc      0x15f /home/stoffer/esp8266/esp-open-sdk/xtensa-lx106-elf/lib/gcc/xtensa-lx106-elf/4.8.5/../../../../xtensa-lx106-elf/lib/libc.a(lib_a-strtol.o)
                0x00000000401023cc                _strtol_r
                0x000000004010250c                strtol
 *fill*         0x000000004010252b        0x1 
 .text          0x000000004010252c        0x5 /home/stoffer/esp8266/esp-open-sdk/xtensa-lx106-elf/lib/gcc/xtensa-lx106-elf/4.8.5/../../../../xtensa-lx106-elf/lib/libc.a(lib_a-gettzinfo.o)
                0x000000004010252c                __gettzinfo
 *fill*         0x0000000040102531        0x3 
 .text          0x0000000040102534       0x53 /home/stoffer/esp8266/esp-open-sdk/sdk/lib/libphy.a(phy.o)
                                         0x5f (size before relaxing)
                0x000000004010253c                register_phy_ops
                0x000000004010255c                register_get_phy_addr
                0x0000000040102564                phy_change_channel
                0x000000004010257c                phy_get_mactime
 *fill*         0x0000000040102587        0x1 
 .text          0x0000000040102588      0x262 /home/stoffer/esp8266/esp-open-sdk/sdk/lib/libphy.a(phy_chip_v6_ana.o)
                                        0x276 (size before relaxing)
                0x00000000401025a8                phy_adc_read_fast
 *fill*         0x00000000401027ea        0x2 
 .text          0x00000000401027ec       0x4d /home/stoffer/esp8266/esp-open-sdk/sdk/lib/libphy.a(phy_chip_v6.o)
                                         0x55 (size before relaxing)
                0x00000000401027fc                phy_debug_print
 *fill*         0x0000000040102839        0x3 
 .text          0x000000004010283c       0xb2 /home/stoffer/esp8266/esp-open-sdk/sdk/lib/libphy.a(phy_chip_v6_cal.o)
                                         0xba (size before relaxing)
                0x000000004010283c                unsign_to_sign
                0x0000000040102878                phy_get_bb_freqoffset
                0x00000000401028e0                phy_get_bb_evm
 *fill*         0x00000000401028ee        0x2 
 .text          0x00000000401028f0       0xe7 /home/stoffer/esp8266/esp-open-sdk/sdk/lib/libphy.a(phy_sleep.o)
                                        0x103 (size before relaxing)
                0x00000000401028f4                pm_rtc_clock_cali
                0x00000000401029ac                clockgate_watchdog
 *fill*         0x00000000401029d7        0x1 
 .text          0x00000000401029d8     0x15fe /home/stoffer/esp8266/esp-open-sdk/sdk/lib/libpp.a(lmac.o)
                                       0x1962 (size before relaxing)
                0x00000000401029dc                lmacIsActive
                0x00000000401029f0                lmacIsIdle
                0x0000000040102e70                lmacSetAcParam
                0x0000000040102ec4                lmacProcessTXStartData
                0x0000000040103044                lmacProcessTxSuccess
                0x0000000040103188                GetAccess
                0x0000000040103194                lmacDiscardAgedMSDU
                0x00000000401031a8                lmacRecycleMPDU
                0x0000000040103768                lmacProcessTxTimeout
                0x00000000401037d0                lmacProcessAllTxTimeout
                0x00000000401037e4                lmacProcessCollisions
                0x0000000040103844                lmacProcessCollision
                0x00000000401038c8                lmacMSDUAged
                0x0000000040103c58                lmacProcessCtsTimeout
                0x0000000040103c90                lmacProcessAckTimeout
                0x0000000040103ce8                lmacProcessRtsStart
                0x0000000040103cf4                lmacProcessTxRtsError
                0x0000000040103d94                lmacProcessTxError
                0x0000000040103e24                lmacTxFrame
                0x0000000040103fc0                lmacRxDone
 *fill*         0x0000000040103fd6        0x2 
 .text          0x0000000040103fd8      0x8e1 /home/stoffer/esp8266/esp-open-sdk/sdk/lib/libpp.a(pp.o)
                                        0x9fd (size before relaxing)
                0x000000004010400c                pp_soft_wdt_feed_local
                0x00000000401040a0                ppProcessTxQ
                0x0000000040104114                ppFetchTxQFirstAvail
                0x0000000040104154                ppDequeueTxQ
                0x000000004010417c                ppRollBackTxQ
                0x00000000401041a0                ppRecordBarRRC
                0x00000000401041b0                ppTxqUpdateBitmap
                0x00000000401041d8                ppEnqueueTxDone
                0x000000004010420c                ppEnqueueRxq
                0x00000000401046f4                ppDiscardMPDU
                0x0000000040104718                pp_post
                0x00000000401047a4                pp_post2
                0x00000000401047cc                ppCalTxop
                0x000000004010484c                ppCalFrameTimes
 *fill*         0x00000000401048b9        0x3 
 .text          0x00000000401048bc       0xf5 /home/stoffer/esp8266/esp-open-sdk/sdk/lib/libpp.a(rate_control.o)
                                        0x109 (size before relaxing)
                0x00000000401048dc                RC_GetAckRate
                0x00000000401048e8                RC_GetRtsRate
                0x00000000401048f8                RC_GetAckTime
                0x000000004010490c                RC_GetCtsTime
                0x0000000040104944                RC_GetBlockAckTime
 *fill*         0x00000000401049b1        0x3 
 .text          0x00000000401049b4      0x9a1 /home/stoffer/esp8266/esp-open-sdk/sdk/lib/libpp.a(trc.o)
                                        0xa05 (size before relaxing)
                0x0000000040104b88                rcUpdateTxDone
                0x0000000040104c1c                rcUpdateRxDone
                0x0000000040104c78                rcUpdateDataRxDone
                0x0000000040104c94                rcGetSched
                0x0000000040104d78                rcGetRate
                0x0000000040105288                rcReachRetryLimit
                0x00000000401052a0                trc_NeedRTS
 *fill*         0x0000000040105355        0x3 
 .text          0x0000000040105358     0x105b /home/stoffer/esp8266/esp-open-sdk/sdk/lib/libpp.a(wdev.o)
                                       0x1347 (size before relaxing)
                0x00000000401056fc                wDev_MacTim1SetFunc
                0x000000004010571c                wDev_MacTim1Arm
                0x00000000401057b0                wDev_ProcessFiq
                0x0000000040105af4                wDev_EnableTransmit
                0x0000000040105b2c                wDev_DisableTransmit
                0x0000000040105b4c                Tx_Copy2Queue
                0x0000000040105b94                wDev_ProcessCollision
                0x0000000040105bb8                wDev_GetTxqCollisions
                0x0000000040105bc8                wDev_ClearTxqCollisions
                0x0000000040105be4                wDev_SetWaitingQueue
                0x0000000040105c2c                wDev_ClearWaitingQueue
                0x0000000040105c50                wDev_SetFrameAckType
                0x0000000040105cb0                wDev_AppendRxBlocks
                0x0000000040105df4                wDev_AppendRxAmpduLensBlocks
                0x0000000040105ec8                wDev_GetBAInfo
                0x0000000040105efc                wDevDisableRx
 *fill*         0x00000000401063b3        0x1 
 .text          0x00000000401063b4       0x4c /home/stoffer/esp8266/esp-open-sdk/sdk/lib/libpp.a(esf_buf.o)
                                         0x5c (size before relaxing)
                0x00000000401063b8                esf_rx_buf_alloc
 .text          0x0000000040106400       0x23 /home/stoffer/esp8266/esp-open-sdk/sdk/lib/libnet80211.a(ieee80211_output.o)
                                         0x27 (size before relaxing)
 *fill*         0x0000000040106423        0x1 
 .text          0x0000000040106424        0xb /home/stoffer/esp8266/esp-open-sdk/sdk/lib/libnet80211.a(wl_chm.o)
                0x0000000040106428                chm_get_current_channel
 *fill*         0x000000004010642f        0x1 
 .text          0x0000000040106430       0x43 /home/stoffer/esp8266/esp-open-sdk/sdk/lib/liblwip.a(etharp.o)
                                         0x47 (size before relaxing)
 *fill*         0x0000000040106473        0x1 
 .text          0x0000000040106474       0xd6 /home/stoffer/esp8266/esp-open-sdk/sdk/lib/liblwip.a(sntp.o)
                                         0xde (size before relaxing)
                0x000000004010647c                sntp_get_current_timestamp
                0x00000000401064a4                sntp_get_real_time
 *fill*         0x000000004010654a        0x2 
 .text          0x000000004010654c      0x1fd /home/stoffer/esp8266/esp-open-sdk/sdk/lib/liblwip.a(tcp.o)
                                        0x229 (size before relaxing)
 *fill*         0x0000000040106749        0x3 
 .text          0x000000004010674c      0x159 /home/stoffer/esp8266/esp-open-sdk/sdk/lib/liblwip.a(tcp_out.o)
                                        0x161 (size before relaxing)
 *fill*         0x00000000401068a5        0x3 
 .text          0x00000000401068a8       0xb4 /home/stoffer/esp8266/esp-open-sdk/sdk/lib/liblwip.a(timers.o)
                                         0xc0 (size before relaxing)
 .text          0x000000004010695c      0x15d /home/stoffer/esp8266/esp-open-sdk/sdk/lib/libgcc.a(_mulsf3.o)
                0x00000000401069d4                __mulsf3
 *fill*         0x0000000040106ab9        0x3 
 .text          0x0000000040106abc      0x135 /home/stoffer/esp8266/esp-open-sdk/sdk/lib/libgcc.a(_divsf3.o)
                0x0000000040106b38                __divsf3
 *fill*         0x0000000040106bf1        0x3 
 .text          0x0000000040106bf4       0x40 /home/stoffer/esp8266/esp-open-sdk/sdk/lib/libgcc.a(_fixsfsi.o)
                0x0000000040106bf4                __fixsfsi
 .text          0x0000000040106c34        0x0 /home/stoffer/esp8266/esp-open-sdk/sdk/lib/libmain.a(debug-vector.o)
 .text          0x0000000040106c34        0x0 /home/stoffer/esp8266/esp-open-sdk/sdk/lib/libmain.a(double-vector.o)
 .text          0x0000000040106c34        0x0 /home/stoffer/esp8266/esp-open-sdk/sdk/lib/libmain.a(kernel-vector.o)
 .literal       0x0000000040106c34        0x0 /home/stoffer/esp8266/esp-open-sdk/sdk/lib/libmain.a(nmi-vector.o)
 *fill*         0x0000000040106c34        0x0 
 .literal       0x0000000040106c34        0x0 /home/stoffer/esp8266/esp-open-sdk/sdk/lib/libmain.a(user-vector.o)
 .text          0x0000000040106c34        0x0 /home/stoffer/esp8266/esp-open-sdk/sdk/lib/libmain.a(vector.o)
 *fill*         0x0000000040106c34        0x0 
 .literal       0x0000000040106c34        0x0 /home/stoffer/esp8266/esp-open-sdk/sdk/lib/libmain.a(app_main.o)
 *fill*         0x0000000040106c34        0x0 
 .literal       0x0000000040106c34        0x0 /home/stoffer/esp8266/esp-open-sdk/sdk/lib/libmain.a(ets_timer.o)
 .literal       0x0000000040106c34        0x0 /home/stoffer/esp8266/esp-open-sdk/sdk/lib/libmain.a(mem_manager.o)
 *fill*         0x0000000040106c34        0x0 
 .literal       0x0000000040106c34        0x0 /home/stoffer/esp8266/esp-open-sdk/sdk/lib/libmain.a(spi_flash.o)
 .literal       0x0000000040106c34        0x0 /home/stoffer/esp8266/esp-open-sdk/sdk/lib/libmain.a(user_interface.o)
 .text          0x0000000040106c34        0x0 /home/stoffer/esp8266/esp-open-sdk/sdk/lib/libmain.a(eagle_lib.o)
 .text          0x0000000040106c34        0x0 /home/stoffer/esp8266/esp-open-sdk/sdk/lib/libmain.a(eagle_lwip_if.o)
 .text          0x0000000040106c34        0x0 build/app_app.a(user_main.o)
 .text          0x0000000040106c34        0x0 build/app_app.a(captdns.o)
 .text          0x0000000040106c34        0x0 build/app_app.a(led.o)
 *fill*         0x0000000040106c34        0x0 
 .literal       0x0000000040106c34        0x0 build/app_app.a(httpd_user_init.o)
 *fill*         0x0000000040106c34        0x0 
 .literal       0x0000000040106c34        0x0 build/app_app.a(httpd.o)
 .text          0x0000000040106c34       0xe9 build/app_app.a(httpd.o)
                0x0000000040106c60                httpdUrlDecode
 .text          0x0000000040106d1d        0x0 build/app_app.a(crypto.o)
 .text          0x0000000040106d1d        0x0 build/app_app.a(sha256.o)
 .text          0x0000000040106d1d        0x0 build/app_app.a(aes.o)
 *fill*         0x0000000040106d1d        0x3 
 .literal       0x0000000040106d20        0x0 build/app_app.a(kmp_request.o)
 .text          0x0000000040106d20        0x0 build/app_app.a(kmp.o)
 .text          0x0000000040106d20        0x0 build/app_app.a(cron.o)
 .text          0x0000000040106d20        0x0 build/app_app.a(ac_out.o)
 *fill*         0x0000000040106d20        0x0 
 .literal       0x0000000040106d20        0x0 build/app_app.a(uart.o)
 .text          0x0000000040106d20        0x0 build/app_app.a(mqtt.o)
 .text          0x0000000040106d20        0x0 build/app_app.a(mqtt_msg.o)
 .text          0x0000000040106d20        0x0 build/app_app.a(queue.o)
 .text          0x0000000040106d20        0x0 build/app_app.a(mqtt_utils.o)
 .text          0x0000000040106d20        0x0 build/app_app.a(proto.o)
 .text          0x0000000040106d20        0x0 build/app_app.a(config.o)
 *fill*         0x0000000040106d20        0x0 
 .literal       0x0000000040106d20        0x0 build/app_app.a(wifi.o)
 .text          0x0000000040106d20        0x0 build/app_app.a(cgiwifi.o)
 .text          0x0000000040106d20        0x0 build/app_app.a(tinyprintf.o)
 .text          0x0000000040106d20        0x0 build/app_app.a(unix_time.o)
 .text          0x0000000040106d20        0x0 build/app_app.a(cgi.o)
 .text          0x0000000040106d20        0x0 build/app_app.a(httpdespfs.o)
 .text          0x0000000040106d20        0x0 build/app_app.a(espfs.o)
 *fill*         0x0000000040106d20        0x0 
 .literal       0x0000000040106d20        0x0 build/app_app.a(heatshrink_decoder.o)
 .text          0x0000000040106d20        0x0 build/app_app.a(utils.o)
 .text          0x0000000040106d20        0x0 build/app_app.a(hmac-sha256.o)
 .text          0x0000000040106d20        0x0 build/app_app.a(ringbuf.o)
 *fill*         0x0000000040106d20        0x0 
 *fill*         0x0000000040106d20        0x0 
 .text          0x0000000040106d20        0x0 /home/stoffer/esp8266/esp-open-sdk/xtensa-lx106-elf/lib/gcc/xtensa-lx106-elf/4.8.5/../../../../xtensa-lx106-elf/lib/libc.a(lib_a-impure.o)
 .text          0x0000000040106d20      0x145 /home/stoffer/esp8266/esp-open-sdk/xtensa-lx106-elf/lib/gcc/xtensa-lx106-elf/4.8.5/../../../../xtensa-lx106-elf/lib/libc.a(lib_a-memcpy.o)
                0x0000000040106d64                memcpy
 *fill*         0x0000000040106e65        0x3 
 .text          0x0000000040106e68       0x7c /home/stoffer/esp8266/esp-open-sdk/xtensa-lx106-elf/lib/gcc/xtensa-lx106-elf/4.8.5/../../../../xtensa-lx106-elf/lib/libc.a(lib_a-memset.o)
                0x0000000040106e94                memset
 *fill*         0x0000000040106ee4        0x0 
 .text          0x0000000040106ee4       0x1e /home/stoffer/esp8266/esp-open-sdk/xtensa-lx106-elf/lib/gcc/xtensa-lx106-elf/4.8.5/../../../../xtensa-lx106-elf/lib/libc.a(lib_a-strcat.o)
                0x0000000040106ee4                strcat
 *fill*         0x0000000040106f02        0x0 
 *fill*         0x0000000040106f02        0x2 
 .literal       0x0000000040106f04        0x0 /home/stoffer/esp8266/esp-open-sdk/xtensa-lx106-elf/lib/gcc/xtensa-lx106-elf/4.8.5/../../../../xtensa-lx106-elf/lib/libc.a(lib_a-strtok_r.o)
 .text          0x0000000040106f04       0x71 /home/stoffer/esp8266/esp-open-sdk/xtensa-lx106-elf/lib/gcc/xtensa-lx106-elf/4.8.5/../../../../xtensa-lx106-elf/lib/libc.a(lib_a-strtok_r.o)
                0x0000000040106f04                __strtok_r
                0x0000000040106f64                strtok_r
 *fill*         0x0000000040106f75        0x0 
 *fill*         0x0000000040106f75        0x3 
 .text          0x0000000040106f78        0x6 /home/stoffer/esp8266/esp-open-sdk/xtensa-lx106-elf/lib/gcc/xtensa-lx106-elf/4.8.5/../../../../xtensa-lx106-elf/lib/libc.a(lib_a-tzlock.o)
                0x0000000040106f78                __tz_lock
                0x0000000040106f7c                __tz_unlock
 .text          0x0000000040106f7e        0x0 /home/stoffer/esp8266/esp-open-sdk/xtensa-lx106-elf/lib/gcc/xtensa-lx106-elf/4.8.5/../../../../xtensa-lx106-elf/lib/libc.a(lib_a-tzvars.o)
 .text          0x0000000040106f7e        0x0 /home/stoffer/esp8266/esp-open-sdk/xtensa-lx106-elf/lib/gcc/xtensa-lx106-elf/4.8.5/../../../../xtensa-lx106-elf/lib/libc.a(lib_a-ctype_.o)
 *fill*         0x0000000040106f7e        0x0 
 *fill*         0x0000000040106f7e        0x2 
 .text          0x0000000040106f80       0x49 /home/stoffer/esp8266/esp-open-sdk/sdk/lib/libgcc.a(_modsi3.o)
                0x0000000040106f80                __modsi3
 *fill*         0x0000000040106fc9        0x3 
 .text          0x0000000040106fcc        0x5 /home/stoffer/esp8266/esp-open-sdk/xtensa-lx106-elf/xtensa-lx106-elf/sysroot/usr/lib/libhal.a(int_asm--set_intclear.o)
                0x0000000040106fcc                xthal_set_intclear
 *fill*         0x0000000040106fd1        0x3 
 .literal       0x0000000040106fd4        0x0 /home/stoffer/esp8266/esp-open-sdk/sdk/lib/libphy.a(phy.o)
 *fill*         0x0000000040106fd4        0x0 
 .literal       0x0000000040106fd4        0x0 /home/stoffer/esp8266/esp-open-sdk/sdk/lib/libphy.a(phy_chip_v6_ana.o)
 *fill*         0x0000000040106fd4        0x0 
 .literal       0x0000000040106fd4        0x0 /home/stoffer/esp8266/esp-open-sdk/sdk/lib/libphy.a(phy_chip_v6.o)
 *fill*         0x0000000040106fd4        0x0 
 .literal       0x0000000040106fd4        0x0 /home/stoffer/esp8266/esp-open-sdk/sdk/lib/libphy.a(phy_chip_v6_cal.o)
 .text          0x0000000040106fd4        0x0 /home/stoffer/esp8266/esp-open-sdk/sdk/lib/libphy.a(phy_chip_v6_unused.o)
 *fill*         0x0000000040106fd4        0x0 
 .literal       0x0000000040106fd4        0x0 /home/stoffer/esp8266/esp-open-sdk/sdk/lib/libphy.a(phy_sleep.o)
 .text          0x0000000040106fd4        0x0 /home/stoffer/esp8266/esp-open-sdk/sdk/lib/libpp.a(if_hwctrl.o)
 *fill*         0x0000000040106fd4        0x0 
 .literal       0x0000000040106fd4        0x0 /home/stoffer/esp8266/esp-open-sdk/sdk/lib/libpp.a(lmac.o)
 .text          0x0000000040106fd4        0x0 /home/stoffer/esp8266/esp-open-sdk/sdk/lib/libpp.a(pm.o)
 .text          0x0000000040106fd4        0x0 /home/stoffer/esp8266/esp-open-sdk/sdk/lib/libpp.a(pm_for_bcn_only_mode.o)
 *fill*         0x0000000040106fd4        0x0 