Archive member included because of file (symbol)

/home/stoffer/esp8266/esp-open-sdk/sdk/lib/libmain.a(debug-vector.o)
                              (_DebugExceptionVector)
/home/stoffer/esp8266/esp-open-sdk/sdk/lib/libmain.a(double-vector.o)
                              (_DoubleExceptionVector)
/home/stoffer/esp8266/esp-open-sdk/sdk/lib/libmain.a(kernel-vector.o)
                              (_KernelExceptionVector)
/home/stoffer/esp8266/esp-open-sdk/sdk/lib/libmain.a(nmi-vector.o)
                              (_NMIExceptionVector)
/home/stoffer/esp8266/esp-open-sdk/sdk/lib/libmain.a(user-vector.o)
                              (_UserExceptionVector)
/home/stoffer/esp8266/esp-open-sdk/sdk/lib/libmain.a(vector.o)
                              (call_user_start)
/home/stoffer/esp8266/esp-open-sdk/sdk/lib/libmain.a(app_main.o)
                              /home/stoffer/esp8266/esp-open-sdk/sdk/lib/libmain.a(nmi-vector.o) (NMI_Handler)
/home/stoffer/esp8266/esp-open-sdk/sdk/lib/libmain.a(ets_timer.o)
                              /home/stoffer/esp8266/esp-open-sdk/sdk/lib/libmain.a(app_main.o) (ets_timer_setfn)
/home/stoffer/esp8266/esp-open-sdk/sdk/lib/libmain.a(mem_manager.o)
                              /home/stoffer/esp8266/esp-open-sdk/sdk/lib/libmain.a(app_main.o) (pvPortMalloc)
/home/stoffer/esp8266/esp-open-sdk/sdk/lib/libmain.a(spi_flash.o)
                              /home/stoffer/esp8266/esp-open-sdk/sdk/lib/libmain.a(app_main.o) (spi_flash_read)
/home/stoffer/esp8266/esp-open-sdk/sdk/lib/libmain.a(user_interface.o)
                              /home/stoffer/esp8266/esp-open-sdk/sdk/lib/libmain.a(app_main.o) (done_cb)
/home/stoffer/esp8266/esp-open-sdk/sdk/lib/libmain.a(eagle_lib.o)
                              /home/stoffer/esp8266/esp-open-sdk/sdk/lib/libmain.a(user_interface.o) (ets_sprintf)
/home/stoffer/esp8266/esp-open-sdk/sdk/lib/libmain.a(eagle_lwip_if.o)
                              /home/stoffer/esp8266/esp-open-sdk/sdk/lib/libmain.a(user_interface.o) (hostname)
/home/stoffer/esp8266/esp-open-sdk/xtensa-lx106-elf/bin/../lib/gcc/xtensa-lx106-elf/4.8.2/libgcc.a(_udivsi3.o)
                              /home/stoffer/esp8266/esp-open-sdk/sdk/lib/libmain.a(app_main.o) (__udivsi3)
/home/stoffer/esp8266/esp-open-sdk/xtensa-lx106-elf/bin/../lib/gcc/xtensa-lx106-elf/4.8.2/libgcc.a(_umodsi3.o)
                              /home/stoffer/esp8266/esp-open-sdk/sdk/lib/libmain.a(eagle_lib.o) (__umodsi3)
/home/stoffer/esp8266/esp-open-sdk/xtensa-lx106-elf/bin/../lib/gcc/xtensa-lx106-elf/4.8.2/libgcc.a(_muldi3.o)
                              /home/stoffer/esp8266/esp-open-sdk/sdk/lib/libmain.a(user_interface.o) (__muldi3)
/home/stoffer/esp8266/esp-open-sdk/xtensa-lx106-elf/bin/../lib/gcc/xtensa-lx106-elf/4.8.2/libgcc.a(_umulsidi3.o)
                              /home/stoffer/esp8266/esp-open-sdk/xtensa-lx106-elf/bin/../lib/gcc/xtensa-lx106-elf/4.8.2/libgcc.a(_muldi3.o) (__umulsidi3)
build/app_app.a(user_main.o)  /home/stoffer/esp8266/esp-open-sdk/sdk/lib/libmain.a(app_main.o) (user_init)
build/app_app.a(captdns.o)    build/app_app.a(user_main.o) (captdnsInit)
build/app_app.a(led.o)        build/app_app.a(user_main.o) (led_init)
build/app_app.a(httpd.o)      build/app_app.a(user_main.o) (httpdStop)
build/app_app.a(utils.o)      build/app_app.a(user_main.o) (decimal_number_length)
build/app_app.a(httpd_user_init.o)
                              build/app_app.a(user_main.o) (httpd_user_init)
build/app_app.a(crypto.o)     build/app_app.a(user_main.o) (init_aes_hmac_combined)
build/app_app.a(hmac-sha256.o)
                              build/app_app.a(crypto.o) (hmac_sha256_init)
build/app_app.a(sha256.o)     build/app_app.a(hmac-sha256.o) (sha256_init)
build/app_app.a(aes.o)        build/app_app.a(user_main.o) (AES128_CBC_encrypt_buffer)
build/app_app.a(uart.o)       build/app_app.a(user_main.o) (uart_init)
build/app_app.a(ext_spi_flash.o)
                              build/app_app.a(user_main.o) (ext_spi_init)
build/app_app.a(spi.o)        build/app_app.a(ext_spi_flash.o) (spi_init_gpio)
build/app_app.a(gpio16.o)     build/app_app.a(user_main.o) (gpio16_output_conf)
build/app_app.a(mqtt.o)       build/app_app.a(user_main.o) (MQTT_Publish)
build/app_app.a(mqtt_msg.o)   build/app_app.a(mqtt.o) (mqtt_msg_init)
build/app_app.a(queue.o)      build/app_app.a(mqtt.o) (QUEUE_Init)
build/app_app.a(mqtt_utils.o)
                              build/app_app.a(mqtt.o) (UTILS_StrToIP)
build/app_app.a(proto.o)      build/app_app.a(queue.o) (PROTO_ParseRb)
build/app_app.a(config.o)     build/app_app.a(user_main.o) (sys_cfg)
build/app_app.a(wifi.o)       build/app_app.a(user_main.o) (wifi_connect)
build/app_app.a(tinyprintf.o)
                              build/app_app.a(user_main.o) (tfp_snprintf)
build/app_app.a(unix_time.o)  build/app_app.a(user_main.o) (init_unix_time)
build/app_app.a(cgi.o)        build/app_app.a(httpd_user_init.o) (cgiLed)
build/app_app.a(httpdespfs.o)
[...]
Memory Configuration

Name             Origin             Length             Attributes
dport0_0_seg     0x000000003ff00000 0x0000000000000010
dram0_0_seg      0x000000003ffe8000 0x0000000000014000
iram1_0_seg      0x0000000040100000 0x0000000000008000
irom0_0_seg      0x0000000040240000 0x000000000003c000
*default*        0x0000000000000000 0xffffffffffffffff

Linker script and memory map

START GROUP
LOAD /home/stoffer/esp8266/esp-open-sdk/xtensa-lx106-elf/bin/../lib/gcc/xtensa-lx106-elf/4.8.2/../../../../xtensa-lx106-elf/lib/libc.a
LOAD /home/stoffer/esp8266/esp-open-sdk/xtensa-lx106-elf/bin/../lib/gcc/xtensa-lx106-elf/4.8.2/libgcc.a
LOAD /home/stoffer/esp8266/esp-open-sdk/xtensa-lx106-elf/bin/../xtensa-lx106-elf/sysroot/usr/lib/libhal.a
LOAD /home/stoffer/esp8266/esp-open-sdk/sdk/lib/libphy.a
LOAD /home/stoffer/esp8266/esp-open-sdk/sdk/lib/libpp.a
LOAD /home/stoffer/esp8266/esp-open-sdk/sdk/lib/libnet80211.a
LOAD /home/stoffer/esp8266/esp-open-sdk/sdk/lib/liblwip.a
LOAD /home/stoffer/esp8266/esp-open-sdk/sdk/lib/libwpa.a
LOAD /home/stoffer/esp8266/esp-open-sdk/sdk/lib/libmain.a
LOAD /home/stoffer/esp8266/esp-open-sdk/sdk/lib/libssl.a
LOAD /home/stoffer/esp8266/esp-open-sdk/xtensa-lx106-elf/bin/../lib/gcc/xtensa-lx106-elf/4.8.2/../../../../xtensa-lx106-elf/lib/libc.a
LOAD /home/stoffer/esp8266/esp-open-sdk/xtensa-lx106-elf/bin/../lib/gcc/xtensa-lx106-elf/4.8.2/libgcc.a
LOAD build/app_app.a
END GROUP
                0x0000000040000000                PROVIDE (_memmap_vecbase_reset, 0x40000000)
                0x0000000000000110                _memmap_cacheattr_wb_base = 0x110
                0x0000000000000110                _memmap_cacheattr_wt_base = 0x110
                0x0000000000000220                _memmap_cacheattr_bp_base = 0x220
                0x00000000fffff00f                _memmap_cacheattr_unused_mask = 0xfffff00f
                0x000000002222211f                _memmap_cacheattr_wb_trapnull = 0x2222211f
                0x000000002222211f                _memmap_cacheattr_wba_trapnull = 0x2222211f
                0x000000002222211f                _memmap_cacheattr_wbna_trapnull = 0x2222211f
                0x000000002222211f                _memmap_cacheattr_wt_trapnull = 0x2222211f
                0x000000002222222f                _memmap_cacheattr_bp_trapnull = 0x2222222f
                0x00000000fffff11f                _memmap_cacheattr_wb_strict = 0xfffff11f
                0x00000000fffff11f                _memmap_cacheattr_wt_strict = 0xfffff11f
                0x00000000fffff22f                _memmap_cacheattr_bp_strict = 0xfffff22f
                0x0000000022222112                _memmap_cacheattr_wb_allvalid = 0x22222112
                0x0000000022222112                _memmap_cacheattr_wt_allvalid = 0x22222112
                0x0000000022222222                _memmap_cacheattr_bp_allvalid = 0x22222222
                0x000000002222211f                PROVIDE (_memmap_cacheattr_reset, _memmap_cacheattr_wb_trapnull)

.dport0.rodata  0x000000003ff00000        0x0
                0x000000003ff00000                _dport0_rodata_start = ABSOLUTE (.)
 *(.dport0.rodata)
 *(.dport.rodata)
                0x000000003ff00000                _dport0_rodata_end = ABSOLUTE (.)

.dport0.literal
                0x000000003ff00000        0x0
                0x000000003ff00000                _dport0_literal_start = ABSOLUTE (.)
 *(.dport0.literal)
 *(.dport.literal)
                0x000000003ff00000                _dport0_literal_end = ABSOLUTE (.)

.dport0.data    0x000000003ff00000        0x0
                0x000000003ff00000                _dport0_data_start = ABSOLUTE (.)
 *(.dport0.data)
 *(.dport.data)
                0x000000003ff00000                _dport0_data_end = ABSOLUTE (.)

.data           0x000000003ffe8000      0xa48
                0x000000003ffe8000                _data_start = ABSOLUTE (.)
 *(.data)
 .data          0x000000003ffe8000        0x0 /home/stoffer/esp8266/esp-open-sdk/sdk/lib/libmain.a(debug-vector.o)
 .data          0x000000003ffe8000        0x0 /home/stoffer/esp8266/esp-open-sdk/sdk/lib/libmain.a(double-vector.o)
 .data          0x000000003ffe8000        0x0 /home/stoffer/esp8266/esp-open-sdk/sdk/lib/libmain.a(kernel-vector.o)
 .data          0x000000003ffe8000        0x4 /home/stoffer/esp8266/esp-open-sdk/sdk/lib/libmain.a(nmi-vector.o)
                0x000000003ffe8000                _Pri_3_HandlerAddress
 .data          0x000000003ffe8004        0x0 /home/stoffer/esp8266/esp-open-sdk/sdk/lib/libmain.a(user-vector.o)
 .data          0x000000003ffe8004        0x0 /home/stoffer/esp8266/esp-open-sdk/sdk/lib/libmain.a(vector.o)
 .data          0x000000003ffe8004        0x1 /home/stoffer/esp8266/esp-open-sdk/sdk/lib/libmain.a(app_main.o)
 .data          0x000000003ffe8005        0x0 /home/stoffer/esp8266/esp-open-sdk/sdk/lib/libmain.a(ets_timer.o)
 .data          0x000000003ffe8005        0x0 /home/stoffer/esp8266/esp-open-sdk/sdk/lib/libmain.a(mem_manager.o)
 .data          0x000000003ffe8005        0x0 /home/stoffer/esp8266/esp-open-sdk/sdk/lib/libmain.a(spi_flash.o)
 *fill*         0x000000003ffe8005        0x3 
 .data          0x000000003ffe8008        0x6 /home/stoffer/esp8266/esp-open-sdk/sdk/lib/libmain.a(user_interface.o)
                0x000000003ffe8009                timer2_ms_flag
                0x000000003ffe800a                dhcps_flag
                0x000000003ffe800b                dhcpc_flag
                0x000000003ffe800d                reconnect_internal
 .data          0x000000003ffe800e        0x0 /home/stoffer/esp8266/esp-open-sdk/sdk/lib/libmain.a(eagle_lib.o)
 *fill*         0x000000003ffe800e        0x2 
 .data          0x000000003ffe8010        0x1 /home/stoffer/esp8266/esp-open-sdk/sdk/lib/libmain.a(eagle_lwip_if.o)
                0x000000003ffe8010                default_hostname
 .data          0x000000003ffe8011        0x0 /home/stoffer/esp8266/esp-open-sdk/xtensa-lx106-elf/bin/../lib/gcc/xtensa-lx106-elf/4.8.2/libgcc.a(_udivsi3.o)
 .data          0x000000003ffe8011        0x0 /home/stoffer/esp8266/esp-open-sdk/xtensa-lx106-elf/bin/../lib/gcc/xtensa-lx106-elf/4.8.2/libgcc.a(_umodsi3.o)
 .data          0x000000003ffe8011        0x0 /home/stoffer/esp8266/esp-open-sdk/xtensa-lx106-elf/bin/../lib/gcc/xtensa-lx106-elf/4.8.2/libgcc.a(_muldi3.o)
 .data          0x000000003ffe8011        0x0 /home/stoffer/esp8266/esp-open-sdk/xtensa-lx106-elf/bin/../lib/gcc/xtensa-lx106-elf/4.8.2/libgcc.a(_umulsidi3.o)
 .data          0x000000003ffe8011        0x0 build/app_app.a(user_main.o)
 .data          0x000000003ffe8011        0x0 build/app_app.a(captdns.o)
 .data          0x000000003ffe8011        0x0 build/app_app.a(led.o)
 .data          0x000000003ffe8011        0x0 build/app_app.a(httpd.o)
 *fill*         0x000000003ffe8011        0x3 
 .data          0x000000003ffe8014      0x200 build/app_app.a(utils.o)
                0x000000003ffe8014                ccit_crc16_table
 .data          0x000000003ffe8214       0x9c build/app_app.a(httpd_user_init.o)
                0x000000003ffe8214                builtInUrls
 .data          0x000000003ffe82b0        0x0 build/app_app.a(crypto.o)
 .data          0x000000003ffe82b0        0x0 build/app_app.a(hmac-sha256.o)
 .data          0x000000003ffe82b0        0x0 build/app_app.a(sha256.o)
 .data          0x000000003ffe82b0        0x0 build/app_app.a(aes.o)
 .data          0x000000003ffe82b0        0x0 build/app_app.a(uart.o)
 .data          0x000000003ffe82b0        0x0 build/app_app.a(ext_spi_flash.o)
 .data          0x000000003ffe82b0        0x0 build/app_app.a(spi.o)
 .data          0x000000003ffe82b0        0x0 build/app_app.a(gpio16.o)
 .data          0x000000003ffe82b0        0x0 build/app_app.a(mqtt.o)
 .data          0x000000003ffe82b0        0x0 build/app_app.a(mqtt_msg.o)
 .data          0x000000003ffe82b0        0x0 build/app_app.a(queue.o)
 .data          0x000000003ffe82b0        0x0 build/app_app.a(mqtt_utils.o)
 .data          0x000000003ffe82b0        0x0 build/app_app.a(proto.o)
 .data          0x000000003ffe82b0        0x0 build/app_app.a(config.o)
 .data          0x000000003ffe82b0        0x0 build/app_app.a(wifi.o)
 .data          0x000000003ffe82b0        0x0 build/app_app.a(tinyprintf.o)
 .data          0x000000003ffe82b0        0x0 build/app_app.a(unix_time.o)
 .data          0x000000003ffe82b0        0x0 build/app_app.a(cgi.o)
 .data          0x000000003ffe82b0        0x0 build/app_app.a(httpdespfs.o)
 .data          0x000000003ffe82b0        0x0 build/app_app.a(cgiwifi.o)
 .data          0x000000003ffe82b0        0x0 build/app_app.a(ringbuf.o)
 .data          0x000000003ffe82b0        0x0 build/app_app.a(espfs.o)
 .data          0x000000003ffe82b0        0x0 build/app_app.a(heatshrink_decoder.o)
 .data          0x000000003ffe82b0        0x0 /home/stoffer/esp8266/esp-open-sdk/xtensa-lx106-elf/bin/../lib/gcc/xtensa-lx106-elf/4.8.2/../../../../xtensa-lx106-elf/lib/libc.a(lib_a-atoi.o)
 .data          0x000000003ffe82b0        0x0 /home/stoffer/esp8266/esp-open-sdk/xtensa-lx106-elf/bin/../lib/gcc/xtensa-lx106-elf/4.8.2/../../../../xtensa-lx106-elf/lib/libc.a(lib_a-memcpy.o)
 .data          0x000000003ffe82b0        0x0 /home/stoffer/esp8266/esp-open-sdk/xtensa-lx106-elf/bin/../lib/gcc/xtensa-lx106-elf/4.8.2/../../../../xtensa-lx106-elf/lib/libc.a(lib_a-memset.o)
 .data          0x000000003ffe82b0        0x0 /home/stoffer/esp8266/esp-open-sdk/xtensa-lx106-elf/bin/../lib/gcc/xtensa-lx106-elf/4.8.2/../../../../xtensa-lx106-elf/lib/libc.a(lib_a-strlen.o)
 .data          0x000000003ffe82b0        0x0 /home/stoffer/esp8266/esp-open-sdk/xtensa-lx106-elf/bin/../lib/gcc/xtensa-lx106-elf/4.8.2/../../../../xtensa-lx106-elf/lib/libc.a(lib_a-strtok.o)
 .data          0x000000003ffe82b0        0x0 /home/stoffer/esp8266/esp-open-sdk/xtensa-lx106-elf/bin/../lib/gcc/xtensa-lx106-elf/4.8.2/../../../../xtensa-lx106-elf/lib/libc.a(lib_a-strtok_r.o)
 .data          0x000000003ffe82b0        0x0 /home/stoffer/esp8266/esp-open-sdk/xtensa-lx106-elf/bin/../lib/gcc/xtensa-lx106-elf/4.8.2/../../../../xtensa-lx106-elf/lib/libc.a(lib_a-strtol.o)
 .data          0x000000003ffe82b0        0x4 /home/stoffer/esp8266/esp-open-sdk/xtensa-lx106-elf/bin/../lib/gcc/xtensa-lx106-elf/4.8.2/../../../../xtensa-lx106-elf/lib/libc.a(lib_a-ctype_.o)
                0x000000003ffe82b0                __ctype_ptr__
 *fill*         0x000000003ffe82b4        0x4 
 .data          0x000000003ffe82b8      0x430 /home/stoffer/esp8266/esp-open-sdk/xtensa-lx106-elf/bin/../lib/gcc/xtensa-lx106-elf/4.8.2/../../../../xtensa-lx106-elf/lib/libc.a(lib_a-impure.o)
                0x000000003ffe82b8                _impure_ptr
 .data          0x000000003ffe86e8        0x0 /home/stoffer/esp8266/esp-open-sdk/xtensa-lx106-elf/bin/../lib/gcc/xtensa-lx106-elf/4.8.2/libgcc.a(_divsi3.o)
 .data          0x000000003ffe86e8        0x0 /home/stoffer/esp8266/esp-open-sdk/xtensa-lx106-elf/bin/../lib/gcc/xtensa-lx106-elf/4.8.2/libgcc.a(_udivdi3.o)
 .data          0x000000003ffe86e8        0x0 /home/stoffer/esp8266/esp-open-sdk/xtensa-lx106-elf/bin/../lib/gcc/xtensa-lx106-elf/4.8.2/libgcc.a(_umoddi3.o)
 .data          0x000000003ffe86e8        0x0 /home/stoffer/esp8266/esp-open-sdk/xtensa-lx106-elf/bin/../xtensa-lx106-elf/sysroot/usr/lib/libhal.a(int_asm--set_intclear.o)
 .data          0x000000003ffe86e8        0x0 /home/stoffer/esp8266/esp-open-sdk/sdk/lib/libphy.a(phy.o)
 .data          0x000000003ffe86e8        0x0 /home/stoffer/esp8266/esp-open-sdk/sdk/lib/libphy.a(phy_chip_v6_ana.o)
 *fill*         0x000000003ffe86e8        0x8 
 .data          0x000000003ffe86f0       0x53 /home/stoffer/esp8266/esp-open-sdk/sdk/lib/libphy.a(phy_chip_v6.o)
                0x000000003ffe86f2                tx_rf_ana_gain
                0x000000003ffe8720                rx_gain_swp
                0x000000003ffe8740                test_rffreq_txcap
 .data          0x000000003ffe8743        0x0 /home/stoffer/esp8266/esp-open-sdk/sdk/lib/libphy.a(phy_chip_v6_cal.o)
 .data          0x000000003ffe8743        0x0 /home/stoffer/esp8266/esp-open-sdk/sdk/lib/libphy.a(phy_chip_v6_unused.o)
 *fill*         0x000000003ffe8743        0x1 
 .data          0x000000003ffe8744        0x4 /home/stoffer/esp8266/esp-open-sdk/sdk/lib/libphy.a(phy_sleep.o)
                0x000000003ffe8744                chip_version
 .data          0x000000003ffe8748        0x0 /home/stoffer/esp8266/esp-open-sdk/sdk/lib/libpp.a(if_hwctrl.o)
 .data          0x000000003ffe8748        0x0 /home/stoffer/esp8266/esp-open-sdk/sdk/lib/libpp.a(lmac.o)
 .data          0x000000003ffe8748        0x1 /home/stoffer/esp8266/esp-open-sdk/sdk/lib/libpp.a(pm.o)
 *fill*         0x000000003ffe8749        0x3 
 .data          0x000000003ffe874c        0x1 /home/stoffer/esp8266/esp-open-sdk/sdk/lib/libpp.a(pm_for_bcn_only_mode.o)
 *fill*         0x000000003ffe874d        0x3 
 .data          0x000000003ffe8750       0x1c /home/stoffer/esp8266/esp-open-sdk/sdk/lib/libpp.a(pp.o)
                0x000000003ffe8750                soft_wdt_interval
                0x000000003ffe8754                NoiseTimerInterval
                0x000000003ffe875c                sleep_start_wait_time
                0x000000003ffe8764                CanDoFreqCal
                0x000000003ffe8768                tcb
 *fill*         0x000000003ffe876c        0x4 
 .data          0x000000003ffe8770       0x40 /home/stoffer/esp8266/esp-open-sdk/sdk/lib/libpp.a(rate_control.o)
 .data          0x000000003ffe87b0      0x24c /home/stoffer/esp8266/esp-open-sdk/sdk/lib/libpp.a(trc.o)
 .data          0x000000003ffe89fc        0x8 /home/stoffer/esp8266/esp-open-sdk/sdk/lib/libpp.a(wdev.o)
 .data          0x000000003ffe8a04        0x0 /home/stoffer/esp8266/esp-open-sdk/sdk/lib/libpp.a(esf_buf.o)
 .data          0x000000003ffe8a04        0x0 /home/stoffer/esp8266/esp-open-sdk/sdk/lib/libnet80211.a(ieee80211.o)
 .data          0x000000003ffe8a04        0x0 /home/stoffer/esp8266/esp-open-sdk/sdk/lib/libnet80211.a(ieee80211_crypto.o)
 .data          0x000000003ffe8a04        0x0 /home/stoffer/esp8266/esp-open-sdk/sdk/lib/libnet80211.a(ieee80211_ets.o)
 .data          0x000000003ffe8a04        0x1 /home/stoffer/esp8266/esp-open-sdk/sdk/lib/libnet80211.a(ieee80211_hostap.o)
                0x000000003ffe8a04                TmpSTAAPCloseAP
 .data          0x000000003ffe8a05        0x0 /home/stoffer/esp8266/esp-open-sdk/sdk/lib/libnet80211.a(ieee80211_ht.o)
 .data          0x000000003ffe8a05        0x0 /home/stoffer/esp8266/esp-open-sdk/sdk/lib/libnet80211.a(ieee80211_input.o)
 .data          0x000000003ffe8a05        0x0 /home/stoffer/esp8266/esp-open-sdk/sdk/lib/libnet80211.a(ieee80211_mesh_quick.o)
 .data          0x000000003ffe8a05        0x0 /home/stoffer/esp8266/esp-open-sdk/sdk/lib/libnet80211.a(ieee80211_output.o)
 .data          0x000000003ffe8a05        0x0 /home/stoffer/esp8266/esp-open-sdk/sdk/lib/libnet80211.a(ieee80211_phy.o)
 .data          0x000000003ffe8a05        0x0 /home/stoffer/esp8266/esp-open-sdk/sdk/lib/libnet80211.a(ieee80211_power.o)
 .data          0x000000003ffe8a05        0x0 /home/stoffer/esp8266/esp-open-sdk/sdk/lib/libnet80211.a(ieee80211_proto.o)
 .data          0x000000003ffe8a05        0x0 /home/stoffer/esp8266/esp-open-sdk/sdk/lib/libnet80211.a(ieee80211_rfid.o)
 .data          0x000000003ffe8a05        0x0 /home/stoffer/esp8266/esp-open-sdk/sdk/lib/libnet80211.a(ieee80211_scan.o)
 .data          0x000000003ffe8a05        0x0 /home/stoffer/esp8266/esp-open-sdk/sdk/lib/libnet80211.a(ieee80211_sta.o)
 .data          0x000000003ffe8a05        0x0 /home/stoffer/esp8266/esp-open-sdk/sdk/lib/libnet80211.a(wl_chm.o)
 *fill*         0x000000003ffe8a05        0x3 
 .data          0x000000003ffe8a08        0x1 /home/stoffer/esp8266/esp-open-sdk/sdk/lib/libnet80211.a(wl_cnx.o)
 *fill*         0x000000003ffe8a09        0x7 
 .data          0x000000003ffe8a10       0x1c /home/stoffer/esp8266/esp-open-sdk/sdk/lib/libnet80211.a(ieee80211_action.o)
 .data          0x000000003ffe8a2c        0x0 /home/stoffer/esp8266/esp-open-sdk/sdk/lib/libnet80211.a(ieee80211_action_vendor.o)
 .data          0x000000003ffe8a2c        0x0 /home/stoffer/esp8266/esp-open-sdk/sdk/lib/libnet80211.a(ieee80211_crypto_ccmp.o)
 .data          0x000000003ffe8a2c        0x0 /home/stoffer/esp8266/esp-open-sdk/sdk/lib/libnet80211.a(ieee80211_ie_vendor.o)
 .data          0x000000003ffe8a2c        0x4 /home/stoffer/esp8266/esp-open-sdk/sdk/lib/liblwip.a(dhcp.o)
 .data          0x000000003ffe8a30        0x5 /home/stoffer/esp8266/esp-open-sdk/sdk/lib/liblwip.a(dhcpserver.o)
                0x000000003ffe8a30                dhcps_lease_time
 .data          0x000000003ffe8a35        0x0 /home/stoffer/esp8266/esp-open-sdk/sdk/lib/liblwip.a(dns.o)
 .data          0x000000003ffe8a35        0x0 /home/stoffer/esp8266/esp-open-sdk/sdk/lib/liblwip.a(espconn.o)
 .data          0x000000003ffe8a35        0x0 /home/stoffer/esp8266/esp-open-sdk/sdk/lib/liblwip.a(espconn_tcp.o)
 .data          0x000000003ffe8a35        0x0 /home/stoffer/esp8266/esp-open-sdk/sdk/lib/liblwip.a(espconn_udp.o)
 .data          0x000000003ffe8a35        0x0 /home/stoffer/esp8266/esp-open-sdk/sdk/lib/liblwip.a(etharp.o)
 .data          0x000000003ffe8a35        0x0 /home/stoffer/esp8266/esp-open-sdk/sdk/lib/liblwip.a(igmp.o)
 .data          0x000000003ffe8a35        0x0 /home/stoffer/esp8266/esp-open-sdk/sdk/lib/liblwip.a(inet_chksum.o)
 .data          0x000000003ffe8a35        0x0 /home/stoffer/esp8266/esp-open-sdk/sdk/lib/liblwip.a(init.o)
 .data          0x000000003ffe8a35        0x0 /home/stoffer/esp8266/esp-open-sdk/sdk/lib/liblwip.a(ip_addr.o)
 .data          0x000000003ffe8a35        0x0 /home/stoffer/esp8266/esp-open-sdk/sdk/lib/liblwip.a(ip.o)
 *fill*         0x000000003ffe8a35        0x3 
 .data          0x000000003ffe8a38        0x2 /home/stoffer/esp8266/esp-open-sdk/sdk/lib/liblwip.a(memp.o)
                0x000000003ffe8a38                memp_sizes_test
 .data          0x000000003ffe8a3a        0x0 /home/stoffer/esp8266/esp-open-sdk/sdk/lib/liblwip.a(netif.o)
 .data          0x000000003ffe8a3a        0x0 /home/stoffer/esp8266/esp-open-sdk/sdk/lib/liblwip.a(pbuf.o)
 .data          0x000000003ffe8a3a        0x0 /home/stoffer/esp8266/esp-open-sdk/sdk/lib/liblwip.a(raw.o)
 *fill*         0x000000003ffe8a3a        0x2 
 .data          0x000000003ffe8a3c        0x1 /home/stoffer/esp8266/esp-open-sdk/sdk/lib/liblwip.a(sntp.o)
                0x000000003ffe8a3c                time_zone
 .data          0x000000003ffe8a3d        0x0 /home/stoffer/esp8266/esp-open-sdk/sdk/lib/liblwip.a(tcp_in.o)
 *fill*         0x000000003ffe8a3d        0x3 
 .data          0x000000003ffe8a40        0x8 /home/stoffer/esp8266/esp-open-sdk/sdk/lib/liblwip.a(tcp.o)
 .data          0x000000003ffe8a48        0x0 /home/stoffer/esp8266/esp-open-sdk/sdk/lib/liblwip.a(tcp_out.o)
 .data          0x000000003ffe8a48        0x0 /home/stoffer/esp8266/esp-open-sdk/sdk/lib/liblwip.a(timers.o)
 .data          0x000000003ffe8a48        0x0 /home/stoffer/esp8266/esp-open-sdk/sdk/lib/liblwip.a(udp.o)
 .data          0x000000003ffe8a48        0x0 /home/stoffer/esp8266/esp-open-sdk/sdk/lib/liblwip.a(icmp.o)
 .data          0x000000003ffe8a48        0x0 /home/stoffer/esp8266/esp-open-sdk/sdk/lib/libwpa.a(ap_config.o)
 .data          0x000000003ffe8a48        0x0 /home/stoffer/esp8266/esp-open-sdk/sdk/lib/libwpa.a(common.o)
 .data          0x000000003ffe8a48        0x0 /home/stoffer/esp8266/esp-open-sdk/sdk/lib/libwpa.a(os_xtensa.o)
 .data          0x000000003ffe8a48        0x0 /home/stoffer/esp8266/esp-open-sdk/sdk/lib/libwpa.a(wpa_auth.o)
 .data          0x000000003ffe8a48        0x0 /home/stoffer/esp8266/esp-open-sdk/sdk/lib/libwpa.a(wpa_auth_ie.o)
 .data          0x000000003ffe8a48        0x0 /home/stoffer/esp8266/esp-open-sdk/sdk/lib/libwpa.a(wpa.o)
 .data          0x000000003ffe8a48        0x0 /home/stoffer/esp8266/esp-open-sdk/sdk/lib/libwpa.a(wpa_common.o)
 .data          0x000000003ffe8a48        0x0 /home/stoffer/esp8266/esp-open-sdk/sdk/lib/libwpa.a(wpa_debug.o)
 .data          0x000000003ffe8a48        0x0 /home/stoffer/esp8266/esp-open-sdk/sdk/lib/libwpa.a(wpa_ie.o)
 .data          0x000000003ffe8a48        0x0 /home/stoffer/esp8266/esp-open-sdk/sdk/lib/libwpa.a(wpa_main.o)
 .data          0x000000003ffe8a48        0x0 /home/stoffer/esp8266/esp-open-sdk/sdk/lib/libwpa.a(wpas_glue.o)
 .data          0x000000003ffe8a48        0x0 /home/stoffer/esp8266/esp-open-sdk/sdk/lib/libwpa.a(aes-wrap.o)
 .data          0x000000003ffe8a48        0x0 /home/stoffer/esp8266/esp-open-sdk/sdk/lib/libwpa.a(aes-internal-enc.o)
 .data          0x000000003ffe8a48        0x0 /home/stoffer/esp8266/esp-open-sdk/sdk/lib/libwpa.a(aes-internal.o)
 .data          0x000000003ffe8a48        0x0 /home/stoffer/esp8266/esp-open-sdk/xtensa-lx106-elf/bin/../lib/gcc/xtensa-lx106-elf/4.8.2/libgcc.a(_modsi3.o)
 .data          0x000000003ffe8a48        0x0 /home/stoffer/esp8266/esp-open-sdk/xtensa-lx106-elf/bin/../lib/gcc/xtensa-lx106-elf/4.8.2/libgcc.a(_ashrdi3.o)
 .data          0x000000003ffe8a48        0x0 /home/stoffer/esp8266/esp-open-sdk/xtensa-lx106-elf/bin/../lib/gcc/xtensa-lx106-elf/4.8.2/libgcc.a(_addsubsf3.o)
 .data          0x000000003ffe8a48        0x0 /home/stoffer/esp8266/esp-open-sdk/xtensa-lx106-elf/bin/../lib/gcc/xtensa-lx106-elf/4.8.2/libgcc.a(_mulsf3.o)
 .data          0x000000003ffe8a48        0x0 /home/stoffer/esp8266/esp-open-sdk/xtensa-lx106-elf/bin/../lib/gcc/xtensa-lx106-elf/4.8.2/libgcc.a(_divsf3.o)
 .data          0x000000003ffe8a48        0x0 /home/stoffer/esp8266/esp-open-sdk/xtensa-lx106-elf/bin/../lib/gcc/xtensa-lx106-elf/4.8.2/libgcc.a(_fixsfsi.o)
 .data          0x000000003ffe8a48        0x0 /home/stoffer/esp8266/esp-open-sdk/xtensa-lx106-elf/bin/../lib/gcc/xtensa-lx106-elf/4.8.2/libgcc.a(_fixunssfsi.o)
 .data          0x000000003ffe8a48        0x0 /home/stoffer/esp8266/esp-open-sdk/xtensa-lx106-elf/bin/../lib/gcc/xtensa-lx106-elf/4.8.2/libgcc.a(_floatsisf.o)
 .data          0x000000003ffe8a48        0x0 /home/stoffer/esp8266/esp-open-sdk/xtensa-lx106-elf/bin/../lib/gcc/xtensa-lx106-elf/4.8.2/libgcc.a(_muldf3.o)
 .data          0x000000003ffe8a48        0x0 /home/stoffer/esp8266/esp-open-sdk/xtensa-lx106-elf/bin/../lib/gcc/xtensa-lx106-elf/4.8.2/libgcc.a(_divdf3.o)
 .data          0x000000003ffe8a48        0x0 /home/stoffer/esp8266/esp-open-sdk/xtensa-lx106-elf/bin/../lib/gcc/xtensa-lx106-elf/4.8.2/libgcc.a(_fixdfsi.o)
 .data          0x000000003ffe8a48        0x0 /home/stoffer/esp8266/esp-open-sdk/xtensa-lx106-elf/bin/../lib/gcc/xtensa-lx106-elf/4.8.2/libgcc.a(_floatsidf.o)
 .data          0x000000003ffe8a48        0x0 /home/stoffer/esp8266/esp-open-sdk/xtensa-lx106-elf/bin/../lib/gcc/xtensa-lx106-elf/4.8.2/libgcc.a(_truncdfsf2.o)
 .data          0x000000003ffe8a48        0x0 /home/stoffer/esp8266/esp-open-sdk/xtensa-lx106-elf/bin/../lib/gcc/xtensa-lx106-elf/4.8.2/libgcc.a(_divdi3.o)
 .data          0x000000003ffe8a48        0x0 /home/stoffer/esp8266/esp-open-sdk/sdk/lib/libnet80211.a(ieee80211_crypto_tkip.o)
 .data          0x000000003ffe8a48        0x0 /home/stoffer/esp8266/esp-open-sdk/sdk/lib/libnet80211.a(ieee80211_crypto_wep.o)
 *(.data.*)
 *(.gnu.linkonce.d.*)
 *(.data1)
 *(.sdata)
 *(.sdata.*)
 *(.gnu.linkonce.s.*)
 *(.sdata2)
 *(.sdata2.*)
 *(.gnu.linkonce.s2.*)
 *(.jcr)
                0x000000003ffe8a48                _data_end = ABSOLUTE (.)

.rodata         0x000000003ffe8a50     0x1200
                0x000000003ffe8a50                _rodata_start = ABSOLUTE (.)
 *(.sdk.version)
 .sdk.version   0x000000003ffe8a50       0x10 /home/stoffer/esp8266/esp-open-sdk/sdk/lib/libmain.a(app_main.o)
                0x000000003ffe8a50                SDK_VERSION
 *(.rodata)
 .rodata        0x000000003ffe8a60       0x48 build/app_app.a(httpd.o)
 .rodata        0x000000003ffe8aa8      0x120 build/app_app.a(sha256.o)
 .rodata        0x000000003ffe8bc8      0x300 build/app_app.a(aes.o)
 .rodata        0x000000003ffe8ec8       0x48 build/app_app.a(mqtt.o)
 .rodata        0x000000003ffe8f10       0x10 build/app_app.a(config.o)
 .rodata        0x000000003ffe8f20       0x24 build/app_app.a(heatshrink_decoder.o)
 .rodata        0x000000003ffe8f44      0x101 /home/stoffer/esp8266/esp-open-sdk/xtensa-lx106-elf/bin/../lib/gcc/xtensa-lx106-elf/4.8.2/../../../../xtensa-lx106-elf/lib/libc.a(lib_a-ctype_.o)
                0x000000003ffe8f44                _ctype_
 *fill*         0x000000003ffe9045        0x3 
 .rodata        0x000000003ffe9048        0x4 /home/stoffer/esp8266/esp-open-sdk/xtensa-lx106-elf/bin/../lib/gcc/xtensa-lx106-elf/4.8.2/../../../../xtensa-lx106-elf/lib/libc.a(lib_a-impure.o)
                0x000000003ffe9048                _global_impure_ptr
 .rodata        0x000000003ffe904c        0x8 /home/stoffer/esp8266/esp-open-sdk/sdk/lib/libphy.a(phy_chip_v6_ana.o)
 .rodata        0x000000003ffe9054        0x8 /home/stoffer/esp8266/esp-open-sdk/sdk/lib/libphy.a(phy_chip_v6.o)
 .rodata        0x000000003ffe905c        0x4 /home/stoffer/esp8266/esp-open-sdk/sdk/lib/libpp.a(pp.o)
 .rodata        0x000000003ffe9060        0x8 /home/stoffer/esp8266/esp-open-sdk/sdk/lib/libnet80211.a(ieee80211_hostap.o)
 .rodata        0x000000003ffe9068        0x9 /home/stoffer/esp8266/esp-open-sdk/sdk/lib/libnet80211.a(ieee80211_output.o)
 *fill*         0x000000003ffe9071        0x3 
 .rodata        0x000000003ffe9074        0x6 /home/stoffer/esp8266/esp-open-sdk/sdk/lib/liblwip.a(etharp.o)
                0x000000003ffe9074                ethbroadcast
 *fill*         0x000000003ffe907a        0x6 
 .rodata        0x000000003ffe9080       0xc0 /home/stoffer/esp8266/esp-open-sdk/sdk/lib/liblwip.a(sntp.o)
 *(.rodata.*)
 .rodata.str1.4
                0x000000003ffe9140        0xc /home/stoffer/esp8266/esp-open-sdk/sdk/lib/libmain.a(app_main.o)
 .rodata.str1.4
                0x000000003ffe914c        0x4 /home/stoffer/esp8266/esp-open-sdk/sdk/lib/libmain.a(ets_timer.o)
                                          0xc (size before relaxing)
 .rodata.str1.4
                0x000000003ffe9150       0x1a /home/stoffer/esp8266/esp-open-sdk/sdk/lib/libmain.a(mem_manager.o)
 *fill*         0x000000003ffe916a        0x2 
 .rodata.str1.4
                0x000000003ffe916c      0x30d build/app_app.a(user_main.o)
                                        0x319 (size before relaxing)
 *fill*         0x000000003ffe9479        0x3 
 .rodata.str1.4
                0x000000003ffe947c       0x11 build/app_app.a(captdns.o)
 *fill*         0x000000003ffe948d        0x3 
 .rodata.str1.4
                0x000000003ffe9490      0x17a build/app_app.a(httpd.o)
                                        0x186 (size before relaxing)
 *fill*         0x000000003ffe960a        0x2 
 .rodata.str1.4
                0x000000003ffe960c        0x8 build/app_app.a(utils.o)
                                          0xb (size before relaxing)
 .rodata.str1.4
                0x000000003ffe9614       0xaa build/app_app.a(httpd_user_init.o)
                                         0xae (size before relaxing)
 *fill*         0x000000003ffe96be        0x2 
 .rodata.str1.4
                0x000000003ffe96c0       0x83 build/app_app.a(crypto.o)
                                         0x87 (size before relaxing)
 *fill*         0x000000003ffe9743        0x1 
 .rodata.str1.4
                0x000000003ffe9744       0x11 build/app_app.a(sha256.o)
 *fill*         0x000000003ffe9755        0x3 
 .rodata.str1.4
                0x000000003ffe9758       0x3e build/app_app.a(ext_spi_flash.o)
 .rodata.str1.4
                0x0000000000000000        0x1 build/app_app.a(mqtt.o)
 *fill*         0x000000003ffe9796        0x2 
 .rodata.str1.4
                0x000000003ffe9798        0x7 build/app_app.a(mqtt_msg.o)
 .rodata.str1.4
                0x0000000000000000        0x1 build/app_app.a(queue.o)
 *fill*         0x000000003ffe979f        0x1 
 .rodata.str1.4
                0x000000003ffe97a0       0x8f build/app_app.a(config.o)
                                         0x97 (size before relaxing)
 *fill*         0x000000003ffe982f        0x1 
 .rodata.str1.4
                0x000000003ffe9830       0x4f build/app_app.a(wifi.o)
                                         0x5d (size before relaxing)
 *fill*         0x000000003ffe987f        0x1 
 .rodata.str1.4
                0x000000003ffe9880       0x20 build/app_app.a(unix_time.o)
                                         0x24 (size before relaxing)
 .rodata.str1.4
                0x000000003ffe98a0       0x50 build/app_app.a(cgi.o)
                                         0x54 (size before relaxing)
 .rodata.str1.4
                0x000000003ffe98f0       0x32 build/app_app.a(httpdespfs.o)
                                         0x46 (size before relaxing)
 *fill*         0x000000003ffe9922        0x2 
 .rodata.str1.4
                0x000000003ffe9924      0x24b build/app_app.a(cgiwifi.o)
                                        0x273 (size before relaxing)
 .rodata.str1.4
                0x0000000000000000        0x1 build/app_app.a(espfs.o)
 .rodata.str1.4
                0x0000000000000000        0x1 build/app_app.a(heatshrink_decoder.o)
 .rodata.str1.1
                0x000000003ffe9b6f        0x2 /home/stoffer/esp8266/esp-open-sdk/xtensa-lx106-elf/bin/../lib/gcc/xtensa-lx106-elf/4.8.2/../../../../xtensa-lx106-elf/lib/libc.a(lib_a-impure.o)
 *fill*         0x000000003ffe9b71        0x3 
 .rodata.str1.4
                0x000000003ffe9b74        0x4 /home/stoffer/esp8266/esp-open-sdk/sdk/lib/libpp.a(lmac.o)
                                          0xc (size before relaxing)
 .rodata.str1.4
                0x000000003ffe9b78        0x4 /home/stoffer/esp8266/esp-open-sdk/sdk/lib/libpp.a(pm_for_bcn_only_mode.o)
                                          0xc (size before relaxing)
 .rodata.str1.4
                0x000000003ffe9b7c        0x8 /home/stoffer/esp8266/esp-open-sdk/sdk/lib/libpp.a(pp.o)
                                         0x10 (size before relaxing)
 .rodata.str1.4
                0x000000003ffe9b84        0x4 /home/stoffer/esp8266/esp-open-sdk/sdk/lib/libpp.a(wdev.o)
                                          0xc (size before relaxing)
 .rodata.str1.4
                0x000000003ffe9b88        0x3 /home/stoffer/esp8266/esp-open-sdk/sdk/lib/libnet80211.a(ieee80211_hostap.o)
                                          0x8 (size before relaxing)
 *fill*         0x000000003ffe9b8b        0x1 
 .rodata.str1.4
                0x000000003ffe9b8c        0x7 /home/stoffer/esp8266/esp-open-sdk/sdk/lib/libnet80211.a(ieee80211_mesh_quick.o)
 .rodata.str1.4
                0x0000000000000000        0x4 /home/stoffer/esp8266/esp-open-sdk/sdk/lib/libnet80211.a(ieee80211_sta.o)
 .rodata.str1.4
                0x0000000000000000        0x4 /home/stoffer/esp8266/esp-open-sdk/sdk/lib/libnet80211.a(ieee80211_action_vendor.o)
 .rodata.str1.4
                0x0000000000000000        0x4 /home/stoffer/esp8266/esp-open-sdk/sdk/lib/libnet80211.a(ieee80211_ie_vendor.o)
 .rodata.str1.4
                0x0000000000000000        0x1 /home/stoffer/esp8266/esp-open-sdk/sdk/lib/liblwip.a(espconn_tcp.o)
 *fill*         0x000000003ffe9b93        0x1 
 .rodata.str1.4
                0x000000003ffe9b94       0x20 /home/stoffer/esp8266/esp-open-sdk/sdk/lib/liblwip.a(sntp.o)
 .rodata.str1.4
                0x000000003ffe9bb4        0x8 /home/stoffer/esp8266/esp-open-sdk/sdk/lib/libwpa.a(wpa_debug.o)
                                          0xd (size before relaxing)
 *(.gnu.linkonce.r.*)
 *(.rodata1)
                0x000000003ffe9bbc                __XT_EXCEPTION_TABLE__ = ABSOLUTE (.)
 *(.xt_except_table)
 *(.gcc_except_table)
 *(.gnu.linkonce.e.*)
 *(.gnu.version_r)
 *(.eh_frame)
 .eh_frame      0x000000003ffe9bbc       0x38 /home/stoffer/esp8266/esp-open-sdk/xtensa-lx106-elf/bin/../lib/gcc/xtensa-lx106-elf/4.8.2/libgcc.a(_udivdi3.o)
 .eh_frame      0x000000003ffe9bf4       0x2c /home/stoffer/esp8266/esp-open-sdk/xtensa-lx106-elf/bin/../lib/gcc/xtensa-lx106-elf/4.8.2/libgcc.a(_umoddi3.o)
                                         0x3c (size before relaxing)
 .eh_frame      0x000000003ffe9c20       0x28 /home/stoffer/esp8266/esp-open-sdk/xtensa-lx106-elf/bin/../lib/gcc/xtensa-lx106-elf/4.8.2/libgcc.a(_divdi3.o)
                                         0x38 (size before relaxing)
 *crtbegin.o(.ctors)
 *(EXCLUDE_FILE(*crtend.o) .ctors)
 *(SORT(.ctors.*))
 *(.ctors)
 *crtbegin.o(.dtors)
 *(EXCLUDE_FILE(*crtend.o) .dtors)
 *(SORT(.dtors.*))
 *(.dtors)
                0x000000003ffe9c48                __XT_EXCEPTION_DESCS__ = ABSOLUTE (.)
 *(.xt_except_desc)
 *(.gnu.linkonce.h.*)
                0x000000003ffe9c48                __XT_EXCEPTION_DESCS_END__ = ABSOLUTE (.)
 *(.xt_except_desc_end)
 *(.dynamic)
 *(.gnu.version_d)
                0x000000003ffe9c48                . = ALIGN (0x4)
                0x000000003ffe9c48                _bss_table_start = ABSOLUTE (.)
                0x000000003ffe9c48        0x4 LONG 0x3ffe9c50 _bss_start
                0x000000003ffe9c4c        0x4 LONG 0x3fff2868 _bss_end
                0x000000003ffe9c50                _bss_table_end = ABSOLUTE (.)
                0x000000003ffe9c50                _rodata_end = ABSOLUTE (.)

.bss            0x000000003ffe9c50     0x8c18
                0x000000003ffe9c50                . = ALIGN (0x8)
                0x000000003ffe9c50                _bss_start = ABSOLUTE (.)
 *(.dynsbss)
 *(.sbss)
 *(.sbss.*)
 *(.gnu.linkonce.sb.*)
 *(.scommon)
 *(.sbss2)
 *(.sbss2.*)
 *(.gnu.linkonce.sb2.*)
 *(.dynbss)
 *(.bss)
 .bss           0x000000003ffe9c50        0x0 /home/stoffer/esp8266/esp-open-sdk/sdk/lib/libmain.a(debug-vector.o)
 .bss           0x000000003ffe9c50        0x0 /home/stoffer/esp8266/esp-open-sdk/sdk/lib/libmain.a(double-vector.o)
 .bss           0x000000003ffe9c50        0x0 /home/stoffer/esp8266/esp-open-sdk/sdk/lib/libmain.a(kernel-vector.o)
 .bss           0x000000003ffe9c50      0x1c0 /home/stoffer/esp8266/esp-open-sdk/sdk/lib/libmain.a(nmi-vector.o)
 .bss           0x000000003ffe9e10        0x0 /home/stoffer/esp8266/esp-open-sdk/sdk/lib/libmain.a(user-vector.o)
 .bss           0x000000003ffe9e10        0x0 /home/stoffer/esp8266/esp-open-sdk/sdk/lib/libmain.a(vector.o)
 .bss           0x000000003ffe9e10       0x41 /home/stoffer/esp8266/esp-open-sdk/sdk/lib/libmain.a(app_main.o)
                0x000000003ffe9e14                info
                0x000000003ffe9e38                lwip_timer_interval
                0x000000003ffe9e3c                check_timeouts_timer
                0x000000003ffe9e50                user_init_flag
 *fill*         0x000000003ffe9e51        0xf 
 .bss           0x000000003ffe9e60       0x30 /home/stoffer/esp8266/esp-open-sdk/sdk/lib/libmain.a(ets_timer.o)
                0x000000003ffe9e60                dbg_timer_flag
                0x000000003ffe9e64                timer_list
                0x000000003ffe9e68                debug_timer
                0x000000003ffe9e6c                debug_timerfn
 .bss           0x000000003ffe9e90       0x3c /home/stoffer/esp8266/esp-open-sdk/sdk/lib/libmain.a(mem_manager.o)
 .bss           0x000000003ffe9ecc        0x4 /home/stoffer/esp8266/esp-open-sdk/sdk/lib/libmain.a(spi_flash.o)
                0x000000003ffe9ecc                flash_read
 .bss           0x000000003ffe9ed0      0x242 /home/stoffer/esp8266/esp-open-sdk/sdk/lib/libmain.a(user_interface.o)
                0x000000003ffe9fc7                deep_sleep_flag
                0x000000003ffe9fc8                cpu_overclock
                0x000000003ffe9fcc                event_cb
                0x000000003ffe9fd0                status_led_output_level
                0x000000003ffe9fd4                done_cb
                0x000000003ffe9fd8                rst_if
                0x000000003ffe9ff4                default_interface
                0x000000003ffe9ff5                OpmodChgIsOnGoing
                0x000000003ffe9ff8                promiscuous_cb
                0x000000003ffea010                event_TaskQueue
 .bss           0x000000003ffea112        0x0 /home/stoffer/esp8266/esp-open-sdk/sdk/lib/libmain.a(eagle_lib.o)
 *fill*         0x000000003ffea112        0x2 
 .bss           0x000000003ffea114        0xc /home/stoffer/esp8266/esp-open-sdk/sdk/lib/libmain.a(eagle_lwip_if.o)
                0x000000003ffea114                hostname
 .bss           0x000000003ffea120        0x0 /home/stoffer/esp8266/esp-open-sdk/xtensa-lx106-elf/bin/../lib/gcc/xtensa-lx106-elf/4.8.2/libgcc.a(_udivsi3.o)
 .bss           0x000000003ffea120        0x0 /home/stoffer/esp8266/esp-open-sdk/xtensa-lx106-elf/bin/../lib/gcc/xtensa-lx106-elf/4.8.2/libgcc.a(_umodsi3.o)
 .bss           0x000000003ffea120        0x0 /home/stoffer/esp8266/esp-open-sdk/xtensa-lx106-elf/bin/../lib/gcc/xtensa-lx106-elf/4.8.2/libgcc.a(_muldi3.o)
 .bss           0x000000003ffea120        0x0 /home/stoffer/esp8266/esp-open-sdk/xtensa-lx106-elf/bin/../lib/gcc/xtensa-lx106-elf/4.8.2/libgcc.a(_umulsidi3.o)
 .bss           0x000000003ffea120       0x68 build/app_app.a(user_main.o)
                0x000000003ffea120                counter
 .bss           0x000000003ffea188       0x2c build/app_app.a(captdns.o)
 .bss           0x000000003ffea1b4       0x14 build/app_app.a(led.o)
 .bss           0x000000003ffea1c8     0x21f4 build/app_app.a(httpd.o)
 .bss           0x000000003ffec3bc        0x0 build/app_app.a(utils.o)
 .bss           0x000000003ffec3bc        0x0 build/app_app.a(httpd_user_init.o)
 .bss           0x000000003ffec3bc        0x0 build/app_app.a(crypto.o)
 .bss           0x000000003ffec3bc        0x0 build/app_app.a(hmac-sha256.o)
 .bss           0x000000003ffec3bc        0x0 build/app_app.a(sha256.o)
 .bss           0x000000003ffec3bc       0xbc build/app_app.a(aes.o)
 .bss           0x000000003ffec478        0x0 build/app_app.a(uart.o)
 .bss           0x000000003ffec478        0x0 build/app_app.a(ext_spi_flash.o)
 .bss           0x000000003ffec478        0x0 build/app_app.a(spi.o)
 .bss           0x000000003ffec478        0x0 build/app_app.a(gpio16.o)
 .bss           0x000000003ffec478        0x8 build/app_app.a(mqtt.o)
                0x000000003ffec478                default_private_key_len
                0x000000003ffec47c                default_certificate_len
 .bss           0x000000003ffec480        0x0 build/app_app.a(mqtt_msg.o)
 .bss           0x000000003ffec480        0x0 build/app_app.a(queue.o)
 .bss           0x000000003ffec480        0x0 build/app_app.a(mqtt_utils.o)
 .bss           0x000000003ffec480        0x0 build/app_app.a(proto.o)
 .bss           0x000000003ffec480       0x14 build/app_app.a(config.o)
 .bss           0x000000003ffec494       0x20 build/app_app.a(wifi.o)
                0x000000003ffec494                wifi_reconnect
                0x000000003ffec495                wifi_scan_runnning
                0x000000003ffec496                wifi_fallback_last_present
                0x000000003ffec497                wifi_fallback_present
                0x000000003ffec498                wifi_cb
 .bss           0x000000003ffec4b4        0x8 build/app_app.a(tinyprintf.o)
 .bss           0x000000003ffec4bc       0x30 build/app_app.a(unix_time.o)
                0x000000003ffec4bc                ntp_offline_second_counter
                0x000000003ffec4c0                init_time
 .bss           0x000000003ffec4ec        0x5 build/app_app.a(cgi.o)
 .bss           0x000000003ffec4f1        0x0 build/app_app.a(httpdespfs.o)
 *fill*         0x000000003ffec4f1        0x3 
 .bss           0x000000003ffec4f4       0x14 build/app_app.a(cgiwifi.o)
 .bss           0x000000003ffec508        0x0 build/app_app.a(ringbuf.o)
 .bss           0x000000003ffec508        0x0 build/app_app.a(espfs.o)
 .bss           0x000000003ffec508        0x0 build/app_app.a(heatshrink_decoder.o)
 .bss           0x000000003ffec508        0x0 /home/stoffer/esp8266/esp-open-sdk/xtensa-lx106-elf/bin/../lib/gcc/xtensa-lx106-elf/4.8.2/../../../../xtensa-lx106-elf/lib/libc.a(lib_a-atoi.o)
 .bss           0x000000003ffec508        0x0 /home/stoffer/esp8266/esp-open-sdk/xtensa-lx106-elf/bin/../lib/gcc/xtensa-lx106-elf/4.8.2/../../../../xtensa-lx106-elf/lib/libc.a(lib_a-memcpy.o)
 .bss           0x000000003ffec508        0x0 /home/stoffer/esp8266/esp-open-sdk/xtensa-lx106-elf/bin/../lib/gcc/xtensa-lx106-elf/4.8.2/../../../../xtensa-lx106-elf/lib/libc.a(lib_a-memset.o)
 .bss           0x000000003ffec508        0x0 /home/stoffer/esp8266/esp-open-sdk/xtensa-lx106-elf/bin/../lib/gcc/xtensa-lx106-elf/4.8.2/../../../../xtensa-lx106-elf/lib/libc.a(lib_a-strlen.o)
 .bss           0x000000003ffec508        0x0 /home/stoffer/esp8266/esp-open-sdk/xtensa-lx106-elf/bin/../lib/gcc/xtensa-lx106-elf/4.8.2/../../../../xtensa-lx106-elf/lib/libc.a(lib_a-strtok.o)
 .bss           0x000000003ffec508        0x0 /home/stoffer/esp8266/esp-open-sdk/xtensa-lx106-elf/bin/../lib/gcc/xtensa-lx106-elf/4.8.2/../../../../xtensa-lx106-elf/lib/libc.a(lib_a-strtok_r.o)
 .bss           0x000000003ffec508        0x0 /home/stoffer/esp8266/esp-open-sdk/xtensa-lx106-elf/bin/../lib/gcc/xtensa-lx106-elf/4.8.2/../../../../xtensa-lx106-elf/lib/libc.a(lib_a-strtol.o)
 .bss           0x000000003ffec508        0x0 /home/stoffer/esp8266/esp-open-sdk/xtensa-lx106-elf/bin/../lib/gcc/xtensa-lx106-elf/4.8.2/../../../../xtensa-lx106-elf/lib/libc.a(lib_a-ctype_.o)
 .bss           0x000000003ffec508        0x0 /home/stoffer/esp8266/esp-open-sdk/xtensa-lx106-elf/bin/../lib/gcc/xtensa-lx106-elf/4.8.2/../../../../xtensa-lx106-elf/lib/libc.a(lib_a-impure.o)
 .bss           0x000000003ffec508        0x0 /home/stoffer/esp8266/esp-open-sdk/xtensa-lx106-elf/bin/../lib/gcc/xtensa-lx106-elf/4.8.2/libgcc.a(_divsi3.o)
 .bss           0x000000003ffec508        0x0 /home/stoffer/esp8266/esp-open-sdk/xtensa-lx106-elf/bin/../lib/gcc/xtensa-lx106-elf/4.8.2/libgcc.a(_udivdi3.o)
 .bss           0x000000003ffec508        0x0 /home/stoffer/esp8266/esp-open-sdk/xtensa-lx106-elf/bin/../lib/gcc/xtensa-lx106-elf/4.8.2/libgcc.a(_umoddi3.o)
 .bss           0x000000003ffec508        0x0 /home/stoffer/esp8266/esp-open-sdk/xtensa-lx106-elf/bin/../xtensa-lx106-elf/sysroot/usr/lib/libhal.a(int_asm--set_intclear.o)
 .bss           0x000000003ffec508        0x4 /home/stoffer/esp8266/esp-open-sdk/sdk/lib/libphy.a(phy.o)
 .bss           0x000000003ffec50c        0x2 /home/stoffer/esp8266/esp-open-sdk/sdk/lib/libphy.a(phy_chip_v6_ana.o)
                0x000000003ffec50c                tout_dis_txpwr_track
                0x000000003ffec50d                sleep_mode_flag
 *fill*         0x000000003ffec50e        0x2 
 .bss           0x000000003ffec510      0x160 /home/stoffer/esp8266/esp-open-sdk/sdk/lib/libphy.a(phy_chip_v6.o)
                0x000000003ffec510                g_phyFuns
                0x000000003ffec514                rxiq_compute_num
                0x000000003ffec518                rx_table_renew_en
                0x000000003ffec51c                check_result
                0x000000003ffec520                chip6_sleep_params
                0x000000003ffec5b4                chip6_phy_init_ctrl
                0x000000003ffec628                phy_freq_offset
                0x000000003ffec62a                do_pwctrl_flag
                0x000000003ffec62b                pwctrl_debug
                0x000000003ffec62c                txbk_dpdby_flag
                0x000000003ffec62e                sw_scan_mode
                0x000000003ffec62f                rxmax_ext_level
                0x000000003ffec630                phy_rx_gain_dc_table
                0x000000003ffec644                periodic_cal_dc_num
                0x000000003ffec648                periodic_cal_flag
                0x000000003ffec649                bbpll_cal_flag
                0x000000003ffec64a                phy_in_most_power
                0x000000003ffec64b                init_rf_no_cal
                0x000000003ffec64c                test_print_time
                0x000000003ffec650                phy_rx_gain_dc_flag
                0x000000003ffec651                phy_in_vdd33_offset
                0x000000003ffec652                phy_set_most_tpw_disbg
                0x000000003ffec653                phy_set_most_tpw_index
                0x000000003ffec654                adc_rand_noise
                0x000000003ffec658                dpd_bypass_original
                0x000000003ffec660                noise_array
 .bss           0x000000003ffec670        0x8 /home/stoffer/esp8266/esp-open-sdk/sdk/lib/libphy.a(phy_chip_v6_cal.o)
                0x000000003ffec670                phy_tx_power_out
                0x000000003ffec672                loop_pwctrl_pwdet_error_accum_high_power
                0x000000003ffec674                tx_pwctrl_pk_num
                0x000000003ffec675                tx_pwctrl_track_num
                0x000000003ffec676                loop_pwctrl_correct_atten_high_power
                0x000000003ffec677                rxiq_cover_fail_num
 .bss           0x000000003ffec678        0x0 /home/stoffer/esp8266/esp-open-sdk/sdk/lib/libphy.a(phy_chip_v6_unused.o)
 .bss           0x000000003ffec678        0x7 /home/stoffer/esp8266/esp-open-sdk/sdk/lib/libphy.a(phy_sleep.o)
                0x000000003ffec678                periodic_cal_sat
                0x000000003ffec67a                lslp_mem_opt_8266
                0x000000003ffec67c                software_slp_reject
                0x000000003ffec67d                SDIO_slp_reject
                0x000000003ffec67e                hardware_reject
 *fill*         0x000000003ffec67f        0x1 
 .bss           0x000000003ffec680       0x40 /home/stoffer/esp8266/esp-open-sdk/sdk/lib/libpp.a(if_hwctrl.o)
                0x000000003ffec680                interface_mask
                0x000000003ffec6a0                if_ctrl
 .bss           0x000000003ffec6c0      0x150 /home/stoffer/esp8266/esp-open-sdk/sdk/lib/libpp.a(lmac.o)
                0x000000003ffec6c4                lmacConfMib
                0x000000003ffec6e8                our_tx_eb
 .bss           0x000000003ffec810      0x11a /home/stoffer/esp8266/esp-open-sdk/sdk/lib/libpp.a(pm.o)
                0x000000003ffec810                pmc
                0x000000003ffec8f0                flash_tmp
 *fill*         0x000000003ffec92a        0x2 
 .bss           0x000000003ffec92c       0x34 /home/stoffer/esp8266/esp-open-sdk/sdk/lib/libpp.a(pm_for_bcn_only_mode.o)
 .bss           0x000000003ffec960      0x322 /home/stoffer/esp8266/esp-open-sdk/sdk/lib/libpp.a(pp.o)
                0x000000003ffec978                pend_flag_noise_check
                0x000000003ffec980                pend_flag_periodic_cal
                0x000000003ffec998                idle_timer_reopen_flag
                0x000000003ffec99a                dbg_stop_sw_wdt
                0x000000003ffec99b                dbg_stop_hw_wdt
                0x000000003ffec99d                total_buffed_eb_num
                0x000000003ffec9a0                HighestFreqOffsetInOneChk
                0x000000003ffec9a2                LowestFreqOffsetInOneChk
                0x000000003ffec9a4                DefFreqCalTimer
                0x000000003ffec9b8                PktNumInOneChk
                0x000000003ffecb40                buffed_eb_arr
 *fill*         0x000000003ffecc82        0xe 
 .bss           0x000000003ffecc90      0x100 /home/stoffer/esp8266/esp-open-sdk/sdk/lib/libpp.a(rate_control.o)
 .bss           0x000000003ffecd90      0x46c /home/stoffer/esp8266/esp-open-sdk/sdk/lib/libpp.a(trc.o)
 *fill*         0x000000003ffed1fc        0x4 
 .bss           0x000000003ffed200     0x2f88 /home/stoffer/esp8266/esp-open-sdk/sdk/lib/libpp.a(wdev.o)
                0x000000003ffed200                wDevCtrl
                0x000000003ffed3a8                WdevTimOffSet
 *fill*         0x000000003fff0188        0x8 
 .bss           0x000000003fff0190      0xaa4 /home/stoffer/esp8266/esp-open-sdk/sdk/lib/libpp.a(esf_buf.o)
 .bss           0x000000003fff0c34      0x67c /home/stoffer/esp8266/esp-open-sdk/sdk/lib/libnet80211.a(ieee80211.o)
                0x000000003fff0c34                g_ic
 .bss           0x000000003fff12b0        0x0 /home/stoffer/esp8266/esp-open-sdk/sdk/lib/libnet80211.a(ieee80211_crypto.o)
 .bss           0x000000003fff12b0        0x0 /home/stoffer/esp8266/esp-open-sdk/sdk/lib/libnet80211.a(ieee80211_ets.o)
 .bss           0x000000003fff12b0       0x56 /home/stoffer/esp8266/esp-open-sdk/sdk/lib/libnet80211.a(ieee80211_hostap.o)
                0x000000003fff12b0                BcnEb_update
                0x000000003fff12bd                BcnWithMcastSendStart
                0x000000003fff12be                BcnWithMcastSendCnt
                0x000000003fff12d8                PendFreeBcnEb
                0x000000003fff12dc                ApFreqCalTimer
                0x000000003fff12f0                APRecvBcnStartTick
 .bss           0x000000003fff1306        0x0 /home/stoffer/esp8266/esp-open-sdk/sdk/lib/libnet80211.a(ieee80211_ht.o)
 .bss           0x000000003fff1306        0x0 /home/stoffer/esp8266/esp-open-sdk/sdk/lib/libnet80211.a(ieee80211_input.o)
 .bss           0x000000003fff1306        0x0 /home/stoffer/esp8266/esp-open-sdk/sdk/lib/libnet80211.a(ieee80211_mesh_quick.o)
 .bss           0x000000003fff1306        0x0 /home/stoffer/esp8266/esp-open-sdk/sdk/lib/libnet80211.a(ieee80211_output.o)
 .bss           0x000000003fff1306        0x0 /home/stoffer/esp8266/esp-open-sdk/sdk/lib/libnet80211.a(ieee80211_phy.o)
 .bss           0x000000003fff1306        0x0 /home/stoffer/esp8266/esp-open-sdk/sdk/lib/libnet80211.a(ieee80211_power.o)
 .bss           0x000000003fff1306        0x0 /home/stoffer/esp8266/esp-open-sdk/sdk/lib/libnet80211.a(ieee80211_proto.o)
 .bss           0x000000003fff1306        0x0 /home/stoffer/esp8266/esp-open-sdk/sdk/lib/libnet80211.a(ieee80211_rfid.o)
 *fill*         0x000000003fff1306        0x2 
 .bss           0x000000003fff1308       0xc8 /home/stoffer/esp8266/esp-open-sdk/sdk/lib/libnet80211.a(ieee80211_scan.o)
                0x000000003fff1308                gScanStruct
                0x000000003fff13b4                connect_scan_flag
                0x000000003fff13b5                FreqCalCntForScan
                0x000000003fff13b6                TestStaFreqCalValInput
                0x000000003fff13b8                auth_type
                0x000000003fff13ba                scannum
 .bss           0x000000003fff13d0       0x10 /home/stoffer/esp8266/esp-open-sdk/sdk/lib/libnet80211.a(ieee80211_sta.o)
 .bss           0x000000003fff13e0       0x3c /home/stoffer/esp8266/esp-open-sdk/sdk/lib/libnet80211.a(wl_chm.o)
 *fill*         0x000000003fff141c        0x4 
 .bss           0x000000003fff1420      0x37a /home/stoffer/esp8266/esp-open-sdk/sdk/lib/libnet80211.a(wl_cnx.o)
                0x000000003fff1780                sta_con_timer
                0x000000003fff1794                g_cnx_probe_rc_list_cb
                0x000000003fff1798                reconnect_flag
                0x000000003fff1799                no_ap_found_index
 .bss           0x000000003fff179a        0x0 /home/stoffer/esp8266/esp-open-sdk/sdk/lib/libnet80211.a(ieee80211_action.o)
 *fill*         0x000000003fff179a        0x2 
 .bss           0x000000003fff179c       0x10 /home/stoffer/esp8266/esp-open-sdk/sdk/lib/libnet80211.a(ieee80211_action_vendor.o)
 .bss           0x000000003fff17ac        0x0 /home/stoffer/esp8266/esp-open-sdk/sdk/lib/libnet80211.a(ieee80211_crypto_ccmp.o)
 .bss           0x000000003fff17ac        0x0 /home/stoffer/esp8266/esp-open-sdk/sdk/lib/libnet80211.a(ieee80211_ie_vendor.o)
 *fill*         0x000000003fff17ac        0x4 
 .bss           0x000000003fff17b0       0x38 /home/stoffer/esp8266/esp-open-sdk/sdk/lib/liblwip.a(dhcp.o)
                0x000000003fff17b0                dhcp_rx_options_given
                0x000000003fff17c0                dhcp_rx_options_val
 .bss           0x000000003fff17e8       0x28 /home/stoffer/esp8266/esp-open-sdk/sdk/lib/liblwip.a(dhcpserver.o)
 .bss           0x000000003fff1810      0x480 /home/stoffer/esp8266/esp-open-sdk/sdk/lib/liblwip.a(dns.o)
 .bss           0x000000003fff1c90      0x104 /home/stoffer/esp8266/esp-open-sdk/sdk/lib/liblwip.a(espconn.o)
                0x000000003fff1c90                plink_active
                0x000000003fff1c94                pserver_list
                0x000000003fff1ca0                premot
                0x000000003fff1d60                pktinfo
 *fill*         0x000000003fff1d94        0xc 
 .bss           0x000000003fff1da0       0x78 /home/stoffer/esp8266/esp-open-sdk/sdk/lib/liblwip.a(espconn_tcp.o)
                0x000000003fff1da0                espconn_TaskQueue
 .bss           0x000000003fff1e18        0x0 /home/stoffer/esp8266/esp-open-sdk/sdk/lib/liblwip.a(espconn_udp.o)
 *fill*         0x000000003fff1e18        0x8 
 .bss           0x000000003fff1e20      0x100 /home/stoffer/esp8266/esp-open-sdk/sdk/lib/liblwip.a(etharp.o)
                0x000000003fff1e24                ethzero
 .bss           0x000000003fff1f20        0xc /home/stoffer/esp8266/esp-open-sdk/sdk/lib/liblwip.a(igmp.o)
 .bss           0x000000003fff1f2c        0x0 /home/stoffer/esp8266/esp-open-sdk/sdk/lib/liblwip.a(inet_chksum.o)
 .bss           0x000000003fff1f2c        0x0 /home/stoffer/esp8266/esp-open-sdk/sdk/lib/liblwip.a(init.o)
 *fill*         0x000000003fff1f2c        0x4 
 .bss           0x000000003fff1f30       0x10 /home/stoffer/esp8266/esp-open-sdk/sdk/lib/liblwip.a(ip_addr.o)
 .bss           0x000000003fff1f40       0x12 /home/stoffer/esp8266/esp-open-sdk/sdk/lib/liblwip.a(ip.o)
                0x000000003fff1f40                current_iphdr_dest
                0x000000003fff1f44                current_iphdr_src
                0x000000003fff1f48                current_netif
                0x000000003fff1f4c                current_header
 .bss           0x000000003fff1f52        0x0 /home/stoffer/esp8266/esp-open-sdk/sdk/lib/liblwip.a(memp.o)
 *fill*         0x000000003fff1f52        0x2 
 .bss           0x000000003fff1f54        0x9 /home/stoffer/esp8266/esp-open-sdk/sdk/lib/liblwip.a(netif.o)
                0x000000003fff1f54                netif_list
                0x000000003fff1f58                netif_default
 .bss           0x000000003fff1f5d        0x0 /home/stoffer/esp8266/esp-open-sdk/sdk/lib/liblwip.a(pbuf.o)
 *fill*         0x000000003fff1f5d        0x3 
 .bss           0x000000003fff1f60        0x4 /home/stoffer/esp8266/esp-open-sdk/sdk/lib/liblwip.a(raw.o)
 *fill*         0x000000003fff1f64        0xc 
 .bss           0x000000003fff1f70      0x118 /home/stoffer/esp8266/esp-open-sdk/sdk/lib/liblwip.a(sntp.o)
                0x000000003fff1f70                res_buf
                0x000000003fff1f94                __tzyear
                0x000000003fff1f98                __tznorth
                0x000000003fff1f9c                realtime_stamp
                0x000000003fff1fc0                sntp__tzrule
                0x000000003fff2000                reult
 .bss           0x000000003fff2088       0x34 /home/stoffer/esp8266/esp-open-sdk/sdk/lib/liblwip.a(tcp_in.o)
                0x000000003fff20b8                tcp_input_pcb
 .bss           0x000000003fff20bc       0x1c /home/stoffer/esp8266/esp-open-sdk/sdk/lib/liblwip.a(tcp.o)
                0x000000003fff20c0                tcp_active_pcbs
                0x000000003fff20c4                tcp_tmp_pcb
                0x000000003fff20c8                tcp_tw_pcbs
                0x000000003fff20cc                tcp_bound_pcbs
                0x000000003fff20d0                tcp_listen_pcbs
                0x000000003fff20d4                tcp_ticks
 .bss           0x000000003fff20d8        0x0 /home/stoffer/esp8266/esp-open-sdk/sdk/lib/liblwip.a(tcp_out.o)
 .bss           0x000000003fff20d8        0xc /home/stoffer/esp8266/esp-open-sdk/sdk/lib/liblwip.a(timers.o)
 .bss           0x000000003fff20e4        0x4 /home/stoffer/esp8266/esp-open-sdk/sdk/lib/liblwip.a(udp.o)
                0x000000003fff20e4                udp_pcbs
 .bss           0x000000003fff20e8        0x0 /home/stoffer/esp8266/esp-open-sdk/sdk/lib/liblwip.a(icmp.o)
 .bss           0x000000003fff20e8        0x0 /home/stoffer/esp8266/esp-open-sdk/sdk/lib/libwpa.a(ap_config.o)
 .bss           0x000000003fff20e8        0x0 /home/stoffer/esp8266/esp-open-sdk/sdk/lib/libwpa.a(common.o)
 .bss           0x000000003fff20e8        0x0 /home/stoffer/esp8266/esp-open-sdk/sdk/lib/libwpa.a(os_xtensa.o)
 .bss           0x000000003fff20e8        0x0 /home/stoffer/esp8266/esp-open-sdk/sdk/lib/libwpa.a(wpa_auth.o)
 .bss           0x000000003fff20e8        0x0 /home/stoffer/esp8266/esp-open-sdk/sdk/lib/libwpa.a(wpa_auth_ie.o)
 *fill*         0x000000003fff20e8        0x8 
 .bss           0x000000003fff20f0      0x26a /home/stoffer/esp8266/esp-open-sdk/sdk/lib/libwpa.a(wpa.o)
 .bss           0x000000003fff235a        0x0 /home/stoffer/esp8266/esp-open-sdk/sdk/lib/libwpa.a(wpa_common.o)
 .bss           0x000000003fff235a        0x0 /home/stoffer/esp8266/esp-open-sdk/sdk/lib/libwpa.a(wpa_debug.o)
 .bss           0x000000003fff235a        0x0 /home/stoffer/esp8266/esp-open-sdk/sdk/lib/libwpa.a(wpa_ie.o)
 .bss           0x000000003fff235a        0x0 /home/stoffer/esp8266/esp-open-sdk/sdk/lib/libwpa.a(wpa_main.o)
 .bss           0x000000003fff235a        0x0 /home/stoffer/esp8266/esp-open-sdk/sdk/lib/libwpa.a(wpas_glue.o)
 .bss           0x000000003fff235a        0x0 /home/stoffer/esp8266/esp-open-sdk/sdk/lib/libwpa.a(aes-wrap.o)
 .bss           0x000000003fff235a        0x0 /home/stoffer/esp8266/esp-open-sdk/sdk/lib/libwpa.a(aes-internal-enc.o)
 .bss           0x000000003fff235a        0x0 /home/stoffer/esp8266/esp-open-sdk/sdk/lib/libwpa.a(aes-internal.o)
 .bss           0x000000003fff235a        0x0 /home/stoffer/esp8266/esp-open-sdk/xtensa-lx106-elf/bin/../lib/gcc/xtensa-lx106-elf/4.8.2/libgcc.a(_modsi3.o)
 .bss           0x000000003fff235a        0x0 /home/stoffer/esp8266/esp-open-sdk/xtensa-lx106-elf/bin/../lib/gcc/xtensa-lx106-elf/4.8.2/libgcc.a(_ashrdi3.o)
 .bss           0x000000003fff235a        0x0 /home/stoffer/esp8266/esp-open-sdk/xtensa-lx106-elf/bin/../lib/gcc/xtensa-lx106-elf/4.8.2/libgcc.a(_addsubsf3.o)
 .bss           0x000000003fff235a        0x0 /home/stoffer/esp8266/esp-open-sdk/xtensa-lx106-elf/bin/../lib/gcc/xtensa-lx106-elf/4.8.2/libgcc.a(_mulsf3.o)
 .bss           0x000000003fff235a        0x0 /home/stoffer/esp8266/esp-open-sdk/xtensa-lx106-elf/bin/../lib/gcc/xtensa-lx106-elf/4.8.2/libgcc.a(_divsf3.o)
 .bss           0x000000003fff235a        0x0 /home/stoffer/esp8266/esp-open-sdk/xtensa-lx106-elf/bin/../lib/gcc/xtensa-lx106-elf/4.8.2/libgcc.a(_fixsfsi.o)
 .bss           0x000000003fff235a        0x0 /home/stoffer/esp8266/esp-open-sdk/xtensa-lx106-elf/bin/../lib/gcc/xtensa-lx106-elf/4.8.2/libgcc.a(_fixunssfsi.o)
 .bss           0x000000003fff235a        0x0 /home/stoffer/esp8266/esp-open-sdk/xtensa-lx106-elf/bin/../lib/gcc/xtensa-lx106-elf/4.8.2/libgcc.a(_floatsisf.o)
 .bss           0x000000003fff235a        0x0 /home/stoffer/esp8266/esp-open-sdk/xtensa-lx106-elf/bin/../lib/gcc/xtensa-lx106-elf/4.8.2/libgcc.a(_muldf3.o)
 .bss           0x000000003fff235a        0x0 /home/stoffer/esp8266/esp-open-sdk/xtensa-lx106-elf/bin/../lib/gcc/xtensa-lx106-elf/4.8.2/libgcc.a(_divdf3.o)
 .bss           0x000000003fff235a        0x0 /home/stoffer/esp8266/esp-open-sdk/xtensa-lx106-elf/bin/../lib/gcc/xtensa-lx106-elf/4.8.2/libgcc.a(_fixdfsi.o)
 .bss           0x000000003fff235a        0x0 /home/stoffer/esp8266/esp-open-sdk/xtensa-lx106-elf/bin/../lib/gcc/xtensa-lx106-elf/4.8.2/libgcc.a(_floatsidf.o)
 .bss           0x000000003fff235a        0x0 /home/stoffer/esp8266/esp-open-sdk/xtensa-lx106-elf/bin/../lib/gcc/xtensa-lx106-elf/4.8.2/libgcc.a(_truncdfsf2.o)
 .bss           0x000000003fff235a        0x0 /home/stoffer/esp8266/esp-open-sdk/xtensa-lx106-elf/bin/../lib/gcc/xtensa-lx106-elf/4.8.2/libgcc.a(_divdi3.o)
 *fill*         0x000000003fff235a        0x6 
 .bss           0x000000003fff2360        0x8 /home/stoffer/esp8266/esp-open-sdk/sdk/lib/libnet80211.a(ieee80211_crypto_tkip.o)
 .bss           0x000000003fff2368        0x0 /home/stoffer/esp8266/esp-open-sdk/sdk/lib/libnet80211.a(ieee80211_crypto_wep.o)
 *(.bss.*)
 *(.gnu.linkonce.b.*)
 *(COMMON)
 COMMON         0x000000003fff2368       0xf4 build/app_app.a(user_main.o)
                0x000000003fff2368                impulses_per_kwh
                0x000000003fff236c                last_impulse_meter_count
                0x000000003fff2370                impulse_rising_edge_time
                0x000000003fff2374                mqttClient
                0x000000003fff2444                current_energy
                0x000000003fff2448                last_impulse_time
                0x000000003fff244c                impulse_time
                0x000000003fff2450                rtc_info
                0x000000003fff2454                impulse_falling_edge_time
                0x000000003fff2458                impulse_meter_energy
 COMMON         0x000000003fff245c       0x40 build/app_app.a(crypto.o)
                0x000000003fff245c                hmac_sha256_key
                0x000000003fff246c                aes_key
                0x000000003fff247c                sha256_hash
 COMMON         0x000000003fff249c      0x200 build/app_app.a(uart.o)
                0x000000003fff249c                kmp_received_task_queue
 COMMON         0x000000003fff269c       0x10 build/app_app.a(mqtt.o)
                0x000000003fff269c                default_private_key
                0x000000003fff26a0                default_certificate
                0x000000003fff26a4                mqtt_procTaskQueue
 COMMON         0x000000003fff26ac      0x190 build/app_app.a(config.o)
                0x000000003fff26ac                sys_cfg
                0x000000003fff2834                config_save_timer_running
                0x000000003fff2838                saveFlag
 COMMON         0x000000003fff283c        0x8 build/app_app.a(wifi.o)
                0x000000003fff283c                config_ssid
                0x000000003fff2840                config_pass
 *fill*         0x000000003fff2844        0x4 
 COMMON         0x000000003fff2848       0x10 build/app_app.a(unix_time.o)
                0x000000003fff2848                current_unix_time
                0x000000003fff2850                boot_time
 COMMON         0x000000003fff2858        0xc build/app_app.a(cgiwifi.o)
                0x000000003fff2858                cgiWifiAps
                0x000000003fff2868                . = ALIGN (0x8)
 *fill*         0x000000003fff2864        0x4 
                0x000000003fff2868                _bss_end = ABSOLUTE (.)
                0x000000003fff2868                _heap_start = ABSOLUTE (.)

.text           0x0000000040100000     0x793e
                0x0000000040100000                _stext = .
                0x0000000040100000                _text_start = ABSOLUTE (.)
 *(.UserEnter.text)
 .UserEnter.text
                0x0000000040100000        0xd /home/stoffer/esp8266/esp-open-sdk/sdk/lib/libmain.a(vector.o)
                                         0x14 (size before relaxing)
                0x0000000040100004                call_user_start
                0x0000000040100010                . = ALIGN (0x10)
 *fill*         0x000000004010000d        0x3 
 *(.DebugExceptionVector.text)
 .DebugExceptionVector.text
                0x0000000040100010        0x6 /home/stoffer/esp8266/esp-open-sdk/sdk/lib/libmain.a(debug-vector.o)
                0x0000000040100010                _DebugExceptionVector
                0x0000000040100020                . = ALIGN (0x10)
 *fill*         0x0000000040100016        0xa 
 *(.NMIExceptionVector.text)
 .NMIExceptionVector.text
                0x0000000040100020        0x6 /home/stoffer/esp8266/esp-open-sdk/sdk/lib/libmain.a(nmi-vector.o)
                                          0xd (size before relaxing)
                0x0000000040100020                _NMIExceptionVector
                0x0000000040100030                . = ALIGN (0x10)
 *fill*         0x0000000040100026        0xa 
 *(.KernelExceptionVector.text)
 .KernelExceptionVector.text
                0x0000000040100030        0x6 /home/stoffer/esp8266/esp-open-sdk/sdk/lib/libmain.a(kernel-vector.o)
                0x0000000040100030                _KernelExceptionVector
                0x0000000040100036        0x4 LONG 0x0
                0x000000004010003a        0x4 LONG 0x0
                0x000000004010003e        0x4 LONG 0x0
                0x0000000040100042        0x4 LONG 0x0
                0x0000000040100050                . = ALIGN (0x10)
 *fill*         0x0000000040100046        0xa 
 *(.UserExceptionVector.text)
 .UserExceptionVector.text
                0x0000000040100050        0x6 /home/stoffer/esp8266/esp-open-sdk/sdk/lib/libmain.a(user-vector.o)
                                          0xd (size before relaxing)
                0x0000000040100050                _UserExceptionVector
                0x0000000040100056        0x4 LONG 0x0
                0x000000004010005a        0x4 LONG 0x0
                0x000000004010005e        0x4 LONG 0x0
                0x0000000040100062        0x4 LONG 0x0
                0x0000000040100070                . = ALIGN (0x10)
 *fill*         0x0000000040100066        0xa 
 *(.DoubleExceptionVector.text)
 .DoubleExceptionVector.text
                0x0000000040100070        0x6 /home/stoffer/esp8266/esp-open-sdk/sdk/lib/libmain.a(double-vector.o)
                0x0000000040100070                _DoubleExceptionVector
                0x0000000040100076        0x4 LONG 0x0
                0x000000004010007a        0x4 LONG 0x0
                0x000000004010007e        0x4 LONG 0x0
                0x0000000040100082        0x4 LONG 0x0
                0x0000000040100090                . = ALIGN (0x10)
 *fill*         0x0000000040100086        0xa 
 *(.entry.text)
 *(.init.literal)
 *(.init)
 *(.literal .text .literal.* .text.* .stub .gnu.warning .gnu.linkonce.literal.* .gnu.linkonce.t.*.literal .gnu.linkonce.t.*)
 .text          0x0000000040100090       0xc7 /home/stoffer/esp8266/esp-open-sdk/sdk/lib/libmain.a(nmi-vector.o)
                                         0xcb (size before relaxing)
                0x000000004010009c                _NMILevelVector
 *fill*         0x0000000040100157        0x1 
 .text          0x0000000040100158       0x1e /home/stoffer/esp8266/esp-open-sdk/sdk/lib/libmain.a(user-vector.o)
                0x000000004010015c                _UserExceptionVector_1
 *fill*         0x0000000040100176        0x2 
 .text          0x0000000040100178      0x5b2 /home/stoffer/esp8266/esp-open-sdk/sdk/lib/libmain.a(app_main.o)
                                        0x616 (size before relaxing)
                0x00000000401001b0                Cache_Read_Enable_New
                0x00000000401001ec                NmiTimSetFunc
                0x0000000040100210                NMI_Handler
                0x0000000040100268                call_user_start_local
                0x00000000401003c8                wdt_feed
 *fill*         0x000000004010072a        0x2 
 .text          0x000000004010072c      0x3cc /home/stoffer/esp8266/esp-open-sdk/sdk/lib/libmain.a(ets_timer.o)
                                        0x450 (size before relaxing)
                0x0000000040100800                ets_timer_setfn
                0x00000000401008dc                ets_timer_disarm
                0x000000004010098c                ets_timer_arm_new
 .text          0x0000000040100af8      0x30f /home/stoffer/esp8266/esp-open-sdk/sdk/lib/libmain.a(mem_manager.o)
                                        0x367 (size before relaxing)
                0x0000000040100afc                prvInsertBlockIntoUsedList
                0x0000000040100b2c                system_show_malloc
                0x0000000040100b2c                pvShowMalloc
                0x0000000040100bb8                prvRemoveBlockFromUsedList
                0x0000000040100be4                xPortWantedSizeAlign
                0x0000000040100c0c                pvPortMalloc
                0x0000000040100cd4                vPortFree
                0x0000000040100d2c                pvPortCalloc
                0x0000000040100d5c                pvPortZalloc
                0x0000000040100d78                pvPortRealloc
 *fill*         0x0000000040100e07        0x1 
 .text          0x0000000040100e08      0x269 /home/stoffer/esp8266/esp-open-sdk/sdk/lib/libmain.a(spi_flash.o)
                                        0x2b5 (size before relaxing)
                0x0000000040100e0c                Cache_Read_Disable_2
                0x0000000040100e4c                Cache_Read_Enable_2
                0x0000000040100e84                spi_flash_get_id
                0x0000000040100ee0                spi_flash_read_status
                0x0000000040100f14                spi_flash_write_status
                0x0000000040100f94                spi_flash_erase_sector
                0x0000000040100fc8                spi_flash_write
                0x000000004010101c                spi_flash_read
 *fill*         0x0000000040101071        0x3 
 .text          0x0000000040101074      0x2ee /home/stoffer/esp8266/esp-open-sdk/sdk/lib/libmain.a(user_interface.o)
                                        0x34a (size before relaxing)
                0x0000000040101090                os_printf_plus
                0x00000000401011bc                system_restart_core
                0x00000000401011f4                system_deep_sleep_local_2
                0x0000000040101268                system_get_time
                0x0000000040101280                system_os_post
                0x00000000401012b4                system_rtc_mem_write
                0x000000004010130c                system_rtc_mem_read
 *fill*         0x0000000040101362        0x2 
 .literal       0x0000000040101364        0x0 /home/stoffer/esp8266/esp-open-sdk/xtensa-lx106-elf/bin/../lib/gcc/xtensa-lx106-elf/4.8.2/libgcc.a(_muldi3.o)
                                          0x4 (size before relaxing)
 .literal       0x0000000040101364        0x0 /home/stoffer/esp8266/esp-open-sdk/xtensa-lx106-elf/bin/../lib/gcc/xtensa-lx106-elf/4.8.2/../../../../xtensa-lx106-elf/lib/libc.a(lib_a-atoi.o)
                                          0x8 (size before relaxing)
 .literal       0x0000000040101364        0x8 /home/stoffer/esp8266/esp-open-sdk/xtensa-lx106-elf/bin/../lib/gcc/xtensa-lx106-elf/4.8.2/../../../../xtensa-lx106-elf/lib/libc.a(lib_a-strlen.o)
                                          0xc (size before relaxing)
 .literal       0x000000004010136c        0x4 /home/stoffer/esp8266/esp-open-sdk/xtensa-lx106-elf/bin/../lib/gcc/xtensa-lx106-elf/4.8.2/../../../../xtensa-lx106-elf/lib/libc.a(lib_a-strtok.o)
                                          0x8 (size before relaxing)
 .literal       0x0000000040101370        0xc /home/stoffer/esp8266/esp-open-sdk/xtensa-lx106-elf/bin/../lib/gcc/xtensa-lx106-elf/4.8.2/../../../../xtensa-lx106-elf/lib/libc.a(lib_a-strtol.o)
                                         0x18 (size before relaxing)
 .literal       0x000000004010137c        0x0 /home/stoffer/esp8266/esp-open-sdk/xtensa-lx106-elf/bin/../lib/gcc/xtensa-lx106-elf/4.8.2/libgcc.a(_udivdi3.o)
                                         0x48 (size before relaxing)
 .literal       0x000000004010137c        0x0 /home/stoffer/esp8266/esp-open-sdk/xtensa-lx106-elf/bin/../lib/gcc/xtensa-lx106-elf/4.8.2/libgcc.a(_umoddi3.o)
                                         0x40 (size before relaxing)
 .literal       0x000000004010137c        0x4 /home/stoffer/esp8266/esp-open-sdk/xtensa-lx106-elf/bin/../lib/gcc/xtensa-lx106-elf/4.8.2/libgcc.a(_addsubsf3.o)
                                          0xc (size before relaxing)
 .literal       0x0000000040101380        0x0 /home/stoffer/esp8266/esp-open-sdk/xtensa-lx106-elf/bin/../lib/gcc/xtensa-lx106-elf/4.8.2/libgcc.a(_mulsf3.o)
                                         0x10 (size before relaxing)
 .literal       0x0000000040101380        0x0 /home/stoffer/esp8266/esp-open-sdk/xtensa-lx106-elf/bin/../lib/gcc/xtensa-lx106-elf/4.8.2/libgcc.a(_divsf3.o)
                                         0x10 (size before relaxing)
 .literal       0x0000000040101380        0x0 /home/stoffer/esp8266/esp-open-sdk/xtensa-lx106-elf/bin/../lib/gcc/xtensa-lx106-elf/4.8.2/libgcc.a(_fixsfsi.o)
                                          0x4 (size before relaxing)
 .literal       0x0000000040101380        0x0 /home/stoffer/esp8266/esp-open-sdk/xtensa-lx106-elf/bin/../lib/gcc/xtensa-lx106-elf/4.8.2/libgcc.a(_fixunssfsi.o)
                                          0x4 (size before relaxing)
 .literal       0x0000000040101380        0x8 /home/stoffer/esp8266/esp-open-sdk/xtensa-lx106-elf/bin/../lib/gcc/xtensa-lx106-elf/4.8.2/libgcc.a(_muldf3.o)
                                         0x10 (size before relaxing)
 .literal       0x0000000040101388        0x0 /home/stoffer/esp8266/esp-open-sdk/xtensa-lx106-elf/bin/../lib/gcc/xtensa-lx106-elf/4.8.2/libgcc.a(_divdf3.o)
                                         0x10 (size before relaxing)
 .literal       0x0000000040101388        0x0 /home/stoffer/esp8266/esp-open-sdk/xtensa-lx106-elf/bin/../lib/gcc/xtensa-lx106-elf/4.8.2/libgcc.a(_fixdfsi.o)
                                          0x4 (size before relaxing)
 .literal       0x0000000040101388        0x4 /home/stoffer/esp8266/esp-open-sdk/xtensa-lx106-elf/bin/../lib/gcc/xtensa-lx106-elf/4.8.2/libgcc.a(_truncdfsf2.o)
                                          0x8 (size before relaxing)
 .literal       0x000000004010138c        0x0 /home/stoffer/esp8266/esp-open-sdk/xtensa-lx106-elf/bin/../lib/gcc/xtensa-lx106-elf/4.8.2/libgcc.a(_divdi3.o)
                                         0x48 (size before relaxing)
 .text          0x000000004010138c       0x36 /home/stoffer/esp8266/esp-open-sdk/xtensa-lx106-elf/bin/../lib/gcc/xtensa-lx106-elf/4.8.2/libgcc.a(_muldi3.o)
                0x000000004010138c                __muldi3
 *fill*         0x00000000401013c2        0x2 
 .text          0x00000000401013c4      0x120 build/app_app.a(user_main.o)
                                        0x15b (size before relaxing)
                0x0000000040101404                gpio_int_handler
 *fill*         0x00000000401014e4        0x0 
 .text          0x00000000401014e4       0x5b build/app_app.a(httpd_user_init.o)
                                         0x5f (size before relaxing)
                0x00000000401014f0                myPassFn
                0x0000000040101528                httpd_user_init
 *fill*         0x000000004010153f        0x1 
 .text          0x0000000040101540       0xd5 build/app_app.a(uart.o)
                                         0xdd (size before relaxing)
                0x00000000401015e4                uart_tx_one_char
 *fill*         0x0000000040101615        0x3 
 .text          0x0000000040101618       0x85 build/app_app.a(wifi.o)
                                         0x8d (size before relaxing)
                0x0000000040101634                wifi_handle_event_cb
 *fill*         0x000000004010169d        0x3 
 .text          0x00000000401016a0      0x434 build/app_app.a(heatshrink_decoder.o)
                                        0x44c (size before relaxing)
                0x000000004010173c                heatshrink_decoder_free
                0x0000000040101754                heatshrink_decoder_reset
                0x00000000401017a0                heatshrink_decoder_alloc
                0x0000000040101814                heatshrink_decoder_sink
                0x000000004010188c                heatshrink_decoder_poll
                0x0000000040101aa8                heatshrink_decoder_finish
 .text          0x0000000040101ad4       0x27 /home/stoffer/esp8266/esp-open-sdk/xtensa-lx106-elf/bin/../lib/gcc/xtensa-lx106-elf/4.8.2/../../../../xtensa-lx106-elf/lib/libc.a(lib_a-atoi.o)
                                         0x2f (size before relaxing)
                0x0000000040101ad4                atoi
                0x0000000040101ae8                _atoi_r
 *fill*         0x0000000040101afb        0x1 
 .text          0x0000000040101afc       0x5b /home/stoffer/esp8266/esp-open-sdk/xtensa-lx106-elf/bin/../lib/gcc/xtensa-lx106-elf/4.8.2/../../../../xtensa-lx106-elf/lib/libc.a(lib_a-strlen.o)
                0x0000000040101afc                strlen
 *fill*         0x0000000040101b57        0x1 
 .text          0x0000000040101b58       0x1c /home/stoffer/esp8266/esp-open-sdk/xtensa-lx106-elf/bin/../lib/gcc/xtensa-lx106-elf/4.8.2/../../../../xtensa-lx106-elf/lib/libc.a(lib_a-strtok.o)
                0x0000000040101b58                strtok
 .text          0x0000000040101b74      0x15b /home/stoffer/esp8266/esp-open-sdk/xtensa-lx106-elf/bin/../lib/gcc/xtensa-lx106-elf/4.8.2/../../../../xtensa-lx106-elf/lib/libc.a(lib_a-strtol.o)
                                        0x15f (size before relaxing)
                0x0000000040101b74                _strtol_r
                0x0000000040101cb0                strtol
 *fill*         0x0000000040101ccf        0x1 
 .text          0x0000000040101cd0      0x38d /home/stoffer/esp8266/esp-open-sdk/xtensa-lx106-elf/bin/../lib/gcc/xtensa-lx106-elf/4.8.2/libgcc.a(_udivdi3.o)
                                        0x3b5 (size before relaxing)
                0x0000000040101cd0                __udivdi3
 *fill*         0x000000004010205d        0x3 
 .text          0x0000000040102060      0x33a /home/stoffer/esp8266/esp-open-sdk/xtensa-lx106-elf/bin/../lib/gcc/xtensa-lx106-elf/4.8.2/libgcc.a(_umoddi3.o)
                                        0x366 (size before relaxing)
                0x0000000040102060                __umoddi3
 *fill*         0x000000004010239a        0x2 
 .text          0x000000004010239c       0x53 /home/stoffer/esp8266/esp-open-sdk/sdk/lib/libphy.a(phy.o)
                                         0x5f (size before relaxing)
                0x00000000401023a4                register_phy_ops
                0x00000000401023c4                register_get_phy_addr
                0x00000000401023cc                phy_change_channel
                0x00000000401023e4                phy_get_mactime
 *fill*         0x00000000401023ef        0x1 
 .text          0x00000000401023f0       0xaa /home/stoffer/esp8266/esp-open-sdk/sdk/lib/libphy.a(phy_chip_v6_cal.o)
                                         0xb2 (size before relaxing)
                0x00000000401023f0                unsign_to_sign
                0x0000000040102428                phy_get_bb_freqoffset
                0x000000004010248c                phy_get_bb_evm
 *fill*         0x000000004010249a        0x2 
 .text          0x000000004010249c       0xeb /home/stoffer/esp8266/esp-open-sdk/sdk/lib/libphy.a(phy_sleep.o)
                                        0x103 (size before relaxing)
                0x00000000401024a4                pm_rtc_clock_cali
                0x000000004010255c                clockgate_watchdog
 *fill*         0x0000000040102587        0x1 
 .text          0x0000000040102588     0x160a /home/stoffer/esp8266/esp-open-sdk/sdk/lib/libpp.a(lmac.o)
                                       0x1962 (size before relaxing)
                0x000000004010258c                lmacIsActive
                0x00000000401025a0                lmacIsIdle
                0x0000000040102a24                lmacSetAcParam
                0x0000000040102a78                lmacProcessTXStartData
                0x0000000040102bf8                lmacProcessTxSuccess
                0x0000000040102d3c                GetAccess
                0x0000000040102d48                lmacDiscardAgedMSDU
                0x0000000040102d5c                lmacRecycleMPDU
                0x0000000040103324                lmacProcessTxTimeout
                0x000000004010338c                lmacProcessAllTxTimeout
                0x00000000401033a0                lmacProcessCollisions
                0x0000000040103400                lmacProcessCollision
                0x0000000040103484                lmacMSDUAged
                0x0000000040103814                lmacProcessCtsTimeout
                0x000000004010384c                lmacProcessAckTimeout
                0x00000000401038a4                lmacProcessRtsStart
                0x00000000401038b0                lmacProcessTxRtsError
                0x0000000040103950                lmacProcessTxError
                0x00000000401039e0                lmacTxFrame
                0x0000000040103b7c                lmacRxDone
 *fill*         0x0000000040103b92        0x2 
 .text          0x0000000040103b94      0x8e1 /home/stoffer/esp8266/esp-open-sdk/sdk/lib/libpp.a(pp.o)
                                        0x9fd (size before relaxing)
                0x0000000040103bc8                pp_soft_wdt_feed_local
                0x0000000040103c5c                ppProcessTxQ
                0x0000000040103cd0                ppFetchTxQFirstAvail
                0x0000000040103d10                ppDequeueTxQ
                0x0000000040103d38                ppRollBackTxQ
                0x0000000040103d5c                ppRecordBarRRC
                0x0000000040103d6c                ppTxqUpdateBitmap
                0x0000000040103d94                ppEnqueueTxDone
                0x0000000040103dc8                ppEnqueueRxq
                0x00000000401042b0                ppDiscardMPDU
                0x00000000401042d4                pp_post
                0x0000000040104360                pp_post2
                0x0000000040104388                ppCalTxop
                0x0000000040104408                ppCalFrameTimes
 *fill*         0x0000000040104475        0x3 
 .text          0x0000000040104478       0xf5 /home/stoffer/esp8266/esp-open-sdk/sdk/lib/libpp.a(rate_control.o)
                                        0x109 (size before relaxing)
                0x0000000040104498                RC_GetAckRate
                0x00000000401044a4                RC_GetRtsRate
                0x00000000401044b4                RC_GetAckTime
                0x00000000401044c8                RC_GetCtsTime
                0x0000000040104500                RC_GetBlockAckTime
 *fill*         0x000000004010456d        0x3 
 .text          0x0000000040104570      0x9a1 /home/stoffer/esp8266/esp-open-sdk/sdk/lib/libpp.a(trc.o)
                                        0xa05 (size before relaxing)
                0x0000000040104744                rcUpdateTxDone
                0x00000000401047d8                rcUpdateRxDone
                0x0000000040104834                rcUpdateDataRxDone
                0x0000000040104850                rcGetSched
                0x0000000040104934                rcGetRate
                0x0000000040104e44                rcReachRetryLimit
                0x0000000040104e5c                trc_NeedRTS
 *fill*         0x0000000040104f11        0x3 
 .text          0x0000000040104f14     0x105f /home/stoffer/esp8266/esp-open-sdk/sdk/lib/libpp.a(wdev.o)
                                       0x1347 (size before relaxing)
                0x00000000401052b8                wDev_MacTim1SetFunc
                0x00000000401052d8                wDev_MacTim1Arm
                0x000000004010536c                wDev_ProcessFiq
                0x00000000401056b0                wDev_EnableTransmit
                0x00000000401056e8                wDev_DisableTransmit
                0x0000000040105708                Tx_Copy2Queue
                0x0000000040105750                wDev_ProcessCollision
                0x0000000040105774                wDev_GetTxqCollisions
                0x0000000040105784                wDev_ClearTxqCollisions
                0x00000000401057a0                wDev_SetWaitingQueue
                0x00000000401057e8                wDev_ClearWaitingQueue
                0x000000004010580c                wDev_SetFrameAckType
                0x0000000040105870                wDev_AppendRxBlocks
                0x00000000401059b4                wDev_AppendRxAmpduLensBlocks
                0x0000000040105a88                wDev_GetBAInfo
                0x0000000040105abc                wDevDisableRx
 *fill*         0x0000000040105f73        0x1 
 .text          0x0000000040105f74       0x4c /home/stoffer/esp8266/esp-open-sdk/sdk/lib/libpp.a(esf_buf.o)
                                         0x5c (size before relaxing)
                0x0000000040105f78                esf_rx_buf_alloc
 .text          0x0000000040105fc0       0x23 /home/stoffer/esp8266/esp-open-sdk/sdk/lib/libnet80211.a(ieee80211_output.o)
                                         0x27 (size before relaxing)
 *fill*         0x0000000040105fe3        0x1 
 .text          0x0000000040105fe4        0xb /home/stoffer/esp8266/esp-open-sdk/sdk/lib/libnet80211.a(wl_chm.o)
                0x0000000040105fe8                chm_get_current_channel
 *fill*         0x0000000040105fef        0x1 
 .text          0x0000000040105ff0       0x43 /home/stoffer/esp8266/esp-open-sdk/sdk/lib/liblwip.a(etharp.o)
                                         0x47 (size before relaxing)
 *fill*         0x0000000040106033        0x1 
 .text          0x0000000040106034       0xd6 /home/stoffer/esp8266/esp-open-sdk/sdk/lib/liblwip.a(sntp.o)
                                         0xde (size before relaxing)
                0x000000004010603c                sntp_get_current_timestamp
                0x0000000040106064                sntp_get_real_time
 *fill*         0x000000004010610a        0x2 
 .text          0x000000004010610c      0x1fd /home/stoffer/esp8266/esp-open-sdk/sdk/lib/liblwip.a(tcp.o)
                                        0x229 (size before relaxing)
 *fill*         0x0000000040106309        0x3 
 .text          0x000000004010630c      0x159 /home/stoffer/esp8266/esp-open-sdk/sdk/lib/liblwip.a(tcp_out.o)
                                        0x161 (size before relaxing)
 *fill*         0x0000000040106465        0x3 
 .text          0x0000000040106468       0xb4 /home/stoffer/esp8266/esp-open-sdk/sdk/lib/liblwip.a(timers.o)
                                         0xc0 (size before relaxing)
 .text          0x000000004010651c      0x1ff /home/stoffer/esp8266/esp-open-sdk/xtensa-lx106-elf/bin/../lib/gcc/xtensa-lx106-elf/4.8.2/libgcc.a(_addsubsf3.o)
                0x0000000040106538                __addsf3
                0x0000000040106620                __subsf3
 *fill*         0x000000004010671b        0x1 
 .text          0x000000004010671c      0x15d /home/stoffer/esp8266/esp-open-sdk/xtensa-lx106-elf/bin/../lib/gcc/xtensa-lx106-elf/4.8.2/libgcc.a(_mulsf3.o)
                0x0000000040106794                __mulsf3
 *fill*         0x0000000040106879        0x3 
 .text          0x000000004010687c      0x135 /home/stoffer/esp8266/esp-open-sdk/xtensa-lx106-elf/bin/../lib/gcc/xtensa-lx106-elf/4.8.2/libgcc.a(_divsf3.o)
                0x00000000401068f8                __divsf3
 *fill*         0x00000000401069b1        0x3 
 .text          0x00000000401069b4       0x40 /home/stoffer/esp8266/esp-open-sdk/xtensa-lx106-elf/bin/../lib/gcc/xtensa-lx106-elf/4.8.2/libgcc.a(_fixsfsi.o)
                0x00000000401069b4                __fixsfsi
 .text          0x00000000401069f4       0x51 /home/stoffer/esp8266/esp-open-sdk/xtensa-lx106-elf/bin/../lib/gcc/xtensa-lx106-elf/4.8.2/libgcc.a(_fixunssfsi.o)
                0x00000000401069f4                __fixunssfsi
 *fill*         0x0000000040106a45        0x3 
 .text          0x0000000040106a48      0x29b /home/stoffer/esp8266/esp-open-sdk/xtensa-lx106-elf/bin/../lib/gcc/xtensa-lx106-elf/4.8.2/libgcc.a(_muldf3.o)
                0x0000000040106b28                __muldf3
 *fill*         0x0000000040106ce3        0x1 
 .text          0x0000000040106ce4      0x20b /home/stoffer/esp8266/esp-open-sdk/xtensa-lx106-elf/bin/../lib/gcc/xtensa-lx106-elf/4.8.2/libgcc.a(_divdf3.o)
                0x0000000040106dcc                __divdf3
 *fill*         0x0000000040106eef        0x1 
 .text          0x0000000040106ef0       0x48 /home/stoffer/esp8266/esp-open-sdk/xtensa-lx106-elf/bin/../lib/gcc/xtensa-lx106-elf/4.8.2/libgcc.a(_fixdfsi.o)
                0x0000000040106ef0                __fixdfsi
 .text          0x0000000040106f38       0xa0 /home/stoffer/esp8266/esp-open-sdk/xtensa-lx106-elf/bin/../lib/gcc/xtensa-lx106-elf/4.8.2/libgcc.a(_truncdfsf2.o)
                0x0000000040106f38                __truncdfsf2
 .text          0x0000000040106fd8      0x3eb /home/stoffer/esp8266/esp-open-sdk/xtensa-lx106-elf/bin/../lib/gcc/xtensa-lx106-elf/4.8.2/libgcc.a(_divdi3.o)
                                        0x41b (size before relaxing)
                0x0000000040106fd8                __divdi3
 .text          0x00000000401073c3        0x0 /home/stoffer/esp8266/esp-open-sdk/sdk/lib/libmain.a(debug-vector.o)
 .text          0x00000000401073c3        0x0 /home/stoffer/esp8266/esp-open-sdk/sdk/lib/libmain.a(double-vector.o)
 .text          0x00000000401073c3        0x0 /home/stoffer/esp8266/esp-open-sdk/sdk/lib/libmain.a(kernel-vector.o)
 *fill*         0x00000000401073c3        0x1 
 .literal       0x00000000401073c4        0x0 /home/stoffer/esp8266/esp-open-sdk/sdk/lib/libmain.a(nmi-vector.o)
 *fill*         0x00000000401073c4        0x0 
 .literal       0x00000000401073c4        0x0 /home/stoffer/esp8266/esp-open-sdk/sdk/lib/libmain.a(user-vector.o)
 .text          0x00000000401073c4        0x0 /home/stoffer/esp8266/esp-open-sdk/sdk/lib/libmain.a(vector.o)
 *fill*         0x00000000401073c4        0x0 
 .literal       0x00000000401073c4        0x0 /home/stoffer/esp8266/esp-open-sdk/sdk/lib/libmain.a(app_main.o)
 *fill*         0x00000000401073c4        0x0 
 .literal       0x00000000401073c4        0x0 /home/stoffer/esp8266/esp-open-sdk/sdk/lib/libmain.a(ets_timer.o)
 .literal       0x00000000401073c4        0x0 /home/stoffer/esp8266/esp-open-sdk/sdk/lib/libmain.a(mem_manager.o)
 *fill*         0x00000000401073c4        0x0 
 .literal       0x00000000401073c4        0x0 /home/stoffer/esp8266/esp-open-sdk/sdk/lib/libmain.a(spi_flash.o)
 *fill*         0x00000000401073c4        0x0 
 .literal       0x00000000401073c4        0x0 /home/stoffer/esp8266/esp-open-sdk/sdk/lib/libmain.a(user_interface.o)
 .text          0x00000000401073c4        0x0 /home/stoffer/esp8266/esp-open-sdk/sdk/lib/libmain.a(eagle_lib.o)
 .text          0x00000000401073c4        0x0 /home/stoffer/esp8266/esp-open-sdk/sdk/lib/libmain.a(eagle_lwip_if.o)
 *fill*         0x00000000401073c4        0x0 
 .text          0x00000000401073c4       0x4c /home/stoffer/esp8266/esp-open-sdk/xtensa-lx106-elf/bin/../lib/gcc/xtensa-lx106-elf/4.8.2/libgcc.a(_udivsi3.o)
                0x00000000401073c4                __udivsi3
 .text          0x0000000040107410       0x39 /home/stoffer/esp8266/esp-open-sdk/xtensa-lx106-elf/bin/../lib/gcc/xtensa-lx106-elf/4.8.2/libgcc.a(_umodsi3.o)
                0x0000000040107410                __umodsi3
 *fill*         0x0000000040107449        0x0 
 *fill*         0x0000000040107449        0x3 
 .text          0x000000004010744c       0x48 /home/stoffer/esp8266/esp-open-sdk/xtensa-lx106-elf/bin/../lib/gcc/xtensa-lx106-elf/4.8.2/libgcc.a(_umulsidi3.o)
                0x000000004010744c                __umulsidi3
 .literal       0x0000000040107494        0x0 build/app_app.a(user_main.o)
 .text          0x0000000040107494        0x0 build/app_app.a(captdns.o)
 .text          0x0000000040107494        0x0 build/app_app.a(led.o)
 *fill*         0x0000000040107494        0x0 
 .literal       0x0000000040107494        0x0 build/app_app.a(httpd.o)
 .text          0x0000000040107494       0xe9 build/app_app.a(httpd.o)
                0x00000000401074c0                httpdUrlDecode
 .text          0x000000004010757d        0x0 build/app_app.a(utils.o)
 *fill*         0x000000004010757d        0x3 
 .literal       0x0000000040107580        0x0 build/app_app.a(httpd_user_init.o)
 .text          0x0000000040107580        0x0 build/app_app.a(crypto.o)
 .text          0x0000000040107580        0x0 build/app_app.a(hmac-sha256.o)
 .text          0x0000000040107580        0x0 build/app_app.a(sha256.o)
 .text          0x0000000040107580        0x0 build/app_app.a(aes.o)
 *fill*         0x0000000040107580        0x0 
 .literal       0x0000000040107580        0x0 build/app_app.a(uart.o)
 .text          0x0000000040107580        0x0 build/app_app.a(ext_spi_flash.o)
 .text          0x0000000040107580        0x0 build/app_app.a(spi.o)
 .text          0x0000000040107580        0x0 build/app_app.a(gpio16.o)
 .text          0x0000000040107580        0x0 build/app_app.a(mqtt.o)
 .text          0x0000000040107580        0x0 build/app_app.a(mqtt_msg.o)
 .text          0x0000000040107580        0x0 build/app_app.a(queue.o)
 .text          0x0000000040107580        0x0 build/app_app.a(mqtt_utils.o)
 .text          0x0000000040107580        0x0 build/app_app.a(proto.o)
 .text          0x0000000040107580        0x0 build/app_app.a(config.o)
 *fill*         0x0000000040107580        0x0 
 .literal       0x0000000040107580        0x0 build/app_app.a(wifi.o)
 .text          0x0000000040107580        0x0 build/app_app.a(tinyprintf.o)
 .text          0x0000000040107580        0x0 build/app_app.a(unix_time.o)
 .text          0x0000000040107580        0x0 build/app_app.a(cgi.o)
 .text          0x0000000040107580        0x0 build/app_app.a(httpdespfs.o)
 .text          0x0000000040107580        0x0 build/app_app.a(cgiwifi.o)
 .text          0x0000000040107580        0x0 build/app_app.a(ringbuf.o)
 .text          0x0000000040107580        0x0 build/app_app.a(espfs.o)
 *fill*         0x0000000040107580        0x0 
 .literal       0x0000000040107580        0x0 build/app_app.a(heatshrink_decoder.o)
 *fill*         0x0000000040107580        0x0 
 .text          0x0000000040107580      0x145 /home/stoffer/esp8266/esp-open-sdk/xtensa-lx106-elf/bin/../lib/gcc/xtensa-lx106-elf/4.8.2/../../../../xtensa-lx106-elf/lib/libc.a(lib_a-memcpy.o)
                0x00000000401075c4                memcpy
 *fill*         0x00000000401076c5        0x3 