Archive member included because of file (symbol)

/home/stoffer/esp8266/esp-open-sdk/sdk/lib/libmain.a(debug-vector.o)
                              (_DebugExceptionVector)
/home/stoffer/esp8266/esp-open-sdk/sdk/lib/libmain.a(double-vector.o)
                              (_DoubleExceptionVector)
/home/stoffer/esp8266/esp-open-sdk/sdk/lib/libmain.a(kernel-vector.o)
                              (_KernelExceptionVector)
/home/stoffer/esp8266/esp-open-sdk/sdk/lib/libmain.a(nmi-vector.o)
                              (_NMIExceptionVector)
/home/stoffer/esp8266/esp-open-sdk/sdk/lib/libmain.a(user-vector.o)
                              (_UserExceptionVector)
/home/stoffer/esp8266/esp-open-sdk/sdk/lib/libmain.a(vector.o)
                              (call_user_start)
/home/stoffer/esp8266/esp-open-sdk/sdk/lib/libmain.a(app_main.o)
                              /home/stoffer/esp8266/esp-open-sdk/sdk/lib/libmain.a(nmi-vector.o) (NMI_Handler)
/home/stoffer/esp8266/esp-open-sdk/sdk/lib/libmain.a(ets_timer.o)
                              /home/stoffer/esp8266/esp-open-sdk/sdk/lib/libmain.a(app_main.o) (ets_timer_setfn)
/home/stoffer/esp8266/esp-open-sdk/sdk/lib/libmain.a(mem_manager.o)
                              /home/stoffer/esp8266/esp-open-sdk/sdk/lib/libmain.a(app_main.o) (pvPortMalloc)
/home/stoffer/esp8266/esp-open-sdk/sdk/lib/libmain.a(spi_flash.o)
                              /home/stoffer/esp8266/esp-open-sdk/sdk/lib/libmain.a(app_main.o) (spi_flash_read)
/home/stoffer/esp8266/esp-open-sdk/sdk/lib/libmain.a(user_interface.o)
                              /home/stoffer/esp8266/esp-open-sdk/sdk/lib/libmain.a(app_main.o) (done_cb)
/home/stoffer/esp8266/esp-open-sdk/sdk/lib/libmain.a(eagle_lib.o)
                              /home/stoffer/esp8266/esp-open-sdk/sdk/lib/libmain.a(user_interface.o) (ets_sprintf)
/home/stoffer/esp8266/esp-open-sdk/sdk/lib/libmain.a(eagle_lwip_if.o)
                              /home/stoffer/esp8266/esp-open-sdk/sdk/lib/libmain.a(user_interface.o) (hostname)
/home/stoffer/esp8266/esp-open-sdk/xtensa-lx106-elf/bin/../lib/gcc/xtensa-lx106-elf/4.8.2/libgcc.a(_udivsi3.o)
                              /home/stoffer/esp8266/esp-open-sdk/sdk/lib/libmain.a(app_main.o) (__udivsi3)
/home/stoffer/esp8266/esp-open-sdk/xtensa-lx106-elf/bin/../lib/gcc/xtensa-lx106-elf/4.8.2/libgcc.a(_umodsi3.o)
                              /home/stoffer/esp8266/esp-open-sdk/sdk/lib/libmain.a(eagle_lib.o) (__umodsi3)
/home/stoffer/esp8266/esp-open-sdk/xtensa-lx106-elf/bin/../lib/gcc/xtensa-lx106-elf/4.8.2/libgcc.a(_muldi3.o)
                              /home/stoffer/esp8266/esp-open-sdk/sdk/lib/libmain.a(user_interface.o) (__muldi3)
/home/stoffer/esp8266/esp-open-sdk/xtensa-lx106-elf/bin/../lib/gcc/xtensa-lx106-elf/4.8.2/libgcc.a(_umulsidi3.o)
                              /home/stoffer/esp8266/esp-open-sdk/xtensa-lx106-elf/bin/../lib/gcc/xtensa-lx106-elf/4.8.2/libgcc.a(_muldi3.o) (__umulsidi3)
build/app_app.a(user_main.o)  /home/stoffer/esp8266/esp-open-sdk/sdk/lib/libmain.a(app_main.o) (user_init)
build/app_app.a(captdns.o)    build/app_app.a(user_main.o) (captdnsInit)
build/app_app.a(led.o)        build/app_app.a(user_main.o) (led_init)
build/app_app.a(ac_out.o)     build/app_app.a(user_main.o) (ac_out_init)
build/app_app.a(httpd.o)      build/app_app.a(user_main.o) (httpdStop)
build/app_app.a(utils.o)      build/app_app.a(user_main.o) (decimal_number_length)
build/app_app.a(httpd_user_init.o)
                              build/app_app.a(user_main.o) (httpd_user_init)
build/app_app.a(config.o)     build/app_app.a(user_main.o) (sys_cfg)
build/app_app.a(wifi.o)       build/app_app.a(user_main.o) (wifi_connect)
build/app_app.a(uart.o)       build/app_app.a(user_main.o) (uart_init)
build/app_app.a(mqtt.o)       build/app_app.a(user_main.o) (MQTT_Publish)
build/app_app.a(mqtt_msg.o)   build/app_app.a(mqtt.o) (mqtt_msg_init)
build/app_app.a(queue.o)      build/app_app.a(mqtt.o) (QUEUE_Init)
build/app_app.a(mqtt_utils.o)
                              build/app_app.a(mqtt.o) (UTILS_StrToIP)
build/app_app.a(proto.o)      build/app_app.a(queue.o) (PROTO_ParseRb)
build/app_app.a(unix_time.o)  build/app_app.a(user_main.o) (init_unix_time)
build/app_app.a(cron.o)       build/app_app.a(user_main.o) (cron_init)
build/app_app.a(cgi.o)        build/app_app.a(httpd_user_init.o) (cgiLed)
build/app_app.a(httpdespfs.o)
                              build/app_app.a(httpd_user_init.o) (cgiEspFsHook)
build/app_app.a(cgiwifi.o)    build/app_app.a(httpd_user_init.o) (cgiWiFiScan)
build/app_app.a(espfs.o)      build/app_app.a(httpdespfs.o) (espFsOpen)
build/app_app.a(heatshrink_decoder.o)
                              build/app_app.a(espfs.o) (heatshrink_decoder_free)
build/app_app.a(ringbuf.o)    build/app_app.a(queue.o) (RINGBUF_Init)
/home/stoffer/esp8266/esp-open-sdk/xtensa-lx106-elf/bin/../lib/gcc/xtensa-lx106-elf/4.8.2/../../../../xtensa-lx106-elf/lib/libc.a(lib_a-atoi.o)
[...]
Memory Configuration

Name             Origin             Length             Attributes
dport0_0_seg     0x000000003ff00000 0x0000000000000010
dram0_0_seg      0x000000003ffe8000 0x0000000000014000
iram1_0_seg      0x0000000040100000 0x0000000000008000
irom0_0_seg      0x0000000040240000 0x000000000003c000
*default*        0x0000000000000000 0xffffffffffffffff

Linker script and memory map

START GROUP
LOAD /home/stoffer/esp8266/esp-open-sdk/xtensa-lx106-elf/bin/../lib/gcc/xtensa-lx106-elf/4.8.2/../../../../xtensa-lx106-elf/lib/libc.a
LOAD /home/stoffer/esp8266/esp-open-sdk/xtensa-lx106-elf/bin/../lib/gcc/xtensa-lx106-elf/4.8.2/libgcc.a
LOAD /home/stoffer/esp8266/esp-open-sdk/xtensa-lx106-elf/bin/../xtensa-lx106-elf/sysroot/usr/lib/libhal.a
LOAD /home/stoffer/esp8266/esp-open-sdk/sdk/lib/libphy.a
LOAD /home/stoffer/esp8266/esp-open-sdk/sdk/lib/libpp.a
LOAD /home/stoffer/esp8266/esp-open-sdk/sdk/lib/libnet80211.a
LOAD /home/stoffer/esp8266/esp-open-sdk/sdk/lib/liblwip.a
LOAD /home/stoffer/esp8266/esp-open-sdk/sdk/lib/libwpa.a
LOAD /home/stoffer/esp8266/esp-open-sdk/sdk/lib/libmain.a
LOAD /home/stoffer/esp8266/esp-open-sdk/sdk/lib/libssl.a
LOAD /home/stoffer/esp8266/esp-open-sdk/xtensa-lx106-elf/bin/../lib/gcc/xtensa-lx106-elf/4.8.2/../../../../xtensa-lx106-elf/lib/libc.a
LOAD /home/stoffer/esp8266/esp-open-sdk/xtensa-lx106-elf/bin/../lib/gcc/xtensa-lx106-elf/4.8.2/libgcc.a
LOAD build/app_app.a
END GROUP
                0x0000000040000000                PROVIDE (_memmap_vecbase_reset, 0x40000000)
                0x0000000000000110                _memmap_cacheattr_wb_base = 0x110
                0x0000000000000110                _memmap_cacheattr_wt_base = 0x110
                0x0000000000000220                _memmap_cacheattr_bp_base = 0x220
                0x00000000fffff00f                _memmap_cacheattr_unused_mask = 0xfffff00f
                0x000000002222211f                _memmap_cacheattr_wb_trapnull = 0x2222211f
                0x000000002222211f                _memmap_cacheattr_wba_trapnull = 0x2222211f
                0x000000002222211f                _memmap_cacheattr_wbna_trapnull = 0x2222211f
                0x000000002222211f                _memmap_cacheattr_wt_trapnull = 0x2222211f
                0x000000002222222f                _memmap_cacheattr_bp_trapnull = 0x2222222f
                0x00000000fffff11f                _memmap_cacheattr_wb_strict = 0xfffff11f
                0x00000000fffff11f                _memmap_cacheattr_wt_strict = 0xfffff11f
                0x00000000fffff22f                _memmap_cacheattr_bp_strict = 0xfffff22f
                0x0000000022222112                _memmap_cacheattr_wb_allvalid = 0x22222112
                0x0000000022222112                _memmap_cacheattr_wt_allvalid = 0x22222112
                0x0000000022222222                _memmap_cacheattr_bp_allvalid = 0x22222222
                0x000000002222211f                PROVIDE (_memmap_cacheattr_reset, _memmap_cacheattr_wb_trapnull)

.dport0.rodata  0x000000003ff00000        0x0
                0x000000003ff00000                _dport0_rodata_start = ABSOLUTE (.)
 *(.dport0.rodata)
 *(.dport.rodata)
                0x000000003ff00000                _dport0_rodata_end = ABSOLUTE (.)

.dport0.literal
                0x000000003ff00000        0x0
                0x000000003ff00000                _dport0_literal_start = ABSOLUTE (.)
 *(.dport0.literal)
 *(.dport.literal)
                0x000000003ff00000                _dport0_literal_end = ABSOLUTE (.)

.dport0.data    0x000000003ff00000        0x0
                0x000000003ff00000                _dport0_data_start = ABSOLUTE (.)
 *(.dport0.data)
 *(.dport.data)
                0x000000003ff00000                _dport0_data_end = ABSOLUTE (.)

.data           0x000000003ffe8000      0xa98
                0x000000003ffe8000                _data_start = ABSOLUTE (.)
 *(.data)
 .data          0x000000003ffe8000        0x0 /home/stoffer/esp8266/esp-open-sdk/sdk/lib/libmain.a(debug-vector.o)
 .data          0x000000003ffe8000        0x0 /home/stoffer/esp8266/esp-open-sdk/sdk/lib/libmain.a(double-vector.o)
 .data          0x000000003ffe8000        0x0 /home/stoffer/esp8266/esp-open-sdk/sdk/lib/libmain.a(kernel-vector.o)
 .data          0x000000003ffe8000        0x4 /home/stoffer/esp8266/esp-open-sdk/sdk/lib/libmain.a(nmi-vector.o)
                0x000000003ffe8000                _Pri_3_HandlerAddress
 .data          0x000000003ffe8004        0x0 /home/stoffer/esp8266/esp-open-sdk/sdk/lib/libmain.a(user-vector.o)
 .data          0x000000003ffe8004        0x0 /home/stoffer/esp8266/esp-open-sdk/sdk/lib/libmain.a(vector.o)
 .data          0x000000003ffe8004        0x1 /home/stoffer/esp8266/esp-open-sdk/sdk/lib/libmain.a(app_main.o)
 .data          0x000000003ffe8005        0x0 /home/stoffer/esp8266/esp-open-sdk/sdk/lib/libmain.a(ets_timer.o)
 .data          0x000000003ffe8005        0x0 /home/stoffer/esp8266/esp-open-sdk/sdk/lib/libmain.a(mem_manager.o)
 .data          0x000000003ffe8005        0x0 /home/stoffer/esp8266/esp-open-sdk/sdk/lib/libmain.a(spi_flash.o)
 *fill*         0x000000003ffe8005        0x3 
 .data          0x000000003ffe8008        0x6 /home/stoffer/esp8266/esp-open-sdk/sdk/lib/libmain.a(user_interface.o)
                0x000000003ffe8009                timer2_ms_flag
                0x000000003ffe800a                dhcps_flag
                0x000000003ffe800b                dhcpc_flag
                0x000000003ffe800d                reconnect_internal
 .data          0x000000003ffe800e        0x0 /home/stoffer/esp8266/esp-open-sdk/sdk/lib/libmain.a(eagle_lib.o)
 *fill*         0x000000003ffe800e        0x2 
 .data          0x000000003ffe8010        0x1 /home/stoffer/esp8266/esp-open-sdk/sdk/lib/libmain.a(eagle_lwip_if.o)
                0x000000003ffe8010                default_hostname
 .data          0x000000003ffe8011        0x0 /home/stoffer/esp8266/esp-open-sdk/xtensa-lx106-elf/bin/../lib/gcc/xtensa-lx106-elf/4.8.2/libgcc.a(_udivsi3.o)
 .data          0x000000003ffe8011        0x0 /home/stoffer/esp8266/esp-open-sdk/xtensa-lx106-elf/bin/../lib/gcc/xtensa-lx106-elf/4.8.2/libgcc.a(_umodsi3.o)
 .data          0x000000003ffe8011        0x0 /home/stoffer/esp8266/esp-open-sdk/xtensa-lx106-elf/bin/../lib/gcc/xtensa-lx106-elf/4.8.2/libgcc.a(_muldi3.o)
 .data          0x000000003ffe8011        0x0 /home/stoffer/esp8266/esp-open-sdk/xtensa-lx106-elf/bin/../lib/gcc/xtensa-lx106-elf/4.8.2/libgcc.a(_umulsidi3.o)
 .data          0x000000003ffe8011        0x0 build/app_app.a(user_main.o)
 .data          0x000000003ffe8011        0x0 build/app_app.a(captdns.o)
 .data          0x000000003ffe8011        0x0 build/app_app.a(led.o)
 *fill*         0x000000003ffe8011        0x3 
 .data          0x000000003ffe8014        0x4 build/app_app.a(ac_out.o)
                0x000000003ffe8014                ac_pwm_state
 .data          0x000000003ffe8018        0x0 build/app_app.a(httpd.o)
 .data          0x000000003ffe8018      0x200 build/app_app.a(utils.o)
                0x000000003ffe8018                ccit_crc16_table
 .data          0x000000003ffe8218       0x9c build/app_app.a(httpd_user_init.o)
                0x000000003ffe8218                builtInUrls
 .data          0x000000003ffe82b4        0x0 build/app_app.a(config.o)
 .data          0x000000003ffe82b4        0x0 build/app_app.a(wifi.o)
 .data          0x000000003ffe82b4        0x0 build/app_app.a(uart.o)
 .data          0x000000003ffe82b4        0x0 build/app_app.a(mqtt.o)
 .data          0x000000003ffe82b4        0x0 build/app_app.a(mqtt_msg.o)
 .data          0x000000003ffe82b4        0x0 build/app_app.a(queue.o)
 .data          0x000000003ffe82b4        0x0 build/app_app.a(mqtt_utils.o)
 .data          0x000000003ffe82b4        0x0 build/app_app.a(proto.o)
 .data          0x000000003ffe82b4        0x0 build/app_app.a(unix_time.o)
 .data          0x000000003ffe82b4        0x0 build/app_app.a(cron.o)
 .data          0x000000003ffe82b4        0x0 build/app_app.a(cgi.o)
 .data          0x000000003ffe82b4        0x0 build/app_app.a(httpdespfs.o)
 .data          0x000000003ffe82b4        0x0 build/app_app.a(cgiwifi.o)
 .data          0x000000003ffe82b4        0x0 build/app_app.a(espfs.o)
 .data          0x000000003ffe82b4        0x0 build/app_app.a(heatshrink_decoder.o)
 .data          0x000000003ffe82b4        0x0 build/app_app.a(ringbuf.o)
 .data          0x000000003ffe82b4        0x0 /home/stoffer/esp8266/esp-open-sdk/xtensa-lx106-elf/bin/../lib/gcc/xtensa-lx106-elf/4.8.2/../../../../xtensa-lx106-elf/lib/libc.a(lib_a-atoi.o)
 .data          0x000000003ffe82b4        0x0 /home/stoffer/esp8266/esp-open-sdk/xtensa-lx106-elf/bin/../lib/gcc/xtensa-lx106-elf/4.8.2/../../../../xtensa-lx106-elf/lib/libc.a(lib_a-gmtime.o)
 .data          0x000000003ffe82b4        0x0 /home/stoffer/esp8266/esp-open-sdk/xtensa-lx106-elf/bin/../lib/gcc/xtensa-lx106-elf/4.8.2/../../../../xtensa-lx106-elf/lib/libc.a(lib_a-gmtime_r.o)
 *fill*         0x000000003ffe82b4        0x4 
 .data          0x000000003ffe82b8      0x430 /home/stoffer/esp8266/esp-open-sdk/xtensa-lx106-elf/bin/../lib/gcc/xtensa-lx106-elf/4.8.2/../../../../xtensa-lx106-elf/lib/libc.a(lib_a-impure.o)
                0x000000003ffe82b8                _impure_ptr
 .data          0x000000003ffe86e8        0x0 /home/stoffer/esp8266/esp-open-sdk/xtensa-lx106-elf/bin/../lib/gcc/xtensa-lx106-elf/4.8.2/../../../../xtensa-lx106-elf/lib/libc.a(lib_a-memcpy.o)
 .data          0x000000003ffe86e8        0x0 /home/stoffer/esp8266/esp-open-sdk/xtensa-lx106-elf/bin/../lib/gcc/xtensa-lx106-elf/4.8.2/../../../../xtensa-lx106-elf/lib/libc.a(lib_a-memset.o)
 .data          0x000000003ffe86e8        0x0 /home/stoffer/esp8266/esp-open-sdk/xtensa-lx106-elf/bin/../lib/gcc/xtensa-lx106-elf/4.8.2/../../../../xtensa-lx106-elf/lib/libc.a(lib_a-mktm_r.o)
 .data          0x000000003ffe86e8        0x0 /home/stoffer/esp8266/esp-open-sdk/xtensa-lx106-elf/bin/../lib/gcc/xtensa-lx106-elf/4.8.2/../../../../xtensa-lx106-elf/lib/libc.a(lib_a-strlen.o)
 .data          0x000000003ffe86e8        0x0 /home/stoffer/esp8266/esp-open-sdk/xtensa-lx106-elf/bin/../lib/gcc/xtensa-lx106-elf/4.8.2/../../../../xtensa-lx106-elf/lib/libc.a(lib_a-strtok.o)
 .data          0x000000003ffe86e8        0x0 /home/stoffer/esp8266/esp-open-sdk/xtensa-lx106-elf/bin/../lib/gcc/xtensa-lx106-elf/4.8.2/../../../../xtensa-lx106-elf/lib/libc.a(lib_a-strtok_r.o)
 .data          0x000000003ffe86e8        0x0 /home/stoffer/esp8266/esp-open-sdk/xtensa-lx106-elf/bin/../lib/gcc/xtensa-lx106-elf/4.8.2/../../../../xtensa-lx106-elf/lib/libc.a(lib_a-strtol.o)
 .data          0x000000003ffe86e8        0x0 /home/stoffer/esp8266/esp-open-sdk/xtensa-lx106-elf/bin/../lib/gcc/xtensa-lx106-elf/4.8.2/../../../../xtensa-lx106-elf/lib/libc.a(lib_a-tzlock.o)
 .data          0x000000003ffe86e8        0x8 /home/stoffer/esp8266/esp-open-sdk/xtensa-lx106-elf/bin/../lib/gcc/xtensa-lx106-elf/4.8.2/../../../../xtensa-lx106-elf/lib/libc.a(lib_a-tzvars.o)
                0x000000003ffe86e8                _tzname
 .data          0x000000003ffe86f0        0x4 /home/stoffer/esp8266/esp-open-sdk/xtensa-lx106-elf/bin/../lib/gcc/xtensa-lx106-elf/4.8.2/../../../../xtensa-lx106-elf/lib/libc.a(lib_a-ctype_.o)
                0x000000003ffe86f0                __ctype_ptr__
 .data          0x000000003ffe86f4       0x40 /home/stoffer/esp8266/esp-open-sdk/xtensa-lx106-elf/bin/../lib/gcc/xtensa-lx106-elf/4.8.2/../../../../xtensa-lx106-elf/lib/libc.a(lib_a-gettzinfo.o)
 .data          0x000000003ffe8734        0x0 /home/stoffer/esp8266/esp-open-sdk/xtensa-lx106-elf/bin/../lib/gcc/xtensa-lx106-elf/4.8.2/libgcc.a(_divsi3.o)
 .data          0x000000003ffe8734        0x0 /home/stoffer/esp8266/esp-open-sdk/xtensa-lx106-elf/bin/../lib/gcc/xtensa-lx106-elf/4.8.2/libgcc.a(_modsi3.o)
 .data          0x000000003ffe8734        0x0 /home/stoffer/esp8266/esp-open-sdk/xtensa-lx106-elf/bin/../xtensa-lx106-elf/sysroot/usr/lib/libhal.a(int_asm--set_intclear.o)
 .data          0x000000003ffe8734        0x0 /home/stoffer/esp8266/esp-open-sdk/sdk/lib/libphy.a(phy.o)
 .data          0x000000003ffe8734        0x0 /home/stoffer/esp8266/esp-open-sdk/sdk/lib/libphy.a(phy_chip_v6_ana.o)
 *fill*         0x000000003ffe8734        0xc 
 .data          0x000000003ffe8740       0x53 /home/stoffer/esp8266/esp-open-sdk/sdk/lib/libphy.a(phy_chip_v6.o)
                0x000000003ffe8742                tx_rf_ana_gain
                0x000000003ffe8770                rx_gain_swp
                0x000000003ffe8790                test_rffreq_txcap
 .data          0x000000003ffe8793        0x0 /home/stoffer/esp8266/esp-open-sdk/sdk/lib/libphy.a(phy_chip_v6_cal.o)
 .data          0x000000003ffe8793        0x0 /home/stoffer/esp8266/esp-open-sdk/sdk/lib/libphy.a(phy_chip_v6_unused.o)
 *fill*         0x000000003ffe8793        0x1 
 .data          0x000000003ffe8794        0x4 /home/stoffer/esp8266/esp-open-sdk/sdk/lib/libphy.a(phy_sleep.o)
                0x000000003ffe8794                chip_version
 .data          0x000000003ffe8798        0x0 /home/stoffer/esp8266/esp-open-sdk/sdk/lib/libpp.a(if_hwctrl.o)
 .data          0x000000003ffe8798        0x0 /home/stoffer/esp8266/esp-open-sdk/sdk/lib/libpp.a(lmac.o)
 .data          0x000000003ffe8798        0x1 /home/stoffer/esp8266/esp-open-sdk/sdk/lib/libpp.a(pm.o)
 *fill*         0x000000003ffe8799        0x3 
 .data          0x000000003ffe879c        0x1 /home/stoffer/esp8266/esp-open-sdk/sdk/lib/libpp.a(pm_for_bcn_only_mode.o)
 *fill*         0x000000003ffe879d        0x3 
 .data          0x000000003ffe87a0       0x1c /home/stoffer/esp8266/esp-open-sdk/sdk/lib/libpp.a(pp.o)
                0x000000003ffe87a0                soft_wdt_interval
                0x000000003ffe87a4                NoiseTimerInterval
                0x000000003ffe87ac                sleep_start_wait_time
                0x000000003ffe87b4                CanDoFreqCal
                0x000000003ffe87b8                tcb
 *fill*         0x000000003ffe87bc        0x4 
 .data          0x000000003ffe87c0       0x40 /home/stoffer/esp8266/esp-open-sdk/sdk/lib/libpp.a(rate_control.o)
 .data          0x000000003ffe8800      0x24c /home/stoffer/esp8266/esp-open-sdk/sdk/lib/libpp.a(trc.o)
 .data          0x000000003ffe8a4c        0x8 /home/stoffer/esp8266/esp-open-sdk/sdk/lib/libpp.a(wdev.o)
 .data          0x000000003ffe8a54        0x0 /home/stoffer/esp8266/esp-open-sdk/sdk/lib/libpp.a(esf_buf.o)
 .data          0x000000003ffe8a54        0x0 /home/stoffer/esp8266/esp-open-sdk/sdk/lib/libnet80211.a(ieee80211.o)
 .data          0x000000003ffe8a54        0x0 /home/stoffer/esp8266/esp-open-sdk/sdk/lib/libnet80211.a(ieee80211_crypto.o)
 .data          0x000000003ffe8a54        0x0 /home/stoffer/esp8266/esp-open-sdk/sdk/lib/libnet80211.a(ieee80211_ets.o)
 .data          0x000000003ffe8a54        0x1 /home/stoffer/esp8266/esp-open-sdk/sdk/lib/libnet80211.a(ieee80211_hostap.o)
                0x000000003ffe8a54                TmpSTAAPCloseAP
 .data          0x000000003ffe8a55        0x0 /home/stoffer/esp8266/esp-open-sdk/sdk/lib/libnet80211.a(ieee80211_ht.o)
 .data          0x000000003ffe8a55        0x0 /home/stoffer/esp8266/esp-open-sdk/sdk/lib/libnet80211.a(ieee80211_input.o)
 .data          0x000000003ffe8a55        0x0 /home/stoffer/esp8266/esp-open-sdk/sdk/lib/libnet80211.a(ieee80211_mesh_quick.o)
 .data          0x000000003ffe8a55        0x0 /home/stoffer/esp8266/esp-open-sdk/sdk/lib/libnet80211.a(ieee80211_output.o)
 .data          0x000000003ffe8a55        0x0 /home/stoffer/esp8266/esp-open-sdk/sdk/lib/libnet80211.a(ieee80211_phy.o)
 .data          0x000000003ffe8a55        0x0 /home/stoffer/esp8266/esp-open-sdk/sdk/lib/libnet80211.a(ieee80211_power.o)
 .data          0x000000003ffe8a55        0x0 /home/stoffer/esp8266/esp-open-sdk/sdk/lib/libnet80211.a(ieee80211_proto.o)
 .data          0x000000003ffe8a55        0x0 /home/stoffer/esp8266/esp-open-sdk/sdk/lib/libnet80211.a(ieee80211_rfid.o)
 .data          0x000000003ffe8a55        0x0 /home/stoffer/esp8266/esp-open-sdk/sdk/lib/libnet80211.a(ieee80211_scan.o)
 .data          0x000000003ffe8a55        0x0 /home/stoffer/esp8266/esp-open-sdk/sdk/lib/libnet80211.a(ieee80211_sta.o)
 .data          0x000000003ffe8a55        0x0 /home/stoffer/esp8266/esp-open-sdk/sdk/lib/libnet80211.a(wl_chm.o)
 *fill*         0x000000003ffe8a55        0x3 
 .data          0x000000003ffe8a58        0x1 /home/stoffer/esp8266/esp-open-sdk/sdk/lib/libnet80211.a(wl_cnx.o)
 *fill*         0x000000003ffe8a59        0x7 
 .data          0x000000003ffe8a60       0x1c /home/stoffer/esp8266/esp-open-sdk/sdk/lib/libnet80211.a(ieee80211_action.o)
 .data          0x000000003ffe8a7c        0x0 /home/stoffer/esp8266/esp-open-sdk/sdk/lib/libnet80211.a(ieee80211_action_vendor.o)
 .data          0x000000003ffe8a7c        0x0 /home/stoffer/esp8266/esp-open-sdk/sdk/lib/libnet80211.a(ieee80211_crypto_ccmp.o)
 .data          0x000000003ffe8a7c        0x0 /home/stoffer/esp8266/esp-open-sdk/sdk/lib/libnet80211.a(ieee80211_ie_vendor.o)
 .data          0x000000003ffe8a7c        0x4 /home/stoffer/esp8266/esp-open-sdk/sdk/lib/liblwip.a(dhcp.o)
 .data          0x000000003ffe8a80        0x5 /home/stoffer/esp8266/esp-open-sdk/sdk/lib/liblwip.a(dhcpserver.o)
                0x000000003ffe8a80                dhcps_lease_time
 .data          0x000000003ffe8a85        0x0 /home/stoffer/esp8266/esp-open-sdk/sdk/lib/liblwip.a(dns.o)
 .data          0x000000003ffe8a85        0x0 /home/stoffer/esp8266/esp-open-sdk/sdk/lib/liblwip.a(espconn.o)
 .data          0x000000003ffe8a85        0x0 /home/stoffer/esp8266/esp-open-sdk/sdk/lib/liblwip.a(espconn_tcp.o)
 .data          0x000000003ffe8a85        0x0 /home/stoffer/esp8266/esp-open-sdk/sdk/lib/liblwip.a(espconn_udp.o)
 .data          0x000000003ffe8a85        0x0 /home/stoffer/esp8266/esp-open-sdk/sdk/lib/liblwip.a(etharp.o)
 .data          0x000000003ffe8a85        0x0 /home/stoffer/esp8266/esp-open-sdk/sdk/lib/liblwip.a(igmp.o)
 .data          0x000000003ffe8a85        0x0 /home/stoffer/esp8266/esp-open-sdk/sdk/lib/liblwip.a(inet_chksum.o)
 .data          0x000000003ffe8a85        0x0 /home/stoffer/esp8266/esp-open-sdk/sdk/lib/liblwip.a(init.o)
 .data          0x000000003ffe8a85        0x0 /home/stoffer/esp8266/esp-open-sdk/sdk/lib/liblwip.a(ip_addr.o)
 .data          0x000000003ffe8a85        0x0 /home/stoffer/esp8266/esp-open-sdk/sdk/lib/liblwip.a(ip.o)
 *fill*         0x000000003ffe8a85        0x3 
 .data          0x000000003ffe8a88        0x2 /home/stoffer/esp8266/esp-open-sdk/sdk/lib/liblwip.a(memp.o)
                0x000000003ffe8a88                memp_sizes_test
 .data          0x000000003ffe8a8a        0x0 /home/stoffer/esp8266/esp-open-sdk/sdk/lib/liblwip.a(netif.o)
 .data          0x000000003ffe8a8a        0x0 /home/stoffer/esp8266/esp-open-sdk/sdk/lib/liblwip.a(pbuf.o)
 .data          0x000000003ffe8a8a        0x0 /home/stoffer/esp8266/esp-open-sdk/sdk/lib/liblwip.a(raw.o)
 *fill*         0x000000003ffe8a8a        0x2 
 .data          0x000000003ffe8a8c        0x1 /home/stoffer/esp8266/esp-open-sdk/sdk/lib/liblwip.a(sntp.o)
                0x000000003ffe8a8c                time_zone
 .data          0x000000003ffe8a8d        0x0 /home/stoffer/esp8266/esp-open-sdk/sdk/lib/liblwip.a(tcp_in.o)
 *fill*         0x000000003ffe8a8d        0x3 
 .data          0x000000003ffe8a90        0x8 /home/stoffer/esp8266/esp-open-sdk/sdk/lib/liblwip.a(tcp.o)
 .data          0x000000003ffe8a98        0x0 /home/stoffer/esp8266/esp-open-sdk/sdk/lib/liblwip.a(tcp_out.o)
 .data          0x000000003ffe8a98        0x0 /home/stoffer/esp8266/esp-open-sdk/sdk/lib/liblwip.a(timers.o)
 .data          0x000000003ffe8a98        0x0 /home/stoffer/esp8266/esp-open-sdk/sdk/lib/liblwip.a(udp.o)
 .data          0x000000003ffe8a98        0x0 /home/stoffer/esp8266/esp-open-sdk/sdk/lib/liblwip.a(icmp.o)
 .data          0x000000003ffe8a98        0x0 /home/stoffer/esp8266/esp-open-sdk/sdk/lib/libwpa.a(ap_config.o)
 .data          0x000000003ffe8a98        0x0 /home/stoffer/esp8266/esp-open-sdk/sdk/lib/libwpa.a(common.o)
 .data          0x000000003ffe8a98        0x0 /home/stoffer/esp8266/esp-open-sdk/sdk/lib/libwpa.a(os_xtensa.o)
 .data          0x000000003ffe8a98        0x0 /home/stoffer/esp8266/esp-open-sdk/sdk/lib/libwpa.a(wpa_auth.o)
 .data          0x000000003ffe8a98        0x0 /home/stoffer/esp8266/esp-open-sdk/sdk/lib/libwpa.a(wpa_auth_ie.o)
 .data          0x000000003ffe8a98        0x0 /home/stoffer/esp8266/esp-open-sdk/sdk/lib/libwpa.a(wpa.o)
 .data          0x000000003ffe8a98        0x0 /home/stoffer/esp8266/esp-open-sdk/sdk/lib/libwpa.a(wpa_common.o)
 .data          0x000000003ffe8a98        0x0 /home/stoffer/esp8266/esp-open-sdk/sdk/lib/libwpa.a(wpa_debug.o)
 .data          0x000000003ffe8a98        0x0 /home/stoffer/esp8266/esp-open-sdk/sdk/lib/libwpa.a(wpa_ie.o)
 .data          0x000000003ffe8a98        0x0 /home/stoffer/esp8266/esp-open-sdk/sdk/lib/libwpa.a(wpa_main.o)
 .data          0x000000003ffe8a98        0x0 /home/stoffer/esp8266/esp-open-sdk/sdk/lib/libwpa.a(wpas_glue.o)
 .data          0x000000003ffe8a98        0x0 /home/stoffer/esp8266/esp-open-sdk/sdk/lib/libwpa.a(aes-wrap.o)
 .data          0x000000003ffe8a98        0x0 /home/stoffer/esp8266/esp-open-sdk/sdk/lib/libwpa.a(aes-internal-enc.o)
 .data          0x000000003ffe8a98        0x0 /home/stoffer/esp8266/esp-open-sdk/sdk/lib/libwpa.a(aes-internal.o)
 .data          0x000000003ffe8a98        0x0 /home/stoffer/esp8266/esp-open-sdk/xtensa-lx106-elf/bin/../lib/gcc/xtensa-lx106-elf/4.8.2/libgcc.a(_ashrdi3.o)
 .data          0x000000003ffe8a98        0x0 /home/stoffer/esp8266/esp-open-sdk/xtensa-lx106-elf/bin/../lib/gcc/xtensa-lx106-elf/4.8.2/libgcc.a(_addsubsf3.o)
 .data          0x000000003ffe8a98        0x0 /home/stoffer/esp8266/esp-open-sdk/xtensa-lx106-elf/bin/../lib/gcc/xtensa-lx106-elf/4.8.2/libgcc.a(_mulsf3.o)
 .data          0x000000003ffe8a98        0x0 /home/stoffer/esp8266/esp-open-sdk/xtensa-lx106-elf/bin/../lib/gcc/xtensa-lx106-elf/4.8.2/libgcc.a(_divsf3.o)
 .data          0x000000003ffe8a98        0x0 /home/stoffer/esp8266/esp-open-sdk/xtensa-lx106-elf/bin/../lib/gcc/xtensa-lx106-elf/4.8.2/libgcc.a(_fixsfsi.o)
 .data          0x000000003ffe8a98        0x0 /home/stoffer/esp8266/esp-open-sdk/xtensa-lx106-elf/bin/../lib/gcc/xtensa-lx106-elf/4.8.2/libgcc.a(_fixunssfsi.o)
 .data          0x000000003ffe8a98        0x0 /home/stoffer/esp8266/esp-open-sdk/xtensa-lx106-elf/bin/../lib/gcc/xtensa-lx106-elf/4.8.2/libgcc.a(_floatsisf.o)
 .data          0x000000003ffe8a98        0x0 /home/stoffer/esp8266/esp-open-sdk/xtensa-lx106-elf/bin/../lib/gcc/xtensa-lx106-elf/4.8.2/libgcc.a(_muldf3.o)
 .data          0x000000003ffe8a98        0x0 /home/stoffer/esp8266/esp-open-sdk/xtensa-lx106-elf/bin/../lib/gcc/xtensa-lx106-elf/4.8.2/libgcc.a(_divdf3.o)
 .data          0x000000003ffe8a98        0x0 /home/stoffer/esp8266/esp-open-sdk/xtensa-lx106-elf/bin/../lib/gcc/xtensa-lx106-elf/4.8.2/libgcc.a(_fixdfsi.o)
 .data          0x000000003ffe8a98        0x0 /home/stoffer/esp8266/esp-open-sdk/xtensa-lx106-elf/bin/../lib/gcc/xtensa-lx106-elf/4.8.2/libgcc.a(_floatsidf.o)
 .data          0x000000003ffe8a98        0x0 /home/stoffer/esp8266/esp-open-sdk/xtensa-lx106-elf/bin/../lib/gcc/xtensa-lx106-elf/4.8.2/libgcc.a(_truncdfsf2.o)
 .data          0x000000003ffe8a98        0x0 /home/stoffer/esp8266/esp-open-sdk/xtensa-lx106-elf/bin/../lib/gcc/xtensa-lx106-elf/4.8.2/libgcc.a(_divdi3.o)
 .data          0x000000003ffe8a98        0x0 /home/stoffer/esp8266/esp-open-sdk/xtensa-lx106-elf/bin/../lib/gcc/xtensa-lx106-elf/4.8.2/libgcc.a(_umoddi3.o)
 .data          0x000000003ffe8a98        0x0 /home/stoffer/esp8266/esp-open-sdk/sdk/lib/libnet80211.a(ieee80211_crypto_tkip.o)
 .data          0x000000003ffe8a98        0x0 /home/stoffer/esp8266/esp-open-sdk/sdk/lib/libnet80211.a(ieee80211_crypto_wep.o)
 *(.data.*)
 *(.gnu.linkonce.d.*)
 *(.data1)
 *(.sdata)
 *(.sdata.*)
 *(.gnu.linkonce.s.*)
 *(.sdata2)
 *(.sdata2.*)
 *(.gnu.linkonce.s2.*)
 *(.jcr)
                0x000000003ffe8a98                _data_end = ABSOLUTE (.)

.rodata         0x000000003ffe8aa0      0xe70
                0x000000003ffe8aa0                _rodata_start = ABSOLUTE (.)
 *(.sdk.version)
 .sdk.version   0x000000003ffe8aa0       0x10 /home/stoffer/esp8266/esp-open-sdk/sdk/lib/libmain.a(app_main.o)
                0x000000003ffe8aa0                SDK_VERSION
 *(.rodata)
 .rodata        0x000000003ffe8ab0       0x48 build/app_app.a(httpd.o)
 .rodata        0x000000003ffe8af8       0x48 build/app_app.a(mqtt.o)
 .rodata        0x000000003ffe8b40       0x24 build/app_app.a(heatshrink_decoder.o)
 .rodata        0x000000003ffe8b64        0x4 /home/stoffer/esp8266/esp-open-sdk/xtensa-lx106-elf/bin/../lib/gcc/xtensa-lx106-elf/4.8.2/../../../../xtensa-lx106-elf/lib/libc.a(lib_a-impure.o)
                0x000000003ffe8b64                _global_impure_ptr
 .rodata        0x000000003ffe8b68       0x68 /home/stoffer/esp8266/esp-open-sdk/xtensa-lx106-elf/bin/../lib/gcc/xtensa-lx106-elf/4.8.2/../../../../xtensa-lx106-elf/lib/libc.a(lib_a-mktm_r.o)
 .rodata        0x000000003ffe8bd0      0x101 /home/stoffer/esp8266/esp-open-sdk/xtensa-lx106-elf/bin/../lib/gcc/xtensa-lx106-elf/4.8.2/../../../../xtensa-lx106-elf/lib/libc.a(lib_a-ctype_.o)
                0x000000003ffe8bd0                _ctype_
 *fill*         0x000000003ffe8cd1        0x3 
 .rodata        0x000000003ffe8cd4        0x8 /home/stoffer/esp8266/esp-open-sdk/sdk/lib/libphy.a(phy_chip_v6_ana.o)
 .rodata        0x000000003ffe8cdc        0x8 /home/stoffer/esp8266/esp-open-sdk/sdk/lib/libphy.a(phy_chip_v6.o)
 .rodata        0x000000003ffe8ce4        0x4 /home/stoffer/esp8266/esp-open-sdk/sdk/lib/libpp.a(pp.o)
 .rodata        0x000000003ffe8ce8        0x8 /home/stoffer/esp8266/esp-open-sdk/sdk/lib/libnet80211.a(ieee80211_hostap.o)
 .rodata        0x000000003ffe8cf0        0x9 /home/stoffer/esp8266/esp-open-sdk/sdk/lib/libnet80211.a(ieee80211_output.o)
 *fill*         0x000000003ffe8cf9        0x3 
 .rodata        0x000000003ffe8cfc        0x6 /home/stoffer/esp8266/esp-open-sdk/sdk/lib/liblwip.a(etharp.o)
                0x000000003ffe8cfc                ethbroadcast
 *fill*         0x000000003ffe8d02        0xe 
 .rodata        0x000000003ffe8d10       0xc0 /home/stoffer/esp8266/esp-open-sdk/sdk/lib/liblwip.a(sntp.o)
 *(.rodata.*)
 .rodata.str1.4
                0x000000003ffe8dd0        0xc /home/stoffer/esp8266/esp-open-sdk/sdk/lib/libmain.a(app_main.o)
 .rodata.str1.4
                0x000000003ffe8ddc        0x4 /home/stoffer/esp8266/esp-open-sdk/sdk/lib/libmain.a(ets_timer.o)
                                          0xc (size before relaxing)
 .rodata.str1.4
                0x000000003ffe8de0       0x1a /home/stoffer/esp8266/esp-open-sdk/sdk/lib/libmain.a(mem_manager.o)
 *fill*         0x000000003ffe8dfa        0x2 
 .rodata.str1.4
                0x000000003ffe8dfc      0x30e build/app_app.a(user_main.o)
                                        0x326 (size before relaxing)
 *fill*         0x000000003ffe910a        0x2 
 .rodata.str1.4
                0x000000003ffe910c       0x11 build/app_app.a(captdns.o)
 *fill*         0x000000003ffe911d        0x3 
 .rodata.str1.4
                0x000000003ffe9120       0x6c build/app_app.a(ac_out.o)
 .rodata.str1.4
                0x000000003ffe918c      0x17a build/app_app.a(httpd.o)
                                        0x186 (size before relaxing)
 *fill*         0x000000003ffe9306        0x2 
 .rodata.str1.4
                0x000000003ffe9308        0x8 build/app_app.a(utils.o)
                                          0xb (size before relaxing)
 .rodata.str1.4
                0x000000003ffe9310       0xaa build/app_app.a(httpd_user_init.o)
                                         0xae (size before relaxing)
 *fill*         0x000000003ffe93ba        0x2 
 .rodata.str1.4
                0x000000003ffe93bc       0x8f build/app_app.a(config.o)
                                         0x97 (size before relaxing)
 *fill*         0x000000003ffe944b        0x1 
 .rodata.str1.4
                0x000000003ffe944c       0x4f build/app_app.a(wifi.o)
                                         0x5d (size before relaxing)
 .rodata.str1.4
                0x0000000000000000        0x1 build/app_app.a(mqtt.o)
 *fill*         0x000000003ffe949b        0x1 
 .rodata.str1.4
                0x000000003ffe949c        0x7 build/app_app.a(mqtt_msg.o)
 .rodata.str1.4
                0x0000000000000000        0x1 build/app_app.a(queue.o)
 *fill*         0x000000003ffe94a3        0x1 
 .rodata.str1.4
                0x000000003ffe94a4       0x20 build/app_app.a(unix_time.o)
                                         0x24 (size before relaxing)
 .rodata.str1.4
                0x000000003ffe94c4       0xb9 build/app_app.a(cron.o)
                                         0xe1 (size before relaxing)
 *fill*         0x000000003ffe957d        0x3 
 .rodata.str1.4
                0x000000003ffe9580       0x4c build/app_app.a(cgi.o)
                                         0x54 (size before relaxing)
 .rodata.str1.4
                0x000000003ffe95cc       0x32 build/app_app.a(httpdespfs.o)
                                         0x46 (size before relaxing)
 *fill*         0x000000003ffe95fe        0x2 
 .rodata.str1.4
                0x000000003ffe9600      0x24b build/app_app.a(cgiwifi.o)
                                        0x273 (size before relaxing)
 .rodata.str1.4
                0x0000000000000000        0x1 build/app_app.a(espfs.o)
 .rodata.str1.4
                0x0000000000000000        0x1 build/app_app.a(heatshrink_decoder.o)
 .rodata.str1.1
                0x000000003ffe984b        0x2 /home/stoffer/esp8266/esp-open-sdk/xtensa-lx106-elf/bin/../lib/gcc/xtensa-lx106-elf/4.8.2/../../../../xtensa-lx106-elf/lib/libc.a(lib_a-impure.o)
 .rodata.str1.1
                0x000000003ffe984d        0x4 /home/stoffer/esp8266/esp-open-sdk/xtensa-lx106-elf/bin/../lib/gcc/xtensa-lx106-elf/4.8.2/../../../../xtensa-lx106-elf/lib/libc.a(lib_a-tzvars.o)
 *fill*         0x000000003ffe9851        0x3 
 .rodata.str1.4
                0x000000003ffe9854        0x4 /home/stoffer/esp8266/esp-open-sdk/sdk/lib/libpp.a(lmac.o)
                                          0xc (size before relaxing)
 .rodata.str1.4
                0x000000003ffe9858        0x4 /home/stoffer/esp8266/esp-open-sdk/sdk/lib/libpp.a(pm_for_bcn_only_mode.o)
                                          0xc (size before relaxing)
 .rodata.str1.4
                0x000000003ffe985c        0x8 /home/stoffer/esp8266/esp-open-sdk/sdk/lib/libpp.a(pp.o)
                                         0x10 (size before relaxing)
 .rodata.str1.4
                0x000000003ffe9864        0x4 /home/stoffer/esp8266/esp-open-sdk/sdk/lib/libpp.a(wdev.o)
                                          0xc (size before relaxing)
 .rodata.str1.4
                0x000000003ffe9868        0x3 /home/stoffer/esp8266/esp-open-sdk/sdk/lib/libnet80211.a(ieee80211_hostap.o)
                                          0x8 (size before relaxing)
 *fill*         0x000000003ffe986b        0x1 
 .rodata.str1.4
                0x000000003ffe986c        0x7 /home/stoffer/esp8266/esp-open-sdk/sdk/lib/libnet80211.a(ieee80211_mesh_quick.o)
 .rodata.str1.4
                0x0000000000000000        0x4 /home/stoffer/esp8266/esp-open-sdk/sdk/lib/libnet80211.a(ieee80211_sta.o)
 .rodata.str1.4
                0x0000000000000000        0x4 /home/stoffer/esp8266/esp-open-sdk/sdk/lib/libnet80211.a(ieee80211_action_vendor.o)
 .rodata.str1.4
                0x0000000000000000        0x4 /home/stoffer/esp8266/esp-open-sdk/sdk/lib/libnet80211.a(ieee80211_ie_vendor.o)
 .rodata.str1.4
                0x0000000000000000        0x1 /home/stoffer/esp8266/esp-open-sdk/sdk/lib/liblwip.a(espconn_tcp.o)
 *fill*         0x000000003ffe9873        0x1 
 .rodata.str1.4
                0x000000003ffe9874       0x20 /home/stoffer/esp8266/esp-open-sdk/sdk/lib/liblwip.a(sntp.o)
 .rodata.str1.4
                0x000000003ffe9894       0x10 /home/stoffer/esp8266/esp-open-sdk/sdk/lib/libwpa.a(wpa_debug.o)
                                          0xd (size before relaxing)
 *(.gnu.linkonce.r.*)
 *(.rodata1)
                0x000000003ffe98a4                __XT_EXCEPTION_TABLE__ = ABSOLUTE (.)
 *(.xt_except_table)
 *(.gcc_except_table)
 *(.gnu.linkonce.e.*)
 *(.gnu.version_r)
 *(.eh_frame)
 .eh_frame      0x000000003ffe98a4       0x38 /home/stoffer/esp8266/esp-open-sdk/xtensa-lx106-elf/bin/../lib/gcc/xtensa-lx106-elf/4.8.2/libgcc.a(_divdi3.o)
 .eh_frame      0x000000003ffe98dc       0x2c /home/stoffer/esp8266/esp-open-sdk/xtensa-lx106-elf/bin/../lib/gcc/xtensa-lx106-elf/4.8.2/libgcc.a(_umoddi3.o)
                                         0x3c (size before relaxing)
 *crtbegin.o(.ctors)
 *(EXCLUDE_FILE(*crtend.o) .ctors)
 *(SORT(.ctors.*))
 *(.ctors)
 *crtbegin.o(.dtors)
 *(EXCLUDE_FILE(*crtend.o) .dtors)
 *(SORT(.dtors.*))
 *(.dtors)
                0x000000003ffe9908                __XT_EXCEPTION_DESCS__ = ABSOLUTE (.)
 *(.xt_except_desc)
 *(.gnu.linkonce.h.*)
                0x000000003ffe9908                __XT_EXCEPTION_DESCS_END__ = ABSOLUTE (.)
 *(.xt_except_desc_end)
 *(.dynamic)
 *(.gnu.version_d)
                0x000000003ffe9908                . = ALIGN (0x4)
                0x000000003ffe9908                _bss_table_start = ABSOLUTE (.)
                0x000000003ffe9908        0x4 LONG 0x3ffe9910 _bss_start
                0x000000003ffe990c        0x4 LONG 0x3fff2d80 _bss_end
                0x000000003ffe9910                _bss_table_end = ABSOLUTE (.)
                0x000000003ffe9910                _rodata_end = ABSOLUTE (.)

.bss            0x000000003ffe9910     0x9470
                0x000000003ffe9910                . = ALIGN (0x8)
                0x000000003ffe9910                _bss_start = ABSOLUTE (.)
 *(.dynsbss)
 *(.sbss)
 *(.sbss.*)
 *(.gnu.linkonce.sb.*)
 *(.scommon)
 *(.sbss2)
 *(.sbss2.*)
 *(.gnu.linkonce.sb2.*)
 *(.dynbss)
 *(.bss)
 .bss           0x000000003ffe9910        0x0 /home/stoffer/esp8266/esp-open-sdk/sdk/lib/libmain.a(debug-vector.o)
 .bss           0x000000003ffe9910        0x0 /home/stoffer/esp8266/esp-open-sdk/sdk/lib/libmain.a(double-vector.o)
 .bss           0x000000003ffe9910        0x0 /home/stoffer/esp8266/esp-open-sdk/sdk/lib/libmain.a(kernel-vector.o)
 .bss           0x000000003ffe9910      0x1c0 /home/stoffer/esp8266/esp-open-sdk/sdk/lib/libmain.a(nmi-vector.o)
 .bss           0x000000003ffe9ad0        0x0 /home/stoffer/esp8266/esp-open-sdk/sdk/lib/libmain.a(user-vector.o)
 .bss           0x000000003ffe9ad0        0x0 /home/stoffer/esp8266/esp-open-sdk/sdk/lib/libmain.a(vector.o)
 .bss           0x000000003ffe9ad0       0x41 /home/stoffer/esp8266/esp-open-sdk/sdk/lib/libmain.a(app_main.o)
                0x000000003ffe9ad4                info
                0x000000003ffe9af8                lwip_timer_interval
                0x000000003ffe9afc                check_timeouts_timer
                0x000000003ffe9b10                user_init_flag
 *fill*         0x000000003ffe9b11        0xf 
 .bss           0x000000003ffe9b20       0x30 /home/stoffer/esp8266/esp-open-sdk/sdk/lib/libmain.a(ets_timer.o)
                0x000000003ffe9b20                dbg_timer_flag
                0x000000003ffe9b24                timer_list
                0x000000003ffe9b28                debug_timer
                0x000000003ffe9b2c                debug_timerfn
 .bss           0x000000003ffe9b50       0x3c /home/stoffer/esp8266/esp-open-sdk/sdk/lib/libmain.a(mem_manager.o)
 .bss           0x000000003ffe9b8c        0x4 /home/stoffer/esp8266/esp-open-sdk/sdk/lib/libmain.a(spi_flash.o)
                0x000000003ffe9b8c                flash_read
 .bss           0x000000003ffe9b90      0x242 /home/stoffer/esp8266/esp-open-sdk/sdk/lib/libmain.a(user_interface.o)
                0x000000003ffe9c87                deep_sleep_flag
                0x000000003ffe9c88                cpu_overclock
                0x000000003ffe9c8c                event_cb
                0x000000003ffe9c90                status_led_output_level
                0x000000003ffe9c94                done_cb
                0x000000003ffe9c98                rst_if
                0x000000003ffe9cb4                default_interface
                0x000000003ffe9cb5                OpmodChgIsOnGoing
                0x000000003ffe9cb8                promiscuous_cb
                0x000000003ffe9cd0                event_TaskQueue
 .bss           0x000000003ffe9dd2        0x0 /home/stoffer/esp8266/esp-open-sdk/sdk/lib/libmain.a(eagle_lib.o)
 *fill*         0x000000003ffe9dd2        0x2 
 .bss           0x000000003ffe9dd4        0xc /home/stoffer/esp8266/esp-open-sdk/sdk/lib/libmain.a(eagle_lwip_if.o)
                0x000000003ffe9dd4                hostname
 .bss           0x000000003ffe9de0        0x0 /home/stoffer/esp8266/esp-open-sdk/xtensa-lx106-elf/bin/../lib/gcc/xtensa-lx106-elf/4.8.2/libgcc.a(_udivsi3.o)
 .bss           0x000000003ffe9de0        0x0 /home/stoffer/esp8266/esp-open-sdk/xtensa-lx106-elf/bin/../lib/gcc/xtensa-lx106-elf/4.8.2/libgcc.a(_umodsi3.o)
 .bss           0x000000003ffe9de0        0x0 /home/stoffer/esp8266/esp-open-sdk/xtensa-lx106-elf/bin/../lib/gcc/xtensa-lx106-elf/4.8.2/libgcc.a(_muldi3.o)
 .bss           0x000000003ffe9de0        0x0 /home/stoffer/esp8266/esp-open-sdk/xtensa-lx106-elf/bin/../lib/gcc/xtensa-lx106-elf/4.8.2/libgcc.a(_umulsidi3.o)
 .bss           0x000000003ffe9de0       0x68 build/app_app.a(user_main.o)
                0x000000003ffe9de0                counter
                0x000000003ffe9de2                shutdown
 .bss           0x000000003ffe9e48       0x2c build/app_app.a(captdns.o)
 .bss           0x000000003ffe9e74       0x14 build/app_app.a(led.o)
 .bss           0x000000003ffe9e88       0x3c build/app_app.a(ac_out.o)
 .bss           0x000000003ffe9ec4     0x21f4 build/app_app.a(httpd.o)
 .bss           0x000000003ffec0b8        0x0 build/app_app.a(utils.o)
 .bss           0x000000003ffec0b8        0x0 build/app_app.a(httpd_user_init.o)
 .bss           0x000000003ffec0b8       0x14 build/app_app.a(config.o)
 .bss           0x000000003ffec0cc       0x20 build/app_app.a(wifi.o)
                0x000000003ffec0cc                wifi_reconnect
                0x000000003ffec0cd                wifi_scan_runnning
                0x000000003ffec0ce                wifi_fallback_last_present
                0x000000003ffec0cf                wifi_fallback_present
                0x000000003ffec0d0                wifi_cb
 .bss           0x000000003ffec0ec        0x0 build/app_app.a(uart.o)
 .bss           0x000000003ffec0ec        0x8 build/app_app.a(mqtt.o)
                0x000000003ffec0ec                default_private_key_len
                0x000000003ffec0f0                default_certificate_len
 .bss           0x000000003ffec0f4        0x0 build/app_app.a(mqtt_msg.o)
 .bss           0x000000003ffec0f4        0x0 build/app_app.a(queue.o)
 .bss           0x000000003ffec0f4        0x0 build/app_app.a(mqtt_utils.o)
 .bss           0x000000003ffec0f4        0x0 build/app_app.a(proto.o)
 .bss           0x000000003ffec0f4       0x30 build/app_app.a(unix_time.o)
                0x000000003ffec0f4                ntp_offline_second_counter
                0x000000003ffec0f8                init_time
 .bss           0x000000003ffec124       0x14 build/app_app.a(cron.o)
 .bss           0x000000003ffec138        0x5 build/app_app.a(cgi.o)
 .bss           0x000000003ffec13d        0x0 build/app_app.a(httpdespfs.o)
 *fill*         0x000000003ffec13d        0x3 
 .bss           0x000000003ffec140       0x14 build/app_app.a(cgiwifi.o)
 .bss           0x000000003ffec154        0x0 build/app_app.a(espfs.o)
 .bss           0x000000003ffec154        0x0 build/app_app.a(heatshrink_decoder.o)
 .bss           0x000000003ffec154        0x0 build/app_app.a(ringbuf.o)
 .bss           0x000000003ffec154        0x0 /home/stoffer/esp8266/esp-open-sdk/xtensa-lx106-elf/bin/../lib/gcc/xtensa-lx106-elf/4.8.2/../../../../xtensa-lx106-elf/lib/libc.a(lib_a-atoi.o)
 .bss           0x000000003ffec154        0x0 /home/stoffer/esp8266/esp-open-sdk/xtensa-lx106-elf/bin/../lib/gcc/xtensa-lx106-elf/4.8.2/../../../../xtensa-lx106-elf/lib/libc.a(lib_a-gmtime.o)
 .bss           0x000000003ffec154        0x0 /home/stoffer/esp8266/esp-open-sdk/xtensa-lx106-elf/bin/../lib/gcc/xtensa-lx106-elf/4.8.2/../../../../xtensa-lx106-elf/lib/libc.a(lib_a-gmtime_r.o)
 .bss           0x000000003ffec154        0x0 /home/stoffer/esp8266/esp-open-sdk/xtensa-lx106-elf/bin/../lib/gcc/xtensa-lx106-elf/4.8.2/../../../../xtensa-lx106-elf/lib/libc.a(lib_a-impure.o)
 .bss           0x000000003ffec154        0x0 /home/stoffer/esp8266/esp-open-sdk/xtensa-lx106-elf/bin/../lib/gcc/xtensa-lx106-elf/4.8.2/../../../../xtensa-lx106-elf/lib/libc.a(lib_a-memcpy.o)
 .bss           0x000000003ffec154        0x0 /home/stoffer/esp8266/esp-open-sdk/xtensa-lx106-elf/bin/../lib/gcc/xtensa-lx106-elf/4.8.2/../../../../xtensa-lx106-elf/lib/libc.a(lib_a-memset.o)
 .bss           0x000000003ffec154        0x0 /home/stoffer/esp8266/esp-open-sdk/xtensa-lx106-elf/bin/../lib/gcc/xtensa-lx106-elf/4.8.2/../../../../xtensa-lx106-elf/lib/libc.a(lib_a-mktm_r.o)
 .bss           0x000000003ffec154        0x0 /home/stoffer/esp8266/esp-open-sdk/xtensa-lx106-elf/bin/../lib/gcc/xtensa-lx106-elf/4.8.2/../../../../xtensa-lx106-elf/lib/libc.a(lib_a-strlen.o)
 .bss           0x000000003ffec154        0x0 /home/stoffer/esp8266/esp-open-sdk/xtensa-lx106-elf/bin/../lib/gcc/xtensa-lx106-elf/4.8.2/../../../../xtensa-lx106-elf/lib/libc.a(lib_a-strtok.o)
 .bss           0x000000003ffec154        0x0 /home/stoffer/esp8266/esp-open-sdk/xtensa-lx106-elf/bin/../lib/gcc/xtensa-lx106-elf/4.8.2/../../../../xtensa-lx106-elf/lib/libc.a(lib_a-strtok_r.o)
 .bss           0x000000003ffec154        0x0 /home/stoffer/esp8266/esp-open-sdk/xtensa-lx106-elf/bin/../lib/gcc/xtensa-lx106-elf/4.8.2/../../../../xtensa-lx106-elf/lib/libc.a(lib_a-strtol.o)
 .bss           0x000000003ffec154        0x0 /home/stoffer/esp8266/esp-open-sdk/xtensa-lx106-elf/bin/../lib/gcc/xtensa-lx106-elf/4.8.2/../../../../xtensa-lx106-elf/lib/libc.a(lib_a-tzlock.o)
 .bss           0x000000003ffec154        0x8 /home/stoffer/esp8266/esp-open-sdk/xtensa-lx106-elf/bin/../lib/gcc/xtensa-lx106-elf/4.8.2/../../../../xtensa-lx106-elf/lib/libc.a(lib_a-tzvars.o)
                0x000000003ffec154                _timezone
                0x000000003ffec158                _daylight
 .bss           0x000000003ffec15c        0x0 /home/stoffer/esp8266/esp-open-sdk/xtensa-lx106-elf/bin/../lib/gcc/xtensa-lx106-elf/4.8.2/../../../../xtensa-lx106-elf/lib/libc.a(lib_a-ctype_.o)
 .bss           0x000000003ffec15c        0x0 /home/stoffer/esp8266/esp-open-sdk/xtensa-lx106-elf/bin/../lib/gcc/xtensa-lx106-elf/4.8.2/../../../../xtensa-lx106-elf/lib/libc.a(lib_a-gettzinfo.o)
 .bss           0x000000003ffec15c        0x0 /home/stoffer/esp8266/esp-open-sdk/xtensa-lx106-elf/bin/../lib/gcc/xtensa-lx106-elf/4.8.2/libgcc.a(_divsi3.o)
 .bss           0x000000003ffec15c        0x0 /home/stoffer/esp8266/esp-open-sdk/xtensa-lx106-elf/bin/../lib/gcc/xtensa-lx106-elf/4.8.2/libgcc.a(_modsi3.o)
 .bss           0x000000003ffec15c        0x0 /home/stoffer/esp8266/esp-open-sdk/xtensa-lx106-elf/bin/../xtensa-lx106-elf/sysroot/usr/lib/libhal.a(int_asm--set_intclear.o)
 .bss           0x000000003ffec15c        0x4 /home/stoffer/esp8266/esp-open-sdk/sdk/lib/libphy.a(phy.o)
 .bss           0x000000003ffec160        0x2 /home/stoffer/esp8266/esp-open-sdk/sdk/lib/libphy.a(phy_chip_v6_ana.o)
                0x000000003ffec160                tout_dis_txpwr_track
                0x000000003ffec161                sleep_mode_flag
 *fill*         0x000000003ffec162        0x6 
 .bss           0x000000003ffec168      0x160 /home/stoffer/esp8266/esp-open-sdk/sdk/lib/libphy.a(phy_chip_v6.o)
                0x000000003ffec168                g_phyFuns
                0x000000003ffec16c                rxiq_compute_num
                0x000000003ffec170                rx_table_renew_en
                0x000000003ffec174                check_result
                0x000000003ffec178                chip6_sleep_params
                0x000000003ffec20c                chip6_phy_init_ctrl
                0x000000003ffec280                phy_freq_offset
                0x000000003ffec282                do_pwctrl_flag
                0x000000003ffec283                pwctrl_debug
                0x000000003ffec284                txbk_dpdby_flag
                0x000000003ffec286                sw_scan_mode
                0x000000003ffec287                rxmax_ext_level
                0x000000003ffec288                phy_rx_gain_dc_table
                0x000000003ffec29c                periodic_cal_dc_num
                0x000000003ffec2a0                periodic_cal_flag
                0x000000003ffec2a1                bbpll_cal_flag
                0x000000003ffec2a2                phy_in_most_power
                0x000000003ffec2a3                init_rf_no_cal
                0x000000003ffec2a4                test_print_time
                0x000000003ffec2a8                phy_rx_gain_dc_flag
                0x000000003ffec2a9                phy_in_vdd33_offset
                0x000000003ffec2aa                phy_set_most_tpw_disbg
                0x000000003ffec2ab                phy_set_most_tpw_index
                0x000000003ffec2ac                adc_rand_noise
                0x000000003ffec2b0                dpd_bypass_original
                0x000000003ffec2b8                noise_array
 .bss           0x000000003ffec2c8        0x8 /home/stoffer/esp8266/esp-open-sdk/sdk/lib/libphy.a(phy_chip_v6_cal.o)
                0x000000003ffec2c8                phy_tx_power_out
                0x000000003ffec2ca                loop_pwctrl_pwdet_error_accum_high_power
                0x000000003ffec2cc                tx_pwctrl_pk_num
                0x000000003ffec2cd                tx_pwctrl_track_num
                0x000000003ffec2ce                loop_pwctrl_correct_atten_high_power
                0x000000003ffec2cf                rxiq_cover_fail_num
 .bss           0x000000003ffec2d0        0x0 /home/stoffer/esp8266/esp-open-sdk/sdk/lib/libphy.a(phy_chip_v6_unused.o)
 .bss           0x000000003ffec2d0        0x7 /home/stoffer/esp8266/esp-open-sdk/sdk/lib/libphy.a(phy_sleep.o)
                0x000000003ffec2d0                periodic_cal_sat
                0x000000003ffec2d2                lslp_mem_opt_8266
                0x000000003ffec2d4                software_slp_reject
                0x000000003ffec2d5                SDIO_slp_reject
                0x000000003ffec2d6                hardware_reject
 *fill*         0x000000003ffec2d7        0x9 
 .bss           0x000000003ffec2e0       0x40 /home/stoffer/esp8266/esp-open-sdk/sdk/lib/libpp.a(if_hwctrl.o)
                0x000000003ffec2e0                interface_mask
                0x000000003ffec300                if_ctrl
 .bss           0x000000003ffec320      0x150 /home/stoffer/esp8266/esp-open-sdk/sdk/lib/libpp.a(lmac.o)
                0x000000003ffec324                lmacConfMib
                0x000000003ffec348                our_tx_eb
 .bss           0x000000003ffec470      0x11a /home/stoffer/esp8266/esp-open-sdk/sdk/lib/libpp.a(pm.o)
                0x000000003ffec470                pmc
                0x000000003ffec550                flash_tmp
 *fill*         0x000000003ffec58a        0x2 
 .bss           0x000000003ffec58c       0x34 /home/stoffer/esp8266/esp-open-sdk/sdk/lib/libpp.a(pm_for_bcn_only_mode.o)
 .bss           0x000000003ffec5c0      0x322 /home/stoffer/esp8266/esp-open-sdk/sdk/lib/libpp.a(pp.o)
                0x000000003ffec5d8                pend_flag_noise_check
                0x000000003ffec5e0                pend_flag_periodic_cal
                0x000000003ffec5f8                idle_timer_reopen_flag
                0x000000003ffec5fa                dbg_stop_sw_wdt
                0x000000003ffec5fb                dbg_stop_hw_wdt
                0x000000003ffec5fd                total_buffed_eb_num
                0x000000003ffec600                HighestFreqOffsetInOneChk
                0x000000003ffec602                LowestFreqOffsetInOneChk
                0x000000003ffec604                DefFreqCalTimer
                0x000000003ffec618                PktNumInOneChk
                0x000000003ffec7a0                buffed_eb_arr
 *fill*         0x000000003ffec8e2        0xe 
 .bss           0x000000003ffec8f0      0x100 /home/stoffer/esp8266/esp-open-sdk/sdk/lib/libpp.a(rate_control.o)
 .bss           0x000000003ffec9f0      0x46c /home/stoffer/esp8266/esp-open-sdk/sdk/lib/libpp.a(trc.o)
 *fill*         0x000000003ffece5c        0x4 
 .bss           0x000000003ffece60     0x2f88 /home/stoffer/esp8266/esp-open-sdk/sdk/lib/libpp.a(wdev.o)
                0x000000003ffece60                wDevCtrl
                0x000000003ffed008                WdevTimOffSet
 *fill*         0x000000003ffefde8        0x8 
 .bss           0x000000003ffefdf0      0xaa4 /home/stoffer/esp8266/esp-open-sdk/sdk/lib/libpp.a(esf_buf.o)
 .bss           0x000000003fff0894      0x67c /home/stoffer/esp8266/esp-open-sdk/sdk/lib/libnet80211.a(ieee80211.o)
                0x000000003fff0894                g_ic
 .bss           0x000000003fff0f10        0x0 /home/stoffer/esp8266/esp-open-sdk/sdk/lib/libnet80211.a(ieee80211_crypto.o)
 .bss           0x000000003fff0f10        0x0 /home/stoffer/esp8266/esp-open-sdk/sdk/lib/libnet80211.a(ieee80211_ets.o)
 .bss           0x000000003fff0f10       0x56 /home/stoffer/esp8266/esp-open-sdk/sdk/lib/libnet80211.a(ieee80211_hostap.o)
                0x000000003fff0f10                BcnEb_update
                0x000000003fff0f1d                BcnWithMcastSendStart
                0x000000003fff0f1e                BcnWithMcastSendCnt
                0x000000003fff0f38                PendFreeBcnEb
                0x000000003fff0f3c                ApFreqCalTimer
                0x000000003fff0f50                APRecvBcnStartTick
 .bss           0x000000003fff0f66        0x0 /home/stoffer/esp8266/esp-open-sdk/sdk/lib/libnet80211.a(ieee80211_ht.o)
 .bss           0x000000003fff0f66        0x0 /home/stoffer/esp8266/esp-open-sdk/sdk/lib/libnet80211.a(ieee80211_input.o)
 .bss           0x000000003fff0f66        0x0 /home/stoffer/esp8266/esp-open-sdk/sdk/lib/libnet80211.a(ieee80211_mesh_quick.o)
 .bss           0x000000003fff0f66        0x0 /home/stoffer/esp8266/esp-open-sdk/sdk/lib/libnet80211.a(ieee80211_output.o)
 .bss           0x000000003fff0f66        0x0 /home/stoffer/esp8266/esp-open-sdk/sdk/lib/libnet80211.a(ieee80211_phy.o)
 .bss           0x000000003fff0f66        0x0 /home/stoffer/esp8266/esp-open-sdk/sdk/lib/libnet80211.a(ieee80211_power.o)
 .bss           0x000000003fff0f66        0x0 /home/stoffer/esp8266/esp-open-sdk/sdk/lib/libnet80211.a(ieee80211_proto.o)
 .bss           0x000000003fff0f66        0x0 /home/stoffer/esp8266/esp-open-sdk/sdk/lib/libnet80211.a(ieee80211_rfid.o)
 *fill*         0x000000003fff0f66        0x2 
 .bss           0x000000003fff0f68       0xc8 /home/stoffer/esp8266/esp-open-sdk/sdk/lib/libnet80211.a(ieee80211_scan.o)
                0x000000003fff0f68                gScanStruct
                0x000000003fff1014                connect_scan_flag
                0x000000003fff1015                FreqCalCntForScan
                0x000000003fff1016                TestStaFreqCalValInput
                0x000000003fff1018                auth_type
                0x000000003fff101a                scannum
 .bss           0x000000003fff1030       0x10 /home/stoffer/esp8266/esp-open-sdk/sdk/lib/libnet80211.a(ieee80211_sta.o)
 .bss           0x000000003fff1040       0x3c /home/stoffer/esp8266/esp-open-sdk/sdk/lib/libnet80211.a(wl_chm.o)
 *fill*         0x000000003fff107c        0x4 
 .bss           0x000000003fff1080      0x37a /home/stoffer/esp8266/esp-open-sdk/sdk/lib/libnet80211.a(wl_cnx.o)
                0x000000003fff13e0                sta_con_timer
                0x000000003fff13f4                g_cnx_probe_rc_list_cb
                0x000000003fff13f8                reconnect_flag
                0x000000003fff13f9                no_ap_found_index
 .bss           0x000000003fff13fa        0x0 /home/stoffer/esp8266/esp-open-sdk/sdk/lib/libnet80211.a(ieee80211_action.o)
 *fill*         0x000000003fff13fa        0x2 
 .bss           0x000000003fff13fc       0x10 /home/stoffer/esp8266/esp-open-sdk/sdk/lib/libnet80211.a(ieee80211_action_vendor.o)
 .bss           0x000000003fff140c        0x0 /home/stoffer/esp8266/esp-open-sdk/sdk/lib/libnet80211.a(ieee80211_crypto_ccmp.o)
 .bss           0x000000003fff140c        0x0 /home/stoffer/esp8266/esp-open-sdk/sdk/lib/libnet80211.a(ieee80211_ie_vendor.o)
 *fill*         0x000000003fff140c        0x4 
 .bss           0x000000003fff1410       0x38 /home/stoffer/esp8266/esp-open-sdk/sdk/lib/liblwip.a(dhcp.o)
                0x000000003fff1410                dhcp_rx_options_given
                0x000000003fff1420                dhcp_rx_options_val
 .bss           0x000000003fff1448       0x28 /home/stoffer/esp8266/esp-open-sdk/sdk/lib/liblwip.a(dhcpserver.o)
 .bss           0x000000003fff1470      0x480 /home/stoffer/esp8266/esp-open-sdk/sdk/lib/liblwip.a(dns.o)
 .bss           0x000000003fff18f0      0x104 /home/stoffer/esp8266/esp-open-sdk/sdk/lib/liblwip.a(espconn.o)
                0x000000003fff18f0                plink_active
                0x000000003fff18f4                pserver_list
                0x000000003fff1900                premot
                0x000000003fff19c0                pktinfo
 *fill*         0x000000003fff19f4        0xc 
 .bss           0x000000003fff1a00       0x78 /home/stoffer/esp8266/esp-open-sdk/sdk/lib/liblwip.a(espconn_tcp.o)
                0x000000003fff1a00                espconn_TaskQueue
 .bss           0x000000003fff1a78        0x0 /home/stoffer/esp8266/esp-open-sdk/sdk/lib/liblwip.a(espconn_udp.o)
 *fill*         0x000000003fff1a78        0x8 
 .bss           0x000000003fff1a80      0x100 /home/stoffer/esp8266/esp-open-sdk/sdk/lib/liblwip.a(etharp.o)
                0x000000003fff1a84                ethzero
 .bss           0x000000003fff1b80        0xc /home/stoffer/esp8266/esp-open-sdk/sdk/lib/liblwip.a(igmp.o)
 .bss           0x000000003fff1b8c        0x0 /home/stoffer/esp8266/esp-open-sdk/sdk/lib/liblwip.a(inet_chksum.o)
 .bss           0x000000003fff1b8c        0x0 /home/stoffer/esp8266/esp-open-sdk/sdk/lib/liblwip.a(init.o)
 *fill*         0x000000003fff1b8c        0x4 
 .bss           0x000000003fff1b90       0x10 /home/stoffer/esp8266/esp-open-sdk/sdk/lib/liblwip.a(ip_addr.o)
 .bss           0x000000003fff1ba0       0x12 /home/stoffer/esp8266/esp-open-sdk/sdk/lib/liblwip.a(ip.o)
                0x000000003fff1ba0                current_iphdr_dest
                0x000000003fff1ba4                current_iphdr_src
                0x000000003fff1ba8                current_netif
                0x000000003fff1bac                current_header
 .bss           0x000000003fff1bb2        0x0 /home/stoffer/esp8266/esp-open-sdk/sdk/lib/liblwip.a(memp.o)
 *fill*         0x000000003fff1bb2        0x2 
 .bss           0x000000003fff1bb4        0x9 /home/stoffer/esp8266/esp-open-sdk/sdk/lib/liblwip.a(netif.o)
                0x000000003fff1bb4                netif_list
                0x000000003fff1bb8                netif_default
 .bss           0x000000003fff1bbd        0x0 /home/stoffer/esp8266/esp-open-sdk/sdk/lib/liblwip.a(pbuf.o)
 *fill*         0x000000003fff1bbd        0x3 
 .bss           0x000000003fff1bc0        0x4 /home/stoffer/esp8266/esp-open-sdk/sdk/lib/liblwip.a(raw.o)
 *fill*         0x000000003fff1bc4        0xc 
 .bss           0x000000003fff1bd0      0x118 /home/stoffer/esp8266/esp-open-sdk/sdk/lib/liblwip.a(sntp.o)
                0x000000003fff1bd0                res_buf
                0x000000003fff1bf4                __tzyear
                0x000000003fff1bf8                __tznorth
                0x000000003fff1bfc                realtime_stamp
                0x000000003fff1c20                sntp__tzrule
                0x000000003fff1c60                reult
 .bss           0x000000003fff1ce8       0x34 /home/stoffer/esp8266/esp-open-sdk/sdk/lib/liblwip.a(tcp_in.o)
                0x000000003fff1d18                tcp_input_pcb
 .bss           0x000000003fff1d1c       0x1c /home/stoffer/esp8266/esp-open-sdk/sdk/lib/liblwip.a(tcp.o)
                0x000000003fff1d20                tcp_active_pcbs
                0x000000003fff1d24                tcp_tmp_pcb
                0x000000003fff1d28                tcp_tw_pcbs
                0x000000003fff1d2c                tcp_bound_pcbs
                0x000000003fff1d30                tcp_listen_pcbs
                0x000000003fff1d34                tcp_ticks
 .bss           0x000000003fff1d38        0x0 /home/stoffer/esp8266/esp-open-sdk/sdk/lib/liblwip.a(tcp_out.o)
 .bss           0x000000003fff1d38        0xc /home/stoffer/esp8266/esp-open-sdk/sdk/lib/liblwip.a(timers.o)
 .bss           0x000000003fff1d44        0x4 /home/stoffer/esp8266/esp-open-sdk/sdk/lib/liblwip.a(udp.o)
                0x000000003fff1d44                udp_pcbs
 .bss           0x000000003fff1d48        0x0 /home/stoffer/esp8266/esp-open-sdk/sdk/lib/liblwip.a(icmp.o)
 .bss           0x000000003fff1d48        0x0 /home/stoffer/esp8266/esp-open-sdk/sdk/lib/libwpa.a(ap_config.o)
 .bss           0x000000003fff1d48        0x0 /home/stoffer/esp8266/esp-open-sdk/sdk/lib/libwpa.a(common.o)
 .bss           0x000000003fff1d48        0x0 /home/stoffer/esp8266/esp-open-sdk/sdk/lib/libwpa.a(os_xtensa.o)
 .bss           0x000000003fff1d48        0x0 /home/stoffer/esp8266/esp-open-sdk/sdk/lib/libwpa.a(wpa_auth.o)
 .bss           0x000000003fff1d48        0x0 /home/stoffer/esp8266/esp-open-sdk/sdk/lib/libwpa.a(wpa_auth_ie.o)
 *fill*         0x000000003fff1d48        0x8 
 .bss           0x000000003fff1d50      0x26a /home/stoffer/esp8266/esp-open-sdk/sdk/lib/libwpa.a(wpa.o)
 .bss           0x000000003fff1fba        0x0 /home/stoffer/esp8266/esp-open-sdk/sdk/lib/libwpa.a(wpa_common.o)
 .bss           0x000000003fff1fba        0x0 /home/stoffer/esp8266/esp-open-sdk/sdk/lib/libwpa.a(wpa_debug.o)
 .bss           0x000000003fff1fba        0x0 /home/stoffer/esp8266/esp-open-sdk/sdk/lib/libwpa.a(wpa_ie.o)
 .bss           0x000000003fff1fba        0x0 /home/stoffer/esp8266/esp-open-sdk/sdk/lib/libwpa.a(wpa_main.o)
 .bss           0x000000003fff1fba        0x0 /home/stoffer/esp8266/esp-open-sdk/sdk/lib/libwpa.a(wpas_glue.o)
 .bss           0x000000003fff1fba        0x0 /home/stoffer/esp8266/esp-open-sdk/sdk/lib/libwpa.a(aes-wrap.o)
 .bss           0x000000003fff1fba        0x0 /home/stoffer/esp8266/esp-open-sdk/sdk/lib/libwpa.a(aes-internal-enc.o)
 .bss           0x000000003fff1fba        0x0 /home/stoffer/esp8266/esp-open-sdk/sdk/lib/libwpa.a(aes-internal.o)
 .bss           0x000000003fff1fba        0x0 /home/stoffer/esp8266/esp-open-sdk/xtensa-lx106-elf/bin/../lib/gcc/xtensa-lx106-elf/4.8.2/libgcc.a(_ashrdi3.o)
 .bss           0x000000003fff1fba        0x0 /home/stoffer/esp8266/esp-open-sdk/xtensa-lx106-elf/bin/../lib/gcc/xtensa-lx106-elf/4.8.2/libgcc.a(_addsubsf3.o)
 .bss           0x000000003fff1fba        0x0 /home/stoffer/esp8266/esp-open-sdk/xtensa-lx106-elf/bin/../lib/gcc/xtensa-lx106-elf/4.8.2/libgcc.a(_mulsf3.o)
 .bss           0x000000003fff1fba        0x0 /home/stoffer/esp8266/esp-open-sdk/xtensa-lx106-elf/bin/../lib/gcc/xtensa-lx106-elf/4.8.2/libgcc.a(_divsf3.o)
 .bss           0x000000003fff1fba        0x0 /home/stoffer/esp8266/esp-open-sdk/xtensa-lx106-elf/bin/../lib/gcc/xtensa-lx106-elf/4.8.2/libgcc.a(_fixsfsi.o)
 .bss           0x000000003fff1fba        0x0 /home/stoffer/esp8266/esp-open-sdk/xtensa-lx106-elf/bin/../lib/gcc/xtensa-lx106-elf/4.8.2/libgcc.a(_fixunssfsi.o)
 .bss           0x000000003fff1fba        0x0 /home/stoffer/esp8266/esp-open-sdk/xtensa-lx106-elf/bin/../lib/gcc/xtensa-lx106-elf/4.8.2/libgcc.a(_floatsisf.o)
 .bss           0x000000003fff1fba        0x0 /home/stoffer/esp8266/esp-open-sdk/xtensa-lx106-elf/bin/../lib/gcc/xtensa-lx106-elf/4.8.2/libgcc.a(_muldf3.o)
 .bss           0x000000003fff1fba        0x0 /home/stoffer/esp8266/esp-open-sdk/xtensa-lx106-elf/bin/../lib/gcc/xtensa-lx106-elf/4.8.2/libgcc.a(_divdf3.o)
 .bss           0x000000003fff1fba        0x0 /home/stoffer/esp8266/esp-open-sdk/xtensa-lx106-elf/bin/../lib/gcc/xtensa-lx106-elf/4.8.2/libgcc.a(_fixdfsi.o)
 .bss           0x000000003fff1fba        0x0 /home/stoffer/esp8266/esp-open-sdk/xtensa-lx106-elf/bin/../lib/gcc/xtensa-lx106-elf/4.8.2/libgcc.a(_floatsidf.o)
 .bss           0x000000003fff1fba        0x0 /home/stoffer/esp8266/esp-open-sdk/xtensa-lx106-elf/bin/../lib/gcc/xtensa-lx106-elf/4.8.2/libgcc.a(_truncdfsf2.o)
 .bss           0x000000003fff1fba        0x0 /home/stoffer/esp8266/esp-open-sdk/xtensa-lx106-elf/bin/../lib/gcc/xtensa-lx106-elf/4.8.2/libgcc.a(_divdi3.o)
 .bss           0x000000003fff1fba        0x0 /home/stoffer/esp8266/esp-open-sdk/xtensa-lx106-elf/bin/../lib/gcc/xtensa-lx106-elf/4.8.2/libgcc.a(_umoddi3.o)
 *fill*         0x000000003fff1fba        0x6 
 .bss           0x000000003fff1fc0        0x8 /home/stoffer/esp8266/esp-open-sdk/sdk/lib/libnet80211.a(ieee80211_crypto_tkip.o)
 .bss           0x000000003fff1fc8        0x0 /home/stoffer/esp8266/esp-open-sdk/sdk/lib/libnet80211.a(ieee80211_crypto_wep.o)
 *(.bss.*)
 *(.gnu.linkonce.b.*)
 *(COMMON)
 COMMON         0x000000003fff1fc8       0xf8 build/app_app.a(user_main.o)
                0x000000003fff1fc8                impulses_per_kwh
                0x000000003fff1fcc                last_impulse_meter_count
                0x000000003fff1fd0                impulse_rising_edge_time
                0x000000003fff1fd4                mqttClient
                0x000000003fff20a4                vdd_init
                0x000000003fff20a8                current_energy
                0x000000003fff20ac                last_impulse_time
                0x000000003fff20b0                impulse_time
                0x000000003fff20b4                rtc_info
                0x000000003fff20b8                impulse_falling_edge_time
                0x000000003fff20bc                impulse_meter_energy
 COMMON         0x000000003fff20c0        0x4 build/app_app.a(ac_out.o)
                0x000000003fff20c0                ac_pwm_duty_cycle
 COMMON         0x000000003fff20c4      0xa84 build/app_app.a(config.o)
                0x000000003fff20c4                sys_cfg
                0x000000003fff2b40                config_save_timer_running
                0x000000003fff2b44                saveFlag
 COMMON         0x000000003fff2b48        0x8 build/app_app.a(wifi.o)
                0x000000003fff2b48                config_ssid
                0x000000003fff2b4c                config_pass
 COMMON         0x000000003fff2b50      0x200 build/app_app.a(uart.o)
                0x000000003fff2b50                kmp_received_task_queue
 COMMON         0x000000003fff2d50       0x10 build/app_app.a(mqtt.o)
                0x000000003fff2d50                default_private_key
                0x000000003fff2d54                default_certificate
                0x000000003fff2d58                mqtt_procTaskQueue
 COMMON         0x000000003fff2d60       0x10 build/app_app.a(unix_time.o)
                0x000000003fff2d60                current_unix_time
                0x000000003fff2d68                boot_time
 COMMON         0x000000003fff2d70        0x1 build/app_app.a(cron.o)
                0x000000003fff2d70                sec_drift
 *fill*         0x000000003fff2d71        0x3 
 COMMON         0x000000003fff2d74        0xc build/app_app.a(cgiwifi.o)
                0x000000003fff2d74                cgiWifiAps
                0x000000003fff2d80                . = ALIGN (0x8)
                0x000000003fff2d80                _bss_end = ABSOLUTE (.)
                0x000000003fff2d80                _heap_start = ABSOLUTE (.)

.text           0x0000000040100000     0x7a62
                0x0000000040100000                _stext = .
                0x0000000040100000                _text_start = ABSOLUTE (.)
 *(.UserEnter.text)
 .UserEnter.text
                0x0000000040100000        0xd /home/stoffer/esp8266/esp-open-sdk/sdk/lib/libmain.a(vector.o)
                                         0x14 (size before relaxing)
                0x0000000040100004                call_user_start
                0x0000000040100010                . = ALIGN (0x10)
 *fill*         0x000000004010000d        0x3 
 *(.DebugExceptionVector.text)
 .DebugExceptionVector.text
                0x0000000040100010        0x6 /home/stoffer/esp8266/esp-open-sdk/sdk/lib/libmain.a(debug-vector.o)
                0x0000000040100010                _DebugExceptionVector
                0x0000000040100020                . = ALIGN (0x10)
 *fill*         0x0000000040100016        0xa 
 *(.NMIExceptionVector.text)
 .NMIExceptionVector.text
                0x0000000040100020        0x6 /home/stoffer/esp8266/esp-open-sdk/sdk/lib/libmain.a(nmi-vector.o)
                                          0xd (size before relaxing)
                0x0000000040100020                _NMIExceptionVector
                0x0000000040100030                . = ALIGN (0x10)
 *fill*         0x0000000040100026        0xa 
 *(.KernelExceptionVector.text)
 .KernelExceptionVector.text
                0x0000000040100030        0x6 /home/stoffer/esp8266/esp-open-sdk/sdk/lib/libmain.a(kernel-vector.o)
                0x0000000040100030                _KernelExceptionVector
                0x0000000040100036        0x4 LONG 0x0
                0x000000004010003a        0x4 LONG 0x0
                0x000000004010003e        0x4 LONG 0x0
                0x0000000040100042        0x4 LONG 0x0
                0x0000000040100050                . = ALIGN (0x10)
 *fill*         0x0000000040100046        0xa 
 *(.UserExceptionVector.text)
 .UserExceptionVector.text
                0x0000000040100050        0x6 /home/stoffer/esp8266/esp-open-sdk/sdk/lib/libmain.a(user-vector.o)
                                          0xd (size before relaxing)
                0x0000000040100050                _UserExceptionVector
                0x0000000040100056        0x4 LONG 0x0
                0x000000004010005a        0x4 LONG 0x0
                0x000000004010005e        0x4 LONG 0x0
                0x0000000040100062        0x4 LONG 0x0
                0x0000000040100070                . = ALIGN (0x10)
 *fill*         0x0000000040100066        0xa 
 *(.DoubleExceptionVector.text)
 .DoubleExceptionVector.text
                0x0000000040100070        0x6 /home/stoffer/esp8266/esp-open-sdk/sdk/lib/libmain.a(double-vector.o)
                0x0000000040100070                _DoubleExceptionVector
                0x0000000040100076        0x4 LONG 0x0
                0x000000004010007a        0x4 LONG 0x0
                0x000000004010007e        0x4 LONG 0x0
                0x0000000040100082        0x4 LONG 0x0
                0x0000000040100090                . = ALIGN (0x10)
 *fill*         0x0000000040100086        0xa 
 *(.entry.text)
 *(.init.literal)
 *(.init)
 *(.literal .text .literal.* .text.* .stub .gnu.warning .gnu.linkonce.literal.* .gnu.linkonce.t.*.literal .gnu.linkonce.t.*)
 .text          0x0000000040100090       0xc7 /home/stoffer/esp8266/esp-open-sdk/sdk/lib/libmain.a(nmi-vector.o)
                                         0xcb (size before relaxing)
                0x000000004010009c                _NMILevelVector
 *fill*         0x0000000040100157        0x1 
 .text          0x0000000040100158       0x1e /home/stoffer/esp8266/esp-open-sdk/sdk/lib/libmain.a(user-vector.o)
                0x000000004010015c                _UserExceptionVector_1
 *fill*         0x0000000040100176        0x2 
 .text          0x0000000040100178      0x5b2 /home/stoffer/esp8266/esp-open-sdk/sdk/lib/libmain.a(app_main.o)
                                        0x616 (size before relaxing)
                0x00000000401001b0                Cache_Read_Enable_New
                0x00000000401001ec                NmiTimSetFunc
                0x0000000040100210                NMI_Handler
                0x0000000040100268                call_user_start_local
                0x00000000401003c8                wdt_feed
 *fill*         0x000000004010072a        0x2 
 .text          0x000000004010072c      0x3cc /home/stoffer/esp8266/esp-open-sdk/sdk/lib/libmain.a(ets_timer.o)
                                        0x450 (size before relaxing)
                0x0000000040100800                ets_timer_setfn
                0x00000000401008dc                ets_timer_disarm
                0x000000004010098c                ets_timer_arm_new
 .text          0x0000000040100af8      0x30f /home/stoffer/esp8266/esp-open-sdk/sdk/lib/libmain.a(mem_manager.o)
                                        0x367 (size before relaxing)
                0x0000000040100afc                prvInsertBlockIntoUsedList
                0x0000000040100b2c                system_show_malloc
                0x0000000040100b2c                pvShowMalloc
                0x0000000040100bb8                prvRemoveBlockFromUsedList
                0x0000000040100be4                xPortWantedSizeAlign
                0x0000000040100c0c                pvPortMalloc
                0x0000000040100cd4                vPortFree
                0x0000000040100d2c                pvPortCalloc
                0x0000000040100d5c                pvPortZalloc
                0x0000000040100d78                pvPortRealloc
 *fill*         0x0000000040100e07        0x1 
 .text          0x0000000040100e08      0x269 /home/stoffer/esp8266/esp-open-sdk/sdk/lib/libmain.a(spi_flash.o)
                                        0x2b5 (size before relaxing)
                0x0000000040100e0c                Cache_Read_Disable_2
                0x0000000040100e4c                Cache_Read_Enable_2
                0x0000000040100e84                spi_flash_get_id
                0x0000000040100ee0                spi_flash_read_status
                0x0000000040100f14                spi_flash_write_status
                0x0000000040100f94                spi_flash_erase_sector
                0x0000000040100fc8                spi_flash_write
                0x000000004010101c                spi_flash_read
 *fill*         0x0000000040101071        0x3 
 .text          0x0000000040101074      0x2ee /home/stoffer/esp8266/esp-open-sdk/sdk/lib/libmain.a(user_interface.o)
                                        0x34a (size before relaxing)
                0x0000000040101090                os_printf_plus
                0x00000000401011bc                system_restart_core
                0x00000000401011f4                system_deep_sleep_local_2
                0x0000000040101268                system_get_time
                0x0000000040101280                system_os_post
                0x00000000401012b4                system_rtc_mem_write
                0x000000004010130c                system_rtc_mem_read
 *fill*         0x0000000040101362        0x2 
 .literal       0x0000000040101364        0x0 /home/stoffer/esp8266/esp-open-sdk/xtensa-lx106-elf/bin/../lib/gcc/xtensa-lx106-elf/4.8.2/libgcc.a(_muldi3.o)
                                          0x4 (size before relaxing)
 .literal       0x0000000040101364        0x0 /home/stoffer/esp8266/esp-open-sdk/xtensa-lx106-elf/bin/../lib/gcc/xtensa-lx106-elf/4.8.2/../../../../xtensa-lx106-elf/lib/libc.a(lib_a-atoi.o)
                                          0x8 (size before relaxing)
 .literal       0x0000000040101364        0x4 /home/stoffer/esp8266/esp-open-sdk/xtensa-lx106-elf/bin/../lib/gcc/xtensa-lx106-elf/4.8.2/../../../../xtensa-lx106-elf/lib/libc.a(lib_a-gmtime.o)
                                          0x8 (size before relaxing)
 .literal       0x0000000040101368        0x0 /home/stoffer/esp8266/esp-open-sdk/xtensa-lx106-elf/bin/../lib/gcc/xtensa-lx106-elf/4.8.2/../../../../xtensa-lx106-elf/lib/libc.a(lib_a-gmtime_r.o)
                                          0x4 (size before relaxing)
 .literal       0x0000000040101368       0x18 /home/stoffer/esp8266/esp-open-sdk/xtensa-lx106-elf/bin/../lib/gcc/xtensa-lx106-elf/4.8.2/../../../../xtensa-lx106-elf/lib/libc.a(lib_a-mktm_r.o)
                                         0x88 (size before relaxing)
 .literal       0x0000000040101380        0x8 /home/stoffer/esp8266/esp-open-sdk/xtensa-lx106-elf/bin/../lib/gcc/xtensa-lx106-elf/4.8.2/../../../../xtensa-lx106-elf/lib/libc.a(lib_a-strlen.o)
                                          0xc (size before relaxing)
 .literal       0x0000000040101388        0x0 /home/stoffer/esp8266/esp-open-sdk/xtensa-lx106-elf/bin/../lib/gcc/xtensa-lx106-elf/4.8.2/../../../../xtensa-lx106-elf/lib/libc.a(lib_a-strtok.o)
                                          0x8 (size before relaxing)
 .literal       0x0000000040101388        0xc /home/stoffer/esp8266/esp-open-sdk/xtensa-lx106-elf/bin/../lib/gcc/xtensa-lx106-elf/4.8.2/../../../../xtensa-lx106-elf/lib/libc.a(lib_a-strtol.o)
                                         0x18 (size before relaxing)
 .literal       0x0000000040101394        0x4 /home/stoffer/esp8266/esp-open-sdk/xtensa-lx106-elf/bin/../lib/gcc/xtensa-lx106-elf/4.8.2/../../../../xtensa-lx106-elf/lib/libc.a(lib_a-gettzinfo.o)
 .literal       0x0000000040101398        0x4 /home/stoffer/esp8266/esp-open-sdk/xtensa-lx106-elf/bin/../lib/gcc/xtensa-lx106-elf/4.8.2/libgcc.a(_addsubsf3.o)
                                          0xc (size before relaxing)
 .literal       0x000000004010139c        0x0 /home/stoffer/esp8266/esp-open-sdk/xtensa-lx106-elf/bin/../lib/gcc/xtensa-lx106-elf/4.8.2/libgcc.a(_mulsf3.o)
                                         0x10 (size before relaxing)
 .literal       0x000000004010139c        0x0 /home/stoffer/esp8266/esp-open-sdk/xtensa-lx106-elf/bin/../lib/gcc/xtensa-lx106-elf/4.8.2/libgcc.a(_divsf3.o)
                                         0x10 (size before relaxing)
 .literal       0x000000004010139c        0x0 /home/stoffer/esp8266/esp-open-sdk/xtensa-lx106-elf/bin/../lib/gcc/xtensa-lx106-elf/4.8.2/libgcc.a(_fixsfsi.o)
                                          0x4 (size before relaxing)
 .literal       0x000000004010139c        0x0 /home/stoffer/esp8266/esp-open-sdk/xtensa-lx106-elf/bin/../lib/gcc/xtensa-lx106-elf/4.8.2/libgcc.a(_fixunssfsi.o)
                                          0x4 (size before relaxing)
 .literal       0x000000004010139c        0x8 /home/stoffer/esp8266/esp-open-sdk/xtensa-lx106-elf/bin/../lib/gcc/xtensa-lx106-elf/4.8.2/libgcc.a(_muldf3.o)
                                         0x10 (size before relaxing)
 .literal       0x00000000401013a4        0x0 /home/stoffer/esp8266/esp-open-sdk/xtensa-lx106-elf/bin/../lib/gcc/xtensa-lx106-elf/4.8.2/libgcc.a(_divdf3.o)
                                         0x10 (size before relaxing)
 .literal       0x00000000401013a4        0x0 /home/stoffer/esp8266/esp-open-sdk/xtensa-lx106-elf/bin/../lib/gcc/xtensa-lx106-elf/4.8.2/libgcc.a(_fixdfsi.o)
                                          0x4 (size before relaxing)
 .literal       0x00000000401013a4        0x4 /home/stoffer/esp8266/esp-open-sdk/xtensa-lx106-elf/bin/../lib/gcc/xtensa-lx106-elf/4.8.2/libgcc.a(_truncdfsf2.o)
                                          0x8 (size before relaxing)
 .literal       0x00000000401013a8        0x0 /home/stoffer/esp8266/esp-open-sdk/xtensa-lx106-elf/bin/../lib/gcc/xtensa-lx106-elf/4.8.2/libgcc.a(_divdi3.o)
                                         0x48 (size before relaxing)
 .literal       0x00000000401013a8        0x0 /home/stoffer/esp8266/esp-open-sdk/xtensa-lx106-elf/bin/../lib/gcc/xtensa-lx106-elf/4.8.2/libgcc.a(_umoddi3.o)
                                         0x40 (size before relaxing)
 .text          0x00000000401013a8       0x36 /home/stoffer/esp8266/esp-open-sdk/xtensa-lx106-elf/bin/../lib/gcc/xtensa-lx106-elf/4.8.2/libgcc.a(_muldi3.o)
                0x00000000401013a8                __muldi3
 *fill*         0x00000000401013de        0x2 
 .text          0x00000000401013e0      0x124 build/app_app.a(user_main.o)
                                        0x15f (size before relaxing)
                0x0000000040101420                gpio_int_handler
 *fill*         0x0000000040101504        0x0 
 .text          0x0000000040101504       0x5b build/app_app.a(httpd_user_init.o)
                                         0x5f (size before relaxing)
                0x0000000040101510                myPassFn
                0x0000000040101548                httpd_user_init
 *fill*         0x000000004010155f        0x1 
 .text          0x0000000040101560       0x85 build/app_app.a(wifi.o)
                                         0x8d (size before relaxing)
                0x000000004010157c                wifi_handle_event_cb
 *fill*         0x00000000401015e5        0x3 
 .text          0x00000000401015e8       0xd5 build/app_app.a(uart.o)
                                         0xdd (size before relaxing)
                0x000000004010168c                uart_tx_one_char
 *fill*         0x00000000401016bd        0x3 
 .text          0x00000000401016c0      0x434 build/app_app.a(heatshrink_decoder.o)
                                        0x44c (size before relaxing)
                0x000000004010175c                heatshrink_decoder_free
                0x0000000040101774                heatshrink_decoder_reset
                0x00000000401017c0                heatshrink_decoder_alloc
                0x0000000040101834                heatshrink_decoder_sink
                0x00000000401018ac                heatshrink_decoder_poll
                0x0000000040101ac8                heatshrink_decoder_finish
 .text          0x0000000040101af4       0x27 /home/stoffer/esp8266/esp-open-sdk/xtensa-lx106-elf/bin/../lib/gcc/xtensa-lx106-elf/4.8.2/../../../../xtensa-lx106-elf/lib/libc.a(lib_a-atoi.o)
                                         0x2f (size before relaxing)
                0x0000000040101af4                atoi
                0x0000000040101b08                _atoi_r
 *fill*         0x0000000040101b1b        0x1 
 .text          0x0000000040101b1c       0x17 /home/stoffer/esp8266/esp-open-sdk/xtensa-lx106-elf/bin/../lib/gcc/xtensa-lx106-elf/4.8.2/../../../../xtensa-lx106-elf/lib/libc.a(lib_a-gmtime.o)
                                         0x1b (size before relaxing)
                0x0000000040101b1c                gmtime
 *fill*         0x0000000040101b33        0x1 
 .text          0x0000000040101b34       0x14 /home/stoffer/esp8266/esp-open-sdk/xtensa-lx106-elf/bin/../lib/gcc/xtensa-lx106-elf/4.8.2/../../../../xtensa-lx106-elf/lib/libc.a(lib_a-gmtime_r.o)
                0x0000000040101b34                gmtime_r
 .text          0x0000000040101b48      0x45b /home/stoffer/esp8266/esp-open-sdk/xtensa-lx106-elf/bin/../lib/gcc/xtensa-lx106-elf/4.8.2/../../../../xtensa-lx106-elf/lib/libc.a(lib_a-mktm_r.o)
                                        0x49f (size before relaxing)
                0x0000000040101b48                __tzcalc_limits
                0x0000000040101cc0                _mktm_r
 *fill*         0x0000000040101fa3        0x1 
 .text          0x0000000040101fa4       0x5b /home/stoffer/esp8266/esp-open-sdk/xtensa-lx106-elf/bin/../lib/gcc/xtensa-lx106-elf/4.8.2/../../../../xtensa-lx106-elf/lib/libc.a(lib_a-strlen.o)
                0x0000000040101fa4                strlen
 *fill*         0x0000000040101fff        0x1 
 .text          0x0000000040102000       0x1c /home/stoffer/esp8266/esp-open-sdk/xtensa-lx106-elf/bin/../lib/gcc/xtensa-lx106-elf/4.8.2/../../../../xtensa-lx106-elf/lib/libc.a(lib_a-strtok.o)
                0x0000000040102000                strtok
 .text          0x000000004010201c      0x15b /home/stoffer/esp8266/esp-open-sdk/xtensa-lx106-elf/bin/../lib/gcc/xtensa-lx106-elf/4.8.2/../../../../xtensa-lx106-elf/lib/libc.a(lib_a-strtol.o)
                                        0x15f (size before relaxing)
                0x000000004010201c                _strtol_r
                0x0000000040102158                strtol
 *fill*         0x0000000040102177        0x1 
 .text          0x0000000040102178        0x5 /home/stoffer/esp8266/esp-open-sdk/xtensa-lx106-elf/bin/../lib/gcc/xtensa-lx106-elf/4.8.2/../../../../xtensa-lx106-elf/lib/libc.a(lib_a-gettzinfo.o)
                0x0000000040102178                __gettzinfo
 *fill*         0x000000004010217d        0x3 
 .text          0x0000000040102180       0x53 /home/stoffer/esp8266/esp-open-sdk/sdk/lib/libphy.a(phy.o)
                                         0x5f (size before relaxing)
                0x0000000040102188                register_phy_ops
                0x00000000401021a8                register_get_phy_addr
                0x00000000401021b0                phy_change_channel
                0x00000000401021c8                phy_get_mactime
 *fill*         0x00000000401021d3        0x1 
 .text          0x00000000401021d4       0xaa /home/stoffer/esp8266/esp-open-sdk/sdk/lib/libphy.a(phy_chip_v6_cal.o)
                                         0xb2 (size before relaxing)
                0x00000000401021d4                unsign_to_sign
                0x000000004010220c                phy_get_bb_freqoffset
                0x0000000040102270                phy_get_bb_evm
 *fill*         0x000000004010227e        0x2 
 .text          0x0000000040102280       0xeb /home/stoffer/esp8266/esp-open-sdk/sdk/lib/libphy.a(phy_sleep.o)
                                        0x103 (size before relaxing)
                0x0000000040102288                pm_rtc_clock_cali
                0x0000000040102340                clockgate_watchdog
 *fill*         0x000000004010236b        0x1 
 .text          0x000000004010236c     0x1606 /home/stoffer/esp8266/esp-open-sdk/sdk/lib/libpp.a(lmac.o)
                                       0x1962 (size before relaxing)
                0x0000000040102370                lmacIsActive
                0x0000000040102384                lmacIsIdle
                0x0000000040102808                lmacSetAcParam
                0x000000004010285c                lmacProcessTXStartData
                0x00000000401029dc                lmacProcessTxSuccess
                0x0000000040102b20                GetAccess
                0x0000000040102b2c                lmacDiscardAgedMSDU
                0x0000000040102b40                lmacRecycleMPDU
                0x0000000040103104                lmacProcessTxTimeout
                0x000000004010316c                lmacProcessAllTxTimeout
                0x0000000040103180                lmacProcessCollisions
                0x00000000401031e0                lmacProcessCollision
                0x0000000040103264                lmacMSDUAged
                0x00000000401035f4                lmacProcessCtsTimeout
                0x000000004010362c                lmacProcessAckTimeout
                0x0000000040103684                lmacProcessRtsStart
                0x0000000040103690                lmacProcessTxRtsError
                0x0000000040103730                lmacProcessTxError
                0x00000000401037c0                lmacTxFrame
                0x000000004010395c                lmacRxDone
 *fill*         0x0000000040103972        0x2 
 .text          0x0000000040103974      0x8e1 /home/stoffer/esp8266/esp-open-sdk/sdk/lib/libpp.a(pp.o)
                                        0x9fd (size before relaxing)
                0x00000000401039a8                pp_soft_wdt_feed_local
                0x0000000040103a3c                ppProcessTxQ
                0x0000000040103ab0                ppFetchTxQFirstAvail
                0x0000000040103af0                ppDequeueTxQ
                0x0000000040103b18                ppRollBackTxQ
                0x0000000040103b3c                ppRecordBarRRC
                0x0000000040103b4c                ppTxqUpdateBitmap
                0x0000000040103b74                ppEnqueueTxDone
                0x0000000040103ba8                ppEnqueueRxq
                0x0000000040104090                ppDiscardMPDU
                0x00000000401040b4                pp_post
                0x0000000040104140                pp_post2
                0x0000000040104168                ppCalTxop
                0x00000000401041e8                ppCalFrameTimes
 *fill*         0x0000000040104255        0x3 
 .text          0x0000000040104258       0xf5 /home/stoffer/esp8266/esp-open-sdk/sdk/lib/libpp.a(rate_control.o)
                                        0x109 (size before relaxing)
                0x0000000040104278                RC_GetAckRate
                0x0000000040104284                RC_GetRtsRate
                0x0000000040104294                RC_GetAckTime
                0x00000000401042a8                RC_GetCtsTime
                0x00000000401042e0                RC_GetBlockAckTime
 *fill*         0x000000004010434d        0x3 
 .text          0x0000000040104350      0x9a1 /home/stoffer/esp8266/esp-open-sdk/sdk/lib/libpp.a(trc.o)
                                        0xa05 (size before relaxing)
                0x0000000040104524                rcUpdateTxDone
                0x00000000401045b8                rcUpdateRxDone
                0x0000000040104614                rcUpdateDataRxDone
                0x0000000040104630                rcGetSched
                0x0000000040104714                rcGetRate
                0x0000000040104c24                rcReachRetryLimit
                0x0000000040104c3c                trc_NeedRTS
 *fill*         0x0000000040104cf1        0x3 
 .text          0x0000000040104cf4     0x105f /home/stoffer/esp8266/esp-open-sdk/sdk/lib/libpp.a(wdev.o)
                                       0x1347 (size before relaxing)
                0x0000000040105098                wDev_MacTim1SetFunc
                0x00000000401050b8                wDev_MacTim1Arm
                0x000000004010514c                wDev_ProcessFiq
                0x0000000040105490                wDev_EnableTransmit
                0x00000000401054c8                wDev_DisableTransmit
                0x00000000401054e8                Tx_Copy2Queue
                0x0000000040105530                wDev_ProcessCollision
                0x0000000040105554                wDev_GetTxqCollisions
                0x0000000040105564                wDev_ClearTxqCollisions
                0x0000000040105580                wDev_SetWaitingQueue
                0x00000000401055c8                wDev_ClearWaitingQueue
                0x00000000401055ec                wDev_SetFrameAckType
                0x0000000040105650                wDev_AppendRxBlocks
                0x0000000040105794                wDev_AppendRxAmpduLensBlocks
                0x0000000040105868                wDev_GetBAInfo
                0x000000004010589c                wDevDisableRx
 *fill*         0x0000000040105d53        0x1 
 .text          0x0000000040105d54       0x4c /home/stoffer/esp8266/esp-open-sdk/sdk/lib/libpp.a(esf_buf.o)
                                         0x5c (size before relaxing)
                0x0000000040105d58                esf_rx_buf_alloc
 .text          0x0000000040105da0       0x23 /home/stoffer/esp8266/esp-open-sdk/sdk/lib/libnet80211.a(ieee80211_output.o)
                                         0x27 (size before relaxing)
 *fill*         0x0000000040105dc3        0x1 
 .text          0x0000000040105dc4        0xb /home/stoffer/esp8266/esp-open-sdk/sdk/lib/libnet80211.a(wl_chm.o)
                0x0000000040105dc8                chm_get_current_channel
 *fill*         0x0000000040105dcf        0x1 
 .text          0x0000000040105dd0       0x43 /home/stoffer/esp8266/esp-open-sdk/sdk/lib/liblwip.a(etharp.o)
                                         0x47 (size before relaxing)
 *fill*         0x0000000040105e13        0x1 
 .text          0x0000000040105e14       0xd6 /home/stoffer/esp8266/esp-open-sdk/sdk/lib/liblwip.a(sntp.o)
                                         0xde (size before relaxing)
                0x0000000040105e1c                sntp_get_current_timestamp
                0x0000000040105e44                sntp_get_real_time
 *fill*         0x0000000040105eea        0x2 
 .text          0x0000000040105eec      0x1fd /home/stoffer/esp8266/esp-open-sdk/sdk/lib/liblwip.a(tcp.o)
                                        0x229 (size before relaxing)
 *fill*         0x00000000401060e9        0x3 
 .text          0x00000000401060ec      0x159 /home/stoffer/esp8266/esp-open-sdk/sdk/lib/liblwip.a(tcp_out.o)
                                        0x161 (size before relaxing)
 *fill*         0x0000000040106245        0x3 
 .text          0x0000000040106248       0xb4 /home/stoffer/esp8266/esp-open-sdk/sdk/lib/liblwip.a(timers.o)
                                         0xc0 (size before relaxing)
 .text          0x00000000401062fc      0x1ff /home/stoffer/esp8266/esp-open-sdk/xtensa-lx106-elf/bin/../lib/gcc/xtensa-lx106-elf/4.8.2/libgcc.a(_addsubsf3.o)
                0x0000000040106318                __addsf3
                0x0000000040106400                __subsf3
 *fill*         0x00000000401064fb        0x1 
 .text          0x00000000401064fc      0x15d /home/stoffer/esp8266/esp-open-sdk/xtensa-lx106-elf/bin/../lib/gcc/xtensa-lx106-elf/4.8.2/libgcc.a(_mulsf3.o)
                0x0000000040106574                __mulsf3
 *fill*         0x0000000040106659        0x3 
 .text          0x000000004010665c      0x135 /home/stoffer/esp8266/esp-open-sdk/xtensa-lx106-elf/bin/../lib/gcc/xtensa-lx106-elf/4.8.2/libgcc.a(_divsf3.o)
                0x00000000401066d8                __divsf3
 *fill*         0x0000000040106791        0x3 
 .text          0x0000000040106794       0x40 /home/stoffer/esp8266/esp-open-sdk/xtensa-lx106-elf/bin/../lib/gcc/xtensa-lx106-elf/4.8.2/libgcc.a(_fixsfsi.o)
                0x0000000040106794                __fixsfsi
 .text          0x00000000401067d4       0x51 /home/stoffer/esp8266/esp-open-sdk/xtensa-lx106-elf/bin/../lib/gcc/xtensa-lx106-elf/4.8.2/libgcc.a(_fixunssfsi.o)
                0x00000000401067d4                __fixunssfsi
 *fill*         0x0000000040106825        0x3 
 .text          0x0000000040106828      0x29b /home/stoffer/esp8266/esp-open-sdk/xtensa-lx106-elf/bin/../lib/gcc/xtensa-lx106-elf/4.8.2/libgcc.a(_muldf3.o)
                0x0000000040106908                __muldf3
 *fill*         0x0000000040106ac3        0x1 
 .text          0x0000000040106ac4      0x20b /home/stoffer/esp8266/esp-open-sdk/xtensa-lx106-elf/bin/../lib/gcc/xtensa-lx106-elf/4.8.2/libgcc.a(_divdf3.o)
                0x0000000040106bac                __divdf3
 *fill*         0x0000000040106ccf        0x1 
 .text          0x0000000040106cd0       0x48 /home/stoffer/esp8266/esp-open-sdk/xtensa-lx106-elf/bin/../lib/gcc/xtensa-lx106-elf/4.8.2/libgcc.a(_fixdfsi.o)
                0x0000000040106cd0                __fixdfsi
 .text          0x0000000040106d18       0xa0 /home/stoffer/esp8266/esp-open-sdk/xtensa-lx106-elf/bin/../lib/gcc/xtensa-lx106-elf/4.8.2/libgcc.a(_truncdfsf2.o)
                0x0000000040106d18                __truncdfsf2
 .text          0x0000000040106db8      0x3eb /home/stoffer/esp8266/esp-open-sdk/xtensa-lx106-elf/bin/../lib/gcc/xtensa-lx106-elf/4.8.2/libgcc.a(_divdi3.o)
                                        0x41b (size before relaxing)
                0x0000000040106db8                __divdi3
 *fill*         0x00000000401071a3        0x1 
 .text          0x00000000401071a4      0x33a /home/stoffer/esp8266/esp-open-sdk/xtensa-lx106-elf/bin/../lib/gcc/xtensa-lx106-elf/4.8.2/libgcc.a(_umoddi3.o)
                                        0x366 (size before relaxing)
                0x00000000401071a4                __umoddi3
 .text          0x00000000401074de        0x0 /home/stoffer/esp8266/esp-open-sdk/sdk/lib/libmain.a(debug-vector.o)
 .text          0x00000000401074de        0x0 /home/stoffer/esp8266/esp-open-sdk/sdk/lib/libmain.a(double-vector.o)
 .text          0x00000000401074de        0x0 /home/stoffer/esp8266/esp-open-sdk/sdk/lib/libmain.a(kernel-vector.o)
 *fill*         0x00000000401074de        0x2 
 .literal       0x00000000401074e0        0x0 /home/stoffer/esp8266/esp-open-sdk/sdk/lib/libmain.a(nmi-vector.o)
 *fill*         0x00000000401074e0        0x0 
 .literal       0x00000000401074e0        0x0 /home/stoffer/esp8266/esp-open-sdk/sdk/lib/libmain.a(user-vector.o)
 .text          0x00000000401074e0        0x0 /home/stoffer/esp8266/esp-open-sdk/sdk/lib/libmain.a(vector.o)
 *fill*         0x00000000401074e0        0x0 
 .literal       0x00000000401074e0        0x0 /home/stoffer/esp8266/esp-open-sdk/sdk/lib/libmain.a(app_main.o)
 *fill*         0x00000000401074e0        0x0 
 .literal       0x00000000401074e0        0x0 /home/stoffer/esp8266/esp-open-sdk/sdk/lib/libmain.a(ets_timer.o)
 .literal       0x00000000401074e0        0x0 /home/stoffer/esp8266/esp-open-sdk/sdk/lib/libmain.a(mem_manager.o)
 *fill*         0x00000000401074e0        0x0 
 .literal       0x00000000401074e0        0x0 /home/stoffer/esp8266/esp-open-sdk/sdk/lib/libmain.a(spi_flash.o)
 *fill*         0x00000000401074e0        0x0 
 .literal       0x00000000401074e0        0x0 /home/stoffer/esp8266/esp-open-sdk/sdk/lib/libmain.a(user_interface.o)
 .text          0x00000000401074e0        0x0 /home/stoffer/esp8266/esp-open-sdk/sdk/lib/libmain.a(eagle_lib.o)
 .text          0x00000000401074e0        0x0 /home/stoffer/esp8266/esp-open-sdk/sdk/lib/libmain.a(eagle_lwip_if.o)
 *fill*         0x00000000401074e0        0x0 
 .text          0x00000000401074e0       0x4c /home/stoffer/esp8266/esp-open-sdk/xtensa-lx106-elf/bin/../lib/gcc/xtensa-lx106-elf/4.8.2/libgcc.a(_udivsi3.o)
                0x00000000401074e0                __udivsi3
 .text          0x000000004010752c       0x39 /home/stoffer/esp8266/esp-open-sdk/xtensa-lx106-elf/bin/../lib/gcc/xtensa-lx106-elf/4.8.2/libgcc.a(_umodsi3.o)
                0x000000004010752c                __umodsi3
 *fill*         0x0000000040107565        0x0 
 *fill*         0x0000000040107565        0x3 
 .text          0x0000000040107568       0x48 /home/stoffer/esp8266/esp-open-sdk/xtensa-lx106-elf/bin/../lib/gcc/xtensa-lx106-elf/4.8.2/libgcc.a(_umulsidi3.o)
                0x0000000040107568                __umulsidi3