Archive member included because of file (symbol)

/home/stoffer/esp8266/esp-open-sdk/sdk/lib/libmain.a(debug-vector.o)
                              (_DebugExceptionVector)
/home/stoffer/esp8266/esp-open-sdk/sdk/lib/libmain.a(double-vector.o)
                              (_DoubleExceptionVector)
/home/stoffer/esp8266/esp-open-sdk/sdk/lib/libmain.a(kernel-vector.o)
                              (_KernelExceptionVector)
/home/stoffer/esp8266/esp-open-sdk/sdk/lib/libmain.a(nmi-vector.o)
                              (_NMIExceptionVector)
/home/stoffer/esp8266/esp-open-sdk/sdk/lib/libmain.a(user-vector.o)
                              (_UserExceptionVector)
/home/stoffer/esp8266/esp-open-sdk/sdk/lib/libmain.a(vector.o)
                              (call_user_start)
/home/stoffer/esp8266/esp-open-sdk/sdk/lib/libmain.a(app_main.o)
                              /home/stoffer/esp8266/esp-open-sdk/sdk/lib/libmain.a(nmi-vector.o) (NMI_Handler)
/home/stoffer/esp8266/esp-open-sdk/sdk/lib/libmain.a(ets_timer.o)
                              /home/stoffer/esp8266/esp-open-sdk/sdk/lib/libmain.a(app_main.o) (ets_timer_setfn)
/home/stoffer/esp8266/esp-open-sdk/sdk/lib/libmain.a(mem_manager.o)
                              /home/stoffer/esp8266/esp-open-sdk/sdk/lib/libmain.a(app_main.o) (pvPortMalloc)
/home/stoffer/esp8266/esp-open-sdk/sdk/lib/libmain.a(spi_flash.o)
                              /home/stoffer/esp8266/esp-open-sdk/sdk/lib/libmain.a(app_main.o) (spi_flash_read)
/home/stoffer/esp8266/esp-open-sdk/sdk/lib/libmain.a(user_interface.o)
                              /home/stoffer/esp8266/esp-open-sdk/sdk/lib/libmain.a(app_main.o) (done_cb)
/home/stoffer/esp8266/esp-open-sdk/sdk/lib/libmain.a(eagle_lib.o)
                              /home/stoffer/esp8266/esp-open-sdk/sdk/lib/libmain.a(user_interface.o) (ets_sprintf)
/home/stoffer/esp8266/esp-open-sdk/sdk/lib/libmain.a(eagle_lwip_if.o)
                              /home/stoffer/esp8266/esp-open-sdk/sdk/lib/libmain.a(user_interface.o) (hostname)
/home/stoffer/esp8266/esp-open-sdk/xtensa-lx106-elf/bin/../lib/gcc/xtensa-lx106-elf/4.8.2/libgcc.a(_udivsi3.o)
                              /home/stoffer/esp8266/esp-open-sdk/sdk/lib/libmain.a(app_main.o) (__udivsi3)
/home/stoffer/esp8266/esp-open-sdk/xtensa-lx106-elf/bin/../lib/gcc/xtensa-lx106-elf/4.8.2/libgcc.a(_umodsi3.o)
                              /home/stoffer/esp8266/esp-open-sdk/sdk/lib/libmain.a(eagle_lib.o) (__umodsi3)
/home/stoffer/esp8266/esp-open-sdk/xtensa-lx106-elf/bin/../lib/gcc/xtensa-lx106-elf/4.8.2/libgcc.a(_muldi3.o)
                              /home/stoffer/esp8266/esp-open-sdk/sdk/lib/libmain.a(user_interface.o) (__muldi3)
/home/stoffer/esp8266/esp-open-sdk/xtensa-lx106-elf/bin/../lib/gcc/xtensa-lx106-elf/4.8.2/libgcc.a(_umulsidi3.o)
                              /home/stoffer/esp8266/esp-open-sdk/xtensa-lx106-elf/bin/../lib/gcc/xtensa-lx106-elf/4.8.2/libgcc.a(_muldi3.o) (__umulsidi3)
build/app_app.a(user_main.o)  /home/stoffer/esp8266/esp-open-sdk/sdk/lib/libmain.a(app_main.o) (user_init)
build/app_app.a(captdns.o)    build/app_app.a(user_main.o) (captdnsInit)
build/app_app.a(led.o)        build/app_app.a(user_main.o) (led_init)
build/app_app.a(httpd.o)      build/app_app.a(user_main.o) (httpdStop)
build/app_app.a(utils.o)      build/app_app.a(user_main.o) (decimal_number_length)
build/app_app.a(httpd_user_init.o)
                              build/app_app.a(user_main.o) (httpd_user_init)
build/app_app.a(crypto.o)     build/app_app.a(user_main.o) (init_aes_hmac_combined)
build/app_app.a(hmac-sha256.o)
                              build/app_app.a(crypto.o) (hmac_sha256_init)
build/app_app.a(sha256.o)     build/app_app.a(hmac-sha256.o) (sha256_init)
build/app_app.a(aes.o)        build/app_app.a(crypto.o) (AES128_CBC_encrypt_buffer)
build/app_app.a(uart.o)       build/app_app.a(user_main.o) (uart_init)
build/app_app.a(ext_spi_flash.o)
                              build/app_app.a(user_main.o) (ext_spi_init)
build/app_app.a(spi.o)        build/app_app.a(ext_spi_flash.o) (spi_init_gpio)
build/app_app.a(gpio16.o)     build/app_app.a(user_main.o) (gpio16_output_conf)
build/app_app.a(mqtt.o)       build/app_app.a(user_main.o) (MQTT_Publish)
build/app_app.a(mqtt_msg.o)   build/app_app.a(mqtt.o) (mqtt_msg_init)
build/app_app.a(queue.o)      build/app_app.a(mqtt.o) (QUEUE_Init)
build/app_app.a(mqtt_utils.o)
                              build/app_app.a(mqtt.o) (UTILS_StrToIP)
build/app_app.a(proto.o)      build/app_app.a(queue.o) (PROTO_ParseRb)
build/app_app.a(config.o)     build/app_app.a(user_main.o) (sys_cfg)
build/app_app.a(wifi.o)       build/app_app.a(user_main.o) (wifi_connect)
build/app_app.a(tinyprintf.o)
                              build/app_app.a(user_main.o) (tfp_snprintf)
build/app_app.a(unix_time.o)  build/app_app.a(user_main.o) (init_unix_time)
build/app_app.a(cgi.o)        build/app_app.a(httpd_user_init.o) (cgiLed)
build/app_app.a(httpdespfs.o)
[...]
Memory Configuration

Name             Origin             Length             Attributes
dport0_0_seg     0x000000003ff00000 0x0000000000000010
dram0_0_seg      0x000000003ffe8000 0x0000000000014000
iram1_0_seg      0x0000000040100000 0x0000000000008000
irom0_0_seg      0x0000000040240000 0x000000000003c000
*default*        0x0000000000000000 0xffffffffffffffff

Linker script and memory map

START GROUP
LOAD /home/stoffer/esp8266/esp-open-sdk/xtensa-lx106-elf/bin/../lib/gcc/xtensa-lx106-elf/4.8.2/../../../../xtensa-lx106-elf/lib/libc.a
LOAD /home/stoffer/esp8266/esp-open-sdk/xtensa-lx106-elf/bin/../lib/gcc/xtensa-lx106-elf/4.8.2/libgcc.a
LOAD /home/stoffer/esp8266/esp-open-sdk/xtensa-lx106-elf/bin/../xtensa-lx106-elf/sysroot/usr/lib/libhal.a
LOAD /home/stoffer/esp8266/esp-open-sdk/sdk/lib/libphy.a
LOAD /home/stoffer/esp8266/esp-open-sdk/sdk/lib/libpp.a
LOAD /home/stoffer/esp8266/esp-open-sdk/sdk/lib/libnet80211.a
LOAD /home/stoffer/esp8266/esp-open-sdk/sdk/lib/liblwip.a
LOAD /home/stoffer/esp8266/esp-open-sdk/sdk/lib/libwpa.a
LOAD /home/stoffer/esp8266/esp-open-sdk/sdk/lib/libmain.a
LOAD /home/stoffer/esp8266/esp-open-sdk/sdk/lib/libssl.a
LOAD /home/stoffer/esp8266/esp-open-sdk/xtensa-lx106-elf/bin/../lib/gcc/xtensa-lx106-elf/4.8.2/../../../../xtensa-lx106-elf/lib/libc.a
LOAD /home/stoffer/esp8266/esp-open-sdk/xtensa-lx106-elf/bin/../lib/gcc/xtensa-lx106-elf/4.8.2/libgcc.a
LOAD build/app_app.a
END GROUP
                0x0000000040000000                PROVIDE (_memmap_vecbase_reset, 0x40000000)
                0x0000000000000110                _memmap_cacheattr_wb_base = 0x110
                0x0000000000000110                _memmap_cacheattr_wt_base = 0x110
                0x0000000000000220                _memmap_cacheattr_bp_base = 0x220
                0x00000000fffff00f                _memmap_cacheattr_unused_mask = 0xfffff00f
                0x000000002222211f                _memmap_cacheattr_wb_trapnull = 0x2222211f
                0x000000002222211f                _memmap_cacheattr_wba_trapnull = 0x2222211f
                0x000000002222211f                _memmap_cacheattr_wbna_trapnull = 0x2222211f
                0x000000002222211f                _memmap_cacheattr_wt_trapnull = 0x2222211f
                0x000000002222222f                _memmap_cacheattr_bp_trapnull = 0x2222222f
                0x00000000fffff11f                _memmap_cacheattr_wb_strict = 0xfffff11f
                0x00000000fffff11f                _memmap_cacheattr_wt_strict = 0xfffff11f
                0x00000000fffff22f                _memmap_cacheattr_bp_strict = 0xfffff22f
                0x0000000022222112                _memmap_cacheattr_wb_allvalid = 0x22222112
                0x0000000022222112                _memmap_cacheattr_wt_allvalid = 0x22222112
                0x0000000022222222                _memmap_cacheattr_bp_allvalid = 0x22222222
                0x000000002222211f                PROVIDE (_memmap_cacheattr_reset, _memmap_cacheattr_wb_trapnull)

.dport0.rodata  0x000000003ff00000        0x0
                0x000000003ff00000                _dport0_rodata_start = ABSOLUTE (.)
 *(.dport0.rodata)
 *(.dport.rodata)
                0x000000003ff00000                _dport0_rodata_end = ABSOLUTE (.)

.dport0.literal
                0x000000003ff00000        0x0
                0x000000003ff00000                _dport0_literal_start = ABSOLUTE (.)
 *(.dport0.literal)
 *(.dport.literal)
                0x000000003ff00000                _dport0_literal_end = ABSOLUTE (.)

.dport0.data    0x000000003ff00000        0x0
                0x000000003ff00000                _dport0_data_start = ABSOLUTE (.)
 *(.dport0.data)
 *(.dport.data)
                0x000000003ff00000                _dport0_data_end = ABSOLUTE (.)

.data           0x000000003ffe8000      0x848
                0x000000003ffe8000                _data_start = ABSOLUTE (.)
 *(.data)
 .data          0x000000003ffe8000        0x0 /home/stoffer/esp8266/esp-open-sdk/sdk/lib/libmain.a(debug-vector.o)
 .data          0x000000003ffe8000        0x0 /home/stoffer/esp8266/esp-open-sdk/sdk/lib/libmain.a(double-vector.o)
 .data          0x000000003ffe8000        0x0 /home/stoffer/esp8266/esp-open-sdk/sdk/lib/libmain.a(kernel-vector.o)
 .data          0x000000003ffe8000        0x4 /home/stoffer/esp8266/esp-open-sdk/sdk/lib/libmain.a(nmi-vector.o)
                0x000000003ffe8000                _Pri_3_HandlerAddress
 .data          0x000000003ffe8004        0x0 /home/stoffer/esp8266/esp-open-sdk/sdk/lib/libmain.a(user-vector.o)
 .data          0x000000003ffe8004        0x0 /home/stoffer/esp8266/esp-open-sdk/sdk/lib/libmain.a(vector.o)
 .data          0x000000003ffe8004        0x1 /home/stoffer/esp8266/esp-open-sdk/sdk/lib/libmain.a(app_main.o)
 .data          0x000000003ffe8005        0x0 /home/stoffer/esp8266/esp-open-sdk/sdk/lib/libmain.a(ets_timer.o)
 .data          0x000000003ffe8005        0x0 /home/stoffer/esp8266/esp-open-sdk/sdk/lib/libmain.a(mem_manager.o)
 .data          0x000000003ffe8005        0x0 /home/stoffer/esp8266/esp-open-sdk/sdk/lib/libmain.a(spi_flash.o)
 *fill*         0x000000003ffe8005        0x3 
 .data          0x000000003ffe8008        0x6 /home/stoffer/esp8266/esp-open-sdk/sdk/lib/libmain.a(user_interface.o)
                0x000000003ffe8009                timer2_ms_flag
                0x000000003ffe800a                dhcps_flag
                0x000000003ffe800b                dhcpc_flag
                0x000000003ffe800d                reconnect_internal
 .data          0x000000003ffe800e        0x0 /home/stoffer/esp8266/esp-open-sdk/sdk/lib/libmain.a(eagle_lib.o)
 *fill*         0x000000003ffe800e        0x2 
 .data          0x000000003ffe8010        0x1 /home/stoffer/esp8266/esp-open-sdk/sdk/lib/libmain.a(eagle_lwip_if.o)
                0x000000003ffe8010                default_hostname
 .data          0x000000003ffe8011        0x0 /home/stoffer/esp8266/esp-open-sdk/xtensa-lx106-elf/bin/../lib/gcc/xtensa-lx106-elf/4.8.2/libgcc.a(_udivsi3.o)
 .data          0x000000003ffe8011        0x0 /home/stoffer/esp8266/esp-open-sdk/xtensa-lx106-elf/bin/../lib/gcc/xtensa-lx106-elf/4.8.2/libgcc.a(_umodsi3.o)
 .data          0x000000003ffe8011        0x0 /home/stoffer/esp8266/esp-open-sdk/xtensa-lx106-elf/bin/../lib/gcc/xtensa-lx106-elf/4.8.2/libgcc.a(_muldi3.o)
 .data          0x000000003ffe8011        0x0 /home/stoffer/esp8266/esp-open-sdk/xtensa-lx106-elf/bin/../lib/gcc/xtensa-lx106-elf/4.8.2/libgcc.a(_umulsidi3.o)
 .data          0x000000003ffe8011        0x0 build/app_app.a(user_main.o)
 .data          0x000000003ffe8011        0x0 build/app_app.a(captdns.o)
 .data          0x000000003ffe8011        0x0 build/app_app.a(led.o)
 .data          0x000000003ffe8011        0x0 build/app_app.a(httpd.o)
 .data          0x000000003ffe8011        0x0 build/app_app.a(utils.o)
 *fill*         0x000000003ffe8011        0x3 
 .data          0x000000003ffe8014       0x9c build/app_app.a(httpd_user_init.o)
                0x000000003ffe8014                builtInUrls
 .data          0x000000003ffe80b0        0x0 build/app_app.a(crypto.o)
 .data          0x000000003ffe80b0        0x0 build/app_app.a(hmac-sha256.o)
 .data          0x000000003ffe80b0        0x0 build/app_app.a(sha256.o)
 .data          0x000000003ffe80b0        0x0 build/app_app.a(aes.o)
 .data          0x000000003ffe80b0        0x0 build/app_app.a(uart.o)
 .data          0x000000003ffe80b0        0x0 build/app_app.a(ext_spi_flash.o)
 .data          0x000000003ffe80b0        0x0 build/app_app.a(spi.o)
 .data          0x000000003ffe80b0        0x0 build/app_app.a(gpio16.o)
 .data          0x000000003ffe80b0        0x0 build/app_app.a(mqtt.o)
 .data          0x000000003ffe80b0        0x0 build/app_app.a(mqtt_msg.o)
 .data          0x000000003ffe80b0        0x0 build/app_app.a(queue.o)
 .data          0x000000003ffe80b0        0x0 build/app_app.a(mqtt_utils.o)
 .data          0x000000003ffe80b0        0x0 build/app_app.a(proto.o)
 .data          0x000000003ffe80b0        0x0 build/app_app.a(config.o)
 .data          0x000000003ffe80b0        0x0 build/app_app.a(wifi.o)
 .data          0x000000003ffe80b0        0x0 build/app_app.a(tinyprintf.o)
 .data          0x000000003ffe80b0        0x0 build/app_app.a(unix_time.o)
 .data          0x000000003ffe80b0        0x0 build/app_app.a(cgi.o)
 .data          0x000000003ffe80b0        0x0 build/app_app.a(httpdespfs.o)
 .data          0x000000003ffe80b0        0x0 build/app_app.a(cgiwifi.o)
 .data          0x000000003ffe80b0        0x0 build/app_app.a(espfs.o)
 .data          0x000000003ffe80b0        0x0 build/app_app.a(heatshrink_decoder.o)
 .data          0x000000003ffe80b0        0x0 build/app_app.a(ringbuf.o)
 .data          0x000000003ffe80b0        0x0 /home/stoffer/esp8266/esp-open-sdk/xtensa-lx106-elf/bin/../lib/gcc/xtensa-lx106-elf/4.8.2/../../../../xtensa-lx106-elf/lib/libc.a(lib_a-atoi.o)
 .data          0x000000003ffe80b0        0x0 /home/stoffer/esp8266/esp-open-sdk/xtensa-lx106-elf/bin/../lib/gcc/xtensa-lx106-elf/4.8.2/../../../../xtensa-lx106-elf/lib/libc.a(lib_a-memcpy.o)
 .data          0x000000003ffe80b0        0x0 /home/stoffer/esp8266/esp-open-sdk/xtensa-lx106-elf/bin/../lib/gcc/xtensa-lx106-elf/4.8.2/../../../../xtensa-lx106-elf/lib/libc.a(lib_a-memset.o)
 .data          0x000000003ffe80b0        0x0 /home/stoffer/esp8266/esp-open-sdk/xtensa-lx106-elf/bin/../lib/gcc/xtensa-lx106-elf/4.8.2/../../../../xtensa-lx106-elf/lib/libc.a(lib_a-strlen.o)
 .data          0x000000003ffe80b0        0x0 /home/stoffer/esp8266/esp-open-sdk/xtensa-lx106-elf/bin/../lib/gcc/xtensa-lx106-elf/4.8.2/../../../../xtensa-lx106-elf/lib/libc.a(lib_a-strtok.o)
 .data          0x000000003ffe80b0        0x0 /home/stoffer/esp8266/esp-open-sdk/xtensa-lx106-elf/bin/../lib/gcc/xtensa-lx106-elf/4.8.2/../../../../xtensa-lx106-elf/lib/libc.a(lib_a-strtok_r.o)
 .data          0x000000003ffe80b0        0x0 /home/stoffer/esp8266/esp-open-sdk/xtensa-lx106-elf/bin/../lib/gcc/xtensa-lx106-elf/4.8.2/../../../../xtensa-lx106-elf/lib/libc.a(lib_a-strtol.o)
 .data          0x000000003ffe80b0        0x4 /home/stoffer/esp8266/esp-open-sdk/xtensa-lx106-elf/bin/../lib/gcc/xtensa-lx106-elf/4.8.2/../../../../xtensa-lx106-elf/lib/libc.a(lib_a-ctype_.o)
                0x000000003ffe80b0                __ctype_ptr__
 *fill*         0x000000003ffe80b4        0x4 
 .data          0x000000003ffe80b8      0x430 /home/stoffer/esp8266/esp-open-sdk/xtensa-lx106-elf/bin/../lib/gcc/xtensa-lx106-elf/4.8.2/../../../../xtensa-lx106-elf/lib/libc.a(lib_a-impure.o)
                0x000000003ffe80b8                _impure_ptr
 .data          0x000000003ffe84e8        0x0 /home/stoffer/esp8266/esp-open-sdk/xtensa-lx106-elf/bin/../lib/gcc/xtensa-lx106-elf/4.8.2/libgcc.a(_divsi3.o)
 .data          0x000000003ffe84e8        0x0 /home/stoffer/esp8266/esp-open-sdk/xtensa-lx106-elf/bin/../lib/gcc/xtensa-lx106-elf/4.8.2/libgcc.a(_udivdi3.o)
 .data          0x000000003ffe84e8        0x0 /home/stoffer/esp8266/esp-open-sdk/xtensa-lx106-elf/bin/../lib/gcc/xtensa-lx106-elf/4.8.2/libgcc.a(_umoddi3.o)
 .data          0x000000003ffe84e8        0x0 /home/stoffer/esp8266/esp-open-sdk/xtensa-lx106-elf/bin/../xtensa-lx106-elf/sysroot/usr/lib/libhal.a(int_asm--set_intclear.o)
 .data          0x000000003ffe84e8        0x0 /home/stoffer/esp8266/esp-open-sdk/sdk/lib/libphy.a(phy.o)
 .data          0x000000003ffe84e8        0x0 /home/stoffer/esp8266/esp-open-sdk/sdk/lib/libphy.a(phy_chip_v6_ana.o)
 *fill*         0x000000003ffe84e8        0x8 
 .data          0x000000003ffe84f0       0x53 /home/stoffer/esp8266/esp-open-sdk/sdk/lib/libphy.a(phy_chip_v6.o)
                0x000000003ffe84f2                tx_rf_ana_gain
                0x000000003ffe8520                rx_gain_swp
                0x000000003ffe8540                test_rffreq_txcap
 .data          0x000000003ffe8543        0x0 /home/stoffer/esp8266/esp-open-sdk/sdk/lib/libphy.a(phy_chip_v6_cal.o)
 .data          0x000000003ffe8543        0x0 /home/stoffer/esp8266/esp-open-sdk/sdk/lib/libphy.a(phy_chip_v6_unused.o)
 *fill*         0x000000003ffe8543        0x1 
 .data          0x000000003ffe8544        0x4 /home/stoffer/esp8266/esp-open-sdk/sdk/lib/libphy.a(phy_sleep.o)
                0x000000003ffe8544                chip_version
 .data          0x000000003ffe8548        0x0 /home/stoffer/esp8266/esp-open-sdk/sdk/lib/libpp.a(if_hwctrl.o)
 .data          0x000000003ffe8548        0x0 /home/stoffer/esp8266/esp-open-sdk/sdk/lib/libpp.a(lmac.o)
 .data          0x000000003ffe8548        0x1 /home/stoffer/esp8266/esp-open-sdk/sdk/lib/libpp.a(pm.o)
 *fill*         0x000000003ffe8549        0x3 
 .data          0x000000003ffe854c        0x1 /home/stoffer/esp8266/esp-open-sdk/sdk/lib/libpp.a(pm_for_bcn_only_mode.o)
 *fill*         0x000000003ffe854d        0x3 
 .data          0x000000003ffe8550       0x1c /home/stoffer/esp8266/esp-open-sdk/sdk/lib/libpp.a(pp.o)
                0x000000003ffe8550                soft_wdt_interval
                0x000000003ffe8554                NoiseTimerInterval
                0x000000003ffe855c                sleep_start_wait_time
                0x000000003ffe8564                CanDoFreqCal
                0x000000003ffe8568                tcb
 *fill*         0x000000003ffe856c        0x4 
 .data          0x000000003ffe8570       0x40 /home/stoffer/esp8266/esp-open-sdk/sdk/lib/libpp.a(rate_control.o)
 .data          0x000000003ffe85b0      0x24c /home/stoffer/esp8266/esp-open-sdk/sdk/lib/libpp.a(trc.o)
 .data          0x000000003ffe87fc        0x8 /home/stoffer/esp8266/esp-open-sdk/sdk/lib/libpp.a(wdev.o)
 .data          0x000000003ffe8804        0x0 /home/stoffer/esp8266/esp-open-sdk/sdk/lib/libpp.a(esf_buf.o)
 .data          0x000000003ffe8804        0x0 /home/stoffer/esp8266/esp-open-sdk/sdk/lib/libnet80211.a(ieee80211.o)
 .data          0x000000003ffe8804        0x0 /home/stoffer/esp8266/esp-open-sdk/sdk/lib/libnet80211.a(ieee80211_crypto.o)
 .data          0x000000003ffe8804        0x0 /home/stoffer/esp8266/esp-open-sdk/sdk/lib/libnet80211.a(ieee80211_ets.o)
 .data          0x000000003ffe8804        0x1 /home/stoffer/esp8266/esp-open-sdk/sdk/lib/libnet80211.a(ieee80211_hostap.o)
                0x000000003ffe8804                TmpSTAAPCloseAP
 .data          0x000000003ffe8805        0x0 /home/stoffer/esp8266/esp-open-sdk/sdk/lib/libnet80211.a(ieee80211_ht.o)
 .data          0x000000003ffe8805        0x0 /home/stoffer/esp8266/esp-open-sdk/sdk/lib/libnet80211.a(ieee80211_input.o)
 .data          0x000000003ffe8805        0x0 /home/stoffer/esp8266/esp-open-sdk/sdk/lib/libnet80211.a(ieee80211_mesh_quick.o)
 .data          0x000000003ffe8805        0x0 /home/stoffer/esp8266/esp-open-sdk/sdk/lib/libnet80211.a(ieee80211_output.o)
 .data          0x000000003ffe8805        0x0 /home/stoffer/esp8266/esp-open-sdk/sdk/lib/libnet80211.a(ieee80211_phy.o)
 .data          0x000000003ffe8805        0x0 /home/stoffer/esp8266/esp-open-sdk/sdk/lib/libnet80211.a(ieee80211_power.o)
 .data          0x000000003ffe8805        0x0 /home/stoffer/esp8266/esp-open-sdk/sdk/lib/libnet80211.a(ieee80211_proto.o)
 .data          0x000000003ffe8805        0x0 /home/stoffer/esp8266/esp-open-sdk/sdk/lib/libnet80211.a(ieee80211_rfid.o)
 .data          0x000000003ffe8805        0x0 /home/stoffer/esp8266/esp-open-sdk/sdk/lib/libnet80211.a(ieee80211_scan.o)
 .data          0x000000003ffe8805        0x0 /home/stoffer/esp8266/esp-open-sdk/sdk/lib/libnet80211.a(ieee80211_sta.o)
 .data          0x000000003ffe8805        0x0 /home/stoffer/esp8266/esp-open-sdk/sdk/lib/libnet80211.a(wl_chm.o)
 *fill*         0x000000003ffe8805        0x3 
 .data          0x000000003ffe8808        0x1 /home/stoffer/esp8266/esp-open-sdk/sdk/lib/libnet80211.a(wl_cnx.o)
 *fill*         0x000000003ffe8809        0x7 
 .data          0x000000003ffe8810       0x1c /home/stoffer/esp8266/esp-open-sdk/sdk/lib/libnet80211.a(ieee80211_action.o)
 .data          0x000000003ffe882c        0x0 /home/stoffer/esp8266/esp-open-sdk/sdk/lib/libnet80211.a(ieee80211_action_vendor.o)
 .data          0x000000003ffe882c        0x0 /home/stoffer/esp8266/esp-open-sdk/sdk/lib/libnet80211.a(ieee80211_crypto_ccmp.o)
 .data          0x000000003ffe882c        0x0 /home/stoffer/esp8266/esp-open-sdk/sdk/lib/libnet80211.a(ieee80211_ie_vendor.o)
 .data          0x000000003ffe882c        0x4 /home/stoffer/esp8266/esp-open-sdk/sdk/lib/liblwip.a(dhcp.o)
 .data          0x000000003ffe8830        0x5 /home/stoffer/esp8266/esp-open-sdk/sdk/lib/liblwip.a(dhcpserver.o)
                0x000000003ffe8830                dhcps_lease_time
 .data          0x000000003ffe8835        0x0 /home/stoffer/esp8266/esp-open-sdk/sdk/lib/liblwip.a(dns.o)
 .data          0x000000003ffe8835        0x0 /home/stoffer/esp8266/esp-open-sdk/sdk/lib/liblwip.a(espconn.o)
 .data          0x000000003ffe8835        0x0 /home/stoffer/esp8266/esp-open-sdk/sdk/lib/liblwip.a(espconn_tcp.o)
 .data          0x000000003ffe8835        0x0 /home/stoffer/esp8266/esp-open-sdk/sdk/lib/liblwip.a(espconn_udp.o)
 .data          0x000000003ffe8835        0x0 /home/stoffer/esp8266/esp-open-sdk/sdk/lib/liblwip.a(etharp.o)
 .data          0x000000003ffe8835        0x0 /home/stoffer/esp8266/esp-open-sdk/sdk/lib/liblwip.a(igmp.o)
 .data          0x000000003ffe8835        0x0 /home/stoffer/esp8266/esp-open-sdk/sdk/lib/liblwip.a(inet_chksum.o)
 .data          0x000000003ffe8835        0x0 /home/stoffer/esp8266/esp-open-sdk/sdk/lib/liblwip.a(init.o)
 .data          0x000000003ffe8835        0x0 /home/stoffer/esp8266/esp-open-sdk/sdk/lib/liblwip.a(ip_addr.o)
 .data          0x000000003ffe8835        0x0 /home/stoffer/esp8266/esp-open-sdk/sdk/lib/liblwip.a(ip.o)
 *fill*         0x000000003ffe8835        0x3 
 .data          0x000000003ffe8838        0x2 /home/stoffer/esp8266/esp-open-sdk/sdk/lib/liblwip.a(memp.o)
                0x000000003ffe8838                memp_sizes_test
 .data          0x000000003ffe883a        0x0 /home/stoffer/esp8266/esp-open-sdk/sdk/lib/liblwip.a(netif.o)
 .data          0x000000003ffe883a        0x0 /home/stoffer/esp8266/esp-open-sdk/sdk/lib/liblwip.a(pbuf.o)
 .data          0x000000003ffe883a        0x0 /home/stoffer/esp8266/esp-open-sdk/sdk/lib/liblwip.a(raw.o)
 *fill*         0x000000003ffe883a        0x2 
 .data          0x000000003ffe883c        0x1 /home/stoffer/esp8266/esp-open-sdk/sdk/lib/liblwip.a(sntp.o)
                0x000000003ffe883c                time_zone
 .data          0x000000003ffe883d        0x0 /home/stoffer/esp8266/esp-open-sdk/sdk/lib/liblwip.a(tcp_in.o)
 *fill*         0x000000003ffe883d        0x3 
 .data          0x000000003ffe8840        0x8 /home/stoffer/esp8266/esp-open-sdk/sdk/lib/liblwip.a(tcp.o)
 .data          0x000000003ffe8848        0x0 /home/stoffer/esp8266/esp-open-sdk/sdk/lib/liblwip.a(tcp_out.o)
 .data          0x000000003ffe8848        0x0 /home/stoffer/esp8266/esp-open-sdk/sdk/lib/liblwip.a(timers.o)
 .data          0x000000003ffe8848        0x0 /home/stoffer/esp8266/esp-open-sdk/sdk/lib/liblwip.a(udp.o)
 .data          0x000000003ffe8848        0x0 /home/stoffer/esp8266/esp-open-sdk/sdk/lib/liblwip.a(icmp.o)
 .data          0x000000003ffe8848        0x0 /home/stoffer/esp8266/esp-open-sdk/sdk/lib/libwpa.a(ap_config.o)
 .data          0x000000003ffe8848        0x0 /home/stoffer/esp8266/esp-open-sdk/sdk/lib/libwpa.a(common.o)
 .data          0x000000003ffe8848        0x0 /home/stoffer/esp8266/esp-open-sdk/sdk/lib/libwpa.a(os_xtensa.o)
 .data          0x000000003ffe8848        0x0 /home/stoffer/esp8266/esp-open-sdk/sdk/lib/libwpa.a(wpa_auth.o)
 .data          0x000000003ffe8848        0x0 /home/stoffer/esp8266/esp-open-sdk/sdk/lib/libwpa.a(wpa_auth_ie.o)
 .data          0x000000003ffe8848        0x0 /home/stoffer/esp8266/esp-open-sdk/sdk/lib/libwpa.a(wpa.o)
 .data          0x000000003ffe8848        0x0 /home/stoffer/esp8266/esp-open-sdk/sdk/lib/libwpa.a(wpa_common.o)
 .data          0x000000003ffe8848        0x0 /home/stoffer/esp8266/esp-open-sdk/sdk/lib/libwpa.a(wpa_debug.o)
 .data          0x000000003ffe8848        0x0 /home/stoffer/esp8266/esp-open-sdk/sdk/lib/libwpa.a(wpa_ie.o)
 .data          0x000000003ffe8848        0x0 /home/stoffer/esp8266/esp-open-sdk/sdk/lib/libwpa.a(wpa_main.o)
 .data          0x000000003ffe8848        0x0 /home/stoffer/esp8266/esp-open-sdk/sdk/lib/libwpa.a(wpas_glue.o)
 .data          0x000000003ffe8848        0x0 /home/stoffer/esp8266/esp-open-sdk/sdk/lib/libwpa.a(aes-wrap.o)
 .data          0x000000003ffe8848        0x0 /home/stoffer/esp8266/esp-open-sdk/sdk/lib/libwpa.a(aes-internal-enc.o)
 .data          0x000000003ffe8848        0x0 /home/stoffer/esp8266/esp-open-sdk/sdk/lib/libwpa.a(aes-internal.o)
 .data          0x000000003ffe8848        0x0 /home/stoffer/esp8266/esp-open-sdk/xtensa-lx106-elf/bin/../lib/gcc/xtensa-lx106-elf/4.8.2/libgcc.a(_modsi3.o)
 .data          0x000000003ffe8848        0x0 /home/stoffer/esp8266/esp-open-sdk/xtensa-lx106-elf/bin/../lib/gcc/xtensa-lx106-elf/4.8.2/libgcc.a(_ashrdi3.o)
 .data          0x000000003ffe8848        0x0 /home/stoffer/esp8266/esp-open-sdk/xtensa-lx106-elf/bin/../lib/gcc/xtensa-lx106-elf/4.8.2/libgcc.a(_addsubsf3.o)
 .data          0x000000003ffe8848        0x0 /home/stoffer/esp8266/esp-open-sdk/xtensa-lx106-elf/bin/../lib/gcc/xtensa-lx106-elf/4.8.2/libgcc.a(_mulsf3.o)
 .data          0x000000003ffe8848        0x0 /home/stoffer/esp8266/esp-open-sdk/xtensa-lx106-elf/bin/../lib/gcc/xtensa-lx106-elf/4.8.2/libgcc.a(_divsf3.o)
 .data          0x000000003ffe8848        0x0 /home/stoffer/esp8266/esp-open-sdk/xtensa-lx106-elf/bin/../lib/gcc/xtensa-lx106-elf/4.8.2/libgcc.a(_fixsfsi.o)
 .data          0x000000003ffe8848        0x0 /home/stoffer/esp8266/esp-open-sdk/xtensa-lx106-elf/bin/../lib/gcc/xtensa-lx106-elf/4.8.2/libgcc.a(_fixunssfsi.o)
 .data          0x000000003ffe8848        0x0 /home/stoffer/esp8266/esp-open-sdk/xtensa-lx106-elf/bin/../lib/gcc/xtensa-lx106-elf/4.8.2/libgcc.a(_floatsisf.o)
 .data          0x000000003ffe8848        0x0 /home/stoffer/esp8266/esp-open-sdk/xtensa-lx106-elf/bin/../lib/gcc/xtensa-lx106-elf/4.8.2/libgcc.a(_muldf3.o)
 .data          0x000000003ffe8848        0x0 /home/stoffer/esp8266/esp-open-sdk/xtensa-lx106-elf/bin/../lib/gcc/xtensa-lx106-elf/4.8.2/libgcc.a(_divdf3.o)
 .data          0x000000003ffe8848        0x0 /home/stoffer/esp8266/esp-open-sdk/xtensa-lx106-elf/bin/../lib/gcc/xtensa-lx106-elf/4.8.2/libgcc.a(_fixdfsi.o)
 .data          0x000000003ffe8848        0x0 /home/stoffer/esp8266/esp-open-sdk/xtensa-lx106-elf/bin/../lib/gcc/xtensa-lx106-elf/4.8.2/libgcc.a(_floatsidf.o)
 .data          0x000000003ffe8848        0x0 /home/stoffer/esp8266/esp-open-sdk/xtensa-lx106-elf/bin/../lib/gcc/xtensa-lx106-elf/4.8.2/libgcc.a(_truncdfsf2.o)
 .data          0x000000003ffe8848        0x0 /home/stoffer/esp8266/esp-open-sdk/xtensa-lx106-elf/bin/../lib/gcc/xtensa-lx106-elf/4.8.2/libgcc.a(_divdi3.o)
 .data          0x000000003ffe8848        0x0 /home/stoffer/esp8266/esp-open-sdk/sdk/lib/libnet80211.a(ieee80211_crypto_tkip.o)
 .data          0x000000003ffe8848        0x0 /home/stoffer/esp8266/esp-open-sdk/sdk/lib/libnet80211.a(ieee80211_crypto_wep.o)
 *(.data.*)
 *(.gnu.linkonce.d.*)
 *(.data1)
 *(.sdata)
 *(.sdata.*)
 *(.gnu.linkonce.s.*)
 *(.sdata2)
 *(.sdata2.*)
 *(.gnu.linkonce.s2.*)
 *(.jcr)
                0x000000003ffe8848                _data_end = ABSOLUTE (.)

.rodata         0x000000003ffe8850     0x1ae8
                0x000000003ffe8850                _rodata_start = ABSOLUTE (.)
 *(.sdk.version)
 .sdk.version   0x000000003ffe8850       0x10 /home/stoffer/esp8266/esp-open-sdk/sdk/lib/libmain.a(app_main.o)
                0x000000003ffe8850                SDK_VERSION
 *(.rodata)
 .rodata        0x000000003ffe8860       0x48 build/app_app.a(httpd.o)
 .rodata        0x000000003ffe88a8      0x200 build/app_app.a(utils.o)
                0x000000003ffe88a8                ccit_crc16_table
 .rodata        0x000000003ffe8aa8      0x120 build/app_app.a(sha256.o)
 .rodata        0x000000003ffe8bc8      0x300 build/app_app.a(aes.o)
 .rodata        0x000000003ffe8ec8       0x70 build/app_app.a(mqtt.o)
 .rodata        0x000000003ffe8f38       0x10 build/app_app.a(config.o)
 .rodata        0x000000003ffe8f48       0x24 build/app_app.a(heatshrink_decoder.o)
 .rodata        0x000000003ffe8f6c      0x101 /home/stoffer/esp8266/esp-open-sdk/xtensa-lx106-elf/bin/../lib/gcc/xtensa-lx106-elf/4.8.2/../../../../xtensa-lx106-elf/lib/libc.a(lib_a-ctype_.o)
                0x000000003ffe8f6c                _ctype_
 *fill*         0x000000003ffe906d        0x3 
 .rodata        0x000000003ffe9070        0x4 /home/stoffer/esp8266/esp-open-sdk/xtensa-lx106-elf/bin/../lib/gcc/xtensa-lx106-elf/4.8.2/../../../../xtensa-lx106-elf/lib/libc.a(lib_a-impure.o)
                0x000000003ffe9070                _global_impure_ptr
 .rodata        0x000000003ffe9074        0x8 /home/stoffer/esp8266/esp-open-sdk/sdk/lib/libphy.a(phy_chip_v6_ana.o)
 .rodata        0x000000003ffe907c        0x8 /home/stoffer/esp8266/esp-open-sdk/sdk/lib/libphy.a(phy_chip_v6.o)
 .rodata        0x000000003ffe9084        0x4 /home/stoffer/esp8266/esp-open-sdk/sdk/lib/libpp.a(pp.o)
 .rodata        0x000000003ffe9088        0x8 /home/stoffer/esp8266/esp-open-sdk/sdk/lib/libnet80211.a(ieee80211_hostap.o)
 .rodata        0x000000003ffe9090        0x9 /home/stoffer/esp8266/esp-open-sdk/sdk/lib/libnet80211.a(ieee80211_output.o)
 *fill*         0x000000003ffe9099        0x3 
 .rodata        0x000000003ffe909c        0x6 /home/stoffer/esp8266/esp-open-sdk/sdk/lib/liblwip.a(etharp.o)
                0x000000003ffe909c                ethbroadcast
 *fill*         0x000000003ffe90a2        0xe 
 .rodata        0x000000003ffe90b0       0xc0 /home/stoffer/esp8266/esp-open-sdk/sdk/lib/liblwip.a(sntp.o)
 *(.rodata.*)
 .rodata.str1.4
                0x000000003ffe9170        0xc /home/stoffer/esp8266/esp-open-sdk/sdk/lib/libmain.a(app_main.o)
 .rodata.str1.4
                0x000000003ffe917c        0x4 /home/stoffer/esp8266/esp-open-sdk/sdk/lib/libmain.a(ets_timer.o)
                                          0xc (size before relaxing)
 .rodata.str1.4
                0x000000003ffe9180       0x1a /home/stoffer/esp8266/esp-open-sdk/sdk/lib/libmain.a(mem_manager.o)
 *fill*         0x000000003ffe919a        0x2 
 .rodata.str1.4
                0x000000003ffe919c      0x2fb build/app_app.a(user_main.o)
                                        0x307 (size before relaxing)
 *fill*         0x000000003ffe9497        0x1 
 .rodata.str1.4
                0x000000003ffe9498       0x11 build/app_app.a(captdns.o)
 *fill*         0x000000003ffe94a9        0x3 
 .rodata.str1.4
                0x000000003ffe94ac      0x342 build/app_app.a(httpd.o)
                                        0x34e (size before relaxing)
 *fill*         0x000000003ffe97ee        0x2 
 .rodata.str1.4
                0x000000003ffe97f0        0x8 build/app_app.a(utils.o)
                                          0xb (size before relaxing)
 .rodata.str1.4
                0x000000003ffe97f8       0xb2 build/app_app.a(httpd_user_init.o)
                                         0xb6 (size before relaxing)
 *fill*         0x000000003ffe98aa        0x2 
 .rodata.str1.4
                0x000000003ffe98ac       0x36 build/app_app.a(crypto.o)
                                         0x3a (size before relaxing)
 *fill*         0x000000003ffe98e2        0x2 
 .rodata.str1.4
                0x000000003ffe98e4       0x11 build/app_app.a(sha256.o)
 *fill*         0x000000003ffe98f5        0x3 
 .rodata.str1.4
                0x000000003ffe98f8       0x3e build/app_app.a(ext_spi_flash.o)
 *fill*         0x000000003ffe9936        0x2 
 .rodata.str1.4
                0x000000003ffe9938      0x3db build/app_app.a(mqtt.o)
                                        0x3f7 (size before relaxing)
 *fill*         0x000000003ffe9d13        0x1 
 .rodata.str1.4
                0x000000003ffe9d14        0x7 build/app_app.a(mqtt_msg.o)
 .rodata.str1.4
                0x0000000000000000        0x1 build/app_app.a(queue.o)
 *fill*         0x000000003ffe9d1b        0x1 
 .rodata.str1.4
                0x000000003ffe9d1c       0xb7 build/app_app.a(config.o)
                                         0xc3 (size before relaxing)
 *fill*         0x000000003ffe9dd3        0x1 
 .rodata.str1.4
                0x000000003ffe9dd4       0x68 build/app_app.a(wifi.o)
                                         0x6c (size before relaxing)
 .rodata.str1.4
                0x000000003ffe9e3c       0x20 build/app_app.a(unix_time.o)
                                         0x24 (size before relaxing)
 .rodata.str1.4
                0x000000003ffe9e5c       0x68 build/app_app.a(cgi.o)
                                         0x6c (size before relaxing)
 .rodata.str1.4
                0x000000003ffe9ec4       0x32 build/app_app.a(httpdespfs.o)
                                         0x46 (size before relaxing)
 *fill*         0x000000003ffe9ef6        0x2 
 .rodata.str1.4
                0x000000003ffe9ef8      0x2df build/app_app.a(cgiwifi.o)
                                        0x307 (size before relaxing)
 *fill*         0x000000003ffea1d7        0x1 
 .rodata.str1.4
                0x000000003ffea1d8       0x81 build/app_app.a(espfs.o)
                                         0x85 (size before relaxing)
 .rodata.str1.4
                0x0000000000000000        0x1 build/app_app.a(heatshrink_decoder.o)
 .rodata.str1.1
                0x000000003ffea259        0x2 /home/stoffer/esp8266/esp-open-sdk/xtensa-lx106-elf/bin/../lib/gcc/xtensa-lx106-elf/4.8.2/../../../../xtensa-lx106-elf/lib/libc.a(lib_a-impure.o)
 *fill*         0x000000003ffea25b        0x1 
 .rodata.str1.4
                0x000000003ffea25c        0x4 /home/stoffer/esp8266/esp-open-sdk/sdk/lib/libpp.a(lmac.o)
                                          0xc (size before relaxing)
 .rodata.str1.4
                0x000000003ffea260        0x4 /home/stoffer/esp8266/esp-open-sdk/sdk/lib/libpp.a(pm_for_bcn_only_mode.o)
                                          0xc (size before relaxing)
 .rodata.str1.4
                0x000000003ffea264        0x8 /home/stoffer/esp8266/esp-open-sdk/sdk/lib/libpp.a(pp.o)
                                         0x10 (size before relaxing)
 .rodata.str1.4
                0x000000003ffea26c        0x4 /home/stoffer/esp8266/esp-open-sdk/sdk/lib/libpp.a(wdev.o)
                                          0xc (size before relaxing)
 .rodata.str1.4
                0x000000003ffea270        0x3 /home/stoffer/esp8266/esp-open-sdk/sdk/lib/libnet80211.a(ieee80211_hostap.o)
                                          0x8 (size before relaxing)
 *fill*         0x000000003ffea273        0x1 
 .rodata.str1.4
                0x000000003ffea274        0x7 /home/stoffer/esp8266/esp-open-sdk/sdk/lib/libnet80211.a(ieee80211_mesh_quick.o)
 .rodata.str1.4
                0x0000000000000000        0x4 /home/stoffer/esp8266/esp-open-sdk/sdk/lib/libnet80211.a(ieee80211_sta.o)
 .rodata.str1.4
                0x0000000000000000        0x4 /home/stoffer/esp8266/esp-open-sdk/sdk/lib/libnet80211.a(ieee80211_action_vendor.o)
 .rodata.str1.4
                0x0000000000000000        0x4 /home/stoffer/esp8266/esp-open-sdk/sdk/lib/libnet80211.a(ieee80211_ie_vendor.o)
 .rodata.str1.4
                0x0000000000000000        0x1 /home/stoffer/esp8266/esp-open-sdk/sdk/lib/liblwip.a(espconn_tcp.o)
 *fill*         0x000000003ffea27b        0x1 
 .rodata.str1.4
                0x000000003ffea27c       0x20 /home/stoffer/esp8266/esp-open-sdk/sdk/lib/liblwip.a(sntp.o)
 .rodata.str1.4
                0x000000003ffea29c        0x8 /home/stoffer/esp8266/esp-open-sdk/sdk/lib/libwpa.a(wpa_debug.o)
                                          0xd (size before relaxing)
 *(.gnu.linkonce.r.*)
 *(.rodata1)
                0x000000003ffea2a4                __XT_EXCEPTION_TABLE__ = ABSOLUTE (.)
 *(.xt_except_table)
 *(.gcc_except_table)
 *(.gnu.linkonce.e.*)
 *(.gnu.version_r)
 *(.eh_frame)
 .eh_frame      0x000000003ffea2a4       0x38 /home/stoffer/esp8266/esp-open-sdk/xtensa-lx106-elf/bin/../lib/gcc/xtensa-lx106-elf/4.8.2/libgcc.a(_udivdi3.o)
 .eh_frame      0x000000003ffea2dc       0x2c /home/stoffer/esp8266/esp-open-sdk/xtensa-lx106-elf/bin/../lib/gcc/xtensa-lx106-elf/4.8.2/libgcc.a(_umoddi3.o)
                                         0x3c (size before relaxing)
 .eh_frame      0x000000003ffea308       0x28 /home/stoffer/esp8266/esp-open-sdk/xtensa-lx106-elf/bin/../lib/gcc/xtensa-lx106-elf/4.8.2/libgcc.a(_divdi3.o)
                                         0x38 (size before relaxing)
 *crtbegin.o(.ctors)
 *(EXCLUDE_FILE(*crtend.o) .ctors)
 *(SORT(.ctors.*))
 *(.ctors)
 *crtbegin.o(.dtors)
 *(EXCLUDE_FILE(*crtend.o) .dtors)
 *(SORT(.dtors.*))
 *(.dtors)
                0x000000003ffea330                __XT_EXCEPTION_DESCS__ = ABSOLUTE (.)
 *(.xt_except_desc)
 *(.gnu.linkonce.h.*)
                0x000000003ffea330                __XT_EXCEPTION_DESCS_END__ = ABSOLUTE (.)
 *(.xt_except_desc_end)
 *(.dynamic)
 *(.gnu.version_d)
                0x000000003ffea330                . = ALIGN (0x4)
                0x000000003ffea330                _bss_table_start = ABSOLUTE (.)
                0x000000003ffea330        0x4 LONG 0x3ffea338 _bss_start
                0x000000003ffea334        0x4 LONG 0x3fff2f58 _bss_end
                0x000000003ffea338                _bss_table_end = ABSOLUTE (.)
                0x000000003ffea338                _rodata_end = ABSOLUTE (.)

.bss            0x000000003ffea338     0x8c20
                0x000000003ffea338                . = ALIGN (0x8)
                0x000000003ffea338                _bss_start = ABSOLUTE (.)
 *(.dynsbss)
 *(.sbss)
 *(.sbss.*)
 *(.gnu.linkonce.sb.*)
 *(.scommon)
 *(.sbss2)
 *(.sbss2.*)
 *(.gnu.linkonce.sb2.*)
 *(.dynbss)
 *(.bss)
 .bss           0x000000003ffea338        0x0 /home/stoffer/esp8266/esp-open-sdk/sdk/lib/libmain.a(debug-vector.o)
 .bss           0x000000003ffea338        0x0 /home/stoffer/esp8266/esp-open-sdk/sdk/lib/libmain.a(double-vector.o)
 .bss           0x000000003ffea338        0x0 /home/stoffer/esp8266/esp-open-sdk/sdk/lib/libmain.a(kernel-vector.o)
 *fill*         0x000000003ffea338        0x8 
 .bss           0x000000003ffea340      0x1c0 /home/stoffer/esp8266/esp-open-sdk/sdk/lib/libmain.a(nmi-vector.o)
 .bss           0x000000003ffea500        0x0 /home/stoffer/esp8266/esp-open-sdk/sdk/lib/libmain.a(user-vector.o)
 .bss           0x000000003ffea500        0x0 /home/stoffer/esp8266/esp-open-sdk/sdk/lib/libmain.a(vector.o)
 .bss           0x000000003ffea500       0x41 /home/stoffer/esp8266/esp-open-sdk/sdk/lib/libmain.a(app_main.o)
                0x000000003ffea504                info
                0x000000003ffea528                lwip_timer_interval
                0x000000003ffea52c                check_timeouts_timer
                0x000000003ffea540                user_init_flag
 *fill*         0x000000003ffea541        0xf 
 .bss           0x000000003ffea550       0x30 /home/stoffer/esp8266/esp-open-sdk/sdk/lib/libmain.a(ets_timer.o)
                0x000000003ffea550                dbg_timer_flag
                0x000000003ffea554                timer_list
                0x000000003ffea558                debug_timer
                0x000000003ffea55c                debug_timerfn
 .bss           0x000000003ffea580       0x3c /home/stoffer/esp8266/esp-open-sdk/sdk/lib/libmain.a(mem_manager.o)
 .bss           0x000000003ffea5bc        0x4 /home/stoffer/esp8266/esp-open-sdk/sdk/lib/libmain.a(spi_flash.o)
                0x000000003ffea5bc                flash_read
 .bss           0x000000003ffea5c0      0x242 /home/stoffer/esp8266/esp-open-sdk/sdk/lib/libmain.a(user_interface.o)
                0x000000003ffea6b7                deep_sleep_flag
                0x000000003ffea6b8                cpu_overclock
                0x000000003ffea6bc                event_cb
                0x000000003ffea6c0                status_led_output_level
                0x000000003ffea6c4                done_cb
                0x000000003ffea6c8                rst_if
                0x000000003ffea6e4                default_interface
                0x000000003ffea6e5                OpmodChgIsOnGoing
                0x000000003ffea6e8                promiscuous_cb
                0x000000003ffea700                event_TaskQueue
 .bss           0x000000003ffea802        0x0 /home/stoffer/esp8266/esp-open-sdk/sdk/lib/libmain.a(eagle_lib.o)
 *fill*         0x000000003ffea802        0x2 
 .bss           0x000000003ffea804        0xc /home/stoffer/esp8266/esp-open-sdk/sdk/lib/libmain.a(eagle_lwip_if.o)
                0x000000003ffea804                hostname
 .bss           0x000000003ffea810        0x0 /home/stoffer/esp8266/esp-open-sdk/xtensa-lx106-elf/bin/../lib/gcc/xtensa-lx106-elf/4.8.2/libgcc.a(_udivsi3.o)
 .bss           0x000000003ffea810        0x0 /home/stoffer/esp8266/esp-open-sdk/xtensa-lx106-elf/bin/../lib/gcc/xtensa-lx106-elf/4.8.2/libgcc.a(_umodsi3.o)
 .bss           0x000000003ffea810        0x0 /home/stoffer/esp8266/esp-open-sdk/xtensa-lx106-elf/bin/../lib/gcc/xtensa-lx106-elf/4.8.2/libgcc.a(_muldi3.o)
 .bss           0x000000003ffea810        0x0 /home/stoffer/esp8266/esp-open-sdk/xtensa-lx106-elf/bin/../lib/gcc/xtensa-lx106-elf/4.8.2/libgcc.a(_umulsidi3.o)
 .bss           0x000000003ffea810       0x68 build/app_app.a(user_main.o)
                0x000000003ffea810                counter
 .bss           0x000000003ffea878       0x2c build/app_app.a(captdns.o)
 .bss           0x000000003ffea8a4       0x14 build/app_app.a(led.o)
 .bss           0x000000003ffea8b8     0x21f4 build/app_app.a(httpd.o)
 .bss           0x000000003ffecaac        0x0 build/app_app.a(utils.o)
 .bss           0x000000003ffecaac        0x0 build/app_app.a(httpd_user_init.o)
 .bss           0x000000003ffecaac        0x0 build/app_app.a(crypto.o)
 .bss           0x000000003ffecaac        0x0 build/app_app.a(hmac-sha256.o)
 .bss           0x000000003ffecaac        0x0 build/app_app.a(sha256.o)
 .bss           0x000000003ffecaac       0xbc build/app_app.a(aes.o)
 .bss           0x000000003ffecb68        0x0 build/app_app.a(uart.o)
 .bss           0x000000003ffecb68        0x0 build/app_app.a(ext_spi_flash.o)
 .bss           0x000000003ffecb68        0x0 build/app_app.a(spi.o)
 .bss           0x000000003ffecb68        0x0 build/app_app.a(gpio16.o)
 .bss           0x000000003ffecb68        0x8 build/app_app.a(mqtt.o)
                0x000000003ffecb68                default_private_key_len
                0x000000003ffecb6c                default_certificate_len
 .bss           0x000000003ffecb70        0x0 build/app_app.a(mqtt_msg.o)
 .bss           0x000000003ffecb70        0x0 build/app_app.a(queue.o)
 .bss           0x000000003ffecb70        0x0 build/app_app.a(mqtt_utils.o)
 .bss           0x000000003ffecb70        0x0 build/app_app.a(proto.o)
 .bss           0x000000003ffecb70       0x14 build/app_app.a(config.o)
 .bss           0x000000003ffecb84       0x20 build/app_app.a(wifi.o)
                0x000000003ffecb84                wifi_reconnect
                0x000000003ffecb85                wifi_scan_runnning
                0x000000003ffecb86                wifi_fallback_last_present
                0x000000003ffecb87                wifi_fallback_present
                0x000000003ffecb88                wifi_cb
 .bss           0x000000003ffecba4        0x8 build/app_app.a(tinyprintf.o)
 .bss           0x000000003ffecbac       0x30 build/app_app.a(unix_time.o)
                0x000000003ffecbac                ntp_offline_second_counter
                0x000000003ffecbb0                init_time
 .bss           0x000000003ffecbdc        0x5 build/app_app.a(cgi.o)
 .bss           0x000000003ffecbe1        0x0 build/app_app.a(httpdespfs.o)
 *fill*         0x000000003ffecbe1        0x3 
 .bss           0x000000003ffecbe4       0x14 build/app_app.a(cgiwifi.o)
 .bss           0x000000003ffecbf8        0x0 build/app_app.a(espfs.o)
 .bss           0x000000003ffecbf8        0x0 build/app_app.a(heatshrink_decoder.o)
 .bss           0x000000003ffecbf8        0x0 build/app_app.a(ringbuf.o)
 .bss           0x000000003ffecbf8        0x0 /home/stoffer/esp8266/esp-open-sdk/xtensa-lx106-elf/bin/../lib/gcc/xtensa-lx106-elf/4.8.2/../../../../xtensa-lx106-elf/lib/libc.a(lib_a-atoi.o)
 .bss           0x000000003ffecbf8        0x0 /home/stoffer/esp8266/esp-open-sdk/xtensa-lx106-elf/bin/../lib/gcc/xtensa-lx106-elf/4.8.2/../../../../xtensa-lx106-elf/lib/libc.a(lib_a-memcpy.o)
 .bss           0x000000003ffecbf8        0x0 /home/stoffer/esp8266/esp-open-sdk/xtensa-lx106-elf/bin/../lib/gcc/xtensa-lx106-elf/4.8.2/../../../../xtensa-lx106-elf/lib/libc.a(lib_a-memset.o)
 .bss           0x000000003ffecbf8        0x0 /home/stoffer/esp8266/esp-open-sdk/xtensa-lx106-elf/bin/../lib/gcc/xtensa-lx106-elf/4.8.2/../../../../xtensa-lx106-elf/lib/libc.a(lib_a-strlen.o)
 .bss           0x000000003ffecbf8        0x0 /home/stoffer/esp8266/esp-open-sdk/xtensa-lx106-elf/bin/../lib/gcc/xtensa-lx106-elf/4.8.2/../../../../xtensa-lx106-elf/lib/libc.a(lib_a-strtok.o)
 .bss           0x000000003ffecbf8        0x0 /home/stoffer/esp8266/esp-open-sdk/xtensa-lx106-elf/bin/../lib/gcc/xtensa-lx106-elf/4.8.2/../../../../xtensa-lx106-elf/lib/libc.a(lib_a-strtok_r.o)
 .bss           0x000000003ffecbf8        0x0 /home/stoffer/esp8266/esp-open-sdk/xtensa-lx106-elf/bin/../lib/gcc/xtensa-lx106-elf/4.8.2/../../../../xtensa-lx106-elf/lib/libc.a(lib_a-strtol.o)
 .bss           0x000000003ffecbf8        0x0 /home/stoffer/esp8266/esp-open-sdk/xtensa-lx106-elf/bin/../lib/gcc/xtensa-lx106-elf/4.8.2/../../../../xtensa-lx106-elf/lib/libc.a(lib_a-ctype_.o)
 .bss           0x000000003ffecbf8        0x0 /home/stoffer/esp8266/esp-open-sdk/xtensa-lx106-elf/bin/../lib/gcc/xtensa-lx106-elf/4.8.2/../../../../xtensa-lx106-elf/lib/libc.a(lib_a-impure.o)
 .bss           0x000000003ffecbf8        0x0 /home/stoffer/esp8266/esp-open-sdk/xtensa-lx106-elf/bin/../lib/gcc/xtensa-lx106-elf/4.8.2/libgcc.a(_divsi3.o)
 .bss           0x000000003ffecbf8        0x0 /home/stoffer/esp8266/esp-open-sdk/xtensa-lx106-elf/bin/../lib/gcc/xtensa-lx106-elf/4.8.2/libgcc.a(_udivdi3.o)
 .bss           0x000000003ffecbf8        0x0 /home/stoffer/esp8266/esp-open-sdk/xtensa-lx106-elf/bin/../lib/gcc/xtensa-lx106-elf/4.8.2/libgcc.a(_umoddi3.o)
 .bss           0x000000003ffecbf8        0x0 /home/stoffer/esp8266/esp-open-sdk/xtensa-lx106-elf/bin/../xtensa-lx106-elf/sysroot/usr/lib/libhal.a(int_asm--set_intclear.o)
 .bss           0x000000003ffecbf8        0x4 /home/stoffer/esp8266/esp-open-sdk/sdk/lib/libphy.a(phy.o)
 .bss           0x000000003ffecbfc        0x2 /home/stoffer/esp8266/esp-open-sdk/sdk/lib/libphy.a(phy_chip_v6_ana.o)
                0x000000003ffecbfc                tout_dis_txpwr_track
                0x000000003ffecbfd                sleep_mode_flag
 *fill*         0x000000003ffecbfe        0x2 
 .bss           0x000000003ffecc00      0x160 /home/stoffer/esp8266/esp-open-sdk/sdk/lib/libphy.a(phy_chip_v6.o)
                0x000000003ffecc00                g_phyFuns
                0x000000003ffecc04                rxiq_compute_num
                0x000000003ffecc08                rx_table_renew_en
                0x000000003ffecc0c                check_result
                0x000000003ffecc10                chip6_sleep_params
                0x000000003ffecca4                chip6_phy_init_ctrl
                0x000000003ffecd18                phy_freq_offset
                0x000000003ffecd1a                do_pwctrl_flag
                0x000000003ffecd1b                pwctrl_debug
                0x000000003ffecd1c                txbk_dpdby_flag
                0x000000003ffecd1e                sw_scan_mode
                0x000000003ffecd1f                rxmax_ext_level
                0x000000003ffecd20                phy_rx_gain_dc_table
                0x000000003ffecd34                periodic_cal_dc_num
                0x000000003ffecd38                periodic_cal_flag
                0x000000003ffecd39                bbpll_cal_flag
                0x000000003ffecd3a                phy_in_most_power
                0x000000003ffecd3b                init_rf_no_cal
                0x000000003ffecd3c                test_print_time
                0x000000003ffecd40                phy_rx_gain_dc_flag
                0x000000003ffecd41                phy_in_vdd33_offset
                0x000000003ffecd42                phy_set_most_tpw_disbg
                0x000000003ffecd43                phy_set_most_tpw_index
                0x000000003ffecd44                adc_rand_noise
                0x000000003ffecd48                dpd_bypass_original
                0x000000003ffecd50                noise_array
 .bss           0x000000003ffecd60        0x8 /home/stoffer/esp8266/esp-open-sdk/sdk/lib/libphy.a(phy_chip_v6_cal.o)
                0x000000003ffecd60                phy_tx_power_out
                0x000000003ffecd62                loop_pwctrl_pwdet_error_accum_high_power
                0x000000003ffecd64                tx_pwctrl_pk_num
                0x000000003ffecd65                tx_pwctrl_track_num
                0x000000003ffecd66                loop_pwctrl_correct_atten_high_power
                0x000000003ffecd67                rxiq_cover_fail_num
 .bss           0x000000003ffecd68        0x0 /home/stoffer/esp8266/esp-open-sdk/sdk/lib/libphy.a(phy_chip_v6_unused.o)
 .bss           0x000000003ffecd68        0x7 /home/stoffer/esp8266/esp-open-sdk/sdk/lib/libphy.a(phy_sleep.o)
                0x000000003ffecd68                periodic_cal_sat
                0x000000003ffecd6a                lslp_mem_opt_8266
                0x000000003ffecd6c                software_slp_reject
                0x000000003ffecd6d                SDIO_slp_reject
                0x000000003ffecd6e                hardware_reject
 *fill*         0x000000003ffecd6f        0x1 
 .bss           0x000000003ffecd70       0x40 /home/stoffer/esp8266/esp-open-sdk/sdk/lib/libpp.a(if_hwctrl.o)
                0x000000003ffecd70                interface_mask
                0x000000003ffecd90                if_ctrl
 .bss           0x000000003ffecdb0      0x150 /home/stoffer/esp8266/esp-open-sdk/sdk/lib/libpp.a(lmac.o)
                0x000000003ffecdb4                lmacConfMib
                0x000000003ffecdd8                our_tx_eb
 .bss           0x000000003ffecf00      0x11a /home/stoffer/esp8266/esp-open-sdk/sdk/lib/libpp.a(pm.o)
                0x000000003ffecf00                pmc
                0x000000003ffecfe0                flash_tmp
 *fill*         0x000000003ffed01a        0x2 
 .bss           0x000000003ffed01c       0x34 /home/stoffer/esp8266/esp-open-sdk/sdk/lib/libpp.a(pm_for_bcn_only_mode.o)
 .bss           0x000000003ffed050      0x322 /home/stoffer/esp8266/esp-open-sdk/sdk/lib/libpp.a(pp.o)
                0x000000003ffed068                pend_flag_noise_check
                0x000000003ffed070                pend_flag_periodic_cal
                0x000000003ffed088                idle_timer_reopen_flag
                0x000000003ffed08a                dbg_stop_sw_wdt
                0x000000003ffed08b                dbg_stop_hw_wdt
                0x000000003ffed08d                total_buffed_eb_num
                0x000000003ffed090                HighestFreqOffsetInOneChk
                0x000000003ffed092                LowestFreqOffsetInOneChk
                0x000000003ffed094                DefFreqCalTimer
                0x000000003ffed0a8                PktNumInOneChk
                0x000000003ffed230                buffed_eb_arr
 *fill*         0x000000003ffed372        0xe 
 .bss           0x000000003ffed380      0x100 /home/stoffer/esp8266/esp-open-sdk/sdk/lib/libpp.a(rate_control.o)
 .bss           0x000000003ffed480      0x46c /home/stoffer/esp8266/esp-open-sdk/sdk/lib/libpp.a(trc.o)
 *fill*         0x000000003ffed8ec        0x4 
 .bss           0x000000003ffed8f0     0x2f88 /home/stoffer/esp8266/esp-open-sdk/sdk/lib/libpp.a(wdev.o)
                0x000000003ffed8f0                wDevCtrl
                0x000000003ffeda98                WdevTimOffSet
 *fill*         0x000000003fff0878        0x8 
 .bss           0x000000003fff0880      0xaa4 /home/stoffer/esp8266/esp-open-sdk/sdk/lib/libpp.a(esf_buf.o)
 .bss           0x000000003fff1324      0x67c /home/stoffer/esp8266/esp-open-sdk/sdk/lib/libnet80211.a(ieee80211.o)
                0x000000003fff1324                g_ic
 .bss           0x000000003fff19a0        0x0 /home/stoffer/esp8266/esp-open-sdk/sdk/lib/libnet80211.a(ieee80211_crypto.o)
 .bss           0x000000003fff19a0        0x0 /home/stoffer/esp8266/esp-open-sdk/sdk/lib/libnet80211.a(ieee80211_ets.o)
 .bss           0x000000003fff19a0       0x56 /home/stoffer/esp8266/esp-open-sdk/sdk/lib/libnet80211.a(ieee80211_hostap.o)
                0x000000003fff19a0                BcnEb_update
                0x000000003fff19ad                BcnWithMcastSendStart
                0x000000003fff19ae                BcnWithMcastSendCnt
                0x000000003fff19c8                PendFreeBcnEb
                0x000000003fff19cc                ApFreqCalTimer
                0x000000003fff19e0                APRecvBcnStartTick
 .bss           0x000000003fff19f6        0x0 /home/stoffer/esp8266/esp-open-sdk/sdk/lib/libnet80211.a(ieee80211_ht.o)
 .bss           0x000000003fff19f6        0x0 /home/stoffer/esp8266/esp-open-sdk/sdk/lib/libnet80211.a(ieee80211_input.o)
 .bss           0x000000003fff19f6        0x0 /home/stoffer/esp8266/esp-open-sdk/sdk/lib/libnet80211.a(ieee80211_mesh_quick.o)
 .bss           0x000000003fff19f6        0x0 /home/stoffer/esp8266/esp-open-sdk/sdk/lib/libnet80211.a(ieee80211_output.o)
 .bss           0x000000003fff19f6        0x0 /home/stoffer/esp8266/esp-open-sdk/sdk/lib/libnet80211.a(ieee80211_phy.o)
 .bss           0x000000003fff19f6        0x0 /home/stoffer/esp8266/esp-open-sdk/sdk/lib/libnet80211.a(ieee80211_power.o)
 .bss           0x000000003fff19f6        0x0 /home/stoffer/esp8266/esp-open-sdk/sdk/lib/libnet80211.a(ieee80211_proto.o)
 .bss           0x000000003fff19f6        0x0 /home/stoffer/esp8266/esp-open-sdk/sdk/lib/libnet80211.a(ieee80211_rfid.o)
 *fill*         0x000000003fff19f6        0x2 
 .bss           0x000000003fff19f8       0xc8 /home/stoffer/esp8266/esp-open-sdk/sdk/lib/libnet80211.a(ieee80211_scan.o)
                0x000000003fff19f8                gScanStruct
                0x000000003fff1aa4                connect_scan_flag
                0x000000003fff1aa5                FreqCalCntForScan
                0x000000003fff1aa6                TestStaFreqCalValInput
                0x000000003fff1aa8                auth_type
                0x000000003fff1aaa                scannum
 .bss           0x000000003fff1ac0       0x10 /home/stoffer/esp8266/esp-open-sdk/sdk/lib/libnet80211.a(ieee80211_sta.o)
 .bss           0x000000003fff1ad0       0x3c /home/stoffer/esp8266/esp-open-sdk/sdk/lib/libnet80211.a(wl_chm.o)
 *fill*         0x000000003fff1b0c        0x4 
 .bss           0x000000003fff1b10      0x37a /home/stoffer/esp8266/esp-open-sdk/sdk/lib/libnet80211.a(wl_cnx.o)
                0x000000003fff1e70                sta_con_timer
                0x000000003fff1e84                g_cnx_probe_rc_list_cb
                0x000000003fff1e88                reconnect_flag
                0x000000003fff1e89                no_ap_found_index
 .bss           0x000000003fff1e8a        0x0 /home/stoffer/esp8266/esp-open-sdk/sdk/lib/libnet80211.a(ieee80211_action.o)
 *fill*         0x000000003fff1e8a        0x2 
 .bss           0x000000003fff1e8c       0x10 /home/stoffer/esp8266/esp-open-sdk/sdk/lib/libnet80211.a(ieee80211_action_vendor.o)
 .bss           0x000000003fff1e9c        0x0 /home/stoffer/esp8266/esp-open-sdk/sdk/lib/libnet80211.a(ieee80211_crypto_ccmp.o)
 .bss           0x000000003fff1e9c        0x0 /home/stoffer/esp8266/esp-open-sdk/sdk/lib/libnet80211.a(ieee80211_ie_vendor.o)
 *fill*         0x000000003fff1e9c        0x4 
 .bss           0x000000003fff1ea0       0x38 /home/stoffer/esp8266/esp-open-sdk/sdk/lib/liblwip.a(dhcp.o)
                0x000000003fff1ea0                dhcp_rx_options_given
                0x000000003fff1eb0                dhcp_rx_options_val
 .bss           0x000000003fff1ed8       0x28 /home/stoffer/esp8266/esp-open-sdk/sdk/lib/liblwip.a(dhcpserver.o)
 .bss           0x000000003fff1f00      0x480 /home/stoffer/esp8266/esp-open-sdk/sdk/lib/liblwip.a(dns.o)
 .bss           0x000000003fff2380      0x104 /home/stoffer/esp8266/esp-open-sdk/sdk/lib/liblwip.a(espconn.o)
                0x000000003fff2380                plink_active
                0x000000003fff2384                pserver_list
                0x000000003fff2390                premot
                0x000000003fff2450                pktinfo
 *fill*         0x000000003fff2484        0xc 
 .bss           0x000000003fff2490       0x78 /home/stoffer/esp8266/esp-open-sdk/sdk/lib/liblwip.a(espconn_tcp.o)
                0x000000003fff2490                espconn_TaskQueue
 .bss           0x000000003fff2508        0x0 /home/stoffer/esp8266/esp-open-sdk/sdk/lib/liblwip.a(espconn_udp.o)
 *fill*         0x000000003fff2508        0x8 
 .bss           0x000000003fff2510      0x100 /home/stoffer/esp8266/esp-open-sdk/sdk/lib/liblwip.a(etharp.o)
                0x000000003fff2514                ethzero
 .bss           0x000000003fff2610        0xc /home/stoffer/esp8266/esp-open-sdk/sdk/lib/liblwip.a(igmp.o)
 .bss           0x000000003fff261c        0x0 /home/stoffer/esp8266/esp-open-sdk/sdk/lib/liblwip.a(inet_chksum.o)
 .bss           0x000000003fff261c        0x0 /home/stoffer/esp8266/esp-open-sdk/sdk/lib/liblwip.a(init.o)
 *fill*         0x000000003fff261c        0x4 
 .bss           0x000000003fff2620       0x10 /home/stoffer/esp8266/esp-open-sdk/sdk/lib/liblwip.a(ip_addr.o)
 .bss           0x000000003fff2630       0x12 /home/stoffer/esp8266/esp-open-sdk/sdk/lib/liblwip.a(ip.o)
                0x000000003fff2630                current_iphdr_dest
                0x000000003fff2634                current_iphdr_src
                0x000000003fff2638                current_netif
                0x000000003fff263c                current_header
 .bss           0x000000003fff2642        0x0 /home/stoffer/esp8266/esp-open-sdk/sdk/lib/liblwip.a(memp.o)
 *fill*         0x000000003fff2642        0x2 
 .bss           0x000000003fff2644        0x9 /home/stoffer/esp8266/esp-open-sdk/sdk/lib/liblwip.a(netif.o)
                0x000000003fff2644                netif_list
                0x000000003fff2648                netif_default
 .bss           0x000000003fff264d        0x0 /home/stoffer/esp8266/esp-open-sdk/sdk/lib/liblwip.a(pbuf.o)
 *fill*         0x000000003fff264d        0x3 
 .bss           0x000000003fff2650        0x4 /home/stoffer/esp8266/esp-open-sdk/sdk/lib/liblwip.a(raw.o)
 *fill*         0x000000003fff2654        0xc 
 .bss           0x000000003fff2660      0x118 /home/stoffer/esp8266/esp-open-sdk/sdk/lib/liblwip.a(sntp.o)
                0x000000003fff2660                res_buf
                0x000000003fff2684                __tzyear
                0x000000003fff2688                __tznorth
                0x000000003fff268c                realtime_stamp
                0x000000003fff26b0                sntp__tzrule
                0x000000003fff26f0                reult
 .bss           0x000000003fff2778       0x34 /home/stoffer/esp8266/esp-open-sdk/sdk/lib/liblwip.a(tcp_in.o)
                0x000000003fff27a8                tcp_input_pcb
 .bss           0x000000003fff27ac       0x1c /home/stoffer/esp8266/esp-open-sdk/sdk/lib/liblwip.a(tcp.o)
                0x000000003fff27b0                tcp_active_pcbs
                0x000000003fff27b4                tcp_tmp_pcb
                0x000000003fff27b8                tcp_tw_pcbs
                0x000000003fff27bc                tcp_bound_pcbs
                0x000000003fff27c0                tcp_listen_pcbs
                0x000000003fff27c4                tcp_ticks
 .bss           0x000000003fff27c8        0x0 /home/stoffer/esp8266/esp-open-sdk/sdk/lib/liblwip.a(tcp_out.o)
 .bss           0x000000003fff27c8        0xc /home/stoffer/esp8266/esp-open-sdk/sdk/lib/liblwip.a(timers.o)
 .bss           0x000000003fff27d4        0x4 /home/stoffer/esp8266/esp-open-sdk/sdk/lib/liblwip.a(udp.o)
                0x000000003fff27d4                udp_pcbs
 .bss           0x000000003fff27d8        0x0 /home/stoffer/esp8266/esp-open-sdk/sdk/lib/liblwip.a(icmp.o)
 .bss           0x000000003fff27d8        0x0 /home/stoffer/esp8266/esp-open-sdk/sdk/lib/libwpa.a(ap_config.o)
 .bss           0x000000003fff27d8        0x0 /home/stoffer/esp8266/esp-open-sdk/sdk/lib/libwpa.a(common.o)
 .bss           0x000000003fff27d8        0x0 /home/stoffer/esp8266/esp-open-sdk/sdk/lib/libwpa.a(os_xtensa.o)
 .bss           0x000000003fff27d8        0x0 /home/stoffer/esp8266/esp-open-sdk/sdk/lib/libwpa.a(wpa_auth.o)
 .bss           0x000000003fff27d8        0x0 /home/stoffer/esp8266/esp-open-sdk/sdk/lib/libwpa.a(wpa_auth_ie.o)
 *fill*         0x000000003fff27d8        0x8 
 .bss           0x000000003fff27e0      0x26a /home/stoffer/esp8266/esp-open-sdk/sdk/lib/libwpa.a(wpa.o)
 .bss           0x000000003fff2a4a        0x0 /home/stoffer/esp8266/esp-open-sdk/sdk/lib/libwpa.a(wpa_common.o)
 .bss           0x000000003fff2a4a        0x0 /home/stoffer/esp8266/esp-open-sdk/sdk/lib/libwpa.a(wpa_debug.o)
 .bss           0x000000003fff2a4a        0x0 /home/stoffer/esp8266/esp-open-sdk/sdk/lib/libwpa.a(wpa_ie.o)
 .bss           0x000000003fff2a4a        0x0 /home/stoffer/esp8266/esp-open-sdk/sdk/lib/libwpa.a(wpa_main.o)
 .bss           0x000000003fff2a4a        0x0 /home/stoffer/esp8266/esp-open-sdk/sdk/lib/libwpa.a(wpas_glue.o)
 .bss           0x000000003fff2a4a        0x0 /home/stoffer/esp8266/esp-open-sdk/sdk/lib/libwpa.a(aes-wrap.o)
 .bss           0x000000003fff2a4a        0x0 /home/stoffer/esp8266/esp-open-sdk/sdk/lib/libwpa.a(aes-internal-enc.o)
 .bss           0x000000003fff2a4a        0x0 /home/stoffer/esp8266/esp-open-sdk/sdk/lib/libwpa.a(aes-internal.o)
 .bss           0x000000003fff2a4a        0x0 /home/stoffer/esp8266/esp-open-sdk/xtensa-lx106-elf/bin/../lib/gcc/xtensa-lx106-elf/4.8.2/libgcc.a(_modsi3.o)
 .bss           0x000000003fff2a4a        0x0 /home/stoffer/esp8266/esp-open-sdk/xtensa-lx106-elf/bin/../lib/gcc/xtensa-lx106-elf/4.8.2/libgcc.a(_ashrdi3.o)
 .bss           0x000000003fff2a4a        0x0 /home/stoffer/esp8266/esp-open-sdk/xtensa-lx106-elf/bin/../lib/gcc/xtensa-lx106-elf/4.8.2/libgcc.a(_addsubsf3.o)
 .bss           0x000000003fff2a4a        0x0 /home/stoffer/esp8266/esp-open-sdk/xtensa-lx106-elf/bin/../lib/gcc/xtensa-lx106-elf/4.8.2/libgcc.a(_mulsf3.o)
 .bss           0x000000003fff2a4a        0x0 /home/stoffer/esp8266/esp-open-sdk/xtensa-lx106-elf/bin/../lib/gcc/xtensa-lx106-elf/4.8.2/libgcc.a(_divsf3.o)
 .bss           0x000000003fff2a4a        0x0 /home/stoffer/esp8266/esp-open-sdk/xtensa-lx106-elf/bin/../lib/gcc/xtensa-lx106-elf/4.8.2/libgcc.a(_fixsfsi.o)
 .bss           0x000000003fff2a4a        0x0 /home/stoffer/esp8266/esp-open-sdk/xtensa-lx106-elf/bin/../lib/gcc/xtensa-lx106-elf/4.8.2/libgcc.a(_fixunssfsi.o)
 .bss           0x000000003fff2a4a        0x0 /home/stoffer/esp8266/esp-open-sdk/xtensa-lx106-elf/bin/../lib/gcc/xtensa-lx106-elf/4.8.2/libgcc.a(_floatsisf.o)
 .bss           0x000000003fff2a4a        0x0 /home/stoffer/esp8266/esp-open-sdk/xtensa-lx106-elf/bin/../lib/gcc/xtensa-lx106-elf/4.8.2/libgcc.a(_muldf3.o)
 .bss           0x000000003fff2a4a        0x0 /home/stoffer/esp8266/esp-open-sdk/xtensa-lx106-elf/bin/../lib/gcc/xtensa-lx106-elf/4.8.2/libgcc.a(_divdf3.o)
 .bss           0x000000003fff2a4a        0x0 /home/stoffer/esp8266/esp-open-sdk/xtensa-lx106-elf/bin/../lib/gcc/xtensa-lx106-elf/4.8.2/libgcc.a(_fixdfsi.o)
 .bss           0x000000003fff2a4a        0x0 /home/stoffer/esp8266/esp-open-sdk/xtensa-lx106-elf/bin/../lib/gcc/xtensa-lx106-elf/4.8.2/libgcc.a(_floatsidf.o)
 .bss           0x000000003fff2a4a        0x0 /home/stoffer/esp8266/esp-open-sdk/xtensa-lx106-elf/bin/../lib/gcc/xtensa-lx106-elf/4.8.2/libgcc.a(_truncdfsf2.o)
 .bss           0x000000003fff2a4a        0x0 /home/stoffer/esp8266/esp-open-sdk/xtensa-lx106-elf/bin/../lib/gcc/xtensa-lx106-elf/4.8.2/libgcc.a(_divdi3.o)
 *fill*         0x000000003fff2a4a        0x6 
 .bss           0x000000003fff2a50        0x8 /home/stoffer/esp8266/esp-open-sdk/sdk/lib/libnet80211.a(ieee80211_crypto_tkip.o)
 .bss           0x000000003fff2a58        0x0 /home/stoffer/esp8266/esp-open-sdk/sdk/lib/libnet80211.a(ieee80211_crypto_wep.o)
 *(.bss.*)
 *(.gnu.linkonce.b.*)
 *(COMMON)
 COMMON         0x000000003fff2a58       0xf4 build/app_app.a(user_main.o)
                0x000000003fff2a58                impulses_per_kwh
                0x000000003fff2a5c                last_impulse_meter_count
                0x000000003fff2a60                impulse_rising_edge_time
                0x000000003fff2a64                mqttClient
                0x000000003fff2b34                current_energy
                0x000000003fff2b38                last_impulse_time
                0x000000003fff2b3c                impulse_time
                0x000000003fff2b40                rtc_info
                0x000000003fff2b44                impulse_falling_edge_time
                0x000000003fff2b48                impulse_meter_energy
 COMMON         0x000000003fff2b4c       0x40 build/app_app.a(crypto.o)
                0x000000003fff2b4c                hmac_sha256_key
                0x000000003fff2b5c                aes_key
                0x000000003fff2b6c                sha256_hash
 COMMON         0x000000003fff2b8c      0x200 build/app_app.a(uart.o)
                0x000000003fff2b8c                kmp_received_task_queue
 COMMON         0x000000003fff2d8c       0x10 build/app_app.a(mqtt.o)
                0x000000003fff2d8c                default_private_key
                0x000000003fff2d90                default_certificate
                0x000000003fff2d94                mqtt_procTaskQueue
 COMMON         0x000000003fff2d9c      0x190 build/app_app.a(config.o)
                0x000000003fff2d9c                sys_cfg
                0x000000003fff2f24                config_save_timer_running
                0x000000003fff2f28                saveFlag
 COMMON         0x000000003fff2f2c        0x8 build/app_app.a(wifi.o)
                0x000000003fff2f2c                config_ssid
                0x000000003fff2f30                config_pass
 *fill*         0x000000003fff2f34        0x4 
 COMMON         0x000000003fff2f38       0x10 build/app_app.a(unix_time.o)
                0x000000003fff2f38                current_unix_time
                0x000000003fff2f40                boot_time
 COMMON         0x000000003fff2f48        0xc build/app_app.a(cgiwifi.o)
                0x000000003fff2f48                cgiWifiAps
                0x000000003fff2f58                . = ALIGN (0x8)
 *fill*         0x000000003fff2f54        0x4 
                0x000000003fff2f58                _bss_end = ABSOLUTE (.)
                0x000000003fff2f58                _heap_start = ABSOLUTE (.)

.text           0x0000000040100000     0x794a
                0x0000000040100000                _stext = .
                0x0000000040100000                _text_start = ABSOLUTE (.)
 *(.UserEnter.text)
 .UserEnter.text
                0x0000000040100000        0xd /home/stoffer/esp8266/esp-open-sdk/sdk/lib/libmain.a(vector.o)
                                         0x14 (size before relaxing)
                0x0000000040100004                call_user_start
                0x0000000040100010                . = ALIGN (0x10)
 *fill*         0x000000004010000d        0x3 
 *(.DebugExceptionVector.text)
 .DebugExceptionVector.text
                0x0000000040100010        0x6 /home/stoffer/esp8266/esp-open-sdk/sdk/lib/libmain.a(debug-vector.o)
                0x0000000040100010                _DebugExceptionVector
                0x0000000040100020                . = ALIGN (0x10)
 *fill*         0x0000000040100016        0xa 
 *(.NMIExceptionVector.text)
 .NMIExceptionVector.text
                0x0000000040100020        0x6 /home/stoffer/esp8266/esp-open-sdk/sdk/lib/libmain.a(nmi-vector.o)
                                          0xd (size before relaxing)
                0x0000000040100020                _NMIExceptionVector
                0x0000000040100030                . = ALIGN (0x10)
 *fill*         0x0000000040100026        0xa 
 *(.KernelExceptionVector.text)
 .KernelExceptionVector.text
                0x0000000040100030        0x6 /home/stoffer/esp8266/esp-open-sdk/sdk/lib/libmain.a(kernel-vector.o)
                0x0000000040100030                _KernelExceptionVector
                0x0000000040100036        0x4 LONG 0x0
                0x000000004010003a        0x4 LONG 0x0
                0x000000004010003e        0x4 LONG 0x0
                0x0000000040100042        0x4 LONG 0x0
                0x0000000040100050                . = ALIGN (0x10)
 *fill*         0x0000000040100046        0xa 
 *(.UserExceptionVector.text)
 .UserExceptionVector.text
                0x0000000040100050        0x6 /home/stoffer/esp8266/esp-open-sdk/sdk/lib/libmain.a(user-vector.o)
                                          0xd (size before relaxing)
                0x0000000040100050                _UserExceptionVector
                0x0000000040100056        0x4 LONG 0x0
                0x000000004010005a        0x4 LONG 0x0
                0x000000004010005e        0x4 LONG 0x0
                0x0000000040100062        0x4 LONG 0x0
                0x0000000040100070                . = ALIGN (0x10)
 *fill*         0x0000000040100066        0xa 
 *(.DoubleExceptionVector.text)
 .DoubleExceptionVector.text
                0x0000000040100070        0x6 /home/stoffer/esp8266/esp-open-sdk/sdk/lib/libmain.a(double-vector.o)
                0x0000000040100070                _DoubleExceptionVector
                0x0000000040100076        0x4 LONG 0x0
                0x000000004010007a        0x4 LONG 0x0
                0x000000004010007e        0x4 LONG 0x0
                0x0000000040100082        0x4 LONG 0x0
                0x0000000040100090                . = ALIGN (0x10)
 *fill*         0x0000000040100086        0xa 
 *(.entry.text)
 *(.init.literal)
 *(.init)
 *(.literal .text .literal.* .text.* .stub .gnu.warning .gnu.linkonce.literal.* .gnu.linkonce.t.*.literal .gnu.linkonce.t.*)
 .text          0x0000000040100090       0xc7 /home/stoffer/esp8266/esp-open-sdk/sdk/lib/libmain.a(nmi-vector.o)
                                         0xcb (size before relaxing)
                0x000000004010009c                _NMILevelVector
 *fill*         0x0000000040100157        0x1 
 .text          0x0000000040100158       0x1e /home/stoffer/esp8266/esp-open-sdk/sdk/lib/libmain.a(user-vector.o)
                0x000000004010015c                _UserExceptionVector_1
 *fill*         0x0000000040100176        0x2 
 .text          0x0000000040100178      0x5b2 /home/stoffer/esp8266/esp-open-sdk/sdk/lib/libmain.a(app_main.o)
                                        0x616 (size before relaxing)
                0x00000000401001b0                Cache_Read_Enable_New
                0x00000000401001ec                NmiTimSetFunc
                0x0000000040100210                NMI_Handler
                0x0000000040100268                call_user_start_local
                0x00000000401003c8                wdt_feed
 *fill*         0x000000004010072a        0x2 
 .text          0x000000004010072c      0x3cc /home/stoffer/esp8266/esp-open-sdk/sdk/lib/libmain.a(ets_timer.o)
                                        0x450 (size before relaxing)
                0x0000000040100800                ets_timer_setfn
                0x00000000401008dc                ets_timer_disarm
                0x000000004010098c                ets_timer_arm_new
 .text          0x0000000040100af8      0x30f /home/stoffer/esp8266/esp-open-sdk/sdk/lib/libmain.a(mem_manager.o)
                                        0x367 (size before relaxing)
                0x0000000040100afc                prvInsertBlockIntoUsedList
                0x0000000040100b2c                system_show_malloc
                0x0000000040100b2c                pvShowMalloc
                0x0000000040100bb8                prvRemoveBlockFromUsedList
                0x0000000040100be4                xPortWantedSizeAlign
                0x0000000040100c0c                pvPortMalloc
                0x0000000040100cd4                vPortFree
                0x0000000040100d2c                pvPortCalloc
                0x0000000040100d5c                pvPortZalloc
                0x0000000040100d78                pvPortRealloc
 *fill*         0x0000000040100e07        0x1 
 .text          0x0000000040100e08      0x269 /home/stoffer/esp8266/esp-open-sdk/sdk/lib/libmain.a(spi_flash.o)
                                        0x2b5 (size before relaxing)
                0x0000000040100e0c                Cache_Read_Disable_2
                0x0000000040100e4c                Cache_Read_Enable_2
                0x0000000040100e84                spi_flash_get_id
                0x0000000040100ee0                spi_flash_read_status
                0x0000000040100f14                spi_flash_write_status
                0x0000000040100f94                spi_flash_erase_sector
                0x0000000040100fc8                spi_flash_write
                0x000000004010101c                spi_flash_read
 *fill*         0x0000000040101071        0x3 
 .text          0x0000000040101074      0x2ee /home/stoffer/esp8266/esp-open-sdk/sdk/lib/libmain.a(user_interface.o)
                                        0x34a (size before relaxing)
                0x0000000040101090                os_printf_plus
                0x00000000401011bc                system_restart_core
                0x00000000401011f4                system_deep_sleep_local_2
                0x0000000040101268                system_get_time
                0x0000000040101280                system_os_post
                0x00000000401012b4                system_rtc_mem_write
                0x000000004010130c                system_rtc_mem_read
 *fill*         0x0000000040101362        0x2 
 .literal       0x0000000040101364        0x0 /home/stoffer/esp8266/esp-open-sdk/xtensa-lx106-elf/bin/../lib/gcc/xtensa-lx106-elf/4.8.2/libgcc.a(_muldi3.o)
                                          0x4 (size before relaxing)
 .literal       0x0000000040101364        0x0 /home/stoffer/esp8266/esp-open-sdk/xtensa-lx106-elf/bin/../lib/gcc/xtensa-lx106-elf/4.8.2/../../../../xtensa-lx106-elf/lib/libc.a(lib_a-atoi.o)
                                          0x8 (size before relaxing)
 .literal       0x0000000040101364        0x8 /home/stoffer/esp8266/esp-open-sdk/xtensa-lx106-elf/bin/../lib/gcc/xtensa-lx106-elf/4.8.2/../../../../xtensa-lx106-elf/lib/libc.a(lib_a-strlen.o)
                                          0xc (size before relaxing)
 .literal       0x000000004010136c        0x4 /home/stoffer/esp8266/esp-open-sdk/xtensa-lx106-elf/bin/../lib/gcc/xtensa-lx106-elf/4.8.2/../../../../xtensa-lx106-elf/lib/libc.a(lib_a-strtok.o)
                                          0x8 (size before relaxing)
 .literal       0x0000000040101370        0xc /home/stoffer/esp8266/esp-open-sdk/xtensa-lx106-elf/bin/../lib/gcc/xtensa-lx106-elf/4.8.2/../../../../xtensa-lx106-elf/lib/libc.a(lib_a-strtol.o)
                                         0x18 (size before relaxing)
 .literal       0x000000004010137c        0x0 /home/stoffer/esp8266/esp-open-sdk/xtensa-lx106-elf/bin/../lib/gcc/xtensa-lx106-elf/4.8.2/libgcc.a(_udivdi3.o)
                                         0x48 (size before relaxing)
 .literal       0x000000004010137c        0x0 /home/stoffer/esp8266/esp-open-sdk/xtensa-lx106-elf/bin/../lib/gcc/xtensa-lx106-elf/4.8.2/libgcc.a(_umoddi3.o)
                                         0x40 (size before relaxing)
 .literal       0x000000004010137c        0x4 /home/stoffer/esp8266/esp-open-sdk/xtensa-lx106-elf/bin/../lib/gcc/xtensa-lx106-elf/4.8.2/libgcc.a(_addsubsf3.o)
                                          0xc (size before relaxing)
 .literal       0x0000000040101380        0x0 /home/stoffer/esp8266/esp-open-sdk/xtensa-lx106-elf/bin/../lib/gcc/xtensa-lx106-elf/4.8.2/libgcc.a(_mulsf3.o)
                                         0x10 (size before relaxing)
 .literal       0x0000000040101380        0x0 /home/stoffer/esp8266/esp-open-sdk/xtensa-lx106-elf/bin/../lib/gcc/xtensa-lx106-elf/4.8.2/libgcc.a(_divsf3.o)
                                         0x10 (size before relaxing)
 .literal       0x0000000040101380        0x0 /home/stoffer/esp8266/esp-open-sdk/xtensa-lx106-elf/bin/../lib/gcc/xtensa-lx106-elf/4.8.2/libgcc.a(_fixsfsi.o)
                                          0x4 (size before relaxing)
 .literal       0x0000000040101380        0x0 /home/stoffer/esp8266/esp-open-sdk/xtensa-lx106-elf/bin/../lib/gcc/xtensa-lx106-elf/4.8.2/libgcc.a(_fixunssfsi.o)
                                          0x4 (size before relaxing)
 .literal       0x0000000040101380        0x8 /home/stoffer/esp8266/esp-open-sdk/xtensa-lx106-elf/bin/../lib/gcc/xtensa-lx106-elf/4.8.2/libgcc.a(_muldf3.o)
                                         0x10 (size before relaxing)
 .literal       0x0000000040101388        0x0 /home/stoffer/esp8266/esp-open-sdk/xtensa-lx106-elf/bin/../lib/gcc/xtensa-lx106-elf/4.8.2/libgcc.a(_divdf3.o)
                                         0x10 (size before relaxing)
 .literal       0x0000000040101388        0x0 /home/stoffer/esp8266/esp-open-sdk/xtensa-lx106-elf/bin/../lib/gcc/xtensa-lx106-elf/4.8.2/libgcc.a(_fixdfsi.o)
                                          0x4 (size before relaxing)
 .literal       0x0000000040101388        0x4 /home/stoffer/esp8266/esp-open-sdk/xtensa-lx106-elf/bin/../lib/gcc/xtensa-lx106-elf/4.8.2/libgcc.a(_truncdfsf2.o)
                                          0x8 (size before relaxing)
 .literal       0x000000004010138c        0x0 /home/stoffer/esp8266/esp-open-sdk/xtensa-lx106-elf/bin/../lib/gcc/xtensa-lx106-elf/4.8.2/libgcc.a(_divdi3.o)
                                         0x48 (size before relaxing)
 .text          0x000000004010138c       0x36 /home/stoffer/esp8266/esp-open-sdk/xtensa-lx106-elf/bin/../lib/gcc/xtensa-lx106-elf/4.8.2/libgcc.a(_muldi3.o)
                0x000000004010138c                __muldi3
 *fill*         0x00000000401013c2        0x2 
 .text          0x00000000401013c4      0x120 build/app_app.a(user_main.o)
                                        0x15b (size before relaxing)
                0x0000000040101404                gpio_int_handler
 *fill*         0x00000000401014e4        0x0 
 .text          0x00000000401014e4       0x68 build/app_app.a(httpd_user_init.o)
                                         0x70 (size before relaxing)
                0x00000000401014f0                myPassFn
                0x000000004010152c                httpd_user_init
 .text          0x000000004010154c       0xd5 build/app_app.a(uart.o)
                                         0xdd (size before relaxing)
                0x00000000401015f0                uart_tx_one_char
 *fill*         0x0000000040101621        0x3 
 .text          0x0000000040101624       0x85 build/app_app.a(wifi.o)
                                         0x8d (size before relaxing)
                0x0000000040101640                wifi_handle_event_cb
 *fill*         0x00000000401016a9        0x3 
 .text          0x00000000401016ac      0x434 build/app_app.a(heatshrink_decoder.o)
                                        0x44c (size before relaxing)
                0x0000000040101748                heatshrink_decoder_free
                0x0000000040101760                heatshrink_decoder_reset
                0x00000000401017ac                heatshrink_decoder_alloc
                0x0000000040101820                heatshrink_decoder_sink
                0x0000000040101898                heatshrink_decoder_poll
                0x0000000040101ab4                heatshrink_decoder_finish
 .text          0x0000000040101ae0       0x27 /home/stoffer/esp8266/esp-open-sdk/xtensa-lx106-elf/bin/../lib/gcc/xtensa-lx106-elf/4.8.2/../../../../xtensa-lx106-elf/lib/libc.a(lib_a-atoi.o)
                                         0x2f (size before relaxing)
                0x0000000040101ae0                atoi
                0x0000000040101af4                _atoi_r
 *fill*         0x0000000040101b07        0x1 
 .text          0x0000000040101b08       0x5b /home/stoffer/esp8266/esp-open-sdk/xtensa-lx106-elf/bin/../lib/gcc/xtensa-lx106-elf/4.8.2/../../../../xtensa-lx106-elf/lib/libc.a(lib_a-strlen.o)
                0x0000000040101b08                strlen
 *fill*         0x0000000040101b63        0x1 
 .text          0x0000000040101b64       0x1c /home/stoffer/esp8266/esp-open-sdk/xtensa-lx106-elf/bin/../lib/gcc/xtensa-lx106-elf/4.8.2/../../../../xtensa-lx106-elf/lib/libc.a(lib_a-strtok.o)
                0x0000000040101b64                strtok
 .text          0x0000000040101b80      0x15b /home/stoffer/esp8266/esp-open-sdk/xtensa-lx106-elf/bin/../lib/gcc/xtensa-lx106-elf/4.8.2/../../../../xtensa-lx106-elf/lib/libc.a(lib_a-strtol.o)
                                        0x15f (size before relaxing)
                0x0000000040101b80                _strtol_r
                0x0000000040101cbc                strtol
 *fill*         0x0000000040101cdb        0x1 
 .text          0x0000000040101cdc      0x38d /home/stoffer/esp8266/esp-open-sdk/xtensa-lx106-elf/bin/../lib/gcc/xtensa-lx106-elf/4.8.2/libgcc.a(_udivdi3.o)
                                        0x3b5 (size before relaxing)
                0x0000000040101cdc                __udivdi3
 *fill*         0x0000000040102069        0x3 
 .text          0x000000004010206c      0x33a /home/stoffer/esp8266/esp-open-sdk/xtensa-lx106-elf/bin/../lib/gcc/xtensa-lx106-elf/4.8.2/libgcc.a(_umoddi3.o)
                                        0x366 (size before relaxing)
                0x000000004010206c                __umoddi3
 *fill*         0x00000000401023a6        0x2 
 .text          0x00000000401023a8       0x53 /home/stoffer/esp8266/esp-open-sdk/sdk/lib/libphy.a(phy.o)
                                         0x5f (size before relaxing)
                0x00000000401023b0                register_phy_ops
                0x00000000401023d0                register_get_phy_addr
                0x00000000401023d8                phy_change_channel
                0x00000000401023f0                phy_get_mactime
 *fill*         0x00000000401023fb        0x1 
 .text          0x00000000401023fc       0xaa /home/stoffer/esp8266/esp-open-sdk/sdk/lib/libphy.a(phy_chip_v6_cal.o)
                                         0xb2 (size before relaxing)
                0x00000000401023fc                unsign_to_sign
                0x0000000040102434                phy_get_bb_freqoffset
                0x0000000040102498                phy_get_bb_evm
 *fill*         0x00000000401024a6        0x2 
 .text          0x00000000401024a8       0xeb /home/stoffer/esp8266/esp-open-sdk/sdk/lib/libphy.a(phy_sleep.o)
                                        0x103 (size before relaxing)
                0x00000000401024b0                pm_rtc_clock_cali
                0x0000000040102568                clockgate_watchdog
 *fill*         0x0000000040102593        0x1 
 .text          0x0000000040102594     0x160a /home/stoffer/esp8266/esp-open-sdk/sdk/lib/libpp.a(lmac.o)
                                       0x1962 (size before relaxing)
                0x0000000040102598                lmacIsActive
                0x00000000401025ac                lmacIsIdle
                0x0000000040102a30                lmacSetAcParam
                0x0000000040102a84                lmacProcessTXStartData
                0x0000000040102c04                lmacProcessTxSuccess
                0x0000000040102d48                GetAccess
                0x0000000040102d54                lmacDiscardAgedMSDU
                0x0000000040102d68                lmacRecycleMPDU
                0x0000000040103330                lmacProcessTxTimeout
                0x0000000040103398                lmacProcessAllTxTimeout
                0x00000000401033ac                lmacProcessCollisions
                0x000000004010340c                lmacProcessCollision
                0x0000000040103490                lmacMSDUAged
                0x0000000040103820                lmacProcessCtsTimeout
                0x0000000040103858                lmacProcessAckTimeout
                0x00000000401038b0                lmacProcessRtsStart
                0x00000000401038bc                lmacProcessTxRtsError
                0x000000004010395c                lmacProcessTxError
                0x00000000401039ec                lmacTxFrame
                0x0000000040103b88                lmacRxDone
 *fill*         0x0000000040103b9e        0x2 
 .text          0x0000000040103ba0      0x8e1 /home/stoffer/esp8266/esp-open-sdk/sdk/lib/libpp.a(pp.o)
                                        0x9fd (size before relaxing)
                0x0000000040103bd4                pp_soft_wdt_feed_local
                0x0000000040103c68                ppProcessTxQ
                0x0000000040103cdc                ppFetchTxQFirstAvail
                0x0000000040103d1c                ppDequeueTxQ
                0x0000000040103d44                ppRollBackTxQ
                0x0000000040103d68                ppRecordBarRRC
                0x0000000040103d78                ppTxqUpdateBitmap
                0x0000000040103da0                ppEnqueueTxDone
                0x0000000040103dd4                ppEnqueueRxq
                0x00000000401042bc                ppDiscardMPDU
                0x00000000401042e0                pp_post
                0x000000004010436c                pp_post2
                0x0000000040104394                ppCalTxop
                0x0000000040104414                ppCalFrameTimes
 *fill*         0x0000000040104481        0x3 
 .text          0x0000000040104484       0xf5 /home/stoffer/esp8266/esp-open-sdk/sdk/lib/libpp.a(rate_control.o)
                                        0x109 (size before relaxing)
                0x00000000401044a4                RC_GetAckRate
                0x00000000401044b0                RC_GetRtsRate
                0x00000000401044c0                RC_GetAckTime
                0x00000000401044d4                RC_GetCtsTime
                0x000000004010450c                RC_GetBlockAckTime
 *fill*         0x0000000040104579        0x3 
 .text          0x000000004010457c      0x9a1 /home/stoffer/esp8266/esp-open-sdk/sdk/lib/libpp.a(trc.o)
                                        0xa05 (size before relaxing)
                0x0000000040104750                rcUpdateTxDone
                0x00000000401047e4                rcUpdateRxDone
                0x0000000040104840                rcUpdateDataRxDone
                0x000000004010485c                rcGetSched
                0x0000000040104940                rcGetRate
                0x0000000040104e50                rcReachRetryLimit
                0x0000000040104e68                trc_NeedRTS
 *fill*         0x0000000040104f1d        0x3 
 .text          0x0000000040104f20     0x105f /home/stoffer/esp8266/esp-open-sdk/sdk/lib/libpp.a(wdev.o)
                                       0x1347 (size before relaxing)
                0x00000000401052c4                wDev_MacTim1SetFunc
                0x00000000401052e4                wDev_MacTim1Arm
                0x0000000040105378                wDev_ProcessFiq
                0x00000000401056bc                wDev_EnableTransmit
                0x00000000401056f4                wDev_DisableTransmit
                0x0000000040105714                Tx_Copy2Queue
                0x000000004010575c                wDev_ProcessCollision
                0x0000000040105780                wDev_GetTxqCollisions
                0x0000000040105790                wDev_ClearTxqCollisions
                0x00000000401057ac                wDev_SetWaitingQueue
                0x00000000401057f4                wDev_ClearWaitingQueue
                0x0000000040105818                wDev_SetFrameAckType
                0x000000004010587c                wDev_AppendRxBlocks
                0x00000000401059c0                wDev_AppendRxAmpduLensBlocks
                0x0000000040105a94                wDev_GetBAInfo
                0x0000000040105ac8                wDevDisableRx
 *fill*         0x0000000040105f7f        0x1 
 .text          0x0000000040105f80       0x4c /home/stoffer/esp8266/esp-open-sdk/sdk/lib/libpp.a(esf_buf.o)
                                         0x5c (size before relaxing)
                0x0000000040105f84                esf_rx_buf_alloc
 .text          0x0000000040105fcc       0x23 /home/stoffer/esp8266/esp-open-sdk/sdk/lib/libnet80211.a(ieee80211_output.o)
                                         0x27 (size before relaxing)
 *fill*         0x0000000040105fef        0x1 
 .text          0x0000000040105ff0        0xb /home/stoffer/esp8266/esp-open-sdk/sdk/lib/libnet80211.a(wl_chm.o)
                0x0000000040105ff4                chm_get_current_channel
 *fill*         0x0000000040105ffb        0x1 
 .text          0x0000000040105ffc       0x43 /home/stoffer/esp8266/esp-open-sdk/sdk/lib/liblwip.a(etharp.o)
                                         0x47 (size before relaxing)
 *fill*         0x000000004010603f        0x1 
 .text          0x0000000040106040       0xd6 /home/stoffer/esp8266/esp-open-sdk/sdk/lib/liblwip.a(sntp.o)
                                         0xde (size before relaxing)
                0x0000000040106048                sntp_get_current_timestamp
                0x0000000040106070                sntp_get_real_time
 *fill*         0x0000000040106116        0x2 
 .text          0x0000000040106118      0x1fd /home/stoffer/esp8266/esp-open-sdk/sdk/lib/liblwip.a(tcp.o)
                                        0x229 (size before relaxing)
 *fill*         0x0000000040106315        0x3 
 .text          0x0000000040106318      0x159 /home/stoffer/esp8266/esp-open-sdk/sdk/lib/liblwip.a(tcp_out.o)
                                        0x161 (size before relaxing)
 *fill*         0x0000000040106471        0x3 
 .text          0x0000000040106474       0xb4 /home/stoffer/esp8266/esp-open-sdk/sdk/lib/liblwip.a(timers.o)
                                         0xc0 (size before relaxing)
 .text          0x0000000040106528      0x1ff /home/stoffer/esp8266/esp-open-sdk/xtensa-lx106-elf/bin/../lib/gcc/xtensa-lx106-elf/4.8.2/libgcc.a(_addsubsf3.o)
                0x0000000040106544                __addsf3
                0x000000004010662c                __subsf3
 *fill*         0x0000000040106727        0x1 
 .text          0x0000000040106728      0x15d /home/stoffer/esp8266/esp-open-sdk/xtensa-lx106-elf/bin/../lib/gcc/xtensa-lx106-elf/4.8.2/libgcc.a(_mulsf3.o)
                0x00000000401067a0                __mulsf3
 *fill*         0x0000000040106885        0x3 
 .text          0x0000000040106888      0x135 /home/stoffer/esp8266/esp-open-sdk/xtensa-lx106-elf/bin/../lib/gcc/xtensa-lx106-elf/4.8.2/libgcc.a(_divsf3.o)
                0x0000000040106904                __divsf3
 *fill*         0x00000000401069bd        0x3 
 .text          0x00000000401069c0       0x40 /home/stoffer/esp8266/esp-open-sdk/xtensa-lx106-elf/bin/../lib/gcc/xtensa-lx106-elf/4.8.2/libgcc.a(_fixsfsi.o)
                0x00000000401069c0                __fixsfsi
 .text          0x0000000040106a00       0x51 /home/stoffer/esp8266/esp-open-sdk/xtensa-lx106-elf/bin/../lib/gcc/xtensa-lx106-elf/4.8.2/libgcc.a(_fixunssfsi.o)
                0x0000000040106a00                __fixunssfsi
 *fill*         0x0000000040106a51        0x3 
 .text          0x0000000040106a54      0x29b /home/stoffer/esp8266/esp-open-sdk/xtensa-lx106-elf/bin/../lib/gcc/xtensa-lx106-elf/4.8.2/libgcc.a(_muldf3.o)
                0x0000000040106b34                __muldf3
 *fill*         0x0000000040106cef        0x1 
 .text          0x0000000040106cf0      0x20b /home/stoffer/esp8266/esp-open-sdk/xtensa-lx106-elf/bin/../lib/gcc/xtensa-lx106-elf/4.8.2/libgcc.a(_divdf3.o)
                0x0000000040106dd8                __divdf3
 *fill*         0x0000000040106efb        0x1 
 .text          0x0000000040106efc       0x48 /home/stoffer/esp8266/esp-open-sdk/xtensa-lx106-elf/bin/../lib/gcc/xtensa-lx106-elf/4.8.2/libgcc.a(_fixdfsi.o)
                0x0000000040106efc                __fixdfsi
 .text          0x0000000040106f44       0xa0 /home/stoffer/esp8266/esp-open-sdk/xtensa-lx106-elf/bin/../lib/gcc/xtensa-lx106-elf/4.8.2/libgcc.a(_truncdfsf2.o)
                0x0000000040106f44                __truncdfsf2
 .text          0x0000000040106fe4      0x3eb /home/stoffer/esp8266/esp-open-sdk/xtensa-lx106-elf/bin/../lib/gcc/xtensa-lx106-elf/4.8.2/libgcc.a(_divdi3.o)
                                        0x41b (size before relaxing)
                0x0000000040106fe4                __divdi3
 .text          0x00000000401073cf        0x0 /home/stoffer/esp8266/esp-open-sdk/sdk/lib/libmain.a(debug-vector.o)
 .text          0x00000000401073cf        0x0 /home/stoffer/esp8266/esp-open-sdk/sdk/lib/libmain.a(double-vector.o)
 .text          0x00000000401073cf        0x0 /home/stoffer/esp8266/esp-open-sdk/sdk/lib/libmain.a(kernel-vector.o)
 *fill*         0x00000000401073cf        0x1 
 .literal       0x00000000401073d0        0x0 /home/stoffer/esp8266/esp-open-sdk/sdk/lib/libmain.a(nmi-vector.o)
 *fill*         0x00000000401073d0        0x0 
 .literal       0x00000000401073d0        0x0 /home/stoffer/esp8266/esp-open-sdk/sdk/lib/libmain.a(user-vector.o)
 .text          0x00000000401073d0        0x0 /home/stoffer/esp8266/esp-open-sdk/sdk/lib/libmain.a(vector.o)
 *fill*         0x00000000401073d0        0x0 
 .literal       0x00000000401073d0        0x0 /home/stoffer/esp8266/esp-open-sdk/sdk/lib/libmain.a(app_main.o)
 *fill*         0x00000000401073d0        0x0 
 .literal       0x00000000401073d0        0x0 /home/stoffer/esp8266/esp-open-sdk/sdk/lib/libmain.a(ets_timer.o)
 .literal       0x00000000401073d0        0x0 /home/stoffer/esp8266/esp-open-sdk/sdk/lib/libmain.a(mem_manager.o)
 *fill*         0x00000000401073d0        0x0 
 .literal       0x00000000401073d0        0x0 /home/stoffer/esp8266/esp-open-sdk/sdk/lib/libmain.a(spi_flash.o)
 *fill*         0x00000000401073d0        0x0 
 .literal       0x00000000401073d0        0x0 /home/stoffer/esp8266/esp-open-sdk/sdk/lib/libmain.a(user_interface.o)
 .text          0x00000000401073d0        0x0 /home/stoffer/esp8266/esp-open-sdk/sdk/lib/libmain.a(eagle_lib.o)
 .text          0x00000000401073d0        0x0 /home/stoffer/esp8266/esp-open-sdk/sdk/lib/libmain.a(eagle_lwip_if.o)
 *fill*         0x00000000401073d0        0x0 
 .text          0x00000000401073d0       0x4c /home/stoffer/esp8266/esp-open-sdk/xtensa-lx106-elf/bin/../lib/gcc/xtensa-lx106-elf/4.8.2/libgcc.a(_udivsi3.o)
                0x00000000401073d0                __udivsi3
 .text          0x000000004010741c       0x39 /home/stoffer/esp8266/esp-open-sdk/xtensa-lx106-elf/bin/../lib/gcc/xtensa-lx106-elf/4.8.2/libgcc.a(_umodsi3.o)
                0x000000004010741c                __umodsi3
 *fill*         0x0000000040107455        0x0 
 *fill*         0x0000000040107455        0x3 
 .text          0x0000000040107458       0x48 /home/stoffer/esp8266/esp-open-sdk/xtensa-lx106-elf/bin/../lib/gcc/xtensa-lx106-elf/4.8.2/libgcc.a(_umulsidi3.o)
                0x0000000040107458                __umulsidi3
 .literal       0x00000000401074a0        0x0 build/app_app.a(user_main.o)
 .text          0x00000000401074a0        0x0 build/app_app.a(captdns.o)
 .text          0x00000000401074a0        0x0 build/app_app.a(led.o)
 *fill*         0x00000000401074a0        0x0 
 .literal       0x00000000401074a0        0x0 build/app_app.a(httpd.o)
 .text          0x00000000401074a0       0xe9 build/app_app.a(httpd.o)
                0x00000000401074cc                httpdUrlDecode
 .text          0x0000000040107589        0x0 build/app_app.a(utils.o)
 *fill*         0x0000000040107589        0x3 
 .literal       0x000000004010758c        0x0 build/app_app.a(httpd_user_init.o)
 .text          0x000000004010758c        0x0 build/app_app.a(crypto.o)
 .text          0x000000004010758c        0x0 build/app_app.a(hmac-sha256.o)
 .text          0x000000004010758c        0x0 build/app_app.a(sha256.o)
 .text          0x000000004010758c        0x0 build/app_app.a(aes.o)
 .literal       0x000000004010758c        0x0 build/app_app.a(uart.o)
 .text          0x000000004010758c        0x0 build/app_app.a(ext_spi_flash.o)
 .text          0x000000004010758c        0x0 build/app_app.a(spi.o)
 .text          0x000000004010758c        0x0 build/app_app.a(gpio16.o)
 .text          0x000000004010758c        0x0 build/app_app.a(mqtt.o)
 .text          0x000000004010758c        0x0 build/app_app.a(mqtt_msg.o)
 .text          0x000000004010758c        0x0 build/app_app.a(queue.o)
 .text          0x000000004010758c        0x0 build/app_app.a(mqtt_utils.o)
 .text          0x000000004010758c        0x0 build/app_app.a(proto.o)
 .text          0x000000004010758c        0x0 build/app_app.a(config.o)
 *fill*         0x000000004010758c        0x0 
 .literal       0x000000004010758c        0x0 build/app_app.a(wifi.o)
 .text          0x000000004010758c        0x0 build/app_app.a(tinyprintf.o)
 .text          0x000000004010758c        0x0 build/app_app.a(unix_time.o)
 .text          0x000000004010758c        0x0 build/app_app.a(cgi.o)
 .text          0x000000004010758c        0x0 build/app_app.a(httpdespfs.o)
 .text          0x000000004010758c        0x0 build/app_app.a(cgiwifi.o)
 .text          0x000000004010758c        0x0 build/app_app.a(espfs.o)
 *fill*         0x000000004010758c        0x0 
 .literal       0x000000004010758c        0x0 build/app_app.a(heatshrink_decoder.o)
 .text          0x000000004010758c        0x0 build/app_app.a(ringbuf.o)
 *fill*         0x000000004010758c        0x0 
 .text          0x000000004010758c      0x145 /home/stoffer/esp8266/esp-open-sdk/xtensa-lx106-elf/bin/../lib/gcc/xtensa-lx106-elf/4.8.2/../../../../xtensa-lx106-elf/lib/libc.a(lib_a-memcpy.o)