Archive member included to satisfy reference by file (symbol)

/home/stoffer/esp8266/esp-open-sdk/sdk/lib/libmain.a(debug-vector.o)
                              (_DebugExceptionVector)
/home/stoffer/esp8266/esp-open-sdk/sdk/lib/libmain.a(double-vector.o)
                              (_DoubleExceptionVector)
/home/stoffer/esp8266/esp-open-sdk/sdk/lib/libmain.a(kernel-vector.o)
                              (_KernelExceptionVector)
/home/stoffer/esp8266/esp-open-sdk/sdk/lib/libmain.a(nmi-vector.o)
                              (_NMIExceptionVector)
/home/stoffer/esp8266/esp-open-sdk/sdk/lib/libmain.a(user-vector.o)
                              (_UserExceptionVector)
/home/stoffer/esp8266/esp-open-sdk/sdk/lib/libmain.a(vector.o)
                              (call_user_start)
/home/stoffer/esp8266/esp-open-sdk/sdk/lib/libmain.a(app_main.o)
                              /home/stoffer/esp8266/esp-open-sdk/sdk/lib/libmain.a(nmi-vector.o) (NMI_Handler)
/home/stoffer/esp8266/esp-open-sdk/sdk/lib/libmain.a(ets_timer.o)
                              /home/stoffer/esp8266/esp-open-sdk/sdk/lib/libmain.a(app_main.o) (ets_timer_setfn)
/home/stoffer/esp8266/esp-open-sdk/sdk/lib/libmain.a(mem_manager.o)
                              /home/stoffer/esp8266/esp-open-sdk/sdk/lib/libmain.a(app_main.o) (vPortFree)
/home/stoffer/esp8266/esp-open-sdk/sdk/lib/libmain.a(spi_flash.o)
                              /home/stoffer/esp8266/esp-open-sdk/sdk/lib/libmain.a(app_main.o) (spi_flash_get_id)
/home/stoffer/esp8266/esp-open-sdk/sdk/lib/libmain.a(user_interface.o)
                              /home/stoffer/esp8266/esp-open-sdk/sdk/lib/libmain.a(app_main.o) (done_cb)
/home/stoffer/esp8266/esp-open-sdk/sdk/lib/libmain.a(user_rf_cal_sector_set.o)
                              /home/stoffer/esp8266/esp-open-sdk/sdk/lib/libmain.a(app_main.o) (user_rf_cal_sector_set)
/home/stoffer/esp8266/esp-open-sdk/sdk/lib/libmain.a(eagle_lib.o)
                              /home/stoffer/esp8266/esp-open-sdk/sdk/lib/libmain.a(user_interface.o) (ets_sprintf)
/home/stoffer/esp8266/esp-open-sdk/sdk/lib/libmain.a(eagle_lwip_if.o)
                              /home/stoffer/esp8266/esp-open-sdk/sdk/lib/libmain.a(user_interface.o) (hostname)
/home/stoffer/esp8266/esp-open-sdk/sdk/lib/libnet80211.a(ieee80211.o)
                              /home/stoffer/esp8266/esp-open-sdk/sdk/lib/libmain.a(app_main.o) (g_ic)
/home/stoffer/esp8266/esp-open-sdk/sdk/lib/libnet80211.a(ieee80211_crypto.o)
                              /home/stoffer/esp8266/esp-open-sdk/sdk/lib/libnet80211.a(ieee80211.o) (ieee80211_crypto_attach)
/home/stoffer/esp8266/esp-open-sdk/sdk/lib/libnet80211.a(ieee80211_hostap.o)
                              /home/stoffer/esp8266/esp-open-sdk/sdk/lib/libmain.a(user_interface.o) (BcnEb_update)
/home/stoffer/esp8266/esp-open-sdk/sdk/lib/libnet80211.a(ieee80211_ht.o)
                              /home/stoffer/esp8266/esp-open-sdk/sdk/lib/libmain.a(user_interface.o) (ieee80211_ht_attach)
/home/stoffer/esp8266/esp-open-sdk/sdk/lib/libnet80211.a(ieee80211_input.o)
                              /home/stoffer/esp8266/esp-open-sdk/sdk/lib/libnet80211.a(ieee80211_hostap.o) (ieee80211_decap)
/home/stoffer/esp8266/esp-open-sdk/sdk/lib/libnet80211.a(ieee80211_mesh_quick.o)
                              /home/stoffer/esp8266/esp-open-sdk/sdk/lib/libnet80211.a(ieee80211_hostap.o) (ieee80211_mesh_quick_get)
/home/stoffer/esp8266/esp-open-sdk/sdk/lib/libnet80211.a(ieee80211_output.o)
                              /home/stoffer/esp8266/esp-open-sdk/sdk/lib/libmain.a(eagle_lwip_if.o) (ieee80211_output_pbuf)
/home/stoffer/esp8266/esp-open-sdk/sdk/lib/libnet80211.a(ieee80211_phy.o)
                              /home/stoffer/esp8266/esp-open-sdk/sdk/lib/libmain.a(app_main.o) (ieee80211_phy_init)
/home/stoffer/esp8266/esp-open-sdk/sdk/lib/libnet80211.a(ieee80211_power.o)
                              /home/stoffer/esp8266/esp-open-sdk/sdk/lib/libnet80211.a(ieee80211_hostap.o) (ieee80211_psq_init)
/home/stoffer/esp8266/esp-open-sdk/sdk/lib/libnet80211.a(ieee80211_proto.o)
                              /home/stoffer/esp8266/esp-open-sdk/sdk/lib/libnet80211.a(ieee80211.o) (ieee80211_proto_attach)
/home/stoffer/esp8266/esp-open-sdk/sdk/lib/libnet80211.a(ieee80211_regdomain.o)
                              /home/stoffer/esp8266/esp-open-sdk/sdk/lib/libnet80211.a(ieee80211_output.o) (ieee80211_alloc_countryie)
/home/stoffer/esp8266/esp-open-sdk/sdk/lib/libnet80211.a(ieee80211_rfid.o)
                              /home/stoffer/esp8266/esp-open-sdk/sdk/lib/libmain.a(user_interface.o) (ieee80211_rfid_locp_recv_open)
/home/stoffer/esp8266/esp-open-sdk/sdk/lib/libnet80211.a(ieee80211_scan.o)
                              /home/stoffer/esp8266/esp-open-sdk/sdk/lib/libnet80211.a(ieee80211_hostap.o) (gScanStruct)
/home/stoffer/esp8266/esp-open-sdk/sdk/lib/libnet80211.a(ieee80211_sta.o)
[...]
Memory Configuration

Name             Origin             Length             Attributes
dport0_0_seg     0x000000003ff00000 0x0000000000000010
dram0_0_seg      0x000000003ffe8000 0x0000000000014000
iram1_0_seg      0x0000000040100000 0x0000000000008000
irom0_0_seg      0x0000000040210000 0x000000000005c000
*default*        0x0000000000000000 0xffffffffffffffff

Linker script and memory map

START GROUP
LOAD /home/stoffer/esp8266/esp-open-sdk/sdk/lib/libmain.a
LOAD /home/stoffer/esp8266/esp-open-sdk/sdk/lib/libnet80211.a
LOAD /home/stoffer/esp8266/esp-open-sdk/sdk/lib/libwpa.a
LOAD /home/stoffer/esp8266/esp-open-sdk/sdk/lib/liblwip.a
LOAD /home/stoffer/esp8266/esp-open-sdk/sdk/lib/libpp.a
LOAD /home/stoffer/esp8266/esp-open-sdk/sdk/lib/libphy.a
LOAD /home/stoffer/esp8266/esp-open-sdk/xtensa-lx106-elf/xtensa-lx106-elf/sysroot/usr/lib/libhal.a
LOAD /home/stoffer/esp8266/esp-open-sdk/sdk/lib/libssl.a
LOAD /home/stoffer/esp8266/esp-open-sdk/sdk/lib/libgcc.a
LOAD /home/stoffer/esp8266/esp-open-sdk/xtensa-lx106-elf/lib/gcc/xtensa-lx106-elf/4.8.5/../../../../xtensa-lx106-elf/lib/libc.a
LOAD build/app_app.a
END GROUP
                [!provide]                        PROVIDE (_memmap_vecbase_reset, 0x40000000)
                0x0000000000000110                _memmap_cacheattr_wb_base = 0x110
                0x0000000000000110                _memmap_cacheattr_wt_base = 0x110
                0x0000000000000220                _memmap_cacheattr_bp_base = 0x220
                0x00000000fffff00f                _memmap_cacheattr_unused_mask = 0xfffff00f
                0x000000002222211f                _memmap_cacheattr_wb_trapnull = 0x2222211f
                0x000000002222211f                _memmap_cacheattr_wba_trapnull = 0x2222211f
                0x000000002222211f                _memmap_cacheattr_wbna_trapnull = 0x2222211f
                0x000000002222211f                _memmap_cacheattr_wt_trapnull = 0x2222211f
                0x000000002222222f                _memmap_cacheattr_bp_trapnull = 0x2222222f
                0x00000000fffff11f                _memmap_cacheattr_wb_strict = 0xfffff11f
                0x00000000fffff11f                _memmap_cacheattr_wt_strict = 0xfffff11f
                0x00000000fffff22f                _memmap_cacheattr_bp_strict = 0xfffff22f
                0x0000000022222112                _memmap_cacheattr_wb_allvalid = 0x22222112
                0x0000000022222112                _memmap_cacheattr_wt_allvalid = 0x22222112
                0x0000000022222222                _memmap_cacheattr_bp_allvalid = 0x22222222
                [!provide]                        PROVIDE (_memmap_cacheattr_reset, _memmap_cacheattr_wb_trapnull)

.dport0.rodata  0x000000003ff00000        0x0
                0x000000003ff00000                _dport0_rodata_start = ABSOLUTE (.)
 *(.dport0.rodata)
 *(.dport.rodata)
                0x000000003ff00000                _dport0_rodata_end = ABSOLUTE (.)

.dport0.literal
                0x000000003ff00000        0x0
                0x000000003ff00000                _dport0_literal_start = ABSOLUTE (.)
 *(.dport0.literal)
 *(.dport.literal)
                0x000000003ff00000                _dport0_literal_end = ABSOLUTE (.)

.dport0.data    0x000000003ff00000        0x0
                0x000000003ff00000                _dport0_data_start = ABSOLUTE (.)
 *(.dport0.data)
 *(.dport.data)
                0x000000003ff00000                _dport0_data_end = ABSOLUTE (.)

.data           0x000000003ffe8000      0x8a4
                0x000000003ffe8000                _data_start = ABSOLUTE (.)
 *(.data)
 .data          0x000000003ffe8000        0x0 /home/stoffer/esp8266/esp-open-sdk/sdk/lib/libmain.a(debug-vector.o)
 .data          0x000000003ffe8000        0x0 /home/stoffer/esp8266/esp-open-sdk/sdk/lib/libmain.a(double-vector.o)
 .data          0x000000003ffe8000        0x0 /home/stoffer/esp8266/esp-open-sdk/sdk/lib/libmain.a(kernel-vector.o)
 .data          0x000000003ffe8000        0x4 /home/stoffer/esp8266/esp-open-sdk/sdk/lib/libmain.a(nmi-vector.o)
                0x000000003ffe8000                _Pri_3_HandlerAddress
 .data          0x000000003ffe8004        0x0 /home/stoffer/esp8266/esp-open-sdk/sdk/lib/libmain.a(user-vector.o)
 .data          0x000000003ffe8004        0x0 /home/stoffer/esp8266/esp-open-sdk/sdk/lib/libmain.a(vector.o)
 .data          0x000000003ffe8004        0x1 /home/stoffer/esp8266/esp-open-sdk/sdk/lib/libmain.a(app_main.o)
 .data          0x000000003ffe8005        0x0 /home/stoffer/esp8266/esp-open-sdk/sdk/lib/libmain.a(ets_timer.o)
 .data          0x000000003ffe8005        0x0 /home/stoffer/esp8266/esp-open-sdk/sdk/lib/libmain.a(mem_manager.o)
 .data          0x000000003ffe8005        0x0 /home/stoffer/esp8266/esp-open-sdk/sdk/lib/libmain.a(spi_flash.o)
 *fill*         0x000000003ffe8005        0x3 
 .data          0x000000003ffe8008        0x6 /home/stoffer/esp8266/esp-open-sdk/sdk/lib/libmain.a(user_interface.o)
                0x000000003ffe8009                timer2_ms_flag
                0x000000003ffe800a                dhcps_flag
                0x000000003ffe800b                dhcpc_flag
                0x000000003ffe800d                reconnect_internal
 .data          0x000000003ffe800e        0x0 /home/stoffer/esp8266/esp-open-sdk/sdk/lib/libmain.a(user_rf_cal_sector_set.o)
 .data          0x000000003ffe800e        0x0 /home/stoffer/esp8266/esp-open-sdk/sdk/lib/libmain.a(eagle_lib.o)
 *fill*         0x000000003ffe800e        0x2 
 .data          0x000000003ffe8010        0x1 /home/stoffer/esp8266/esp-open-sdk/sdk/lib/libmain.a(eagle_lwip_if.o)
                0x000000003ffe8010                default_hostname
 .data          0x000000003ffe8011        0x0 /home/stoffer/esp8266/esp-open-sdk/sdk/lib/libnet80211.a(ieee80211.o)
 .data          0x000000003ffe8011        0x0 /home/stoffer/esp8266/esp-open-sdk/sdk/lib/libnet80211.a(ieee80211_crypto.o)
 *fill*         0x000000003ffe8011        0x3 
 .data          0x000000003ffe8014        0x1 /home/stoffer/esp8266/esp-open-sdk/sdk/lib/libnet80211.a(ieee80211_hostap.o)
                0x000000003ffe8014                TmpSTAAPCloseAP
 .data          0x000000003ffe8015        0x0 /home/stoffer/esp8266/esp-open-sdk/sdk/lib/libnet80211.a(ieee80211_ht.o)
 .data          0x000000003ffe8015        0x0 /home/stoffer/esp8266/esp-open-sdk/sdk/lib/libnet80211.a(ieee80211_input.o)
 .data          0x000000003ffe8015        0x0 /home/stoffer/esp8266/esp-open-sdk/sdk/lib/libnet80211.a(ieee80211_mesh_quick.o)
 .data          0x000000003ffe8015        0x0 /home/stoffer/esp8266/esp-open-sdk/sdk/lib/libnet80211.a(ieee80211_output.o)
 .data          0x000000003ffe8015        0x0 /home/stoffer/esp8266/esp-open-sdk/sdk/lib/libnet80211.a(ieee80211_phy.o)
 .data          0x000000003ffe8015        0x0 /home/stoffer/esp8266/esp-open-sdk/sdk/lib/libnet80211.a(ieee80211_power.o)
 .data          0x000000003ffe8015        0x0 /home/stoffer/esp8266/esp-open-sdk/sdk/lib/libnet80211.a(ieee80211_proto.o)
 .data          0x000000003ffe8015        0x0 /home/stoffer/esp8266/esp-open-sdk/sdk/lib/libnet80211.a(ieee80211_regdomain.o)
 .data          0x000000003ffe8015        0x0 /home/stoffer/esp8266/esp-open-sdk/sdk/lib/libnet80211.a(ieee80211_rfid.o)
 .data          0x000000003ffe8015        0x0 /home/stoffer/esp8266/esp-open-sdk/sdk/lib/libnet80211.a(ieee80211_scan.o)
 .data          0x000000003ffe8015        0x0 /home/stoffer/esp8266/esp-open-sdk/sdk/lib/libnet80211.a(ieee80211_sta.o)
 .data          0x000000003ffe8015        0x0 /home/stoffer/esp8266/esp-open-sdk/sdk/lib/libnet80211.a(wl_chm.o)
 *fill*         0x000000003ffe8015        0x3 
 .data          0x000000003ffe8018        0x1 /home/stoffer/esp8266/esp-open-sdk/sdk/lib/libnet80211.a(wl_cnx.o)
 *fill*         0x000000003ffe8019        0x7 
 .data          0x000000003ffe8020       0x1c /home/stoffer/esp8266/esp-open-sdk/sdk/lib/libnet80211.a(ieee80211_action.o)
 .data          0x000000003ffe803c        0x0 /home/stoffer/esp8266/esp-open-sdk/sdk/lib/libnet80211.a(ieee80211_action_vendor.o)
 .data          0x000000003ffe803c        0x0 /home/stoffer/esp8266/esp-open-sdk/sdk/lib/libnet80211.a(ieee80211_crypto_ccmp.o)
 .data          0x000000003ffe803c        0x0 /home/stoffer/esp8266/esp-open-sdk/sdk/lib/libnet80211.a(ieee80211_ets.o)
 .data          0x000000003ffe803c        0x0 /home/stoffer/esp8266/esp-open-sdk/sdk/lib/libnet80211.a(ieee80211_ie_vendor.o)
 .data          0x000000003ffe803c        0x0 /home/stoffer/esp8266/esp-open-sdk/sdk/lib/libwpa.a(ap_config.o)
 .data          0x000000003ffe803c        0x0 /home/stoffer/esp8266/esp-open-sdk/sdk/lib/libwpa.a(common.o)
 .data          0x000000003ffe803c        0x0 /home/stoffer/esp8266/esp-open-sdk/sdk/lib/libwpa.a(os_xtensa.o)
 .data          0x000000003ffe803c        0x0 /home/stoffer/esp8266/esp-open-sdk/sdk/lib/libwpa.a(wpa_auth.o)
 .data          0x000000003ffe803c        0x0 /home/stoffer/esp8266/esp-open-sdk/sdk/lib/libwpa.a(wpa_auth_ie.o)
 .data          0x000000003ffe803c        0x0 /home/stoffer/esp8266/esp-open-sdk/sdk/lib/libwpa.a(wpa.o)
 .data          0x000000003ffe803c        0x0 /home/stoffer/esp8266/esp-open-sdk/sdk/lib/libwpa.a(wpa_common.o)
 .data          0x000000003ffe803c        0x0 /home/stoffer/esp8266/esp-open-sdk/sdk/lib/libwpa.a(wpa_debug.o)
 .data          0x000000003ffe803c        0x0 /home/stoffer/esp8266/esp-open-sdk/sdk/lib/libwpa.a(wpa_ie.o)
 .data          0x000000003ffe803c        0x0 /home/stoffer/esp8266/esp-open-sdk/sdk/lib/libwpa.a(wpa_main.o)
 .data          0x000000003ffe803c        0x0 /home/stoffer/esp8266/esp-open-sdk/sdk/lib/libwpa.a(wpas_glue.o)
 .data          0x000000003ffe803c        0x0 /home/stoffer/esp8266/esp-open-sdk/sdk/lib/libwpa.a(aes-wrap.o)
 .data          0x000000003ffe803c        0x0 /home/stoffer/esp8266/esp-open-sdk/sdk/lib/libwpa.a(aes-internal-enc.o)
 .data          0x000000003ffe803c        0x0 /home/stoffer/esp8266/esp-open-sdk/sdk/lib/libwpa.a(aes-internal.o)
 .data          0x000000003ffe803c        0x4 /home/stoffer/esp8266/esp-open-sdk/sdk/lib/liblwip.a(dhcp.o)
 .data          0x000000003ffe8040        0x5 /home/stoffer/esp8266/esp-open-sdk/sdk/lib/liblwip.a(dhcpserver.o)
                0x000000003ffe8040                dhcps_lease_time
 .data          0x000000003ffe8045        0x0 /home/stoffer/esp8266/esp-open-sdk/sdk/lib/liblwip.a(dns.o)
 .data          0x000000003ffe8045        0x0 /home/stoffer/esp8266/esp-open-sdk/sdk/lib/liblwip.a(espconn_tcp.o)
 .data          0x000000003ffe8045        0x0 /home/stoffer/esp8266/esp-open-sdk/sdk/lib/liblwip.a(etharp.o)
 .data          0x000000003ffe8045        0x0 /home/stoffer/esp8266/esp-open-sdk/sdk/lib/liblwip.a(init.o)
 .data          0x000000003ffe8045        0x0 /home/stoffer/esp8266/esp-open-sdk/sdk/lib/liblwip.a(ip_addr.o)
 .data          0x000000003ffe8045        0x0 /home/stoffer/esp8266/esp-open-sdk/sdk/lib/liblwip.a(ip.o)
 *fill*         0x000000003ffe8045        0x3 
 .data          0x000000003ffe8048        0x2 /home/stoffer/esp8266/esp-open-sdk/sdk/lib/liblwip.a(memp.o)
                0x000000003ffe8048                memp_sizes_test
 .data          0x000000003ffe804a        0x0 /home/stoffer/esp8266/esp-open-sdk/sdk/lib/liblwip.a(netif.o)
 .data          0x000000003ffe804a        0x0 /home/stoffer/esp8266/esp-open-sdk/sdk/lib/liblwip.a(pbuf.o)
 .data          0x000000003ffe804a        0x0 /home/stoffer/esp8266/esp-open-sdk/sdk/lib/liblwip.a(raw.o)
 .data          0x000000003ffe804a        0x0 /home/stoffer/esp8266/esp-open-sdk/sdk/lib/liblwip.a(tcp_in.o)
 *fill*         0x000000003ffe804a        0x2 
 .data          0x000000003ffe804c        0x8 /home/stoffer/esp8266/esp-open-sdk/sdk/lib/liblwip.a(tcp.o)
 .data          0x000000003ffe8054        0x0 /home/stoffer/esp8266/esp-open-sdk/sdk/lib/liblwip.a(tcp_out.o)
 .data          0x000000003ffe8054        0x0 /home/stoffer/esp8266/esp-open-sdk/sdk/lib/liblwip.a(timers.o)
 .data          0x000000003ffe8054        0x0 /home/stoffer/esp8266/esp-open-sdk/sdk/lib/liblwip.a(udp.o)
 .data          0x000000003ffe8054        0x0 /home/stoffer/esp8266/esp-open-sdk/sdk/lib/liblwip.a(espconn_buf.o)
 .data          0x000000003ffe8054        0x0 /home/stoffer/esp8266/esp-open-sdk/sdk/lib/liblwip.a(espconn.o)
 .data          0x000000003ffe8054        0x0 /home/stoffer/esp8266/esp-open-sdk/sdk/lib/liblwip.a(espconn_udp.o)
 .data          0x000000003ffe8054        0x0 /home/stoffer/esp8266/esp-open-sdk/sdk/lib/liblwip.a(icmp.o)
 .data          0x000000003ffe8054        0x0 /home/stoffer/esp8266/esp-open-sdk/sdk/lib/liblwip.a(igmp.o)
 .data          0x000000003ffe8054        0x0 /home/stoffer/esp8266/esp-open-sdk/sdk/lib/liblwip.a(inet_chksum.o)
 .data          0x000000003ffe8054        0x0 /home/stoffer/esp8266/esp-open-sdk/sdk/lib/libpp.a(esf_buf.o)
 .data          0x000000003ffe8054        0x0 /home/stoffer/esp8266/esp-open-sdk/sdk/lib/libpp.a(if_hwctrl.o)
 .data          0x000000003ffe8054        0x0 /home/stoffer/esp8266/esp-open-sdk/sdk/lib/libpp.a(lmac.o)
 .data          0x000000003ffe8054        0x1 /home/stoffer/esp8266/esp-open-sdk/sdk/lib/libpp.a(pm.o)
 *fill*         0x000000003ffe8055        0x3 
 .data          0x000000003ffe8058        0x1 /home/stoffer/esp8266/esp-open-sdk/sdk/lib/libpp.a(pm_for_bcn_only_mode.o)
 *fill*         0x000000003ffe8059        0x3 
 .data          0x000000003ffe805c       0x1c /home/stoffer/esp8266/esp-open-sdk/sdk/lib/libpp.a(pp.o)
                0x000000003ffe805c                soft_wdt_interval
                0x000000003ffe8060                NoiseTimerInterval
                0x000000003ffe8068                sleep_start_wait_time
                0x000000003ffe8070                CanDoFreqCal
                0x000000003ffe8074                tcb
 *fill*         0x000000003ffe8078        0x8 
 .data          0x000000003ffe8080       0x40 /home/stoffer/esp8266/esp-open-sdk/sdk/lib/libpp.a(rate_control.o)
 .data          0x000000003ffe80c0      0x24c /home/stoffer/esp8266/esp-open-sdk/sdk/lib/libpp.a(trc.o)
 .data          0x000000003ffe830c        0x8 /home/stoffer/esp8266/esp-open-sdk/sdk/lib/libpp.a(wdev.o)
 .data          0x000000003ffe8314        0x0 /home/stoffer/esp8266/esp-open-sdk/sdk/lib/libphy.a(phy.o)
 .data          0x000000003ffe8314        0x0 /home/stoffer/esp8266/esp-open-sdk/sdk/lib/libphy.a(phy_chip_v6_ana.o)
 *fill*         0x000000003ffe8314        0xc 
 .data          0x000000003ffe8320       0x53 /home/stoffer/esp8266/esp-open-sdk/sdk/lib/libphy.a(phy_chip_v6.o)
                0x000000003ffe8322                tx_rf_ana_gain
                0x000000003ffe8350                rx_gain_swp
                0x000000003ffe8370                test_rffreq_txcap
 *fill*         0x000000003ffe8373        0x1 
 .data          0x000000003ffe8374        0x1 /home/stoffer/esp8266/esp-open-sdk/sdk/lib/libphy.a(phy_chip_v6_cal.o)
                0x000000003ffe8374                rfcal_bb_atten_init
 .data          0x000000003ffe8375        0x0 /home/stoffer/esp8266/esp-open-sdk/sdk/lib/libphy.a(phy_chip_v6_unused.o)
 *fill*         0x000000003ffe8375        0x3 
 .data          0x000000003ffe8378        0x4 /home/stoffer/esp8266/esp-open-sdk/sdk/lib/libphy.a(phy_sleep.o)
                0x000000003ffe8378                chip_version
 .data          0x000000003ffe837c        0x0 /home/stoffer/esp8266/esp-open-sdk/xtensa-lx106-elf/xtensa-lx106-elf/sysroot/usr/lib/libhal.a(int_asm--set_intclear.o)
 .data          0x000000003ffe837c        0x0 /home/stoffer/esp8266/esp-open-sdk/sdk/lib/libgcc.a(_modsi3.o)
 .data          0x000000003ffe837c        0x0 /home/stoffer/esp8266/esp-open-sdk/sdk/lib/libgcc.a(_ashrdi3.o)
 .data          0x000000003ffe837c        0x0 /home/stoffer/esp8266/esp-open-sdk/sdk/lib/libgcc.a(_mulsf3.o)
 .data          0x000000003ffe837c        0x0 /home/stoffer/esp8266/esp-open-sdk/sdk/lib/libgcc.a(_divsf3.o)
 .data          0x000000003ffe837c        0x0 /home/stoffer/esp8266/esp-open-sdk/sdk/lib/libgcc.a(_fixsfsi.o)
 .data          0x000000003ffe837c        0x0 /home/stoffer/esp8266/esp-open-sdk/xtensa-lx106-elf/lib/gcc/xtensa-lx106-elf/4.8.5/../../../../xtensa-lx106-elf/lib/libc.a(lib_a-memchr.o)
 .data          0x000000003ffe837c        0x0 build/app_app.a(user_main.o)
 .data          0x000000003ffe837c        0x0 build/app_app.a(captdns.o)
 .data          0x000000003ffe837c        0x0 build/app_app.a(led.o)
 .data          0x000000003ffe837c       0x9c build/app_app.a(httpd_user_init.o)
                0x000000003ffe837c                builtInUrls
 .data          0x000000003ffe8418        0x0 build/app_app.a(httpd.o)
 .data          0x000000003ffe8418        0x0 build/app_app.a(crypto.o)
 .data          0x000000003ffe8418        0x0 build/app_app.a(sha256.o)
 .data          0x000000003ffe8418        0x0 build/app_app.a(aes.o)
 .data          0x000000003ffe8418        0x0 build/app_app.a(kmp_request.o)
 .data          0x000000003ffe8418        0x0 build/app_app.a(kmp.o)
 .data          0x000000003ffe8418        0x0 build/app_app.a(cron.o)
 .data          0x000000003ffe8418        0x4 build/app_app.a(ac_out.o)
                0x000000003ffe8418                ac_pwm_state
 .data          0x000000003ffe841c        0x0 build/app_app.a(uart.o)
 .data          0x000000003ffe841c        0x0 build/app_app.a(mqtt.o)
 .data          0x000000003ffe841c        0x0 build/app_app.a(mqtt_msg.o)
 .data          0x000000003ffe841c        0x0 build/app_app.a(queue.o)
 .data          0x000000003ffe841c        0x0 build/app_app.a(mqtt_utils.o)
 .data          0x000000003ffe841c        0x0 build/app_app.a(proto.o)
 .data          0x000000003ffe841c        0x0 build/app_app.a(config.o)
 .data          0x000000003ffe841c        0x2 build/app_app.a(wifi.o)
                0x000000003ffe841c                rssi
 .data          0x000000003ffe841e        0x0 build/app_app.a(watchdog.o)
 .data          0x000000003ffe841e        0x0 build/app_app.a(cgiwifi.o)
 .data          0x000000003ffe841e        0x0 build/app_app.a(tinyprintf.o)
 .data          0x000000003ffe841e        0x0 build/app_app.a(unix_time.o)
 .data          0x000000003ffe841e        0x0 build/app_app.a(cgi.o)
 .data          0x000000003ffe841e        0x0 build/app_app.a(httpdespfs.o)
 .data          0x000000003ffe841e        0x0 build/app_app.a(espfs.o)
 .data          0x000000003ffe841e        0x0 build/app_app.a(heatshrink_decoder.o)
 .data          0x000000003ffe841e        0x0 build/app_app.a(utils.o)
 .data          0x000000003ffe841e        0x0 build/app_app.a(hmac-sha256.o)
 .data          0x000000003ffe841e        0x0 build/app_app.a(gpio16.o)
 .data          0x000000003ffe841e        0x0 build/app_app.a(ringbuf.o)
 .data          0x000000003ffe841e        0x0 /home/stoffer/esp8266/esp-open-sdk/sdk/lib/libnet80211.a(ieee80211_crypto_tkip.o)
 .data          0x000000003ffe841e        0x0 /home/stoffer/esp8266/esp-open-sdk/sdk/lib/libnet80211.a(ieee80211_crypto_wep.o)
 *fill*         0x000000003ffe841e        0x2 
 .data          0x000000003ffe8420        0x8 /home/stoffer/esp8266/esp-open-sdk/sdk/lib/liblwip.a(sntp.o)
                0x000000003ffe8420                time_zone
                0x000000003ffe8421                sntp_receive_time_size
 .data          0x000000003ffe8428        0x0 /home/stoffer/esp8266/esp-open-sdk/xtensa-lx106-elf/lib/gcc/xtensa-lx106-elf/4.8.5/../../../../xtensa-lx106-elf/lib/libc.a(lib_a-atoi.o)
 .data          0x000000003ffe8428        0x0 /home/stoffer/esp8266/esp-open-sdk/xtensa-lx106-elf/lib/gcc/xtensa-lx106-elf/4.8.5/../../../../xtensa-lx106-elf/lib/libc.a(lib_a-gmtime.o)
 .data          0x000000003ffe8428        0x0 /home/stoffer/esp8266/esp-open-sdk/xtensa-lx106-elf/lib/gcc/xtensa-lx106-elf/4.8.5/../../../../xtensa-lx106-elf/lib/libc.a(lib_a-gmtime_r.o)
 .data          0x000000003ffe8428      0x430 /home/stoffer/esp8266/esp-open-sdk/xtensa-lx106-elf/lib/gcc/xtensa-lx106-elf/4.8.5/../../../../xtensa-lx106-elf/lib/libc.a(lib_a-impure.o)
                0x000000003ffe8428                _impure_ptr
 .data          0x000000003ffe8858        0x0 /home/stoffer/esp8266/esp-open-sdk/xtensa-lx106-elf/lib/gcc/xtensa-lx106-elf/4.8.5/../../../../xtensa-lx106-elf/lib/libc.a(lib_a-memcpy.o)
 .data          0x000000003ffe8858        0x0 /home/stoffer/esp8266/esp-open-sdk/xtensa-lx106-elf/lib/gcc/xtensa-lx106-elf/4.8.5/../../../../xtensa-lx106-elf/lib/libc.a(lib_a-memset.o)
 .data          0x000000003ffe8858        0x0 /home/stoffer/esp8266/esp-open-sdk/xtensa-lx106-elf/lib/gcc/xtensa-lx106-elf/4.8.5/../../../../xtensa-lx106-elf/lib/libc.a(lib_a-mktm_r.o)
 .data          0x000000003ffe8858        0x0 /home/stoffer/esp8266/esp-open-sdk/xtensa-lx106-elf/lib/gcc/xtensa-lx106-elf/4.8.5/../../../../xtensa-lx106-elf/lib/libc.a(lib_a-strcat.o)
 .data          0x000000003ffe8858        0x0 /home/stoffer/esp8266/esp-open-sdk/xtensa-lx106-elf/lib/gcc/xtensa-lx106-elf/4.8.5/../../../../xtensa-lx106-elf/lib/libc.a(lib_a-strlen.o)
 .data          0x000000003ffe8858        0x0 /home/stoffer/esp8266/esp-open-sdk/xtensa-lx106-elf/lib/gcc/xtensa-lx106-elf/4.8.5/../../../../xtensa-lx106-elf/lib/libc.a(lib_a-strtok.o)
 .data          0x000000003ffe8858        0x0 /home/stoffer/esp8266/esp-open-sdk/xtensa-lx106-elf/lib/gcc/xtensa-lx106-elf/4.8.5/../../../../xtensa-lx106-elf/lib/libc.a(lib_a-strtok_r.o)
 .data          0x000000003ffe8858        0x0 /home/stoffer/esp8266/esp-open-sdk/xtensa-lx106-elf/lib/gcc/xtensa-lx106-elf/4.8.5/../../../../xtensa-lx106-elf/lib/libc.a(lib_a-strtol.o)
 .data          0x000000003ffe8858        0x0 /home/stoffer/esp8266/esp-open-sdk/xtensa-lx106-elf/lib/gcc/xtensa-lx106-elf/4.8.5/../../../../xtensa-lx106-elf/lib/libc.a(lib_a-tzlock.o)
 .data          0x000000003ffe8858        0x8 /home/stoffer/esp8266/esp-open-sdk/xtensa-lx106-elf/lib/gcc/xtensa-lx106-elf/4.8.5/../../../../xtensa-lx106-elf/lib/libc.a(lib_a-tzvars.o)
                0x000000003ffe8858                _tzname
 .data          0x000000003ffe8860        0x4 /home/stoffer/esp8266/esp-open-sdk/xtensa-lx106-elf/lib/gcc/xtensa-lx106-elf/4.8.5/../../../../xtensa-lx106-elf/lib/libc.a(lib_a-ctype_.o)
                0x000000003ffe8860                __ctype_ptr__
 .data          0x000000003ffe8864       0x40 /home/stoffer/esp8266/esp-open-sdk/xtensa-lx106-elf/lib/gcc/xtensa-lx106-elf/4.8.5/../../../../xtensa-lx106-elf/lib/libc.a(lib_a-gettzinfo.o)
 .data          0x000000003ffe88a4        0x0 /home/stoffer/esp8266/esp-open-sdk/sdk/lib/libmain.a(time.o)
 .data          0x000000003ffe88a4        0x0 /home/stoffer/esp8266/esp-open-sdk/xtensa-lx106-elf/lib/gcc/xtensa-lx106-elf/4.8.5/../../../../xtensa-lx106-elf/lib/libc.a(lib_a-sysgettod.o)
 *(.data.*)
 *(.gnu.linkonce.d.*)
 *(.data1)
 *(.sdata)
 *(.sdata.*)
 *(.gnu.linkonce.s.*)
 *(.sdata2)
 *(.sdata2.*)
 *(.gnu.linkonce.s2.*)
 *(.jcr)
                0x000000003ffe88a4                _data_end = ABSOLUTE (.)

.rodata         0x000000003ffe88b0     0x20c8
                0x000000003ffe88b0                _rodata_start = ABSOLUTE (.)
 *(.sdk.version)
 .sdk.version   0x000000003ffe88b0        0xf /home/stoffer/esp8266/esp-open-sdk/sdk/lib/libmain.a(app_main.o)
                0x000000003ffe88b0                SDK_VERSION
 *(.rodata)
 *fill*         0x000000003ffe88bf        0x1 
 .rodata        0x000000003ffe88c0        0x8 /home/stoffer/esp8266/esp-open-sdk/sdk/lib/libnet80211.a(ieee80211_hostap.o)
 .rodata        0x000000003ffe88c8        0x9 /home/stoffer/esp8266/esp-open-sdk/sdk/lib/libnet80211.a(ieee80211_output.o)
 *fill*         0x000000003ffe88d1        0x3 
 .rodata        0x000000003ffe88d4        0x6 /home/stoffer/esp8266/esp-open-sdk/sdk/lib/liblwip.a(etharp.o)
                0x000000003ffe88d4                ethbroadcast
 *fill*         0x000000003ffe88da        0x6 
 .rodata        0x000000003ffe88e0       0x74 /home/stoffer/esp8266/esp-open-sdk/sdk/lib/liblwip.a(espconn_buf.o)
 .rodata        0x000000003ffe8954        0x4 /home/stoffer/esp8266/esp-open-sdk/sdk/lib/libpp.a(pp.o)
 .rodata        0x000000003ffe8958        0x8 /home/stoffer/esp8266/esp-open-sdk/sdk/lib/libphy.a(phy_chip_v6_ana.o)
 .rodata        0x000000003ffe8960        0x8 /home/stoffer/esp8266/esp-open-sdk/sdk/lib/libphy.a(phy_chip_v6.o)
 .rodata        0x000000003ffe8968       0x1c build/app_app.a(user_main.o)
 .rodata        0x000000003ffe8984       0x48 build/app_app.a(httpd.o)
 .rodata        0x000000003ffe89cc      0x120 build/app_app.a(sha256.o)
 .rodata        0x000000003ffe8aec      0x300 build/app_app.a(aes.o)
 .rodata        0x000000003ffe8dec       0xd4 build/app_app.a(kmp.o)
 .rodata        0x000000003ffe8ec0       0x70 build/app_app.a(mqtt.o)
 .rodata        0x000000003ffe8f30       0x10 build/app_app.a(config.o)
 .rodata        0x000000003ffe8f40       0x24 build/app_app.a(heatshrink_decoder.o)
 .rodata        0x000000003ffe8f64      0x200 build/app_app.a(utils.o)
                0x000000003ffe8f64                ccit_crc16_table
 *fill*         0x000000003ffe9164        0xc 
 .rodata        0x000000003ffe9170       0xc0 /home/stoffer/esp8266/esp-open-sdk/sdk/lib/liblwip.a(sntp.o)
 .rodata        0x000000003ffe9230        0x4 /home/stoffer/esp8266/esp-open-sdk/xtensa-lx106-elf/lib/gcc/xtensa-lx106-elf/4.8.5/../../../../xtensa-lx106-elf/lib/libc.a(lib_a-impure.o)
                0x000000003ffe9230                _global_impure_ptr
 .rodata        0x000000003ffe9234       0x68 /home/stoffer/esp8266/esp-open-sdk/xtensa-lx106-elf/lib/gcc/xtensa-lx106-elf/4.8.5/../../../../xtensa-lx106-elf/lib/libc.a(lib_a-mktm_r.o)
 .rodata        0x000000003ffe929c      0x101 /home/stoffer/esp8266/esp-open-sdk/xtensa-lx106-elf/lib/gcc/xtensa-lx106-elf/4.8.5/../../../../xtensa-lx106-elf/lib/libc.a(lib_a-ctype_.o)
                0x000000003ffe929c                _ctype_
 *(.rodata.*)
 *fill*         0x000000003ffe939d        0x3 
 .rodata.str1.4
                0x000000003ffe93a0        0xc /home/stoffer/esp8266/esp-open-sdk/sdk/lib/libmain.a(app_main.o)
 .rodata.str1.4
                0x000000003ffe93ac        0x4 /home/stoffer/esp8266/esp-open-sdk/sdk/lib/libmain.a(ets_timer.o)
                                          0xc (size before relaxing)
 .rodata.str1.4
                0x000000003ffe93b0       0x1a /home/stoffer/esp8266/esp-open-sdk/sdk/lib/libmain.a(mem_manager.o)
 *fill*         0x000000003ffe93ca        0x2 
 .rodata.str1.4
                0x000000003ffe93cc        0x8 /home/stoffer/esp8266/esp-open-sdk/sdk/lib/libnet80211.a(ieee80211_hostap.o)
 .rodata.str1.4
                0x000000003ffe93d4        0x7 /home/stoffer/esp8266/esp-open-sdk/sdk/lib/libnet80211.a(ieee80211_mesh_quick.o)
 .rodata.str1.4
                0x000000003ffe93db        0x4 /home/stoffer/esp8266/esp-open-sdk/sdk/lib/libnet80211.a(ieee80211_sta.o)
 .rodata.str1.4
                0x000000003ffe93db        0x4 /home/stoffer/esp8266/esp-open-sdk/sdk/lib/libnet80211.a(ieee80211_action_vendor.o)
 .rodata.str1.4
                0x000000003ffe93db        0x4 /home/stoffer/esp8266/esp-open-sdk/sdk/lib/libnet80211.a(ieee80211_ie_vendor.o)
 *fill*         0x000000003ffe93db        0x1 
 .rodata.str1.4
                0x000000003ffe93dc        0xd /home/stoffer/esp8266/esp-open-sdk/sdk/lib/libwpa.a(wpa_debug.o)
 .rodata.str1.4
                0x000000003ffe93e9        0xd /home/stoffer/esp8266/esp-open-sdk/sdk/lib/liblwip.a(espconn_tcp.o)
                                          0x1 (size before relaxing)
 *fill*         0x000000003ffe93e9        0x3 
 .rodata.str1.4
                0x000000003ffe93ec        0x4 /home/stoffer/esp8266/esp-open-sdk/sdk/lib/libpp.a(lmac.o)
                                          0xc (size before relaxing)
 .rodata.str1.4
                0x000000003ffe93f0        0x3 /home/stoffer/esp8266/esp-open-sdk/sdk/lib/libpp.a(pm.o)
                                          0xb (size before relaxing)
 *fill*         0x000000003ffe93f3        0x1 
 .rodata.str1.4
                0x000000003ffe93f4        0x4 /home/stoffer/esp8266/esp-open-sdk/sdk/lib/libpp.a(pm_for_bcn_only_mode.o)
                                          0xc (size before relaxing)
 .rodata.str1.4
                0x000000003ffe93f8        0x3 /home/stoffer/esp8266/esp-open-sdk/sdk/lib/libpp.a(pp.o)
                                         0x10 (size before relaxing)
 *fill*         0x000000003ffe93fb        0x1 
 .rodata.str1.4
                0x000000003ffe93fc        0x4 /home/stoffer/esp8266/esp-open-sdk/sdk/lib/libpp.a(wdev.o)
                                          0xc (size before relaxing)
 .rodata.str1.4
                0x000000003ffe9400      0x36b build/app_app.a(user_main.o)
                                        0x37f (size before relaxing)
 *fill*         0x000000003ffe976b        0x1 
 .rodata.str1.4
                0x000000003ffe976c       0x11 build/app_app.a(captdns.o)
 *fill*         0x000000003ffe977d        0x3 
 .rodata.str1.4
                0x000000003ffe9780       0xaa build/app_app.a(httpd_user_init.o)
                                         0xae (size before relaxing)
 *fill*         0x000000003ffe982a        0x2 
 .rodata.str1.4
                0x000000003ffe982c      0x33e build/app_app.a(httpd.o)
                                        0x34e (size before relaxing)
 *fill*         0x000000003ffe9b6a        0x2 
 .rodata.str1.4
                0x000000003ffe9b6c       0x2e build/app_app.a(crypto.o)
                                         0x3a (size before relaxing)
 *fill*         0x000000003ffe9b9a        0x2 
 .rodata.str1.4
                0x000000003ffe9b9c       0x11 build/app_app.a(sha256.o)
 *fill*         0x000000003ffe9bad        0x3 
 .rodata.str1.4
                0x000000003ffe9bb0       0xfb build/app_app.a(kmp_request.o)
                                        0x10b (size before relaxing)
 *fill*         0x000000003ffe9cab        0x1 
 .rodata.str1.4
                0x000000003ffe9cac       0x8c build/app_app.a(kmp.o)
                                         0x9c (size before relaxing)
 .rodata.str1.4
                0x000000003ffe9d38       0xb9 build/app_app.a(cron.o)
                                         0xe1 (size before relaxing)
 *fill*         0x000000003ffe9df1        0x3 
 .rodata.str1.4
                0x000000003ffe9df4       0x6c build/app_app.a(ac_out.o)
 .rodata.str1.4
                0x000000003ffe9e60      0x45b build/app_app.a(mqtt.o)
                                        0x45f (size before relaxing)
 *fill*         0x000000003ffea2bb        0x1 
 .rodata.str1.4
                0x000000003ffea2bc        0x7 build/app_app.a(mqtt_msg.o)
 .rodata.str1.4
                0x000000003ffea2c3        0x1 build/app_app.a(queue.o)
 *fill*         0x000000003ffea2c3        0x1 
 .rodata.str1.4
                0x000000003ffea2c4       0xab build/app_app.a(config.o)
                                         0xb3 (size before relaxing)
 *fill*         0x000000003ffea36f        0x1 
 .rodata.str1.4
                0x000000003ffea370       0x98 build/app_app.a(wifi.o)
                                         0x9c (size before relaxing)
 .rodata.str1.4
                0x000000003ffea408      0x198 build/app_app.a(watchdog.o)
 .rodata.str1.4
                0x000000003ffea5a0      0x279 build/app_app.a(cgiwifi.o)
                                        0x285 (size before relaxing)
 *fill*         0x000000003ffea819        0x3 
 .rodata.str1.4
                0x000000003ffea81c       0x20 build/app_app.a(unix_time.o)
 .rodata.str1.4
                0x000000003ffea83c       0x4c build/app_app.a(cgi.o)
                                         0x6c (size before relaxing)
 .rodata.str1.4
                0x000000003ffea888       0x32 build/app_app.a(httpdespfs.o)
                                         0x46 (size before relaxing)
 *fill*         0x000000003ffea8ba        0x2 
 .rodata.str1.4
                0x000000003ffea8bc       0x81 build/app_app.a(espfs.o)
                                         0x85 (size before relaxing)
 .rodata.str1.4
                0x000000003ffea93d        0x1 build/app_app.a(heatshrink_decoder.o)
 *fill*         0x000000003ffea93d        0x3 
 .rodata.str1.4
                0x000000003ffea940        0x8 build/app_app.a(utils.o)
                                          0xb (size before relaxing)
 .rodata.str1.4
                0x000000003ffea948       0x20 /home/stoffer/esp8266/esp-open-sdk/sdk/lib/liblwip.a(sntp.o)
 .rodata.str1.1
                0x000000003ffea968        0x2 /home/stoffer/esp8266/esp-open-sdk/xtensa-lx106-elf/lib/gcc/xtensa-lx106-elf/4.8.5/../../../../xtensa-lx106-elf/lib/libc.a(lib_a-impure.o)
 .rodata.str1.1
                0x000000003ffea96a        0x4 /home/stoffer/esp8266/esp-open-sdk/xtensa-lx106-elf/lib/gcc/xtensa-lx106-elf/4.8.5/../../../../xtensa-lx106-elf/lib/libc.a(lib_a-tzvars.o)
 *(.gnu.linkonce.r.*)
 *(.rodata1)
                0x000000003ffea96e                __XT_EXCEPTION_TABLE__ = ABSOLUTE (.)
 *(.xt_except_table)
 *(.gcc_except_table)
 *(.gnu.linkonce.e.*)
 *(.gnu.version_r)
 *(.eh_frame)
 *crtbegin.o(.ctors)
 *(EXCLUDE_FILE(*crtend.o) .ctors)
 *(SORT(.ctors.*))
 *(.ctors)
 *crtbegin.o(.dtors)
 *(EXCLUDE_FILE(*crtend.o) .dtors)
 *(SORT(.dtors.*))
 *(.dtors)
                0x000000003ffea96e                __XT_EXCEPTION_DESCS__ = ABSOLUTE (.)
 *(.xt_except_desc)
 *(.gnu.linkonce.h.*)
                0x000000003ffea96e                __XT_EXCEPTION_DESCS_END__ = ABSOLUTE (.)
 *(.xt_except_desc_end)
 *(.dynamic)
 *(.gnu.version_d)
                0x000000003ffea970                . = ALIGN (0x4)
 *fill*         0x000000003ffea96e        0x2 
                0x000000003ffea970                _bss_table_start = ABSOLUTE (.)
                0x000000003ffea970        0x4 LONG 0x3ffea978 _bss_start
                0x000000003ffea974        0x4 LONG 0x3fff4558 _bss_end
                0x000000003ffea978                _bss_table_end = ABSOLUTE (.)
                0x000000003ffea978                _rodata_end = ABSOLUTE (.)

.bss            0x000000003ffea978     0x9be0
                0x000000003ffea978                . = ALIGN (0x8)
                0x000000003ffea978                _bss_start = ABSOLUTE (.)
 *(.dynsbss)
 *(.sbss)
 *(.sbss.*)
 *(.gnu.linkonce.sb.*)
 *(.scommon)
 *(.sbss2)
 *(.sbss2.*)
 *(.gnu.linkonce.sb2.*)
 *(.dynbss)
 *(.bss)
 .bss           0x000000003ffea978        0x0 /home/stoffer/esp8266/esp-open-sdk/sdk/lib/libmain.a(debug-vector.o)
 .bss           0x000000003ffea978        0x0 /home/stoffer/esp8266/esp-open-sdk/sdk/lib/libmain.a(double-vector.o)
 .bss           0x000000003ffea978        0x0 /home/stoffer/esp8266/esp-open-sdk/sdk/lib/libmain.a(kernel-vector.o)
 *fill*         0x000000003ffea978        0x8 
 .bss           0x000000003ffea980      0x1c0 /home/stoffer/esp8266/esp-open-sdk/sdk/lib/libmain.a(nmi-vector.o)
 .bss           0x000000003ffeab40        0x0 /home/stoffer/esp8266/esp-open-sdk/sdk/lib/libmain.a(user-vector.o)
 .bss           0x000000003ffeab40        0x0 /home/stoffer/esp8266/esp-open-sdk/sdk/lib/libmain.a(vector.o)
 .bss           0x000000003ffeab40       0x45 /home/stoffer/esp8266/esp-open-sdk/sdk/lib/libmain.a(app_main.o)
                0x000000003ffeab44                info
                0x000000003ffeab68                freq_trace_enable
                0x000000003ffeab6a                lwip_timer_interval
                0x000000003ffeab6c                check_timeouts_timer
                0x000000003ffeab80                rf_cal_sec
                0x000000003ffeab84                user_init_flag
 *fill*         0x000000003ffeab85        0xb 
 .bss           0x000000003ffeab90       0x30 /home/stoffer/esp8266/esp-open-sdk/sdk/lib/libmain.a(ets_timer.o)
                0x000000003ffeab90                dbg_timer_flag
                0x000000003ffeab94                timer_list
                0x000000003ffeab98                debug_timer
                0x000000003ffeab9c                debug_timerfn
 .bss           0x000000003ffeabc0       0x3c /home/stoffer/esp8266/esp-open-sdk/sdk/lib/libmain.a(mem_manager.o)
 .bss           0x000000003ffeabfc        0x4 /home/stoffer/esp8266/esp-open-sdk/sdk/lib/libmain.a(spi_flash.o)
                0x000000003ffeabfc                flash_read
 .bss           0x000000003ffeac00      0x242 /home/stoffer/esp8266/esp-open-sdk/sdk/lib/libmain.a(user_interface.o)
                0x000000003ffeacf7                deep_sleep_flag
                0x000000003ffeacf8                cpu_overclock
                0x000000003ffeacfc                event_cb
                0x000000003ffead00                status_led_output_level
                0x000000003ffead04                done_cb
                0x000000003ffead08                rst_if
                0x000000003ffead24                default_interface
                0x000000003ffead25                OpmodChgIsOnGoing
                0x000000003ffead28                promiscuous_cb
                0x000000003ffead40                event_TaskQueue
 .bss           0x000000003ffeae42        0x0 /home/stoffer/esp8266/esp-open-sdk/sdk/lib/libmain.a(user_rf_cal_sector_set.o)
 .bss           0x000000003ffeae42        0x0 /home/stoffer/esp8266/esp-open-sdk/sdk/lib/libmain.a(eagle_lib.o)
 *fill*         0x000000003ffeae42        0x2 
 .bss           0x000000003ffeae44        0xc /home/stoffer/esp8266/esp-open-sdk/sdk/lib/libmain.a(eagle_lwip_if.o)
                0x000000003ffeae44                hostname
 .bss           0x000000003ffeae50      0x6a8 /home/stoffer/esp8266/esp-open-sdk/sdk/lib/libnet80211.a(ieee80211.o)
                0x000000003ffeae50                g_ic
 .bss           0x000000003ffeb4f8        0x0 /home/stoffer/esp8266/esp-open-sdk/sdk/lib/libnet80211.a(ieee80211_crypto.o)
 .bss           0x000000003ffeb4f8       0x54 /home/stoffer/esp8266/esp-open-sdk/sdk/lib/libnet80211.a(ieee80211_hostap.o)
                0x000000003ffeb4f8                BcnEb_update
                0x000000003ffeb505                BcnWithMcastSendStart
                0x000000003ffeb506                BcnWithMcastSendCnt
                0x000000003ffeb520                PendFreeBcnEb
                0x000000003ffeb524                ApFreqCalTimer
                0x000000003ffeb538                APRecvBcnStartTick
 .bss           0x000000003ffeb54c        0x0 /home/stoffer/esp8266/esp-open-sdk/sdk/lib/libnet80211.a(ieee80211_ht.o)
 .bss           0x000000003ffeb54c        0x0 /home/stoffer/esp8266/esp-open-sdk/sdk/lib/libnet80211.a(ieee80211_input.o)
 .bss           0x000000003ffeb54c        0x0 /home/stoffer/esp8266/esp-open-sdk/sdk/lib/libnet80211.a(ieee80211_mesh_quick.o)
 .bss           0x000000003ffeb54c        0x0 /home/stoffer/esp8266/esp-open-sdk/sdk/lib/libnet80211.a(ieee80211_output.o)
 .bss           0x000000003ffeb54c        0x0 /home/stoffer/esp8266/esp-open-sdk/sdk/lib/libnet80211.a(ieee80211_phy.o)
 .bss           0x000000003ffeb54c        0x0 /home/stoffer/esp8266/esp-open-sdk/sdk/lib/libnet80211.a(ieee80211_power.o)
 .bss           0x000000003ffeb54c        0x0 /home/stoffer/esp8266/esp-open-sdk/sdk/lib/libnet80211.a(ieee80211_proto.o)
 .bss           0x000000003ffeb54c        0x0 /home/stoffer/esp8266/esp-open-sdk/sdk/lib/libnet80211.a(ieee80211_regdomain.o)
 .bss           0x000000003ffeb54c        0x0 /home/stoffer/esp8266/esp-open-sdk/sdk/lib/libnet80211.a(ieee80211_rfid.o)
 .bss           0x000000003ffeb54c       0xc8 /home/stoffer/esp8266/esp-open-sdk/sdk/lib/libnet80211.a(ieee80211_scan.o)
                0x000000003ffeb54c                gScanStruct
                0x000000003ffeb5f8                connect_scan_flag
                0x000000003ffeb5f9                FreqCalCntForScan
                0x000000003ffeb5fa                TestStaFreqCalValInput
                0x000000003ffeb5fc                auth_type
                0x000000003ffeb5fe                scannum
 *fill*         0x000000003ffeb614        0x4 
 .bss           0x000000003ffeb618       0x28 /home/stoffer/esp8266/esp-open-sdk/sdk/lib/libnet80211.a(ieee80211_sta.o)
 .bss           0x000000003ffeb640       0x3c /home/stoffer/esp8266/esp-open-sdk/sdk/lib/libnet80211.a(wl_chm.o)
 *fill*         0x000000003ffeb67c        0x4 
 .bss           0x000000003ffeb680      0x394 /home/stoffer/esp8266/esp-open-sdk/sdk/lib/libnet80211.a(wl_cnx.o)
                0x000000003ffeb9e0                sta_con_timer
                0x000000003ffeb9f4                backup_ni_connect_status
                0x000000003ffeb9f8                g_cnx_probe_rc_list_cb
                0x000000003ffeb9fc                reconnect_flag
                0x000000003ffeb9fd                no_ap_found_index
 .bss           0x000000003ffeba14        0x0 /home/stoffer/esp8266/esp-open-sdk/sdk/lib/libnet80211.a(ieee80211_action.o)
 *fill*         0x000000003ffeba14        0x4 
 .bss           0x000000003ffeba18       0x18 /home/stoffer/esp8266/esp-open-sdk/sdk/lib/libnet80211.a(ieee80211_action_vendor.o)
 .bss           0x000000003ffeba30        0x0 /home/stoffer/esp8266/esp-open-sdk/sdk/lib/libnet80211.a(ieee80211_crypto_ccmp.o)
 .bss           0x000000003ffeba30        0x0 /home/stoffer/esp8266/esp-open-sdk/sdk/lib/libnet80211.a(ieee80211_ets.o)
 .bss           0x000000003ffeba30        0x0 /home/stoffer/esp8266/esp-open-sdk/sdk/lib/libnet80211.a(ieee80211_ie_vendor.o)
 .bss           0x000000003ffeba30        0x0 /home/stoffer/esp8266/esp-open-sdk/sdk/lib/libwpa.a(ap_config.o)
 .bss           0x000000003ffeba30        0x0 /home/stoffer/esp8266/esp-open-sdk/sdk/lib/libwpa.a(common.o)
 .bss           0x000000003ffeba30        0x0 /home/stoffer/esp8266/esp-open-sdk/sdk/lib/libwpa.a(os_xtensa.o)
 .bss           0x000000003ffeba30        0x0 /home/stoffer/esp8266/esp-open-sdk/sdk/lib/libwpa.a(wpa_auth.o)
 .bss           0x000000003ffeba30        0x0 /home/stoffer/esp8266/esp-open-sdk/sdk/lib/libwpa.a(wpa_auth_ie.o)
 .bss           0x000000003ffeba30      0x26a /home/stoffer/esp8266/esp-open-sdk/sdk/lib/libwpa.a(wpa.o)
 .bss           0x000000003ffebc9a        0x0 /home/stoffer/esp8266/esp-open-sdk/sdk/lib/libwpa.a(wpa_common.o)
 .bss           0x000000003ffebc9a        0x0 /home/stoffer/esp8266/esp-open-sdk/sdk/lib/libwpa.a(wpa_debug.o)
 .bss           0x000000003ffebc9a        0x0 /home/stoffer/esp8266/esp-open-sdk/sdk/lib/libwpa.a(wpa_ie.o)
 .bss           0x000000003ffebc9a        0x0 /home/stoffer/esp8266/esp-open-sdk/sdk/lib/libwpa.a(wpa_main.o)
 .bss           0x000000003ffebc9a        0x0 /home/stoffer/esp8266/esp-open-sdk/sdk/lib/libwpa.a(wpas_glue.o)
 .bss           0x000000003ffebc9a        0x0 /home/stoffer/esp8266/esp-open-sdk/sdk/lib/libwpa.a(aes-wrap.o)
 .bss           0x000000003ffebc9a        0x0 /home/stoffer/esp8266/esp-open-sdk/sdk/lib/libwpa.a(aes-internal-enc.o)
 .bss           0x000000003ffebc9a        0x0 /home/stoffer/esp8266/esp-open-sdk/sdk/lib/libwpa.a(aes-internal.o)
 *fill*         0x000000003ffebc9a        0x6 
 .bss           0x000000003ffebca0       0x38 /home/stoffer/esp8266/esp-open-sdk/sdk/lib/liblwip.a(dhcp.o)
                0x000000003ffebca0                dhcp_rx_options_given
                0x000000003ffebcb0                dhcp_rx_options_val
 .bss           0x000000003ffebcd8       0x24 /home/stoffer/esp8266/esp-open-sdk/sdk/lib/liblwip.a(dhcpserver.o)
 *fill*         0x000000003ffebcfc        0x4 
 .bss           0x000000003ffebd00      0x480 /home/stoffer/esp8266/esp-open-sdk/sdk/lib/liblwip.a(dns.o)
 .bss           0x000000003ffec180       0x78 /home/stoffer/esp8266/esp-open-sdk/sdk/lib/liblwip.a(espconn_tcp.o)
                0x000000003ffec180                espconn_TaskQueue
 *fill*         0x000000003ffec1f8        0x8 
 .bss           0x000000003ffec200      0x100 /home/stoffer/esp8266/esp-open-sdk/sdk/lib/liblwip.a(etharp.o)
                0x000000003ffec204                ethzero
 .bss           0x000000003ffec300        0x0 /home/stoffer/esp8266/esp-open-sdk/sdk/lib/liblwip.a(init.o)
 .bss           0x000000003ffec300       0x10 /home/stoffer/esp8266/esp-open-sdk/sdk/lib/liblwip.a(ip_addr.o)
 .bss           0x000000003ffec310       0x12 /home/stoffer/esp8266/esp-open-sdk/sdk/lib/liblwip.a(ip.o)
                0x000000003ffec310                current_iphdr_dest
                0x000000003ffec314                current_iphdr_src
                0x000000003ffec318                current_netif
                0x000000003ffec31c                current_header
 .bss           0x000000003ffec322        0x0 /home/stoffer/esp8266/esp-open-sdk/sdk/lib/liblwip.a(memp.o)
 *fill*         0x000000003ffec322        0x2 
 .bss           0x000000003ffec324        0x9 /home/stoffer/esp8266/esp-open-sdk/sdk/lib/liblwip.a(netif.o)
                0x000000003ffec324                netif_list
                0x000000003ffec328                netif_default
 .bss           0x000000003ffec32d        0x0 /home/stoffer/esp8266/esp-open-sdk/sdk/lib/liblwip.a(pbuf.o)
 *fill*         0x000000003ffec32d        0x3 
 .bss           0x000000003ffec330        0x4 /home/stoffer/esp8266/esp-open-sdk/sdk/lib/liblwip.a(raw.o)
 .bss           0x000000003ffec334       0x34 /home/stoffer/esp8266/esp-open-sdk/sdk/lib/liblwip.a(tcp_in.o)
                0x000000003ffec364                tcp_input_pcb
 .bss           0x000000003ffec368       0x1c /home/stoffer/esp8266/esp-open-sdk/sdk/lib/liblwip.a(tcp.o)
                0x000000003ffec36c                tcp_active_pcbs
                0x000000003ffec370                tcp_tmp_pcb
                0x000000003ffec374                tcp_tw_pcbs
                0x000000003ffec378                tcp_bound_pcbs
                0x000000003ffec37c                tcp_listen_pcbs
                0x000000003ffec380                tcp_ticks
 .bss           0x000000003ffec384        0x0 /home/stoffer/esp8266/esp-open-sdk/sdk/lib/liblwip.a(tcp_out.o)
 .bss           0x000000003ffec384        0xc /home/stoffer/esp8266/esp-open-sdk/sdk/lib/liblwip.a(timers.o)
 .bss           0x000000003ffec390        0x4 /home/stoffer/esp8266/esp-open-sdk/sdk/lib/liblwip.a(udp.o)
                0x000000003ffec390                udp_pcbs
 .bss           0x000000003ffec394        0x0 /home/stoffer/esp8266/esp-open-sdk/sdk/lib/liblwip.a(espconn_buf.o)
 *fill*         0x000000003ffec394        0xc 
 .bss           0x000000003ffec3a0      0x104 /home/stoffer/esp8266/esp-open-sdk/sdk/lib/liblwip.a(espconn.o)
                0x000000003ffec3a0                plink_active
                0x000000003ffec3a4                pserver_list
                0x000000003ffec3b0                premot
                0x000000003ffec470                pktinfo
 .bss           0x000000003ffec4a4        0x0 /home/stoffer/esp8266/esp-open-sdk/sdk/lib/liblwip.a(espconn_udp.o)
 .bss           0x000000003ffec4a4        0x0 /home/stoffer/esp8266/esp-open-sdk/sdk/lib/liblwip.a(icmp.o)
 .bss           0x000000003ffec4a4        0xc /home/stoffer/esp8266/esp-open-sdk/sdk/lib/liblwip.a(igmp.o)
 .bss           0x000000003ffec4b0        0x0 /home/stoffer/esp8266/esp-open-sdk/sdk/lib/liblwip.a(inet_chksum.o)
 .bss           0x000000003ffec4b0      0xaa4 /home/stoffer/esp8266/esp-open-sdk/sdk/lib/libpp.a(esf_buf.o)
 *fill*         0x000000003ffecf54        0xc 
 .bss           0x000000003ffecf60       0x40 /home/stoffer/esp8266/esp-open-sdk/sdk/lib/libpp.a(if_hwctrl.o)
                0x000000003ffecf60                interface_mask
                0x000000003ffecf80                if_ctrl
 .bss           0x000000003ffecfa0      0x150 /home/stoffer/esp8266/esp-open-sdk/sdk/lib/libpp.a(lmac.o)
                0x000000003ffecfa4                lmacConfMib
                0x000000003ffecfc8                our_tx_eb
 .bss           0x000000003ffed0f0      0x12a /home/stoffer/esp8266/esp-open-sdk/sdk/lib/libpp.a(pm.o)
                0x000000003ffed0f0                pmc
 *fill*         0x000000003ffed21a        0x2 
 .bss           0x000000003ffed21c       0x38 /home/stoffer/esp8266/esp-open-sdk/sdk/lib/libpp.a(pm_for_bcn_only_mode.o)
 *fill*         0x000000003ffed254        0xc 
 .bss           0x000000003ffed260      0x322 /home/stoffer/esp8266/esp-open-sdk/sdk/lib/libpp.a(pp.o)
                0x000000003ffed278                pend_flag_noise_check
                0x000000003ffed280                pend_flag_periodic_cal
                0x000000003ffed298                idle_timer_reopen_flag
                0x000000003ffed29a                dbg_stop_sw_wdt
                0x000000003ffed29b                dbg_stop_hw_wdt
                0x000000003ffed29d                total_buffed_eb_num
                0x000000003ffed2a0                HighestFreqOffsetInOneChk
                0x000000003ffed2a2                LowestFreqOffsetInOneChk
                0x000000003ffed2a4                DefFreqCalTimer
                0x000000003ffed2b8                PktNumInOneChk
                0x000000003ffed440                buffed_eb_arr
 *fill*         0x000000003ffed582        0xe 
 .bss           0x000000003ffed590      0x100 /home/stoffer/esp8266/esp-open-sdk/sdk/lib/libpp.a(rate_control.o)
 .bss           0x000000003ffed690      0x46c /home/stoffer/esp8266/esp-open-sdk/sdk/lib/libpp.a(trc.o)
 *fill*         0x000000003ffedafc        0x4 
 .bss           0x000000003ffedb00     0x2f88 /home/stoffer/esp8266/esp-open-sdk/sdk/lib/libpp.a(wdev.o)
                0x000000003ffedb00                wDevCtrl
                0x000000003ffedca8                WdevTimOffSet
 .bss           0x000000003fff0a88        0x4 /home/stoffer/esp8266/esp-open-sdk/sdk/lib/libphy.a(phy.o)
 .bss           0x000000003fff0a8c        0x2 /home/stoffer/esp8266/esp-open-sdk/sdk/lib/libphy.a(phy_chip_v6_ana.o)
                0x000000003fff0a8c                tout_dis_txpwr_track
                0x000000003fff0a8d                sleep_mode_flag
 *fill*         0x000000003fff0a8e        0x2 
 .bss           0x000000003fff0a90      0x153 /home/stoffer/esp8266/esp-open-sdk/sdk/lib/libphy.a(phy_chip_v6.o)
                0x000000003fff0a90                g_phyFuns
                0x000000003fff0a94                rxiq_compute_num
                0x000000003fff0a98                rx_table_renew_en
                0x000000003fff0a9c                check_result
                0x000000003fff0aa0                chip6_sleep_params
                0x000000003fff0b34                chip6_phy_init_ctrl
                0x000000003fff0ba8                phy_freq_offset
                0x000000003fff0baa                do_pwctrl_flag
                0x000000003fff0bab                txbk_dpdby_flag
                0x000000003fff0bad                sw_scan_mode
                0x000000003fff0bae                rxmax_ext_level
                0x000000003fff0bb0                phy_rx_gain_dc_table
                0x000000003fff0bc4                periodic_cal_flag
                0x000000003fff0bc5                bbpll_cal_flag
                0x000000003fff0bc6                phy_in_most_power
                0x000000003fff0bc7                init_rf_no_cal
                0x000000003fff0bc8                test_print_time
                0x000000003fff0bcc                phy_in_vdd33_offset
                0x000000003fff0bcd                phy_set_most_tpw_disbg
                0x000000003fff0bce                phy_set_most_tpw_index
                0x000000003fff0bd0                adc_rand_noise
                0x000000003fff0bd4                phy_rx_gain_dc_flag
                0x000000003fff0bd5                dpd_bypass_original
                0x000000003fff0bd6                phy_txpwr_diff_flash
                0x000000003fff0bd8                noise_array
 *fill*         0x000000003fff0be3        0x1 
 .bss           0x000000003fff0be4        0x9 /home/stoffer/esp8266/esp-open-sdk/sdk/lib/libphy.a(phy_chip_v6_cal.o)
                0x000000003fff0be4                phy_tx_power_out
                0x000000003fff0be6                phy_tx_pwr_error
                0x000000003fff0be8                tx_pwctrl_track_num
                0x000000003fff0be9                rxiq_cover_fail_num
                0x000000003fff0bea                phy_meas_freq_offset
                0x000000003fff0bec                tx_pwctrl_pk_num
 .bss           0x000000003fff0bed        0x0 /home/stoffer/esp8266/esp-open-sdk/sdk/lib/libphy.a(phy_chip_v6_unused.o)
 *fill*         0x000000003fff0bed        0x3 
 .bss           0x000000003fff0bf0        0x7 /home/stoffer/esp8266/esp-open-sdk/sdk/lib/libphy.a(phy_sleep.o)
                0x000000003fff0bf0                periodic_cal_sat
                0x000000003fff0bf2                lslp_mem_opt_8266
                0x000000003fff0bf4                software_slp_reject
                0x000000003fff0bf5                SDIO_slp_reject
                0x000000003fff0bf6                hardware_reject
 .bss           0x000000003fff0bf7        0x0 /home/stoffer/esp8266/esp-open-sdk/xtensa-lx106-elf/xtensa-lx106-elf/sysroot/usr/lib/libhal.a(int_asm--set_intclear.o)
 .bss           0x000000003fff0bf7        0x0 /home/stoffer/esp8266/esp-open-sdk/sdk/lib/libgcc.a(_modsi3.o)
 .bss           0x000000003fff0bf7        0x0 /home/stoffer/esp8266/esp-open-sdk/sdk/lib/libgcc.a(_ashrdi3.o)
 .bss           0x000000003fff0bf7        0x0 /home/stoffer/esp8266/esp-open-sdk/sdk/lib/libgcc.a(_mulsf3.o)
 .bss           0x000000003fff0bf7        0x0 /home/stoffer/esp8266/esp-open-sdk/sdk/lib/libgcc.a(_divsf3.o)
 .bss           0x000000003fff0bf7        0x0 /home/stoffer/esp8266/esp-open-sdk/sdk/lib/libgcc.a(_fixsfsi.o)
 .bss           0x000000003fff0bf7        0x0 /home/stoffer/esp8266/esp-open-sdk/xtensa-lx106-elf/lib/gcc/xtensa-lx106-elf/4.8.5/../../../../xtensa-lx106-elf/lib/libc.a(lib_a-memchr.o)
 *fill*         0x000000003fff0bf7        0x1 
 .bss           0x000000003fff0bf8       0x54 build/app_app.a(user_main.o)
                0x000000003fff0bf8                counter
 .bss           0x000000003fff0c4c       0x2c build/app_app.a(captdns.o)
 .bss           0x000000003fff0c78       0x14 build/app_app.a(led.o)
 .bss           0x000000003fff0c8c        0x0 build/app_app.a(httpd_user_init.o)
 .bss           0x000000003fff0c8c     0x21f4 build/app_app.a(httpd.o)
 .bss           0x000000003fff2e80        0x0 build/app_app.a(crypto.o)
 .bss           0x000000003fff2e80        0x0 build/app_app.a(sha256.o)
 .bss           0x000000003fff2e80       0xbc build/app_app.a(aes.o)
 .bss           0x000000003fff2f3c       0x44 build/app_app.a(kmp_request.o)
                0x000000003fff2f3c                kmp_serial
 .bss           0x000000003fff2f80        0x0 build/app_app.a(kmp.o)
 .bss           0x000000003fff2f80       0x14 build/app_app.a(cron.o)
 .bss           0x000000003fff2f94       0x3c build/app_app.a(ac_out.o)
 .bss           0x000000003fff2fd0        0x0 build/app_app.a(uart.o)
 .bss           0x000000003fff2fd0        0x8 build/app_app.a(mqtt.o)
                0x000000003fff2fd0                default_private_key_len
                0x000000003fff2fd4                default_certificate_len
 .bss           0x000000003fff2fd8        0x0 build/app_app.a(mqtt_msg.o)
 .bss           0x000000003fff2fd8        0x0 build/app_app.a(queue.o)
 .bss           0x000000003fff2fd8        0x0 build/app_app.a(mqtt_utils.o)
 .bss           0x000000003fff2fd8        0x0 build/app_app.a(proto.o)
 .bss           0x000000003fff2fd8       0x14 build/app_app.a(config.o)
 .bss           0x000000003fff2fec       0x38 build/app_app.a(wifi.o)
                0x000000003fff2fec                get_rssi_running
                0x000000003fff2fed                wifi_scan_runnning
                0x000000003fff2fee                wifi_fallback_last_present
                0x000000003fff2fef                wifi_fallback_present
                0x000000003fff2ff0                wifi_present
                0x000000003fff2ff4                wifi_cb
 .bss           0x000000003fff3024       0x3c build/app_app.a(watchdog.o)
 .bss           0x000000003fff3060       0x14 build/app_app.a(cgiwifi.o)
 .bss           0x000000003fff3074        0x8 build/app_app.a(tinyprintf.o)
 .bss           0x000000003fff307c       0x30 build/app_app.a(unix_time.o)
                0x000000003fff307c                ntp_offline_second_counter
                0x000000003fff3080                init_time
 .bss           0x000000003fff30ac        0x5 build/app_app.a(cgi.o)
 .bss           0x000000003fff30b1        0x0 build/app_app.a(httpdespfs.o)
 .bss           0x000000003fff30b1        0x0 build/app_app.a(espfs.o)
 .bss           0x000000003fff30b1        0x0 build/app_app.a(heatshrink_decoder.o)
 .bss           0x000000003fff30b1        0x0 build/app_app.a(utils.o)
 .bss           0x000000003fff30b1        0x0 build/app_app.a(hmac-sha256.o)
 .bss           0x000000003fff30b1        0x0 build/app_app.a(gpio16.o)
 .bss           0x000000003fff30b1        0x0 build/app_app.a(ringbuf.o)
 *fill*         0x000000003fff30b1        0x7 
 .bss           0x000000003fff30b8        0x8 /home/stoffer/esp8266/esp-open-sdk/sdk/lib/libnet80211.a(ieee80211_crypto_tkip.o)
 .bss           0x000000003fff30c0        0x0 /home/stoffer/esp8266/esp-open-sdk/sdk/lib/libnet80211.a(ieee80211_crypto_wep.o)
 .bss           0x000000003fff30c0      0x128 /home/stoffer/esp8266/esp-open-sdk/sdk/lib/liblwip.a(sntp.o)
                0x000000003fff30c0                res_buf
                0x000000003fff30e4                __tzyear
                0x000000003fff30e8                __tznorth
                0x000000003fff3120                sntp__tzrule
                0x000000003fff3160                reult
 .bss           0x000000003fff31e8        0x0 /home/stoffer/esp8266/esp-open-sdk/xtensa-lx106-elf/lib/gcc/xtensa-lx106-elf/4.8.5/../../../../xtensa-lx106-elf/lib/libc.a(lib_a-atoi.o)
 .bss           0x000000003fff31e8        0x0 /home/stoffer/esp8266/esp-open-sdk/xtensa-lx106-elf/lib/gcc/xtensa-lx106-elf/4.8.5/../../../../xtensa-lx106-elf/lib/libc.a(lib_a-gmtime.o)
 .bss           0x000000003fff31e8        0x0 /home/stoffer/esp8266/esp-open-sdk/xtensa-lx106-elf/lib/gcc/xtensa-lx106-elf/4.8.5/../../../../xtensa-lx106-elf/lib/libc.a(lib_a-gmtime_r.o)
 .bss           0x000000003fff31e8        0x0 /home/stoffer/esp8266/esp-open-sdk/xtensa-lx106-elf/lib/gcc/xtensa-lx106-elf/4.8.5/../../../../xtensa-lx106-elf/lib/libc.a(lib_a-impure.o)
 .bss           0x000000003fff31e8        0x0 /home/stoffer/esp8266/esp-open-sdk/xtensa-lx106-elf/lib/gcc/xtensa-lx106-elf/4.8.5/../../../../xtensa-lx106-elf/lib/libc.a(lib_a-memcpy.o)
 .bss           0x000000003fff31e8        0x0 /home/stoffer/esp8266/esp-open-sdk/xtensa-lx106-elf/lib/gcc/xtensa-lx106-elf/4.8.5/../../../../xtensa-lx106-elf/lib/libc.a(lib_a-memset.o)
 .bss           0x000000003fff31e8        0x0 /home/stoffer/esp8266/esp-open-sdk/xtensa-lx106-elf/lib/gcc/xtensa-lx106-elf/4.8.5/../../../../xtensa-lx106-elf/lib/libc.a(lib_a-mktm_r.o)
 .bss           0x000000003fff31e8        0x0 /home/stoffer/esp8266/esp-open-sdk/xtensa-lx106-elf/lib/gcc/xtensa-lx106-elf/4.8.5/../../../../xtensa-lx106-elf/lib/libc.a(lib_a-strcat.o)
 .bss           0x000000003fff31e8        0x0 /home/stoffer/esp8266/esp-open-sdk/xtensa-lx106-elf/lib/gcc/xtensa-lx106-elf/4.8.5/../../../../xtensa-lx106-elf/lib/libc.a(lib_a-strlen.o)
 .bss           0x000000003fff31e8        0x0 /home/stoffer/esp8266/esp-open-sdk/xtensa-lx106-elf/lib/gcc/xtensa-lx106-elf/4.8.5/../../../../xtensa-lx106-elf/lib/libc.a(lib_a-strtok.o)
 .bss           0x000000003fff31e8        0x0 /home/stoffer/esp8266/esp-open-sdk/xtensa-lx106-elf/lib/gcc/xtensa-lx106-elf/4.8.5/../../../../xtensa-lx106-elf/lib/libc.a(lib_a-strtok_r.o)
 .bss           0x000000003fff31e8        0x0 /home/stoffer/esp8266/esp-open-sdk/xtensa-lx106-elf/lib/gcc/xtensa-lx106-elf/4.8.5/../../../../xtensa-lx106-elf/lib/libc.a(lib_a-strtol.o)
 .bss           0x000000003fff31e8        0x0 /home/stoffer/esp8266/esp-open-sdk/xtensa-lx106-elf/lib/gcc/xtensa-lx106-elf/4.8.5/../../../../xtensa-lx106-elf/lib/libc.a(lib_a-tzlock.o)
 .bss           0x000000003fff31e8        0x8 /home/stoffer/esp8266/esp-open-sdk/xtensa-lx106-elf/lib/gcc/xtensa-lx106-elf/4.8.5/../../../../xtensa-lx106-elf/lib/libc.a(lib_a-tzvars.o)
                0x000000003fff31e8                _timezone
                0x000000003fff31ec                _daylight
 .bss           0x000000003fff31f0        0x0 /home/stoffer/esp8266/esp-open-sdk/xtensa-lx106-elf/lib/gcc/xtensa-lx106-elf/4.8.5/../../../../xtensa-lx106-elf/lib/libc.a(lib_a-ctype_.o)
 .bss           0x000000003fff31f0        0x0 /home/stoffer/esp8266/esp-open-sdk/xtensa-lx106-elf/lib/gcc/xtensa-lx106-elf/4.8.5/../../../../xtensa-lx106-elf/lib/libc.a(lib_a-gettzinfo.o)
 .bss           0x000000003fff31f0       0x1c /home/stoffer/esp8266/esp-open-sdk/sdk/lib/libmain.a(time.o)
 .bss           0x000000003fff320c        0x0 /home/stoffer/esp8266/esp-open-sdk/xtensa-lx106-elf/lib/gcc/xtensa-lx106-elf/4.8.5/../../../../xtensa-lx106-elf/lib/libc.a(lib_a-sysgettod.o)
 *(.bss.*)
 *(.gnu.linkonce.b.*)
 *(COMMON)
 COMMON         0x000000003fff320c      0x2d4 build/app_app.a(user_main.o)
                0x000000003fff320c                mqtt_client
                0x000000003fff32dc                rtc_info
                0x000000003fff32e0                kmp_received_task_queue
 COMMON         0x000000003fff34e0       0x40 build/app_app.a(crypto.o)
                0x000000003fff34e0                hmac_sha256_key
                0x000000003fff34f0                aes_key
                0x000000003fff3500                sha256_hash
 COMMON         0x000000003fff3520      0x58c build/app_app.a(kmp_request.o)
                0x000000003fff3520                response
                0x000000003fff358c                fifo_buffer
                0x000000003fff368c                frame_length
                0x000000003fff3690                fifo_head
                0x000000003fff3694                kmp_requests_sent
                0x000000003fff3698                fifo_tail
                0x000000003fff369c                register_list
                0x000000003fff36ac                frame
 COMMON         0x000000003fff3aac       0x10 build/app_app.a(kmp.o)
                0x000000003fff3aac                kmp_response
                0x000000003fff3ab0                kmp_data_length
                0x000000003fff3ab4                kmp_frame_length
                0x000000003fff3ab8                kmp_frame
 COMMON         0x000000003fff3abc        0x1 build/app_app.a(cron.o)
                0x000000003fff3abc                sec_drift
 *fill*         0x000000003fff3abd        0x3 
 COMMON         0x000000003fff3ac0        0x4 build/app_app.a(ac_out.o)
                0x000000003fff3ac0                ac_pwm_duty_cycle
 COMMON         0x000000003fff3ac4       0x10 build/app_app.a(mqtt.o)
                0x000000003fff3ac4                default_private_key
                0x000000003fff3ac8                default_certificate
                0x000000003fff3acc                mqtt_procTaskQueue
 COMMON         0x000000003fff3ad4        0xc build/app_app.a(queue.o)
                0x000000003fff3ad4                last_fill_cnt
                0x000000003fff3ad8                last_rb_p_r
                0x000000003fff3adc                last_rb_p_w
 COMMON         0x000000003fff3ae0      0xa40 build/app_app.a(config.o)
                0x000000003fff3ae0                sys_cfg
                0x000000003fff4518                config_save_timer_running
                0x000000003fff451c                saveFlag
 COMMON         0x000000003fff4520        0x8 build/app_app.a(wifi.o)
                0x000000003fff4520                config_ssid
                0x000000003fff4524                config_pass
 COMMON         0x000000003fff4528       0x14 build/app_app.a(watchdog.o)
                0x000000003fff4528                watchdog_list_len
                0x000000003fff452c                watchdog_list
 COMMON         0x000000003fff453c        0xc build/app_app.a(cgiwifi.o)
                0x000000003fff453c                cgiWifiAps
 COMMON         0x000000003fff4548       0x10 build/app_app.a(unix_time.o)
                0x000000003fff4548                current_unix_time
                0x000000003fff4550                boot_time
                0x000000003fff4558                . = ALIGN (0x8)
                0x000000003fff4558                _bss_end = ABSOLUTE (.)
                0x000000003fff4558                _heap_start = ABSOLUTE (.)

.irom0.text     0x0000000040210000    0x38bfc
                0x0000000040210000                _irom0_text_start = ABSOLUTE (.)
 *libmbedtls.a:(.literal .text .literal.* .text.*)
 *(.irom0.literal .irom.literal .irom.text.literal .irom0.text .irom.text)
 .irom0.text    0x0000000040210000      0xce5 /home/stoffer/esp8266/esp-open-sdk/sdk/lib/libmain.a(app_main.o)
                                        0xf3d (size before relaxing)
                0x00000000402102d4                wdt_init
                0x000000004021037c                user_uart_wait_tx_fifo_empty
                0x0000000040210630                user_rf_pre_init
                0x0000000040210638                system_phy_freq_trace_enable
                0x0000000040210650                flash_data_check
 *fill*         0x0000000040210ce5        0x3 
 .irom0.text    0x0000000040210ce8      0x186 /home/stoffer/esp8266/esp-open-sdk/sdk/lib/libmain.a(ets_timer.o)
                                        0x1b2 (size before relaxing)
                0x0000000040210cf0                ets_timer_done
                0x0000000040210d3c                ets_timer_handler_isr
                0x0000000040210e0c                ets_timer_init
 *fill*         0x0000000040210e6e        0x2 
 .irom0.text    0x0000000040210e70       0xf0 /home/stoffer/esp8266/esp-open-sdk/sdk/lib/libmain.a(mem_manager.o)
                                         0xf8 (size before relaxing)
                0x0000000040210e70                check_memleak_debug_enable
                0x0000000040210ee0                xPortGetFreeHeapSize
                0x0000000040210ee8                vPortInitialiseBlocks
 .irom0.text    0x0000000040210f60        0xb /home/stoffer/esp8266/esp-open-sdk/sdk/lib/libmain.a(spi_flash.o)
                0x0000000040210f64                spi_flash_set_read_func
 *fill*         0x0000000040210f6b        0x1 
 .irom0.text    0x0000000040210f6c     0x3d2d /home/stoffer/esp8266/esp-open-sdk/sdk/lib/libmain.a(user_interface.o)
                                       0x48dd (size before relaxing)
                0x0000000040210f70                system_set_os_print
                0x0000000040210f80                system_get_os_print
                0x0000000040211148                system_pp_recycle_rx_pkt
                0x0000000040211164                system_adc_read
                0x00000000402111a4                system_adc_read_fast
                0x0000000040211204                system_get_vdd33
                0x0000000040211230                system_restart_hook
                0x0000000040211248                system_restart_local
                0x0000000040211328                system_restart
                0x0000000040211388                system_restore
                0x00000000402113f0                system_get_flash_size_map
                0x0000000040211410                system_get_boot_version
                0x0000000040211448                system_get_test_result
                0x0000000040211470                system_get_userbin_addr
                0x0000000040211508                system_get_boot_mode
                0x0000000040211538                system_restart_enhance
                0x00000000402116e4                system_upgrade_userbin_set
                0x0000000040211730                system_upgrade_userbin_check
                0x0000000040211770                system_upgrade_flag_set
                0x0000000040211784                system_upgrade_flag_check
                0x00000000402117ac                system_upgrade_reboot
                0x000000004021190c                system_deep_sleep_instant
                0x0000000040211aa4                system_deep_sleep
                0x0000000040211b04                system_deep_sleep_set_option
                0x0000000040211b20                system_phy_temperature_alert
                0x0000000040211b34                system_phy_set_max_tpw
                0x0000000040211b48                system_phy_set_tpw_via_vdd33
                0x0000000040211b5c                system_phy_set_rfoption
                0x0000000040211b70                system_phy_set_powerup_option
                0x0000000040211b88                system_update_cpu_freq
                0x0000000040211be4                system_get_cpu_freq
                0x0000000040211bfc                system_overclock
                0x0000000040211c28                system_restoreclock
                0x0000000040211c58                system_timer_reinit
                0x0000000040211c70                system_relative_time
                0x0000000040211c94                system_station_got_ip_set
                0x0000000040211dc0                system_print_meminfo
                0x0000000040211e20                system_get_free_heap_size
                0x0000000040211e34                system_get_chip_id
                0x0000000040211e58                system_rtc_clock_cali_proc
                0x0000000040211e6c                system_get_rtc_time
                0x0000000040211e80                system_mktime
                0x0000000040211f50                system_init_done_cb
                0x0000000040211f58                system_get_rst_info
                0x0000000040211f60                system_get_data_of_array_8
                0x0000000040211f84                system_get_data_of_array_16
                0x0000000040211fac                system_get_string_from_flash
                0x0000000040212018                wifi_softap_dhcps_start
                0x0000000040212060                wifi_softap_dhcps_stop
                0x00000000402120a0                wifi_softap_dhcps_status
                0x00000000402120a8                wifi_station_dhcpc_start
                0x0000000040212100                wifi_station_dhcpc_stop
                0x0000000040212140                wifi_station_dhcpc_event
                0x00000000402121b4                wifi_station_dhcpc_set_maxtry
                0x00000000402121c4                wifi_station_dhcpc_status
                0x0000000040212244                wifi_get_opmode
                0x0000000040212258                wifi_get_opmode_default
                0x00000000402122d4                wifi_get_broadcast_if
                0x0000000040212310                wifi_set_broadcast_if
                0x000000004021248c                wifi_set_opmode
                0x00000000402124a0                wifi_set_opmode_current
                0x00000000402124b4                system_get_checksum
                0x00000000402124fc                wifi_param_save_protect_with_check
                0x00000000402125bc                system_param_save_with_protect
                0x0000000040212670                system_save_sys_param
                0x000000004021269c                system_param_load
                0x00000000402127d8                wifi_station_get_config
                0x00000000402127ec                wifi_station_get_config_default
                0x000000004021280c                wifi_station_get_ap_info
                0x00000000402128c4                wifi_station_ap_number_set
                0x0000000040212d7c                wifi_station_set_config
                0x0000000040212d94                wifi_station_set_config_current
                0x0000000040212dac                wifi_station_restore_config
                0x0000000040212dc4                wifi_station_get_current_ap_id
                0x0000000040212dd8                wifi_station_ap_check
                0x0000000040212e28                wifi_station_ap_change
                0x0000000040212f40                wifi_station_scan
                0x0000000040212f8c                wifi_station_get_auto_connect
                0x0000000040212fac                wifi_station_set_auto_connect
                0x0000000040213064                wifi_station_save_pmk2cache
                0x0000000040213194                wifi_station_save_bssid
                0x0000000040213234                wifi_station_connect
                0x00000000402132c8                wifi_station_disconnect
                0x0000000040213388                wifi_station_get_connect_status
                0x00000000402133b8                wifi_station_set_reconnect_policy
                0x00000000402133d0                wifi_station_get_reconnect_policy
                0x00000000402133d8                wifi_station_get_rssi
                0x0000000040213428                wifi_station_set_default_hostname
                0x0000000040213490                wifi_station_get_hostname
                0x00000000402134c0                wifi_station_set_hostname
                0x0000000040213560                wifi_softap_cacl_mac
                0x00000000402135d0                wifi_softap_set_default_ssid
                0x00000000402137b0                wifi_softap_get_config
                0x00000000402137c4                wifi_softap_get_config_default
                0x0000000040213b00                wifi_softap_set_config
                0x0000000040213b14                wifi_softap_set_config_current
                0x0000000040213b28                wifi_softap_set_station_info
                0x0000000040213b98                wifi_softap_get_station_info
                0x0000000040213c44                wifi_softap_free_station_info
                0x0000000040213c84                wifi_softap_get_station_num
                0x0000000040213cd8                wifi_softap_deauth
                0x0000000040213d88                wifi_softap_get_beacon_only_mode
                0x0000000040213d9c                wifi_softap_set_beacon_only_mode
                0x0000000040213e00                wifi_register_user_ie_manufacturer_recv_cb
                0x0000000040213e14                wifi_unregister_user_ie_manufacturer_recv_cb
                0x0000000040213e44                wifi_set_user_ie
                0x0000000040213f54                wifi_get_user_ie
                0x0000000040213f88                wifi_get_phy_mode
                0x0000000040213f9c                wifi_set_phy_mode
                0x0000000040214150                wifi_check_regdomain_param
                0x00000000402141d4                wifi_regdomain_need_update
                0x00000000402142b0                wifi_set_regdomain
                0x00000000402143e8                wifi_get_regdomain
                0x0000000040214498                wifi_set_sleep_type
                0x00000000402144b8                wifi_enable_gpio_wakeup
                0x00000000402144e4                wifi_disable_gpio_wakeup
                0x00000000402144fc                wifi_get_sleep_type
                0x0000000040214514                wifi_get_channel
                0x000000004021452c                wifi_set_channel
                0x0000000040214584                wifi_promiscuous_set_mac
                0x00000000402145e4                wifi_promiscuous_enable
                0x00000000402146c8                wifi_set_promiscuous_rx_cb
                0x00000000402146d8                wifi_get_ip_info
                0x0000000040214758                wifi_set_ip_info
                0x00000000402147cc                wifi_get_macaddr
                0x000000004021482c                wifi_set_macaddr
                0x0000000040214948                wifi_enable_6m_rate
                0x0000000040214950                wifi_get_user_fixed_rate
                0x0000000040214970                wifi_set_user_fixed_rate
                0x0000000040214990                wifi_set_user_sup_rate
                0x00000000402149cc                wifi_set_user_rate_limit
                0x00000000402149f0                wifi_get_user_limit_rate_mask
                0x00000000402149f8                wifi_set_user_limit_rate_mask
                0x0000000040214a10                wifi_register_send_pkt_freedom_cb
                0x0000000040214a24                wifi_unregister_send_pkt_freedom_cb
                0x0000000040214a30                wifi_send_pkt_freedom
                0x0000000040214a7c                wifi_rfid_locp_recv_open
                0x0000000040214a90                wifi_rfid_locp_recv_close
                0x0000000040214aa4                wifi_register_rfid_locp_recv_cb
                0x0000000040214ab8                wifi_unregister_rfid_locp_recv_cb
                0x0000000040214ad0                wifi_status_led_install
                0x0000000040214b04                wifi_status_led_uninstall
                0x0000000040214b28                wifi_set_status_led_output_level
                0x0000000040214b7c                wifi_set_event_handler_cb
                0x0000000040214bc4                system_os_task
                0x0000000040214c00                system_uart_swap
                0x0000000040214c60                system_uart_de_swap
                0x0000000040214c94                system_get_sdk_version
 *fill*         0x0000000040214c99        0x3 
 .irom0.text    0x0000000040214c9c      0x610 /home/stoffer/esp8266/esp-open-sdk/sdk/lib/libmain.a(eagle_lib.o)
                                        0x620 (size before relaxing)
                0x0000000040214ca0                divide
                0x0000000040214cdc                skip_atoi
                0x0000000040214e5c                ets_vsnprintf
                0x00000000402151bc                ets_vsprintf
                0x00000000402151e0                ets_sprintf
                0x0000000040215208                ets_strcat
                0x0000000040215228                ets_strrchr
                0x0000000040215254                ets_strchr
                0x000000004021526c                bit_popcount
                0x0000000040215288                ets_snprintf
 .irom0.text    0x00000000402152ac      0x31e /home/stoffer/esp8266/esp-open-sdk/sdk/lib/libmain.a(eagle_lwip_if.o)
                                        0x3e6 (size before relaxing)
                0x0000000040215364                eagle_lwip_if_alloc
                0x0000000040215524                eagle_lwip_if_free
                0x00000000402155a8                eagle_lwip_getif
 *fill*         0x00000000402155ca        0x2 
 .irom0.text    0x00000000402155cc      0x481 /home/stoffer/esp8266/esp-open-sdk/sdk/lib/libnet80211.a(ieee80211.o)
                                        0x545 (size before relaxing)
                0x0000000040215658                ieee80211_rate_ref_init
                0x0000000040215670                ieee80211_freedom_inside_cb
                0x00000000402156a0                ieee80211_freedom_init
                0x00000000402156c4                ieee80211_user_ie_init
                0x00000000402156e0                ieee80211_ifattach
                0x0000000040215744                ieee80211_mhz2ieee
                0x00000000402157a0                ieee80211_chan2ieee
                0x00000000402157bc                ieee80211_ieee2mhz
                0x00000000402157fc                ieee80211_find_channel
                0x0000000040215828                ieee80211_find_channel_byieee
                0x0000000040215878                wifi_mode_set
 *fill*         0x0000000040215a4d        0x3 
 .irom0.text    0x0000000040215a50       0xcf /home/stoffer/esp8266/esp-open-sdk/sdk/lib/libnet80211.a(ieee80211_crypto.o)
                                         0xd7 (size before relaxing)
                0x0000000040215a50                ieee80211_crypto_attach
                0x0000000040215a54                ieee80211_crypto_available
                0x0000000040215a58                ieee80211_crypto_setkey
                0x0000000040215a5c                ieee80211_crypto_encap
                0x0000000040215ab4                ieee80211_crypto_decap
 *fill*         0x0000000040215b1f        0x1 
 .irom0.text    0x0000000040215b20     0x1a1c /home/stoffer/esp8266/esp-open-sdk/sdk/lib/libnet80211.a(ieee80211_hostap.o)
                                       0x1f3b (size before relaxing)
                0x0000000040216170                ieee80211_hostap_attach
                0x000000004021626c                hostap_handle_timer
                0x0000000040216304                hostap_input
                0x000000004021721c                wifi_softap_start
                0x00000000402173a0                wifi_softap_stop
 *fill*         0x000000004021753c        0x0 
 .irom0.text    0x000000004021753c      0xa7e /home/stoffer/esp8266/esp-open-sdk/sdk/lib/libnet80211.a(ieee80211_ht.o)
                                        0xb36 (size before relaxing)
                0x000000004021754c                ieee80211_ht_attach
                0x000000004021759c                ieee80211_ht_node_init
                0x00000000402175dc                ieee80211_ht_node_cleanup
                0x0000000040217614                ieee80211_parse_htcap
                0x000000004021770c                ieee80211_ht_updateparams
                0x0000000040217820                ieee80211_setup_htrates
                0x00000000402178ec                ieee80211_setup_basic_htrates
                0x0000000040217c24                ieee80211_add_htcap
                0x0000000040217c40                ieee80211_add_htcap_vendor
                0x0000000040217d60                ieee80211_add_htinfo
                0x0000000040217d7c                ieee80211_add_htinfo_vendor
 *fill*         0x0000000040217fba        0x2 
 .irom0.text    0x0000000040217fbc      0xae0 /home/stoffer/esp8266/esp-open-sdk/sdk/lib/libnet80211.a(ieee80211_input.o)
                                        0xb70 (size before relaxing)
                0x0000000040217fbc                ieee80211_deliver_data
                0x0000000040218010                ieee80211_decap
                0x0000000040218114                ieee80211_setup_rates
                0x0000000040218184                ieee80211_alloc_challenge
                0x00000000402181c4                ieee80211_parse_beacon
                0x00000000402187e8                ieee80211_parse_wpa
                0x00000000402188fc                ieee80211_parse_rsn
                0x00000000402189fc                ieee80211_parse_action
                0x0000000040218a98                ieee80211_setup_rateset
 .irom0.text    0x0000000040218a9c      0x2a6 /home/stoffer/esp8266/esp-open-sdk/sdk/lib/libnet80211.a(ieee80211_mesh_quick.o)
                                        0x302 (size before relaxing)
                0x0000000040218aa8                ieee80211_mesh_quick_init
                0x0000000040218b18                ieee80211_mesh_quick_deinit
                0x0000000040218b48                ieee80211_mesh_quick_set
                0x0000000040218c44                ieee80211_mesh_quick_get
                0x0000000040218d10                ieee80211_mesh_quick_ie_add
 *fill*         0x0000000040218d42        0x2 
 .irom0.text    0x0000000040218d44     0x1e68 /home/stoffer/esp8266/esp-open-sdk/sdk/lib/libnet80211.a(ieee80211_output.o)
                                       0x220c (size before relaxing)
                0x0000000040218d60                ieee80211_output_pbuf
                0x0000000040218fd0                ieee80211_send_setup
                0x0000000040219104                ieee80211_mgmt_output
                0x00000000402191ec                ieee80211_tx_mgt_cb
                0x00000000402191f4                ieee80211_send_nulldata
                0x0000000040219664                ieee80211_add_rates
                0x00000000402196b4                ieee80211_add_xrates
                0x00000000402197e4                ieee80211_send_probereq
                0x0000000040219a54                ieee80211_getcapinfo
                0x0000000040219ab0                ieee80211_send_mgmt
                0x000000004021a05c                ieee80211_alloc_proberesp
                0x000000004021a2c8                ieee80211_send_proberesp
                0x000000004021a410                ieee80211_alloc_deauth
                0x000000004021a450                ieee80211_send_deauth
                0x000000004021a58c                ieee80211_freedom_output
                0x000000004021a9d0                ieee80211_beacon_alloc
 .irom0.text    0x000000004021abac       0xe0 /home/stoffer/esp8266/esp-open-sdk/sdk/lib/libnet80211.a(ieee80211_phy.o)
                                        0x108 (size before relaxing)
                0x000000004021abac                ieee80211_phy_init
                0x000000004021abe0                ieee80211_phy_type_get
                0x000000004021abfc                ieee80211_setup_ratetable
 .irom0.text    0x000000004021ac8c      0x1b6 /home/stoffer/esp8266/esp-open-sdk/sdk/lib/libnet80211.a(ieee80211_power.o)
                                        0x1f2 (size before relaxing)
                0x000000004021ac8c                ieee80211_psq_init
                0x000000004021acac                ieee80211_psq_cleanup
                0x000000004021acb4                ieee80211_set_tim
                0x000000004021acf4                ieee80211_pwrsave
                0x000000004021ad5c                pwrsave_flushq
                0x000000004021ae0c                ieee80211_node_pwrsave
 *fill*         0x000000004021ae42        0x2 
 .irom0.text    0x000000004021ae44      0x121 /home/stoffer/esp8266/esp-open-sdk/sdk/lib/libnet80211.a(ieee80211_proto.o)
                                        0x159 (size before relaxing)
                0x000000004021ae48                ieee80211_proto_attach
                0x000000004021ae70                ieee80211_set_shortslottime
                0x000000004021ae8c                ieee80211_iserp_rateset
                0x000000004021aec0                ieee80211_wme_initparams
                0x000000004021aec4                ieee80211_wme_updateparams
                0x000000004021aecc                ieee80211_mlme_connect_bss
 *fill*         0x000000004021af65        0x3 
 .irom0.text    0x000000004021af68      0x1bc /home/stoffer/esp8266/esp-open-sdk/sdk/lib/libnet80211.a(ieee80211_regdomain.o)
                                        0x1dc (size before relaxing)
                0x000000004021af68                ieee80211_regdomain_attach
                0x000000004021af70                ieee80211_regdomain_detach
                0x000000004021af98                ieee80211_alloc_countryie
                0x000000004021b038                ieee80211_chan_in_regdomain
                0x000000004021b07c                ieee80211_update_regdomain
 .irom0.text    0x000000004021b124       0xb2 /home/stoffer/esp8266/esp-open-sdk/sdk/lib/libnet80211.a(ieee80211_rfid.o)
                                         0xd6 (size before relaxing)
                0x000000004021b128                ieee80211_rfid_locp_recv_open
                0x000000004021b164                ieee80211_rfid_locp_recv_close
                0x000000004021b17c                ieee80211_rfid_locp_recv_reset
                0x000000004021b19c                ieee80211_rfid_locp_recv
                0x000000004021b1b8                register_ieee80211_rfid_locp_recv_cb
                0x000000004021b1cc                unregister_ieee80211_rfid_locp_recv_cb
 *fill*         0x000000004021b1d6        0x2 
 .irom0.text    0x000000004021b1d8      0xf51 /home/stoffer/esp8266/esp-open-sdk/sdk/lib/libnet80211.a(ieee80211_scan.o)
                                       0x129d (size before relaxing)
                0x000000004021b1e4                ieee80211_scan_attach
                0x000000004021b278                scan_start
                0x000000004021b438                scan_pm_channel_op_cb
                0x000000004021b5d8                scan_cancel
                0x000000004021b734                scan_add_bssid
                0x000000004021b758                scan_remove_bssid
                0x000000004021b764                scan_hidden_ssid
                0x000000004021b76c                scan_add_probe_ssid
                0x000000004021b7c0                scan_remove_probe_ssid
                0x000000004021b900                scan_clear_channles
                0x000000004021b974                scan_set_desChan
                0x000000004021b980                scan_get_type
                0x000000004021b988                cannel_scan_connect_state
                0x000000004021b9a0                scan_connect_state
                0x000000004021b9e8                scan_check_hidden
                0x000000004021ba14                scan_profile_check
                0x000000004021bdb8                scan_parse_beacon
 *fill*         0x000000004021c129        0x3 
 .irom0.text    0x000000004021c12c     0x10fd /home/stoffer/esp8266/esp-open-sdk/sdk/lib/libnet80211.a(ieee80211_sta.o)
                                       0x139d (size before relaxing)
                0x000000004021c188                sta_status_set
                0x000000004021c1f4                ieee80211_sta_new_state
                0x000000004021c584                sta_input
                0x000000004021cad0                ieee80211_parse_wmeparams
                0x000000004021d174                wifi_station_start
                0x000000004021d1e8                wifi_station_stop
 *fill*         0x000000004021d229        0x3 
 .irom0.text    0x000000004021d22c      0x2aa /home/stoffer/esp8266/esp-open-sdk/sdk/lib/libnet80211.a(wl_chm.o)
                                        0x32e (size before relaxing)
                0x000000004021d238                chm_init
                0x000000004021d2a8                chm_acquire_lock
                0x000000004021d2ec                chm_release_lock
                0x000000004021d300                chm_start_op
                0x000000004021d3a4                chm_end_op
                0x000000004021d3ec                chm_cancel_op
                0x000000004021d420                chm_return_home_channel
                0x000000004021d450                chm_set_current_channel
                0x000000004021d480                chm_freq2index
                0x000000004021d4a8                chm_check_same_channel
 *fill*         0x000000004021d4d6        0x2 
 .irom0.text    0x000000004021d4d8     0x193d /home/stoffer/esp8266/esp-open-sdk/sdk/lib/libnet80211.a(wl_cnx.o)
                                       0x1f2d (size before relaxing)
                0x000000004021d4e4                cnx_attach
                0x000000004021d524                cnx_sta_connect_led_timer_cb
                0x000000004021d578                cnx_sta_connect_cmd
                0x000000004021d654                cnx_sta_scan_cmd
                0x000000004021d8bc                cnx_connect_timeout
                0x000000004021d938                cnx_auth_timeout
                0x000000004021d95c                cnx_assoc_timeout
                0x000000004021d980                cnx_handshake_timeout
                0x000000004021d9c0                cnx_start_handoff_cb
                0x000000004021db58                cnx_csa_fn
                0x000000004021df64                cnx_bss_alloc
                0x000000004021e004                cnx_rc_search
                0x000000004021e084                cnx_add_rc
                0x000000004021e0f0                cnx_remove_all_rc
                0x000000004021e13c                cnx_remove_rc
                0x000000004021e20c                cnx_rc_update_rssi
                0x000000004021e294                cnx_rc_update_state_metric
                0x000000004021e300                cnx_rc_update_age
                0x000000004021e324                cnx_update_bss
                0x000000004021e358                cnx_update_bss_more
                0x000000004021e544                cnx_sta_leave
                0x000000004021e7d8                cnx_sta_associated
                0x000000004021e8e0                cnx_node_alloc
                0x000000004021e954                cnx_node_remove
                0x000000004021e9e0                cnx_node_search
                0x000000004021ea5c                cnx_node_leave
                0x000000004021eb5c                wifi_softap_staconnected_event_policy
                0x000000004021eb84                wifi_softap_toomany_deny
                0x000000004021ebc0                cnx_node_join
 *fill*         0x000000004021ee15        0x3 
 .irom0.text    0x000000004021ee18      0x16f /home/stoffer/esp8266/esp-open-sdk/sdk/lib/libnet80211.a(ieee80211_action.o)
                                        0x193 (size before relaxing)
                0x000000004021ee28                ieee80211_send_action_register
                0x000000004021ee5c                ieee80211_send_action_unregister
                0x000000004021ee70                ieee80211_send_action
                0x000000004021eedc                ieee80211_recv_action_register
                0x000000004021ef10                ieee80211_recv_action_unregister
                0x000000004021ef24                ieee80211_recv_action
 *fill*         0x000000004021ef87        0x1 
 .irom0.text    0x000000004021ef88      0x56c /home/stoffer/esp8266/esp-open-sdk/sdk/lib/libnet80211.a(ieee80211_action_vendor.o)
                                        0x5fc (size before relaxing)
                0x000000004021ef88                ieee80211_avs_fetch_key_idx
                0x000000004021efdc                ieee80211_avs_clear_key_idx
                0x000000004021f004                get_iav_key
                0x000000004021f028                register_ieee80211_action_vendor_get_key_cb
                0x000000004021f040                unregister_ieee80211_action_vendor_get_key_cb
                0x000000004021f058                ieee80211_add_action_vendor_spec_esp
                0x000000004021f09c                ieee80211_alloc_action_vendor_spec
                0x000000004021f18c                ieee80211_send_action_vendor_spec
                0x000000004021f33c                ieee80211_recv_action_vendor_spec