Archive member included to satisfy reference by file (symbol)

/home/stoffer/esp8266/esp-open-sdk/sdk/lib/libmain.a(debug-vector.o)
                              (_DebugExceptionVector)
/home/stoffer/esp8266/esp-open-sdk/sdk/lib/libmain.a(double-vector.o)
                              (_DoubleExceptionVector)
/home/stoffer/esp8266/esp-open-sdk/sdk/lib/libmain.a(kernel-vector.o)
                              (_KernelExceptionVector)
/home/stoffer/esp8266/esp-open-sdk/sdk/lib/libmain.a(nmi-vector.o)
                              (_NMIExceptionVector)
/home/stoffer/esp8266/esp-open-sdk/sdk/lib/libmain.a(user-vector.o)
                              (_UserExceptionVector)
/home/stoffer/esp8266/esp-open-sdk/sdk/lib/libmain.a(vector.o)
                              (call_user_start)
/home/stoffer/esp8266/esp-open-sdk/sdk/lib/libmain.a(app_main.o)
                              /home/stoffer/esp8266/esp-open-sdk/sdk/lib/libmain.a(nmi-vector.o) (NMI_Handler)
/home/stoffer/esp8266/esp-open-sdk/sdk/lib/libmain.a(ets_timer.o)
                              /home/stoffer/esp8266/esp-open-sdk/sdk/lib/libmain.a(app_main.o) (ets_timer_setfn)
/home/stoffer/esp8266/esp-open-sdk/sdk/lib/libmain.a(mem_manager.o)
                              /home/stoffer/esp8266/esp-open-sdk/sdk/lib/libmain.a(app_main.o) (pvPortMalloc)
/home/stoffer/esp8266/esp-open-sdk/sdk/lib/libmain.a(spi_flash.o)
                              /home/stoffer/esp8266/esp-open-sdk/sdk/lib/libmain.a(app_main.o) (spi_flash_get_id)
/home/stoffer/esp8266/esp-open-sdk/sdk/lib/libmain.a(user_interface.o)
                              /home/stoffer/esp8266/esp-open-sdk/sdk/lib/libmain.a(app_main.o) (done_cb)
/home/stoffer/esp8266/esp-open-sdk/sdk/lib/libmain.a(eagle_lib.o)
                              /home/stoffer/esp8266/esp-open-sdk/sdk/lib/libmain.a(user_interface.o) (ets_sprintf)
/home/stoffer/esp8266/esp-open-sdk/sdk/lib/libmain.a(eagle_lwip_if.o)
                              /home/stoffer/esp8266/esp-open-sdk/sdk/lib/libmain.a(user_interface.o) (hostname)
build/app_app.a(user_main.o)  /home/stoffer/esp8266/esp-open-sdk/sdk/lib/libmain.a(app_main.o) (user_init)
build/app_app.a(captdns.o)    build/app_app.a(user_main.o) (captdnsInit)
build/app_app.a(led.o)        build/app_app.a(user_main.o) (led_init)
build/app_app.a(httpd.o)      build/app_app.a(user_main.o) (httpdStop)
build/app_app.a(utils.o)      build/app_app.a(user_main.o) (decimal_number_length)
build/app_app.a(httpd_user_init.o)
                              build/app_app.a(user_main.o) (httpd_user_init)
build/app_app.a(crypto.o)     build/app_app.a(user_main.o) (init_aes_hmac_combined)
build/app_app.a(hmac-sha256.o)
                              build/app_app.a(crypto.o) (hmac_sha256_init)
build/app_app.a(sha256.o)     build/app_app.a(hmac-sha256.o) (sha256_init)
build/app_app.a(aes.o)        build/app_app.a(crypto.o) (AES128_CBC_encrypt_buffer)
build/app_app.a(uart.o)       build/app_app.a(user_main.o) (uart_init)
build/app_app.a(ext_spi_flash.o)
                              build/app_app.a(user_main.o) (ext_spi_init)
build/app_app.a(spi.o)        build/app_app.a(ext_spi_flash.o) (spi_init_gpio)
build/app_app.a(gpio16.o)     build/app_app.a(user_main.o) (gpio16_output_conf)
build/app_app.a(mqtt.o)       build/app_app.a(user_main.o) (MQTT_Publish)
build/app_app.a(mqtt_msg.o)   build/app_app.a(mqtt.o) (mqtt_msg_init)
build/app_app.a(queue.o)      build/app_app.a(mqtt.o) (QUEUE_Init)
build/app_app.a(mqtt_utils.o)
                              build/app_app.a(mqtt.o) (UTILS_StrToIP)
build/app_app.a(proto.o)      build/app_app.a(queue.o) (PROTO_ParseRb)
build/app_app.a(config.o)     build/app_app.a(user_main.o) (sys_cfg)
build/app_app.a(wifi.o)       build/app_app.a(user_main.o) (wifi_connect)
build/app_app.a(tinyprintf.o)
                              build/app_app.a(user_main.o) (tfp_snprintf)
build/app_app.a(unix_time.o)  build/app_app.a(user_main.o) (init_unix_time)
build/app_app.a(cgi.o)        build/app_app.a(httpd_user_init.o) (cgiLed)
build/app_app.a(httpdespfs.o)
                              build/app_app.a(httpd_user_init.o) (cgiEspFsHook)
build/app_app.a(cgiwifi.o)    build/app_app.a(httpd_user_init.o) (cgiWiFiScan)
build/app_app.a(espfs.o)      build/app_app.a(httpdespfs.o) (espFsOpen)
build/app_app.a(heatshrink_decoder.o)
                              build/app_app.a(espfs.o) (heatshrink_decoder_free)
build/app_app.a(ringbuf.o)    build/app_app.a(queue.o) (RINGBUF_Init)
/home/stoffer/esp8266/esp-open-sdk/xtensa-lx106-elf/lib/gcc/xtensa-lx106-elf/4.8.5/../../../../xtensa-lx106-elf/lib/libc.a(lib_a-atoi.o)
                              build/app_app.a(user_main.o) (atoi)
/home/stoffer/esp8266/esp-open-sdk/xtensa-lx106-elf/lib/gcc/xtensa-lx106-elf/4.8.5/../../../../xtensa-lx106-elf/lib/libc.a(lib_a-memcpy.o)
                              build/app_app.a(mqtt_msg.o) (memcpy)
[...]
Memory Configuration

Name             Origin             Length             Attributes
dport0_0_seg     0x000000003ff00000 0x0000000000000010
dram0_0_seg      0x000000003ffe8000 0x0000000000014000
iram1_0_seg      0x0000000040100000 0x0000000000008000
irom0_0_seg      0x0000000040240000 0x000000000003c000
*default*        0x0000000000000000 0xffffffffffffffff

Linker script and memory map

START GROUP
LOAD /home/stoffer/esp8266/esp-open-sdk/xtensa-lx106-elf/lib/gcc/xtensa-lx106-elf/4.8.5/../../../../xtensa-lx106-elf/lib/libc.a
LOAD /home/stoffer/esp8266/esp-open-sdk/sdk/lib/libgcc.a
LOAD /home/stoffer/esp8266/esp-open-sdk/xtensa-lx106-elf/xtensa-lx106-elf/sysroot/usr/lib/libhal.a
LOAD /home/stoffer/esp8266/esp-open-sdk/sdk/lib/libphy.a
LOAD /home/stoffer/esp8266/esp-open-sdk/sdk/lib/libpp.a
LOAD /home/stoffer/esp8266/esp-open-sdk/sdk/lib/libnet80211.a
LOAD /home/stoffer/esp8266/esp-open-sdk/sdk/lib/liblwip.a
LOAD /home/stoffer/esp8266/esp-open-sdk/sdk/lib/libwpa.a
LOAD /home/stoffer/esp8266/esp-open-sdk/sdk/lib/libmain.a
LOAD /home/stoffer/esp8266/esp-open-sdk/sdk/lib/libssl.a
LOAD /home/stoffer/esp8266/esp-open-sdk/xtensa-lx106-elf/lib/gcc/xtensa-lx106-elf/4.8.5/../../../../xtensa-lx106-elf/lib/libc.a
LOAD /home/stoffer/esp8266/esp-open-sdk/sdk/lib/libgcc.a
LOAD build/app_app.a
END GROUP
                [!provide]                        PROVIDE (_memmap_vecbase_reset, 0x40000000)
                0x0000000000000110                _memmap_cacheattr_wb_base = 0x110
                0x0000000000000110                _memmap_cacheattr_wt_base = 0x110
                0x0000000000000220                _memmap_cacheattr_bp_base = 0x220
                0x00000000fffff00f                _memmap_cacheattr_unused_mask = 0xfffff00f
                0x000000002222211f                _memmap_cacheattr_wb_trapnull = 0x2222211f
                0x000000002222211f                _memmap_cacheattr_wba_trapnull = 0x2222211f
                0x000000002222211f                _memmap_cacheattr_wbna_trapnull = 0x2222211f
                0x000000002222211f                _memmap_cacheattr_wt_trapnull = 0x2222211f
                0x000000002222222f                _memmap_cacheattr_bp_trapnull = 0x2222222f
                0x00000000fffff11f                _memmap_cacheattr_wb_strict = 0xfffff11f
                0x00000000fffff11f                _memmap_cacheattr_wt_strict = 0xfffff11f
                0x00000000fffff22f                _memmap_cacheattr_bp_strict = 0xfffff22f
                0x0000000022222112                _memmap_cacheattr_wb_allvalid = 0x22222112
                0x0000000022222112                _memmap_cacheattr_wt_allvalid = 0x22222112
                0x0000000022222222                _memmap_cacheattr_bp_allvalid = 0x22222222
                [!provide]                        PROVIDE (_memmap_cacheattr_reset, _memmap_cacheattr_wb_trapnull)

.dport0.rodata  0x000000003ff00000        0x0
                0x000000003ff00000                _dport0_rodata_start = ABSOLUTE (.)
 *(.dport0.rodata)
 *(.dport.rodata)
                0x000000003ff00000                _dport0_rodata_end = ABSOLUTE (.)

.dport0.literal
                0x000000003ff00000        0x0
                0x000000003ff00000                _dport0_literal_start = ABSOLUTE (.)
 *(.dport0.literal)
 *(.dport.literal)
                0x000000003ff00000                _dport0_literal_end = ABSOLUTE (.)

.dport0.data    0x000000003ff00000        0x0
                0x000000003ff00000                _dport0_data_start = ABSOLUTE (.)
 *(.dport0.data)
 *(.dport.data)
                0x000000003ff00000                _dport0_data_end = ABSOLUTE (.)

.data           0x000000003ffe8000      0x848
                0x000000003ffe8000                _data_start = ABSOLUTE (.)
 *(.data)
 .data          0x000000003ffe8000        0x0 /home/stoffer/esp8266/esp-open-sdk/sdk/lib/libmain.a(debug-vector.o)
 .data          0x000000003ffe8000        0x0 /home/stoffer/esp8266/esp-open-sdk/sdk/lib/libmain.a(double-vector.o)
 .data          0x000000003ffe8000        0x0 /home/stoffer/esp8266/esp-open-sdk/sdk/lib/libmain.a(kernel-vector.o)
 .data          0x000000003ffe8000        0x4 /home/stoffer/esp8266/esp-open-sdk/sdk/lib/libmain.a(nmi-vector.o)
                0x000000003ffe8000                _Pri_3_HandlerAddress
 .data          0x000000003ffe8004        0x0 /home/stoffer/esp8266/esp-open-sdk/sdk/lib/libmain.a(user-vector.o)
 .data          0x000000003ffe8004        0x0 /home/stoffer/esp8266/esp-open-sdk/sdk/lib/libmain.a(vector.o)
 .data          0x000000003ffe8004        0x1 /home/stoffer/esp8266/esp-open-sdk/sdk/lib/libmain.a(app_main.o)
 .data          0x000000003ffe8005        0x0 /home/stoffer/esp8266/esp-open-sdk/sdk/lib/libmain.a(ets_timer.o)
 .data          0x000000003ffe8005        0x0 /home/stoffer/esp8266/esp-open-sdk/sdk/lib/libmain.a(mem_manager.o)
 .data          0x000000003ffe8005        0x0 /home/stoffer/esp8266/esp-open-sdk/sdk/lib/libmain.a(spi_flash.o)
 *fill*         0x000000003ffe8005        0x3 
 .data          0x000000003ffe8008        0x6 /home/stoffer/esp8266/esp-open-sdk/sdk/lib/libmain.a(user_interface.o)
                0x000000003ffe8009                timer2_ms_flag
                0x000000003ffe800a                dhcps_flag
                0x000000003ffe800b                dhcpc_flag
                0x000000003ffe800d                reconnect_internal
 .data          0x000000003ffe800e        0x0 /home/stoffer/esp8266/esp-open-sdk/sdk/lib/libmain.a(eagle_lib.o)
 *fill*         0x000000003ffe800e        0x2 
 .data          0x000000003ffe8010        0x1 /home/stoffer/esp8266/esp-open-sdk/sdk/lib/libmain.a(eagle_lwip_if.o)
                0x000000003ffe8010                default_hostname
 .data          0x000000003ffe8011        0x0 build/app_app.a(user_main.o)
 .data          0x000000003ffe8011        0x0 build/app_app.a(captdns.o)
 .data          0x000000003ffe8011        0x0 build/app_app.a(led.o)
 .data          0x000000003ffe8011        0x0 build/app_app.a(httpd.o)
 .data          0x000000003ffe8011        0x0 build/app_app.a(utils.o)
 *fill*         0x000000003ffe8011        0x3 
 .data          0x000000003ffe8014       0x9c build/app_app.a(httpd_user_init.o)
                0x000000003ffe8014                builtInUrls
 .data          0x000000003ffe80b0        0x0 build/app_app.a(crypto.o)
 .data          0x000000003ffe80b0        0x0 build/app_app.a(hmac-sha256.o)
 .data          0x000000003ffe80b0        0x0 build/app_app.a(sha256.o)
 .data          0x000000003ffe80b0        0x0 build/app_app.a(aes.o)
 .data          0x000000003ffe80b0        0x0 build/app_app.a(uart.o)
 .data          0x000000003ffe80b0        0x0 build/app_app.a(ext_spi_flash.o)
 .data          0x000000003ffe80b0        0x0 build/app_app.a(spi.o)
 .data          0x000000003ffe80b0        0x0 build/app_app.a(gpio16.o)
 .data          0x000000003ffe80b0        0x0 build/app_app.a(mqtt.o)
 .data          0x000000003ffe80b0        0x0 build/app_app.a(mqtt_msg.o)
 .data          0x000000003ffe80b0        0x0 build/app_app.a(queue.o)
 .data          0x000000003ffe80b0        0x0 build/app_app.a(mqtt_utils.o)
 .data          0x000000003ffe80b0        0x0 build/app_app.a(proto.o)
 .data          0x000000003ffe80b0        0x0 build/app_app.a(config.o)
 .data          0x000000003ffe80b0        0x0 build/app_app.a(wifi.o)
 .data          0x000000003ffe80b0        0x0 build/app_app.a(tinyprintf.o)
 .data          0x000000003ffe80b0        0x0 build/app_app.a(unix_time.o)
 .data          0x000000003ffe80b0        0x0 build/app_app.a(cgi.o)
 .data          0x000000003ffe80b0        0x0 build/app_app.a(httpdespfs.o)
 .data          0x000000003ffe80b0        0x0 build/app_app.a(cgiwifi.o)
 .data          0x000000003ffe80b0        0x0 build/app_app.a(espfs.o)
 .data          0x000000003ffe80b0        0x0 build/app_app.a(heatshrink_decoder.o)
 .data          0x000000003ffe80b0        0x0 build/app_app.a(ringbuf.o)
 .data          0x000000003ffe80b0        0x0 /home/stoffer/esp8266/esp-open-sdk/xtensa-lx106-elf/lib/gcc/xtensa-lx106-elf/4.8.5/../../../../xtensa-lx106-elf/lib/libc.a(lib_a-atoi.o)
 .data          0x000000003ffe80b0        0x0 /home/stoffer/esp8266/esp-open-sdk/xtensa-lx106-elf/lib/gcc/xtensa-lx106-elf/4.8.5/../../../../xtensa-lx106-elf/lib/libc.a(lib_a-memcpy.o)
 .data          0x000000003ffe80b0        0x0 /home/stoffer/esp8266/esp-open-sdk/xtensa-lx106-elf/lib/gcc/xtensa-lx106-elf/4.8.5/../../../../xtensa-lx106-elf/lib/libc.a(lib_a-memset.o)
 .data          0x000000003ffe80b0        0x0 /home/stoffer/esp8266/esp-open-sdk/xtensa-lx106-elf/lib/gcc/xtensa-lx106-elf/4.8.5/../../../../xtensa-lx106-elf/lib/libc.a(lib_a-strlen.o)
 .data          0x000000003ffe80b0        0x0 /home/stoffer/esp8266/esp-open-sdk/xtensa-lx106-elf/lib/gcc/xtensa-lx106-elf/4.8.5/../../../../xtensa-lx106-elf/lib/libc.a(lib_a-strtok.o)
 .data          0x000000003ffe80b0        0x0 /home/stoffer/esp8266/esp-open-sdk/xtensa-lx106-elf/lib/gcc/xtensa-lx106-elf/4.8.5/../../../../xtensa-lx106-elf/lib/libc.a(lib_a-strtok_r.o)
 .data          0x000000003ffe80b0        0x0 /home/stoffer/esp8266/esp-open-sdk/xtensa-lx106-elf/lib/gcc/xtensa-lx106-elf/4.8.5/../../../../xtensa-lx106-elf/lib/libc.a(lib_a-strtol.o)
 .data          0x000000003ffe80b0        0x4 /home/stoffer/esp8266/esp-open-sdk/xtensa-lx106-elf/lib/gcc/xtensa-lx106-elf/4.8.5/../../../../xtensa-lx106-elf/lib/libc.a(lib_a-ctype_.o)
                0x000000003ffe80b0                __ctype_ptr__
 *fill*         0x000000003ffe80b4        0x4 
 .data          0x000000003ffe80b8      0x430 /home/stoffer/esp8266/esp-open-sdk/xtensa-lx106-elf/lib/gcc/xtensa-lx106-elf/4.8.5/../../../../xtensa-lx106-elf/lib/libc.a(lib_a-impure.o)
                0x000000003ffe80b8                _impure_ptr
 .data          0x000000003ffe84e8        0x0 /home/stoffer/esp8266/esp-open-sdk/xtensa-lx106-elf/xtensa-lx106-elf/sysroot/usr/lib/libhal.a(int_asm--set_intclear.o)
 .data          0x000000003ffe84e8        0x0 /home/stoffer/esp8266/esp-open-sdk/sdk/lib/libphy.a(phy.o)
 .data          0x000000003ffe84e8        0x0 /home/stoffer/esp8266/esp-open-sdk/sdk/lib/libphy.a(phy_chip_v6_ana.o)
 *fill*         0x000000003ffe84e8        0x8 
 .data          0x000000003ffe84f0       0x53 /home/stoffer/esp8266/esp-open-sdk/sdk/lib/libphy.a(phy_chip_v6.o)
                0x000000003ffe84f2                tx_rf_ana_gain
                0x000000003ffe8520                rx_gain_swp
                0x000000003ffe8540                test_rffreq_txcap
 *fill*         0x000000003ffe8543        0x1 
 .data          0x000000003ffe8544        0x1 /home/stoffer/esp8266/esp-open-sdk/sdk/lib/libphy.a(phy_chip_v6_cal.o)
                0x000000003ffe8544                rfcal_bb_atten_init
 .data          0x000000003ffe8545        0x0 /home/stoffer/esp8266/esp-open-sdk/sdk/lib/libphy.a(phy_chip_v6_unused.o)
 *fill*         0x000000003ffe8545        0x3 
 .data          0x000000003ffe8548        0x4 /home/stoffer/esp8266/esp-open-sdk/sdk/lib/libphy.a(phy_sleep.o)
                0x000000003ffe8548                chip_version
 .data          0x000000003ffe854c        0x0 /home/stoffer/esp8266/esp-open-sdk/sdk/lib/libpp.a(if_hwctrl.o)
 .data          0x000000003ffe854c        0x0 /home/stoffer/esp8266/esp-open-sdk/sdk/lib/libpp.a(lmac.o)
 .data          0x000000003ffe854c        0x1 /home/stoffer/esp8266/esp-open-sdk/sdk/lib/libpp.a(pm.o)
 *fill*         0x000000003ffe854d        0x3 
 .data          0x000000003ffe8550        0x1 /home/stoffer/esp8266/esp-open-sdk/sdk/lib/libpp.a(pm_for_bcn_only_mode.o)
 *fill*         0x000000003ffe8551        0x3 
 .data          0x000000003ffe8554       0x1c /home/stoffer/esp8266/esp-open-sdk/sdk/lib/libpp.a(pp.o)
                0x000000003ffe8554                soft_wdt_interval
                0x000000003ffe8558                NoiseTimerInterval
                0x000000003ffe8560                sleep_start_wait_time
                0x000000003ffe8568                CanDoFreqCal
                0x000000003ffe856c                tcb
 .data          0x000000003ffe8570       0x40 /home/stoffer/esp8266/esp-open-sdk/sdk/lib/libpp.a(rate_control.o)
 .data          0x000000003ffe85b0      0x24c /home/stoffer/esp8266/esp-open-sdk/sdk/lib/libpp.a(trc.o)
 .data          0x000000003ffe87fc        0x8 /home/stoffer/esp8266/esp-open-sdk/sdk/lib/libpp.a(wdev.o)
 .data          0x000000003ffe8804        0x0 /home/stoffer/esp8266/esp-open-sdk/sdk/lib/libpp.a(esf_buf.o)
 .data          0x000000003ffe8804        0x0 /home/stoffer/esp8266/esp-open-sdk/sdk/lib/libnet80211.a(ieee80211.o)
 .data          0x000000003ffe8804        0x0 /home/stoffer/esp8266/esp-open-sdk/sdk/lib/libnet80211.a(ieee80211_crypto.o)
 .data          0x000000003ffe8804        0x0 /home/stoffer/esp8266/esp-open-sdk/sdk/lib/libnet80211.a(ieee80211_ets.o)
 .data          0x000000003ffe8804        0x1 /home/stoffer/esp8266/esp-open-sdk/sdk/lib/libnet80211.a(ieee80211_hostap.o)
                0x000000003ffe8804                TmpSTAAPCloseAP
 .data          0x000000003ffe8805        0x0 /home/stoffer/esp8266/esp-open-sdk/sdk/lib/libnet80211.a(ieee80211_ht.o)
 .data          0x000000003ffe8805        0x0 /home/stoffer/esp8266/esp-open-sdk/sdk/lib/libnet80211.a(ieee80211_input.o)
 .data          0x000000003ffe8805        0x0 /home/stoffer/esp8266/esp-open-sdk/sdk/lib/libnet80211.a(ieee80211_mesh_quick.o)
 .data          0x000000003ffe8805        0x0 /home/stoffer/esp8266/esp-open-sdk/sdk/lib/libnet80211.a(ieee80211_output.o)
 .data          0x000000003ffe8805        0x0 /home/stoffer/esp8266/esp-open-sdk/sdk/lib/libnet80211.a(ieee80211_phy.o)
 .data          0x000000003ffe8805        0x0 /home/stoffer/esp8266/esp-open-sdk/sdk/lib/libnet80211.a(ieee80211_power.o)
 .data          0x000000003ffe8805        0x0 /home/stoffer/esp8266/esp-open-sdk/sdk/lib/libnet80211.a(ieee80211_proto.o)
 .data          0x000000003ffe8805        0x0 /home/stoffer/esp8266/esp-open-sdk/sdk/lib/libnet80211.a(ieee80211_rfid.o)
 .data          0x000000003ffe8805        0x0 /home/stoffer/esp8266/esp-open-sdk/sdk/lib/libnet80211.a(ieee80211_scan.o)
 .data          0x000000003ffe8805        0x0 /home/stoffer/esp8266/esp-open-sdk/sdk/lib/libnet80211.a(ieee80211_sta.o)
 .data          0x000000003ffe8805        0x0 /home/stoffer/esp8266/esp-open-sdk/sdk/lib/libnet80211.a(wl_chm.o)
 *fill*         0x000000003ffe8805        0x3 
 .data          0x000000003ffe8808        0x1 /home/stoffer/esp8266/esp-open-sdk/sdk/lib/libnet80211.a(wl_cnx.o)
 *fill*         0x000000003ffe8809        0x7 
 .data          0x000000003ffe8810       0x1c /home/stoffer/esp8266/esp-open-sdk/sdk/lib/libnet80211.a(ieee80211_action.o)
 .data          0x000000003ffe882c        0x0 /home/stoffer/esp8266/esp-open-sdk/sdk/lib/libnet80211.a(ieee80211_action_vendor.o)
 .data          0x000000003ffe882c        0x0 /home/stoffer/esp8266/esp-open-sdk/sdk/lib/libnet80211.a(ieee80211_crypto_ccmp.o)
 .data          0x000000003ffe882c        0x0 /home/stoffer/esp8266/esp-open-sdk/sdk/lib/libnet80211.a(ieee80211_ie_vendor.o)
 .data          0x000000003ffe882c        0x4 /home/stoffer/esp8266/esp-open-sdk/sdk/lib/liblwip.a(dhcp.o)
 .data          0x000000003ffe8830        0x5 /home/stoffer/esp8266/esp-open-sdk/sdk/lib/liblwip.a(dhcpserver.o)
                0x000000003ffe8830                dhcps_lease_time
 .data          0x000000003ffe8835        0x0 /home/stoffer/esp8266/esp-open-sdk/sdk/lib/liblwip.a(dns.o)
 .data          0x000000003ffe8835        0x0 /home/stoffer/esp8266/esp-open-sdk/sdk/lib/liblwip.a(espconn.o)
 .data          0x000000003ffe8835        0x0 /home/stoffer/esp8266/esp-open-sdk/sdk/lib/liblwip.a(espconn_tcp.o)
 .data          0x000000003ffe8835        0x0 /home/stoffer/esp8266/esp-open-sdk/sdk/lib/liblwip.a(espconn_udp.o)
 .data          0x000000003ffe8835        0x0 /home/stoffer/esp8266/esp-open-sdk/sdk/lib/liblwip.a(etharp.o)
 .data          0x000000003ffe8835        0x0 /home/stoffer/esp8266/esp-open-sdk/sdk/lib/liblwip.a(igmp.o)
 .data          0x000000003ffe8835        0x0 /home/stoffer/esp8266/esp-open-sdk/sdk/lib/liblwip.a(inet_chksum.o)
 .data          0x000000003ffe8835        0x0 /home/stoffer/esp8266/esp-open-sdk/sdk/lib/liblwip.a(init.o)
 .data          0x000000003ffe8835        0x0 /home/stoffer/esp8266/esp-open-sdk/sdk/lib/liblwip.a(ip_addr.o)
 .data          0x000000003ffe8835        0x0 /home/stoffer/esp8266/esp-open-sdk/sdk/lib/liblwip.a(ip.o)
 *fill*         0x000000003ffe8835        0x3 
 .data          0x000000003ffe8838        0x2 /home/stoffer/esp8266/esp-open-sdk/sdk/lib/liblwip.a(memp.o)
                0x000000003ffe8838                memp_sizes_test
 .data          0x000000003ffe883a        0x0 /home/stoffer/esp8266/esp-open-sdk/sdk/lib/liblwip.a(netif.o)
 .data          0x000000003ffe883a        0x0 /home/stoffer/esp8266/esp-open-sdk/sdk/lib/liblwip.a(pbuf.o)
 .data          0x000000003ffe883a        0x0 /home/stoffer/esp8266/esp-open-sdk/sdk/lib/liblwip.a(raw.o)
 *fill*         0x000000003ffe883a        0x2 
 .data          0x000000003ffe883c        0x1 /home/stoffer/esp8266/esp-open-sdk/sdk/lib/liblwip.a(sntp.o)
                0x000000003ffe883c                time_zone
 .data          0x000000003ffe883d        0x0 /home/stoffer/esp8266/esp-open-sdk/sdk/lib/liblwip.a(tcp_in.o)
 *fill*         0x000000003ffe883d        0x3 
 .data          0x000000003ffe8840        0x8 /home/stoffer/esp8266/esp-open-sdk/sdk/lib/liblwip.a(tcp.o)
 .data          0x000000003ffe8848        0x0 /home/stoffer/esp8266/esp-open-sdk/sdk/lib/liblwip.a(tcp_out.o)
 .data          0x000000003ffe8848        0x0 /home/stoffer/esp8266/esp-open-sdk/sdk/lib/liblwip.a(timers.o)
 .data          0x000000003ffe8848        0x0 /home/stoffer/esp8266/esp-open-sdk/sdk/lib/liblwip.a(udp.o)
 .data          0x000000003ffe8848        0x0 /home/stoffer/esp8266/esp-open-sdk/sdk/lib/liblwip.a(icmp.o)
 .data          0x000000003ffe8848        0x0 /home/stoffer/esp8266/esp-open-sdk/sdk/lib/libwpa.a(ap_config.o)
 .data          0x000000003ffe8848        0x0 /home/stoffer/esp8266/esp-open-sdk/sdk/lib/libwpa.a(common.o)
 .data          0x000000003ffe8848        0x0 /home/stoffer/esp8266/esp-open-sdk/sdk/lib/libwpa.a(os_xtensa.o)
 .data          0x000000003ffe8848        0x0 /home/stoffer/esp8266/esp-open-sdk/sdk/lib/libwpa.a(wpa_auth.o)
 .data          0x000000003ffe8848        0x0 /home/stoffer/esp8266/esp-open-sdk/sdk/lib/libwpa.a(wpa_auth_ie.o)
 .data          0x000000003ffe8848        0x0 /home/stoffer/esp8266/esp-open-sdk/sdk/lib/libwpa.a(wpa.o)
 .data          0x000000003ffe8848        0x0 /home/stoffer/esp8266/esp-open-sdk/sdk/lib/libwpa.a(wpa_common.o)
 .data          0x000000003ffe8848        0x0 /home/stoffer/esp8266/esp-open-sdk/sdk/lib/libwpa.a(wpa_debug.o)
 .data          0x000000003ffe8848        0x0 /home/stoffer/esp8266/esp-open-sdk/sdk/lib/libwpa.a(wpa_ie.o)
 .data          0x000000003ffe8848        0x0 /home/stoffer/esp8266/esp-open-sdk/sdk/lib/libwpa.a(wpa_main.o)
 .data          0x000000003ffe8848        0x0 /home/stoffer/esp8266/esp-open-sdk/sdk/lib/libwpa.a(wpas_glue.o)
 .data          0x000000003ffe8848        0x0 /home/stoffer/esp8266/esp-open-sdk/sdk/lib/libwpa.a(aes-wrap.o)
 .data          0x000000003ffe8848        0x0 /home/stoffer/esp8266/esp-open-sdk/sdk/lib/libwpa.a(aes-internal-enc.o)
 .data          0x000000003ffe8848        0x0 /home/stoffer/esp8266/esp-open-sdk/sdk/lib/libwpa.a(aes-internal.o)
 .data          0x000000003ffe8848        0x0 /home/stoffer/esp8266/esp-open-sdk/sdk/lib/libgcc.a(_modsi3.o)
 .data          0x000000003ffe8848        0x0 /home/stoffer/esp8266/esp-open-sdk/sdk/lib/libgcc.a(_ashrdi3.o)
 .data          0x000000003ffe8848        0x0 /home/stoffer/esp8266/esp-open-sdk/sdk/lib/libgcc.a(_mulsf3.o)
 .data          0x000000003ffe8848        0x0 /home/stoffer/esp8266/esp-open-sdk/sdk/lib/libgcc.a(_divsf3.o)
 .data          0x000000003ffe8848        0x0 /home/stoffer/esp8266/esp-open-sdk/sdk/lib/libgcc.a(_fixsfsi.o)
 .data          0x000000003ffe8848        0x0 /home/stoffer/esp8266/esp-open-sdk/sdk/lib/libnet80211.a(ieee80211_crypto_tkip.o)
 .data          0x000000003ffe8848        0x0 /home/stoffer/esp8266/esp-open-sdk/sdk/lib/libnet80211.a(ieee80211_crypto_wep.o)
 *(.data.*)
 *(.gnu.linkonce.d.*)
 *(.data1)
 *(.sdata)
 *(.sdata.*)
 *(.gnu.linkonce.s.*)
 *(.sdata2)
 *(.sdata2.*)
 *(.gnu.linkonce.s2.*)
 *(.jcr)
                0x000000003ffe8848                _data_end = ABSOLUTE (.)

.rodata         0x000000003ffe8850     0x1304
                0x000000003ffe8850                _rodata_start = ABSOLUTE (.)
 *(.sdk.version)
 .sdk.version   0x000000003ffe8850       0x10 /home/stoffer/esp8266/esp-open-sdk/sdk/lib/libmain.a(app_main.o)
                0x000000003ffe8850                SDK_VERSION
 *(.rodata)
 .rodata        0x000000003ffe8860       0x48 build/app_app.a(httpd.o)
 .rodata        0x000000003ffe88a8      0x200 build/app_app.a(utils.o)
                0x000000003ffe88a8                ccit_crc16_table
 .rodata        0x000000003ffe8aa8      0x120 build/app_app.a(sha256.o)
 .rodata        0x000000003ffe8bc8      0x300 build/app_app.a(aes.o)
 .rodata        0x000000003ffe8ec8       0x48 build/app_app.a(mqtt.o)
 .rodata        0x000000003ffe8f10       0x10 build/app_app.a(config.o)
 .rodata        0x000000003ffe8f20       0x24 build/app_app.a(heatshrink_decoder.o)
 .rodata        0x000000003ffe8f44      0x101 /home/stoffer/esp8266/esp-open-sdk/xtensa-lx106-elf/lib/gcc/xtensa-lx106-elf/4.8.5/../../../../xtensa-lx106-elf/lib/libc.a(lib_a-ctype_.o)
                0x000000003ffe8f44                _ctype_
 *fill*         0x000000003ffe9045        0x3 
 .rodata        0x000000003ffe9048        0x4 /home/stoffer/esp8266/esp-open-sdk/xtensa-lx106-elf/lib/gcc/xtensa-lx106-elf/4.8.5/../../../../xtensa-lx106-elf/lib/libc.a(lib_a-impure.o)
                0x000000003ffe9048                _global_impure_ptr
 .rodata        0x000000003ffe904c        0x8 /home/stoffer/esp8266/esp-open-sdk/sdk/lib/libphy.a(phy_chip_v6_ana.o)
 .rodata        0x000000003ffe9054        0x8 /home/stoffer/esp8266/esp-open-sdk/sdk/lib/libphy.a(phy_chip_v6.o)
 .rodata        0x000000003ffe905c        0x4 /home/stoffer/esp8266/esp-open-sdk/sdk/lib/libpp.a(pp.o)
 .rodata        0x000000003ffe9060        0x8 /home/stoffer/esp8266/esp-open-sdk/sdk/lib/libnet80211.a(ieee80211_hostap.o)
 .rodata        0x000000003ffe9068        0x9 /home/stoffer/esp8266/esp-open-sdk/sdk/lib/libnet80211.a(ieee80211_output.o)
 *fill*         0x000000003ffe9071        0x3 
 .rodata        0x000000003ffe9074        0x6 /home/stoffer/esp8266/esp-open-sdk/sdk/lib/liblwip.a(etharp.o)
                0x000000003ffe9074                ethbroadcast
 *fill*         0x000000003ffe907a        0x6 
 .rodata        0x000000003ffe9080       0xc0 /home/stoffer/esp8266/esp-open-sdk/sdk/lib/liblwip.a(sntp.o)
 *(.rodata.*)
 .rodata.str1.4
                0x000000003ffe9140        0xc /home/stoffer/esp8266/esp-open-sdk/sdk/lib/libmain.a(app_main.o)
 .rodata.str1.4
                0x000000003ffe914c        0x4 /home/stoffer/esp8266/esp-open-sdk/sdk/lib/libmain.a(ets_timer.o)
                                          0xc (size before relaxing)
 .rodata.str1.4
                0x000000003ffe9150       0x1a /home/stoffer/esp8266/esp-open-sdk/sdk/lib/libmain.a(mem_manager.o)
 *fill*         0x000000003ffe916a        0x2 
 .rodata.str1.4
                0x000000003ffe916c      0x2df build/app_app.a(user_main.o)
                                        0x2eb (size before relaxing)
 *fill*         0x000000003ffe944b        0x1 
 .rodata.str1.4
                0x000000003ffe944c       0x11 build/app_app.a(captdns.o)
 *fill*         0x000000003ffe945d        0x3 
 .rodata.str1.4
                0x000000003ffe9460      0x17a build/app_app.a(httpd.o)
                                        0x186 (size before relaxing)
 *fill*         0x000000003ffe95da        0x2 
 .rodata.str1.4
                0x000000003ffe95dc        0x8 build/app_app.a(utils.o)
                                          0xb (size before relaxing)
 .rodata.str1.4
                0x000000003ffe95e4       0xaa build/app_app.a(httpd_user_init.o)
                                         0xae (size before relaxing)
 *fill*         0x000000003ffe968e        0x2 
 .rodata.str1.4
                0x000000003ffe9690       0x36 build/app_app.a(crypto.o)
                                         0x3a (size before relaxing)
 *fill*         0x000000003ffe96c6        0x2 
 .rodata.str1.4
                0x000000003ffe96c8       0x11 build/app_app.a(sha256.o)
 *fill*         0x000000003ffe96d9        0x3 
 .rodata.str1.4
                0x000000003ffe96dc       0x3e build/app_app.a(ext_spi_flash.o)
 .rodata.str1.4
                0x000000003ffe971a        0x1 build/app_app.a(mqtt.o)
 *fill*         0x000000003ffe971a        0x2 
 .rodata.str1.4
                0x000000003ffe971c        0x7 build/app_app.a(mqtt_msg.o)
 .rodata.str1.4
                0x000000003ffe9723        0x1 build/app_app.a(queue.o)
 *fill*         0x000000003ffe9723        0x1 
 .rodata.str1.4
                0x000000003ffe9724       0x8b build/app_app.a(config.o)
                                         0x97 (size before relaxing)
 *fill*         0x000000003ffe97af        0x1 
 .rodata.str1.4
                0x000000003ffe97b0       0x59 build/app_app.a(wifi.o)
                                         0x5d (size before relaxing)
 *fill*         0x000000003ffe9809        0x3 
 .rodata.str1.4
                0x000000003ffe980c       0x20 build/app_app.a(unix_time.o)
                                         0x24 (size before relaxing)
 .rodata.str1.4
                0x000000003ffe982c       0x50 build/app_app.a(cgi.o)
                                         0x54 (size before relaxing)
 .rodata.str1.4
                0x000000003ffe987c       0x32 build/app_app.a(httpdespfs.o)
                                         0x46 (size before relaxing)
 *fill*         0x000000003ffe98ae        0x2 
 .rodata.str1.4
                0x000000003ffe98b0      0x24b build/app_app.a(cgiwifi.o)
                                        0x273 (size before relaxing)
 .rodata.str1.4
                0x000000003ffe9afb        0x1 build/app_app.a(espfs.o)
 .rodata.str1.4
                0x000000003ffe9afb        0x1 build/app_app.a(heatshrink_decoder.o)
 .rodata.str1.1
                0x000000003ffe9afb        0x2 /home/stoffer/esp8266/esp-open-sdk/xtensa-lx106-elf/lib/gcc/xtensa-lx106-elf/4.8.5/../../../../xtensa-lx106-elf/lib/libc.a(lib_a-impure.o)
 *fill*         0x000000003ffe9afd        0x3 
 .rodata.str1.4
                0x000000003ffe9b00        0x4 /home/stoffer/esp8266/esp-open-sdk/sdk/lib/libpp.a(lmac.o)
                                          0xc (size before relaxing)
 .rodata.str1.4
                0x000000003ffe9b04        0x3 /home/stoffer/esp8266/esp-open-sdk/sdk/lib/libpp.a(pm.o)
                                          0xb (size before relaxing)
 *fill*         0x000000003ffe9b07        0x1 
 .rodata.str1.4
                0x000000003ffe9b08        0x4 /home/stoffer/esp8266/esp-open-sdk/sdk/lib/libpp.a(pm_for_bcn_only_mode.o)
                                          0xc (size before relaxing)
 .rodata.str1.4
                0x000000003ffe9b0c        0x8 /home/stoffer/esp8266/esp-open-sdk/sdk/lib/libpp.a(pp.o)
                                         0x10 (size before relaxing)
 .rodata.str1.4
                0x000000003ffe9b14        0x4 /home/stoffer/esp8266/esp-open-sdk/sdk/lib/libpp.a(wdev.o)
                                          0xc (size before relaxing)
 .rodata.str1.4
                0x000000003ffe9b18        0x3 /home/stoffer/esp8266/esp-open-sdk/sdk/lib/libnet80211.a(ieee80211_hostap.o)
                                          0x8 (size before relaxing)
 *fill*         0x000000003ffe9b1b        0x1 
 .rodata.str1.4
                0x000000003ffe9b1c        0x7 /home/stoffer/esp8266/esp-open-sdk/sdk/lib/libnet80211.a(ieee80211_mesh_quick.o)
 .rodata.str1.4
                0x000000003ffe9b23        0x4 /home/stoffer/esp8266/esp-open-sdk/sdk/lib/libnet80211.a(ieee80211_sta.o)
 .rodata.str1.4
                0x000000003ffe9b23        0x4 /home/stoffer/esp8266/esp-open-sdk/sdk/lib/libnet80211.a(ieee80211_action_vendor.o)
 .rodata.str1.4
                0x000000003ffe9b23        0x4 /home/stoffer/esp8266/esp-open-sdk/sdk/lib/libnet80211.a(ieee80211_ie_vendor.o)
 .rodata.str1.4
                0x000000003ffe9b23        0x1 /home/stoffer/esp8266/esp-open-sdk/sdk/lib/liblwip.a(espconn_tcp.o)
 *fill*         0x000000003ffe9b23        0x1 
 .rodata.str1.4
                0x000000003ffe9b24       0x20 /home/stoffer/esp8266/esp-open-sdk/sdk/lib/liblwip.a(sntp.o)
 .rodata.str1.4
                0x000000003ffe9b44        0x8 /home/stoffer/esp8266/esp-open-sdk/sdk/lib/libwpa.a(wpa_debug.o)
                                          0xd (size before relaxing)
 *(.gnu.linkonce.r.*)
 *(.rodata1)
                0x000000003ffe9b4c                __XT_EXCEPTION_TABLE__ = ABSOLUTE (.)
 *(.xt_except_table)
 *(.gcc_except_table)
 *(.gnu.linkonce.e.*)
 *(.gnu.version_r)
 *(.eh_frame)
 *crtbegin.o(.ctors)
 *(EXCLUDE_FILE(*crtend.o) .ctors)
 *(SORT(.ctors.*))
 *(.ctors)
 *crtbegin.o(.dtors)
 *(EXCLUDE_FILE(*crtend.o) .dtors)
 *(SORT(.dtors.*))
 *(.dtors)
                0x000000003ffe9b4c                __XT_EXCEPTION_DESCS__ = ABSOLUTE (.)
 *(.xt_except_desc)
 *(.gnu.linkonce.h.*)
                0x000000003ffe9b4c                __XT_EXCEPTION_DESCS_END__ = ABSOLUTE (.)
 *(.xt_except_desc_end)
 *(.dynamic)
 *(.gnu.version_d)
                0x000000003ffe9b4c                . = ALIGN (0x4)
                0x000000003ffe9b4c                _bss_table_start = ABSOLUTE (.)
                0x000000003ffe9b4c        0x4 LONG 0x3ffe9b58 _bss_start
                0x000000003ffe9b50        0x4 LONG 0x3fff2778 _bss_end
                0x000000003ffe9b54                _bss_table_end = ABSOLUTE (.)
                0x000000003ffe9b54                _rodata_end = ABSOLUTE (.)

.bss            0x000000003ffe9b58     0x8c20
                0x000000003ffe9b58                . = ALIGN (0x8)
                0x000000003ffe9b58                _bss_start = ABSOLUTE (.)
 *(.dynsbss)
 *(.sbss)
 *(.sbss.*)
 *(.gnu.linkonce.sb.*)
 *(.scommon)
 *(.sbss2)
 *(.sbss2.*)
 *(.gnu.linkonce.sb2.*)
 *(.dynbss)
 *(.bss)
 .bss           0x000000003ffe9b58        0x0 /home/stoffer/esp8266/esp-open-sdk/sdk/lib/libmain.a(debug-vector.o)
 .bss           0x000000003ffe9b58        0x0 /home/stoffer/esp8266/esp-open-sdk/sdk/lib/libmain.a(double-vector.o)
 .bss           0x000000003ffe9b58        0x0 /home/stoffer/esp8266/esp-open-sdk/sdk/lib/libmain.a(kernel-vector.o)
 *fill*         0x000000003ffe9b58        0x8 
 .bss           0x000000003ffe9b60      0x1c0 /home/stoffer/esp8266/esp-open-sdk/sdk/lib/libmain.a(nmi-vector.o)
 .bss           0x000000003ffe9d20        0x0 /home/stoffer/esp8266/esp-open-sdk/sdk/lib/libmain.a(user-vector.o)
 .bss           0x000000003ffe9d20        0x0 /home/stoffer/esp8266/esp-open-sdk/sdk/lib/libmain.a(vector.o)
 .bss           0x000000003ffe9d20       0x41 /home/stoffer/esp8266/esp-open-sdk/sdk/lib/libmain.a(app_main.o)
                0x000000003ffe9d24                info
                0x000000003ffe9d48                lwip_timer_interval
                0x000000003ffe9d4c                check_timeouts_timer
                0x000000003ffe9d60                user_init_flag
 *fill*         0x000000003ffe9d61        0xf 
 .bss           0x000000003ffe9d70       0x30 /home/stoffer/esp8266/esp-open-sdk/sdk/lib/libmain.a(ets_timer.o)
                0x000000003ffe9d70                dbg_timer_flag
                0x000000003ffe9d74                timer_list
                0x000000003ffe9d78                debug_timer
                0x000000003ffe9d7c                debug_timerfn
 .bss           0x000000003ffe9da0       0x3c /home/stoffer/esp8266/esp-open-sdk/sdk/lib/libmain.a(mem_manager.o)
 .bss           0x000000003ffe9ddc        0x4 /home/stoffer/esp8266/esp-open-sdk/sdk/lib/libmain.a(spi_flash.o)
                0x000000003ffe9ddc                flash_read
 .bss           0x000000003ffe9de0      0x242 /home/stoffer/esp8266/esp-open-sdk/sdk/lib/libmain.a(user_interface.o)
                0x000000003ffe9ed7                deep_sleep_flag
                0x000000003ffe9ed8                cpu_overclock
                0x000000003ffe9edc                event_cb
                0x000000003ffe9ee0                status_led_output_level
                0x000000003ffe9ee4                done_cb
                0x000000003ffe9ee8                rst_if
                0x000000003ffe9f04                default_interface
                0x000000003ffe9f05                OpmodChgIsOnGoing
                0x000000003ffe9f08                promiscuous_cb
                0x000000003ffe9f20                event_TaskQueue
 .bss           0x000000003ffea022        0x0 /home/stoffer/esp8266/esp-open-sdk/sdk/lib/libmain.a(eagle_lib.o)
 *fill*         0x000000003ffea022        0x2 
 .bss           0x000000003ffea024        0xc /home/stoffer/esp8266/esp-open-sdk/sdk/lib/libmain.a(eagle_lwip_if.o)
                0x000000003ffea024                hostname
 .bss           0x000000003ffea030       0x68 build/app_app.a(user_main.o)
                0x000000003ffea030                counter
 .bss           0x000000003ffea098       0x2c build/app_app.a(captdns.o)
 .bss           0x000000003ffea0c4       0x14 build/app_app.a(led.o)
 .bss           0x000000003ffea0d8     0x21f4 build/app_app.a(httpd.o)
 .bss           0x000000003ffec2cc        0x0 build/app_app.a(utils.o)
 .bss           0x000000003ffec2cc        0x0 build/app_app.a(httpd_user_init.o)
 .bss           0x000000003ffec2cc        0x0 build/app_app.a(crypto.o)
 .bss           0x000000003ffec2cc        0x0 build/app_app.a(hmac-sha256.o)
 .bss           0x000000003ffec2cc        0x0 build/app_app.a(sha256.o)
 .bss           0x000000003ffec2cc       0xbc build/app_app.a(aes.o)
 .bss           0x000000003ffec388        0x0 build/app_app.a(uart.o)
 .bss           0x000000003ffec388        0x0 build/app_app.a(ext_spi_flash.o)
 .bss           0x000000003ffec388        0x0 build/app_app.a(spi.o)
 .bss           0x000000003ffec388        0x0 build/app_app.a(gpio16.o)
 .bss           0x000000003ffec388        0x8 build/app_app.a(mqtt.o)
                0x000000003ffec388                default_private_key_len
                0x000000003ffec38c                default_certificate_len
 .bss           0x000000003ffec390        0x0 build/app_app.a(mqtt_msg.o)
 .bss           0x000000003ffec390        0x0 build/app_app.a(queue.o)
 .bss           0x000000003ffec390        0x0 build/app_app.a(mqtt_utils.o)
 .bss           0x000000003ffec390        0x0 build/app_app.a(proto.o)
 .bss           0x000000003ffec390       0x14 build/app_app.a(config.o)
 .bss           0x000000003ffec3a4       0x20 build/app_app.a(wifi.o)
                0x000000003ffec3a4                wifi_reconnect
                0x000000003ffec3a5                wifi_scan_runnning
                0x000000003ffec3a6                wifi_fallback_last_present
                0x000000003ffec3a7                wifi_fallback_present
                0x000000003ffec3a8                wifi_cb
 .bss           0x000000003ffec3c4        0x8 build/app_app.a(tinyprintf.o)
 .bss           0x000000003ffec3cc       0x30 build/app_app.a(unix_time.o)
                0x000000003ffec3cc                ntp_offline_second_counter
                0x000000003ffec3d0                init_time
 .bss           0x000000003ffec3fc        0x5 build/app_app.a(cgi.o)
 .bss           0x000000003ffec401        0x0 build/app_app.a(httpdespfs.o)
 *fill*         0x000000003ffec401        0x3 
 .bss           0x000000003ffec404       0x14 build/app_app.a(cgiwifi.o)
 .bss           0x000000003ffec418        0x0 build/app_app.a(espfs.o)
 .bss           0x000000003ffec418        0x0 build/app_app.a(heatshrink_decoder.o)
 .bss           0x000000003ffec418        0x0 build/app_app.a(ringbuf.o)
 .bss           0x000000003ffec418        0x0 /home/stoffer/esp8266/esp-open-sdk/xtensa-lx106-elf/lib/gcc/xtensa-lx106-elf/4.8.5/../../../../xtensa-lx106-elf/lib/libc.a(lib_a-atoi.o)
 .bss           0x000000003ffec418        0x0 /home/stoffer/esp8266/esp-open-sdk/xtensa-lx106-elf/lib/gcc/xtensa-lx106-elf/4.8.5/../../../../xtensa-lx106-elf/lib/libc.a(lib_a-memcpy.o)
 .bss           0x000000003ffec418        0x0 /home/stoffer/esp8266/esp-open-sdk/xtensa-lx106-elf/lib/gcc/xtensa-lx106-elf/4.8.5/../../../../xtensa-lx106-elf/lib/libc.a(lib_a-memset.o)
 .bss           0x000000003ffec418        0x0 /home/stoffer/esp8266/esp-open-sdk/xtensa-lx106-elf/lib/gcc/xtensa-lx106-elf/4.8.5/../../../../xtensa-lx106-elf/lib/libc.a(lib_a-strlen.o)
 .bss           0x000000003ffec418        0x0 /home/stoffer/esp8266/esp-open-sdk/xtensa-lx106-elf/lib/gcc/xtensa-lx106-elf/4.8.5/../../../../xtensa-lx106-elf/lib/libc.a(lib_a-strtok.o)
 .bss           0x000000003ffec418        0x0 /home/stoffer/esp8266/esp-open-sdk/xtensa-lx106-elf/lib/gcc/xtensa-lx106-elf/4.8.5/../../../../xtensa-lx106-elf/lib/libc.a(lib_a-strtok_r.o)
 .bss           0x000000003ffec418        0x0 /home/stoffer/esp8266/esp-open-sdk/xtensa-lx106-elf/lib/gcc/xtensa-lx106-elf/4.8.5/../../../../xtensa-lx106-elf/lib/libc.a(lib_a-strtol.o)
 .bss           0x000000003ffec418        0x0 /home/stoffer/esp8266/esp-open-sdk/xtensa-lx106-elf/lib/gcc/xtensa-lx106-elf/4.8.5/../../../../xtensa-lx106-elf/lib/libc.a(lib_a-ctype_.o)
 .bss           0x000000003ffec418        0x0 /home/stoffer/esp8266/esp-open-sdk/xtensa-lx106-elf/lib/gcc/xtensa-lx106-elf/4.8.5/../../../../xtensa-lx106-elf/lib/libc.a(lib_a-impure.o)
 .bss           0x000000003ffec418        0x0 /home/stoffer/esp8266/esp-open-sdk/xtensa-lx106-elf/xtensa-lx106-elf/sysroot/usr/lib/libhal.a(int_asm--set_intclear.o)
 .bss           0x000000003ffec418        0x4 /home/stoffer/esp8266/esp-open-sdk/sdk/lib/libphy.a(phy.o)
 .bss           0x000000003ffec41c        0x2 /home/stoffer/esp8266/esp-open-sdk/sdk/lib/libphy.a(phy_chip_v6_ana.o)
                0x000000003ffec41c                tout_dis_txpwr_track
                0x000000003ffec41d                sleep_mode_flag
 *fill*         0x000000003ffec41e        0x2 
 .bss           0x000000003ffec420      0x15b /home/stoffer/esp8266/esp-open-sdk/sdk/lib/libphy.a(phy_chip_v6.o)
                0x000000003ffec420                g_phyFuns
                0x000000003ffec424                rxiq_compute_num
                0x000000003ffec428                rx_table_renew_en
                0x000000003ffec42c                check_result
                0x000000003ffec430                chip6_sleep_params
                0x000000003ffec4c4                chip6_phy_init_ctrl
                0x000000003ffec538                phy_freq_offset
                0x000000003ffec53a                do_pwctrl_flag
                0x000000003ffec53b                txbk_dpdby_flag
                0x000000003ffec53d                sw_scan_mode
                0x000000003ffec53e                rxmax_ext_level
                0x000000003ffec540                phy_rx_gain_dc_table
                0x000000003ffec554                periodic_cal_dc_num
                0x000000003ffec558                periodic_cal_flag
                0x000000003ffec559                bbpll_cal_flag
                0x000000003ffec55a                phy_in_most_power
                0x000000003ffec55b                init_rf_no_cal
                0x000000003ffec55c                test_print_time
                0x000000003ffec560                phy_rx_gain_dc_flag
                0x000000003ffec561                phy_in_vdd33_offset
                0x000000003ffec562                phy_set_most_tpw_disbg
                0x000000003ffec563                phy_set_most_tpw_index
                0x000000003ffec564                adc_rand_noise
                0x000000003ffec568                dpd_bypass_original
                0x000000003ffec56a                phy_txpwr_diff_flash
                0x000000003ffec570                noise_array
 *fill*         0x000000003ffec57b        0x1 
 .bss           0x000000003ffec57c        0x9 /home/stoffer/esp8266/esp-open-sdk/sdk/lib/libphy.a(phy_chip_v6_cal.o)
                0x000000003ffec57c                phy_tx_power_out
                0x000000003ffec57e                phy_tx_pwr_error
                0x000000003ffec580                tx_pwctrl_track_num
                0x000000003ffec581                rxiq_cover_fail_num
                0x000000003ffec582                phy_meas_freq_offset
                0x000000003ffec584                tx_pwctrl_pk_num
 .bss           0x000000003ffec585        0x0 /home/stoffer/esp8266/esp-open-sdk/sdk/lib/libphy.a(phy_chip_v6_unused.o)
 *fill*         0x000000003ffec585        0x3 
 .bss           0x000000003ffec588        0x7 /home/stoffer/esp8266/esp-open-sdk/sdk/lib/libphy.a(phy_sleep.o)
                0x000000003ffec588                periodic_cal_sat
                0x000000003ffec58a                lslp_mem_opt_8266
                0x000000003ffec58c                software_slp_reject
                0x000000003ffec58d                SDIO_slp_reject
                0x000000003ffec58e                hardware_reject
 *fill*         0x000000003ffec58f        0x1 
 .bss           0x000000003ffec590       0x40 /home/stoffer/esp8266/esp-open-sdk/sdk/lib/libpp.a(if_hwctrl.o)
                0x000000003ffec590                interface_mask
                0x000000003ffec5b0                if_ctrl
 .bss           0x000000003ffec5d0      0x150 /home/stoffer/esp8266/esp-open-sdk/sdk/lib/libpp.a(lmac.o)
                0x000000003ffec5d4                lmacConfMib
                0x000000003ffec5f8                our_tx_eb
 .bss           0x000000003ffec720      0x11a /home/stoffer/esp8266/esp-open-sdk/sdk/lib/libpp.a(pm.o)
                0x000000003ffec720                pmc
                0x000000003ffec800                flash_tmp
 *fill*         0x000000003ffec83a        0x2 
 .bss           0x000000003ffec83c       0x34 /home/stoffer/esp8266/esp-open-sdk/sdk/lib/libpp.a(pm_for_bcn_only_mode.o)
 .bss           0x000000003ffec870      0x322 /home/stoffer/esp8266/esp-open-sdk/sdk/lib/libpp.a(pp.o)
                0x000000003ffec888                pend_flag_noise_check
                0x000000003ffec890                pend_flag_periodic_cal
                0x000000003ffec8a8                idle_timer_reopen_flag
                0x000000003ffec8aa                dbg_stop_sw_wdt
                0x000000003ffec8ab                dbg_stop_hw_wdt
                0x000000003ffec8ad                total_buffed_eb_num
                0x000000003ffec8b0                HighestFreqOffsetInOneChk
                0x000000003ffec8b2                LowestFreqOffsetInOneChk
                0x000000003ffec8b4                DefFreqCalTimer
                0x000000003ffec8c8                PktNumInOneChk
                0x000000003ffeca50                buffed_eb_arr
 *fill*         0x000000003ffecb92        0xe 
 .bss           0x000000003ffecba0      0x100 /home/stoffer/esp8266/esp-open-sdk/sdk/lib/libpp.a(rate_control.o)
 .bss           0x000000003ffecca0      0x46c /home/stoffer/esp8266/esp-open-sdk/sdk/lib/libpp.a(trc.o)
 *fill*         0x000000003ffed10c        0x4 
 .bss           0x000000003ffed110     0x2f88 /home/stoffer/esp8266/esp-open-sdk/sdk/lib/libpp.a(wdev.o)
                0x000000003ffed110                wDevCtrl
                0x000000003ffed2b8                WdevTimOffSet
 *fill*         0x000000003fff0098        0x8 
 .bss           0x000000003fff00a0      0xaa4 /home/stoffer/esp8266/esp-open-sdk/sdk/lib/libpp.a(esf_buf.o)
 .bss           0x000000003fff0b44      0x67c /home/stoffer/esp8266/esp-open-sdk/sdk/lib/libnet80211.a(ieee80211.o)
                0x000000003fff0b44                g_ic
 .bss           0x000000003fff11c0        0x0 /home/stoffer/esp8266/esp-open-sdk/sdk/lib/libnet80211.a(ieee80211_crypto.o)
 .bss           0x000000003fff11c0        0x0 /home/stoffer/esp8266/esp-open-sdk/sdk/lib/libnet80211.a(ieee80211_ets.o)
 .bss           0x000000003fff11c0       0x56 /home/stoffer/esp8266/esp-open-sdk/sdk/lib/libnet80211.a(ieee80211_hostap.o)
                0x000000003fff11c0                BcnEb_update
                0x000000003fff11cd                BcnWithMcastSendStart
                0x000000003fff11ce                BcnWithMcastSendCnt
                0x000000003fff11e8                PendFreeBcnEb
                0x000000003fff11ec                ApFreqCalTimer
                0x000000003fff1200                APRecvBcnStartTick
 .bss           0x000000003fff1216        0x0 /home/stoffer/esp8266/esp-open-sdk/sdk/lib/libnet80211.a(ieee80211_ht.o)
 .bss           0x000000003fff1216        0x0 /home/stoffer/esp8266/esp-open-sdk/sdk/lib/libnet80211.a(ieee80211_input.o)
 .bss           0x000000003fff1216        0x0 /home/stoffer/esp8266/esp-open-sdk/sdk/lib/libnet80211.a(ieee80211_mesh_quick.o)
 .bss           0x000000003fff1216        0x0 /home/stoffer/esp8266/esp-open-sdk/sdk/lib/libnet80211.a(ieee80211_output.o)
 .bss           0x000000003fff1216        0x0 /home/stoffer/esp8266/esp-open-sdk/sdk/lib/libnet80211.a(ieee80211_phy.o)
 .bss           0x000000003fff1216        0x0 /home/stoffer/esp8266/esp-open-sdk/sdk/lib/libnet80211.a(ieee80211_power.o)
 .bss           0x000000003fff1216        0x0 /home/stoffer/esp8266/esp-open-sdk/sdk/lib/libnet80211.a(ieee80211_proto.o)
 .bss           0x000000003fff1216        0x0 /home/stoffer/esp8266/esp-open-sdk/sdk/lib/libnet80211.a(ieee80211_rfid.o)
 *fill*         0x000000003fff1216        0x2 
 .bss           0x000000003fff1218       0xc8 /home/stoffer/esp8266/esp-open-sdk/sdk/lib/libnet80211.a(ieee80211_scan.o)
                0x000000003fff1218                gScanStruct
                0x000000003fff12c4                connect_scan_flag
                0x000000003fff12c5                FreqCalCntForScan
                0x000000003fff12c6                TestStaFreqCalValInput
                0x000000003fff12c8                auth_type
                0x000000003fff12ca                scannum
 .bss           0x000000003fff12e0       0x10 /home/stoffer/esp8266/esp-open-sdk/sdk/lib/libnet80211.a(ieee80211_sta.o)
 .bss           0x000000003fff12f0       0x3c /home/stoffer/esp8266/esp-open-sdk/sdk/lib/libnet80211.a(wl_chm.o)
 *fill*         0x000000003fff132c        0x4 
 .bss           0x000000003fff1330      0x37e /home/stoffer/esp8266/esp-open-sdk/sdk/lib/libnet80211.a(wl_cnx.o)
                0x000000003fff1690                sta_con_timer
                0x000000003fff16a4                backup_ni_connect_status
                0x000000003fff16a8                g_cnx_probe_rc_list_cb
                0x000000003fff16ac                reconnect_flag
                0x000000003fff16ad                no_ap_found_index
 .bss           0x000000003fff16ae        0x0 /home/stoffer/esp8266/esp-open-sdk/sdk/lib/libnet80211.a(ieee80211_action.o)
 *fill*         0x000000003fff16ae        0x2 
 .bss           0x000000003fff16b0       0x10 /home/stoffer/esp8266/esp-open-sdk/sdk/lib/libnet80211.a(ieee80211_action_vendor.o)
 .bss           0x000000003fff16c0        0x0 /home/stoffer/esp8266/esp-open-sdk/sdk/lib/libnet80211.a(ieee80211_crypto_ccmp.o)
 .bss           0x000000003fff16c0        0x0 /home/stoffer/esp8266/esp-open-sdk/sdk/lib/libnet80211.a(ieee80211_ie_vendor.o)
 .bss           0x000000003fff16c0       0x38 /home/stoffer/esp8266/esp-open-sdk/sdk/lib/liblwip.a(dhcp.o)
                0x000000003fff16c0                dhcp_rx_options_given
                0x000000003fff16d0                dhcp_rx_options_val
 .bss           0x000000003fff16f8       0x24 /home/stoffer/esp8266/esp-open-sdk/sdk/lib/liblwip.a(dhcpserver.o)
 *fill*         0x000000003fff171c        0x4 
 .bss           0x000000003fff1720      0x480 /home/stoffer/esp8266/esp-open-sdk/sdk/lib/liblwip.a(dns.o)
 .bss           0x000000003fff1ba0      0x104 /home/stoffer/esp8266/esp-open-sdk/sdk/lib/liblwip.a(espconn.o)
                0x000000003fff1ba0                plink_active
                0x000000003fff1ba4                pserver_list
                0x000000003fff1bb0                premot
                0x000000003fff1c70                pktinfo
 *fill*         0x000000003fff1ca4        0xc 
 .bss           0x000000003fff1cb0       0x78 /home/stoffer/esp8266/esp-open-sdk/sdk/lib/liblwip.a(espconn_tcp.o)
                0x000000003fff1cb0                espconn_TaskQueue
 .bss           0x000000003fff1d28        0x0 /home/stoffer/esp8266/esp-open-sdk/sdk/lib/liblwip.a(espconn_udp.o)
 *fill*         0x000000003fff1d28        0x8 
 .bss           0x000000003fff1d30      0x100 /home/stoffer/esp8266/esp-open-sdk/sdk/lib/liblwip.a(etharp.o)
                0x000000003fff1d34                ethzero
 .bss           0x000000003fff1e30        0xc /home/stoffer/esp8266/esp-open-sdk/sdk/lib/liblwip.a(igmp.o)
 .bss           0x000000003fff1e3c        0x0 /home/stoffer/esp8266/esp-open-sdk/sdk/lib/liblwip.a(inet_chksum.o)
 .bss           0x000000003fff1e3c        0x0 /home/stoffer/esp8266/esp-open-sdk/sdk/lib/liblwip.a(init.o)
 *fill*         0x000000003fff1e3c        0x4 
 .bss           0x000000003fff1e40       0x10 /home/stoffer/esp8266/esp-open-sdk/sdk/lib/liblwip.a(ip_addr.o)
 .bss           0x000000003fff1e50       0x12 /home/stoffer/esp8266/esp-open-sdk/sdk/lib/liblwip.a(ip.o)
                0x000000003fff1e50                current_iphdr_dest
                0x000000003fff1e54                current_iphdr_src
                0x000000003fff1e58                current_netif
                0x000000003fff1e5c                current_header
 .bss           0x000000003fff1e62        0x0 /home/stoffer/esp8266/esp-open-sdk/sdk/lib/liblwip.a(memp.o)
 *fill*         0x000000003fff1e62        0x2 
 .bss           0x000000003fff1e64        0x9 /home/stoffer/esp8266/esp-open-sdk/sdk/lib/liblwip.a(netif.o)
                0x000000003fff1e64                netif_list
                0x000000003fff1e68                netif_default
 .bss           0x000000003fff1e6d        0x0 /home/stoffer/esp8266/esp-open-sdk/sdk/lib/liblwip.a(pbuf.o)
 *fill*         0x000000003fff1e6d        0x3 
 .bss           0x000000003fff1e70        0x4 /home/stoffer/esp8266/esp-open-sdk/sdk/lib/liblwip.a(raw.o)
 *fill*         0x000000003fff1e74        0xc 
 .bss           0x000000003fff1e80      0x118 /home/stoffer/esp8266/esp-open-sdk/sdk/lib/liblwip.a(sntp.o)
                0x000000003fff1e80                res_buf
                0x000000003fff1ea4                __tzyear
                0x000000003fff1ea8                __tznorth
                0x000000003fff1eac                realtime_stamp
                0x000000003fff1ed0                sntp__tzrule
                0x000000003fff1f10                reult
 .bss           0x000000003fff1f98       0x34 /home/stoffer/esp8266/esp-open-sdk/sdk/lib/liblwip.a(tcp_in.o)
                0x000000003fff1fc8                tcp_input_pcb
 .bss           0x000000003fff1fcc       0x1c /home/stoffer/esp8266/esp-open-sdk/sdk/lib/liblwip.a(tcp.o)
                0x000000003fff1fd0                tcp_active_pcbs
                0x000000003fff1fd4                tcp_tmp_pcb
                0x000000003fff1fd8                tcp_tw_pcbs
                0x000000003fff1fdc                tcp_bound_pcbs
                0x000000003fff1fe0                tcp_listen_pcbs
                0x000000003fff1fe4                tcp_ticks
 .bss           0x000000003fff1fe8        0x0 /home/stoffer/esp8266/esp-open-sdk/sdk/lib/liblwip.a(tcp_out.o)
 .bss           0x000000003fff1fe8        0xc /home/stoffer/esp8266/esp-open-sdk/sdk/lib/liblwip.a(timers.o)
 .bss           0x000000003fff1ff4        0x4 /home/stoffer/esp8266/esp-open-sdk/sdk/lib/liblwip.a(udp.o)
                0x000000003fff1ff4                udp_pcbs
 .bss           0x000000003fff1ff8        0x0 /home/stoffer/esp8266/esp-open-sdk/sdk/lib/liblwip.a(icmp.o)
 .bss           0x000000003fff1ff8        0x0 /home/stoffer/esp8266/esp-open-sdk/sdk/lib/libwpa.a(ap_config.o)
 .bss           0x000000003fff1ff8        0x0 /home/stoffer/esp8266/esp-open-sdk/sdk/lib/libwpa.a(common.o)
 .bss           0x000000003fff1ff8        0x0 /home/stoffer/esp8266/esp-open-sdk/sdk/lib/libwpa.a(os_xtensa.o)
 .bss           0x000000003fff1ff8        0x0 /home/stoffer/esp8266/esp-open-sdk/sdk/lib/libwpa.a(wpa_auth.o)
 .bss           0x000000003fff1ff8        0x0 /home/stoffer/esp8266/esp-open-sdk/sdk/lib/libwpa.a(wpa_auth_ie.o)
 *fill*         0x000000003fff1ff8        0x8 
 .bss           0x000000003fff2000      0x26a /home/stoffer/esp8266/esp-open-sdk/sdk/lib/libwpa.a(wpa.o)
 .bss           0x000000003fff226a        0x0 /home/stoffer/esp8266/esp-open-sdk/sdk/lib/libwpa.a(wpa_common.o)
 .bss           0x000000003fff226a        0x0 /home/stoffer/esp8266/esp-open-sdk/sdk/lib/libwpa.a(wpa_debug.o)
 .bss           0x000000003fff226a        0x0 /home/stoffer/esp8266/esp-open-sdk/sdk/lib/libwpa.a(wpa_ie.o)
 .bss           0x000000003fff226a        0x0 /home/stoffer/esp8266/esp-open-sdk/sdk/lib/libwpa.a(wpa_main.o)
 .bss           0x000000003fff226a        0x0 /home/stoffer/esp8266/esp-open-sdk/sdk/lib/libwpa.a(wpas_glue.o)
 .bss           0x000000003fff226a        0x0 /home/stoffer/esp8266/esp-open-sdk/sdk/lib/libwpa.a(aes-wrap.o)
 .bss           0x000000003fff226a        0x0 /home/stoffer/esp8266/esp-open-sdk/sdk/lib/libwpa.a(aes-internal-enc.o)
 .bss           0x000000003fff226a        0x0 /home/stoffer/esp8266/esp-open-sdk/sdk/lib/libwpa.a(aes-internal.o)
 .bss           0x000000003fff226a        0x0 /home/stoffer/esp8266/esp-open-sdk/sdk/lib/libgcc.a(_modsi3.o)
 .bss           0x000000003fff226a        0x0 /home/stoffer/esp8266/esp-open-sdk/sdk/lib/libgcc.a(_ashrdi3.o)
 .bss           0x000000003fff226a        0x0 /home/stoffer/esp8266/esp-open-sdk/sdk/lib/libgcc.a(_mulsf3.o)
 .bss           0x000000003fff226a        0x0 /home/stoffer/esp8266/esp-open-sdk/sdk/lib/libgcc.a(_divsf3.o)
 .bss           0x000000003fff226a        0x0 /home/stoffer/esp8266/esp-open-sdk/sdk/lib/libgcc.a(_fixsfsi.o)
 *fill*         0x000000003fff226a        0x6 
 .bss           0x000000003fff2270        0x8 /home/stoffer/esp8266/esp-open-sdk/sdk/lib/libnet80211.a(ieee80211_crypto_tkip.o)
 .bss           0x000000003fff2278        0x0 /home/stoffer/esp8266/esp-open-sdk/sdk/lib/libnet80211.a(ieee80211_crypto_wep.o)
 *(.bss.*)
 *(.gnu.linkonce.b.*)
 *(COMMON)
 COMMON         0x000000003fff2278       0xf4 build/app_app.a(user_main.o)
                0x000000003fff2278                impulses_per_kwh
                0x000000003fff227c                mqtt_client
                0x000000003fff234c                last_impulse_meter_count
                0x000000003fff2350                impulse_rising_edge_time
                0x000000003fff2354                current_energy
                0x000000003fff2358                last_impulse_time
                0x000000003fff235c                impulse_time
                0x000000003fff2360                rtc_info
                0x000000003fff2364                impulse_falling_edge_time
                0x000000003fff2368                impulse_meter_energy
 COMMON         0x000000003fff236c       0x40 build/app_app.a(crypto.o)
                0x000000003fff236c                hmac_sha256_key
                0x000000003fff237c                aes_key
                0x000000003fff238c                sha256_hash
 COMMON         0x000000003fff23ac      0x200 build/app_app.a(uart.o)
                0x000000003fff23ac                kmp_received_task_queue
 COMMON         0x000000003fff25ac       0x10 build/app_app.a(mqtt.o)
                0x000000003fff25ac                default_private_key
                0x000000003fff25b0                default_certificate
                0x000000003fff25b4                mqtt_procTaskQueue
 COMMON         0x000000003fff25bc      0x190 build/app_app.a(config.o)
                0x000000003fff25bc                sys_cfg
                0x000000003fff2744                config_save_timer_running
                0x000000003fff2748                saveFlag
 COMMON         0x000000003fff274c        0x8 build/app_app.a(wifi.o)
                0x000000003fff274c                config_ssid
                0x000000003fff2750                config_pass
 *fill*         0x000000003fff2754        0x4 
 COMMON         0x000000003fff2758       0x10 build/app_app.a(unix_time.o)
                0x000000003fff2758                current_unix_time
                0x000000003fff2760                boot_time
 COMMON         0x000000003fff2768        0xc build/app_app.a(cgiwifi.o)
                0x000000003fff2768                cgiWifiAps
                0x000000003fff2778                . = ALIGN (0x8)
 *fill*         0x000000003fff2774        0x4 
                0x000000003fff2778                _bss_end = ABSOLUTE (.)
                0x000000003fff2778                _heap_start = ABSOLUTE (.)

.text           0x0000000040100000     0x6ae4
                0x0000000040100000                _stext = .
                0x0000000040100000                _text_start = ABSOLUTE (.)
 *(.UserEnter.text)
 .UserEnter.text
                0x0000000040100000        0xd /home/stoffer/esp8266/esp-open-sdk/sdk/lib/libmain.a(vector.o)
                                         0x14 (size before relaxing)
                0x0000000040100004                call_user_start
                0x0000000040100010                . = ALIGN (0x10)
 *fill*         0x000000004010000d        0x3 
 *(.DebugExceptionVector.text)
 .DebugExceptionVector.text
                0x0000000040100010        0x6 /home/stoffer/esp8266/esp-open-sdk/sdk/lib/libmain.a(debug-vector.o)
                0x0000000040100010                _DebugExceptionVector
                0x0000000040100020                . = ALIGN (0x10)
 *fill*         0x0000000040100016        0xa 
 *(.NMIExceptionVector.text)
 .NMIExceptionVector.text
                0x0000000040100020        0x6 /home/stoffer/esp8266/esp-open-sdk/sdk/lib/libmain.a(nmi-vector.o)
                                          0xd (size before relaxing)
                0x0000000040100020                _NMIExceptionVector
                0x0000000040100030                . = ALIGN (0x10)
 *fill*         0x0000000040100026        0xa 
 *(.KernelExceptionVector.text)
 .KernelExceptionVector.text
                0x0000000040100030        0x6 /home/stoffer/esp8266/esp-open-sdk/sdk/lib/libmain.a(kernel-vector.o)
                0x0000000040100030                _KernelExceptionVector
                0x0000000040100036        0x4 LONG 0x0
                0x000000004010003a        0x4 LONG 0x0
                0x000000004010003e        0x4 LONG 0x0
                0x0000000040100042        0x4 LONG 0x0
                0x0000000040100050                . = ALIGN (0x10)
 *fill*         0x0000000040100046        0xa 
 *(.UserExceptionVector.text)
 .UserExceptionVector.text
                0x0000000040100050        0x6 /home/stoffer/esp8266/esp-open-sdk/sdk/lib/libmain.a(user-vector.o)
                                          0xd (size before relaxing)
                0x0000000040100050                _UserExceptionVector
                0x0000000040100056        0x4 LONG 0x0
                0x000000004010005a        0x4 LONG 0x0
                0x000000004010005e        0x4 LONG 0x0
                0x0000000040100062        0x4 LONG 0x0
                0x0000000040100070                . = ALIGN (0x10)
 *fill*         0x0000000040100066        0xa 
 *(.DoubleExceptionVector.text)
 .DoubleExceptionVector.text
                0x0000000040100070        0x6 /home/stoffer/esp8266/esp-open-sdk/sdk/lib/libmain.a(double-vector.o)
                0x0000000040100070                _DoubleExceptionVector
                0x0000000040100076        0x4 LONG 0x0
                0x000000004010007a        0x4 LONG 0x0
                0x000000004010007e        0x4 LONG 0x0
                0x0000000040100082        0x4 LONG 0x0
                0x0000000040100090                . = ALIGN (0x10)
 *fill*         0x0000000040100086        0xa 
 *(.entry.text)
 *(.init.literal)
 *(.init)
 *(.literal .text .literal.* .text.* .stub .gnu.warning .gnu.linkonce.literal.* .gnu.linkonce.t.*.literal .gnu.linkonce.t.*)
 .text          0x0000000040100090       0xc7 /home/stoffer/esp8266/esp-open-sdk/sdk/lib/libmain.a(nmi-vector.o)
                                         0xcb (size before relaxing)
                0x000000004010009c                _NMILevelVector
 *fill*         0x0000000040100157        0x1 
 .text          0x0000000040100158       0x1e /home/stoffer/esp8266/esp-open-sdk/sdk/lib/libmain.a(user-vector.o)
                0x000000004010015c                _UserExceptionVector_1
 *fill*         0x0000000040100176        0x2 
 .text          0x0000000040100178      0x5fe /home/stoffer/esp8266/esp-open-sdk/sdk/lib/libmain.a(app_main.o)
                                        0x66a (size before relaxing)
                0x00000000401001b0                Cache_Read_Enable_New
                0x00000000401001ec                NmiTimSetFunc
                0x0000000040100210                NMI_Handler
                0x0000000040100268                call_user_start_local
                0x00000000401003c8                wdt_feed
 *fill*         0x0000000040100776        0x2 
 .text          0x0000000040100778      0x3cc /home/stoffer/esp8266/esp-open-sdk/sdk/lib/libmain.a(ets_timer.o)
                                        0x450 (size before relaxing)
                0x000000004010084c                ets_timer_setfn
                0x0000000040100928                ets_timer_disarm
                0x00000000401009d8                ets_timer_arm_new
 .text          0x0000000040100b44      0x30f /home/stoffer/esp8266/esp-open-sdk/sdk/lib/libmain.a(mem_manager.o)
                                        0x367 (size before relaxing)
                0x0000000040100b48                prvInsertBlockIntoUsedList
                0x0000000040100b78                system_show_malloc
                0x0000000040100b78                pvShowMalloc
                0x0000000040100c04                prvRemoveBlockFromUsedList
                0x0000000040100c30                xPortWantedSizeAlign
                0x0000000040100c58                pvPortMalloc
                0x0000000040100d20                vPortFree
                0x0000000040100d78                pvPortCalloc
                0x0000000040100da8                pvPortZalloc
                0x0000000040100dc4                pvPortRealloc
 *fill*         0x0000000040100e53        0x1 
 .text          0x0000000040100e54      0x59d /home/stoffer/esp8266/esp-open-sdk/sdk/lib/libmain.a(spi_flash.o)
                                        0x650 (size before relaxing)
                0x0000000040100e58                Cache_Read_Disable_2
                0x0000000040100e98                Cache_Read_Enable_2
                0x0000000040100ee8                spi_flash_get_unique_id
                0x0000000040101050                spi_flash_get_id
                0x00000000401010ac                spi_flash_read_status
                0x00000000401010e0                spi_flash_write_status
                0x0000000040101160                spi_flash_erase_sector
                0x0000000040101194                spi_flash_write
                0x00000000401011e8                spi_flash_read
                0x0000000040101264                spi_flash_issi_enable_QIO_mode
 *fill*         0x00000000401013f1        0x3 
 .text          0x00000000401013f4      0x2ee /home/stoffer/esp8266/esp-open-sdk/sdk/lib/libmain.a(user_interface.o)
                                        0x34a (size before relaxing)
                0x0000000040101410                os_printf_plus
                0x000000004010153c                system_restart_core
                0x0000000040101574                system_deep_sleep_local_2
                0x00000000401015e8                system_get_time
                0x0000000040101600                system_os_post
                0x0000000040101634                system_rtc_mem_write
                0x000000004010168c                system_rtc_mem_read
 *fill*         0x00000000401016e2        0x2 
 .text          0x00000000401016e4      0x120 build/app_app.a(user_main.o)
                                        0x15b (size before relaxing)
                0x0000000040101724                gpio_int_handler
 *fill*         0x0000000040101804        0x0 
 .text          0x0000000040101804       0x5b build/app_app.a(httpd_user_init.o)
                                         0x5f (size before relaxing)
                0x0000000040101810                myPassFn
                0x0000000040101848                httpd_user_init
 *fill*         0x000000004010185f        0x1 
 .text          0x0000000040101860       0xd5 build/app_app.a(uart.o)
                                         0xdd (size before relaxing)
                0x0000000040101904                uart_tx_one_char
 *fill*         0x0000000040101935        0x3 
 .text          0x0000000040101938       0x85 build/app_app.a(wifi.o)
                                         0x8d (size before relaxing)
                0x0000000040101954                wifi_handle_event_cb
 *fill*         0x00000000401019bd        0x3 
 .text          0x00000000401019c0      0x434 build/app_app.a(heatshrink_decoder.o)
                                        0x44c (size before relaxing)
                0x0000000040101a5c                heatshrink_decoder_free
                0x0000000040101a74                heatshrink_decoder_reset
                0x0000000040101ac0                heatshrink_decoder_alloc
                0x0000000040101b34                heatshrink_decoder_sink
                0x0000000040101bac                heatshrink_decoder_poll
                0x0000000040101dc8                heatshrink_decoder_finish
 .literal       0x0000000040101df4        0x0 /home/stoffer/esp8266/esp-open-sdk/xtensa-lx106-elf/lib/gcc/xtensa-lx106-elf/4.8.5/../../../../xtensa-lx106-elf/lib/libc.a(lib_a-atoi.o)
                                          0x8 (size before relaxing)
 .literal       0x0000000040101df4        0x8 /home/stoffer/esp8266/esp-open-sdk/xtensa-lx106-elf/lib/gcc/xtensa-lx106-elf/4.8.5/../../../../xtensa-lx106-elf/lib/libc.a(lib_a-strlen.o)
                                          0xc (size before relaxing)
 .literal       0x0000000040101dfc        0x4 /home/stoffer/esp8266/esp-open-sdk/xtensa-lx106-elf/lib/gcc/xtensa-lx106-elf/4.8.5/../../../../xtensa-lx106-elf/lib/libc.a(lib_a-strtok.o)
                                          0x8 (size before relaxing)
 .literal       0x0000000040101e00       0x10 /home/stoffer/esp8266/esp-open-sdk/xtensa-lx106-elf/lib/gcc/xtensa-lx106-elf/4.8.5/../../../../xtensa-lx106-elf/lib/libc.a(lib_a-strtol.o)
                                         0x18 (size before relaxing)
 .literal       0x0000000040101e10        0x4 /home/stoffer/esp8266/esp-open-sdk/sdk/lib/libgcc.a(_mulsf3.o)
                                         0x10 (size before relaxing)
 .literal       0x0000000040101e14        0x0 /home/stoffer/esp8266/esp-open-sdk/sdk/lib/libgcc.a(_divsf3.o)
                                         0x10 (size before relaxing)
 .literal       0x0000000040101e14        0x0 /home/stoffer/esp8266/esp-open-sdk/sdk/lib/libgcc.a(_fixsfsi.o)
                                          0x4 (size before relaxing)
 .text          0x0000000040101e14       0x27 /home/stoffer/esp8266/esp-open-sdk/xtensa-lx106-elf/lib/gcc/xtensa-lx106-elf/4.8.5/../../../../xtensa-lx106-elf/lib/libc.a(lib_a-atoi.o)
                                         0x2f (size before relaxing)
                0x0000000040101e14                atoi
                0x0000000040101e28                _atoi_r
 *fill*         0x0000000040101e3b        0x1 
 .text          0x0000000040101e3c       0x5b /home/stoffer/esp8266/esp-open-sdk/xtensa-lx106-elf/lib/gcc/xtensa-lx106-elf/4.8.5/../../../../xtensa-lx106-elf/lib/libc.a(lib_a-strlen.o)
                0x0000000040101e3c                strlen
 *fill*         0x0000000040101e97        0x1 
 .text          0x0000000040101e98       0x1c /home/stoffer/esp8266/esp-open-sdk/xtensa-lx106-elf/lib/gcc/xtensa-lx106-elf/4.8.5/../../../../xtensa-lx106-elf/lib/libc.a(lib_a-strtok.o)
                0x0000000040101e98                strtok
 .text          0x0000000040101eb4      0x15f /home/stoffer/esp8266/esp-open-sdk/xtensa-lx106-elf/lib/gcc/xtensa-lx106-elf/4.8.5/../../../../xtensa-lx106-elf/lib/libc.a(lib_a-strtol.o)
                0x0000000040101eb4                _strtol_r
                0x0000000040101ff4                strtol
 *fill*         0x0000000040102013        0x1 
 .text          0x0000000040102014       0x53 /home/stoffer/esp8266/esp-open-sdk/sdk/lib/libphy.a(phy.o)
                                         0x5f (size before relaxing)
                0x000000004010201c                register_phy_ops
                0x000000004010203c                register_get_phy_addr
                0x0000000040102044                phy_change_channel
                0x000000004010205c                phy_get_mactime
 *fill*         0x0000000040102067        0x1 
 .text          0x0000000040102068      0x262 /home/stoffer/esp8266/esp-open-sdk/sdk/lib/libphy.a(phy_chip_v6_ana.o)
                                        0x276 (size before relaxing)
                0x0000000040102088                phy_adc_read_fast
 *fill*         0x00000000401022ca        0x2 
 .text          0x00000000401022cc       0x4d /home/stoffer/esp8266/esp-open-sdk/sdk/lib/libphy.a(phy_chip_v6.o)
                                         0x55 (size before relaxing)
                0x00000000401022dc                phy_debug_print
 *fill*         0x0000000040102319        0x3 
 .text          0x000000004010231c       0xb2 /home/stoffer/esp8266/esp-open-sdk/sdk/lib/libphy.a(phy_chip_v6_cal.o)
                                         0xba (size before relaxing)
                0x000000004010231c                unsign_to_sign
                0x0000000040102358                phy_get_bb_freqoffset
                0x00000000401023c0                phy_get_bb_evm
 *fill*         0x00000000401023ce        0x2 
 .text          0x00000000401023d0       0xe7 /home/stoffer/esp8266/esp-open-sdk/sdk/lib/libphy.a(phy_sleep.o)
                                        0x103 (size before relaxing)
                0x00000000401023d4                pm_rtc_clock_cali
                0x000000004010248c                clockgate_watchdog
 *fill*         0x00000000401024b7        0x1 
 .text          0x00000000401024b8     0x1602 /home/stoffer/esp8266/esp-open-sdk/sdk/lib/libpp.a(lmac.o)
                                       0x1962 (size before relaxing)
                0x00000000401024bc                lmacIsActive
                0x00000000401024d0                lmacIsIdle
                0x0000000040102950                lmacSetAcParam
                0x00000000401029a4                lmacProcessTXStartData
                0x0000000040102b24                lmacProcessTxSuccess
                0x0000000040102c68                GetAccess
                0x0000000040102c74                lmacDiscardAgedMSDU
                0x0000000040102c88                lmacRecycleMPDU
                0x000000004010324c                lmacProcessTxTimeout
                0x00000000401032b4                lmacProcessAllTxTimeout
                0x00000000401032c8                lmacProcessCollisions
                0x0000000040103328                lmacProcessCollision
                0x00000000401033ac                lmacMSDUAged
                0x000000004010373c                lmacProcessCtsTimeout
                0x0000000040103774                lmacProcessAckTimeout
                0x00000000401037cc                lmacProcessRtsStart
                0x00000000401037d8                lmacProcessTxRtsError
                0x0000000040103878                lmacProcessTxError
                0x0000000040103908                lmacTxFrame
                0x0000000040103aa4                lmacRxDone
 *fill*         0x0000000040103aba        0x2 
 .text          0x0000000040103abc      0x8e1 /home/stoffer/esp8266/esp-open-sdk/sdk/lib/libpp.a(pp.o)
                                        0x9fd (size before relaxing)
                0x0000000040103af0                pp_soft_wdt_feed_local
                0x0000000040103b84                ppProcessTxQ
                0x0000000040103bf8                ppFetchTxQFirstAvail
                0x0000000040103c38                ppDequeueTxQ
                0x0000000040103c60                ppRollBackTxQ
                0x0000000040103c84                ppRecordBarRRC
                0x0000000040103c94                ppTxqUpdateBitmap
                0x0000000040103cbc                ppEnqueueTxDone
                0x0000000040103cf0                ppEnqueueRxq
                0x00000000401041d8                ppDiscardMPDU
                0x00000000401041fc                pp_post
                0x0000000040104288                pp_post2
                0x00000000401042b0                ppCalTxop
                0x0000000040104330                ppCalFrameTimes
 *fill*         0x000000004010439d        0x3 
 .text          0x00000000401043a0       0xf5 /home/stoffer/esp8266/esp-open-sdk/sdk/lib/libpp.a(rate_control.o)
                                        0x109 (size before relaxing)
                0x00000000401043c0                RC_GetAckRate
                0x00000000401043cc                RC_GetRtsRate
                0x00000000401043dc                RC_GetAckTime
                0x00000000401043f0                RC_GetCtsTime
                0x0000000040104428                RC_GetBlockAckTime
 *fill*         0x0000000040104495        0x3 
 .text          0x0000000040104498      0x9a1 /home/stoffer/esp8266/esp-open-sdk/sdk/lib/libpp.a(trc.o)
                                        0xa05 (size before relaxing)
                0x000000004010466c                rcUpdateTxDone
                0x0000000040104700                rcUpdateRxDone
                0x000000004010475c                rcUpdateDataRxDone
                0x0000000040104778                rcGetSched
                0x000000004010485c                rcGetRate
                0x0000000040104d6c                rcReachRetryLimit
                0x0000000040104d84                trc_NeedRTS
 *fill*         0x0000000040104e39        0x3 
 .text          0x0000000040104e3c     0x105b /home/stoffer/esp8266/esp-open-sdk/sdk/lib/libpp.a(wdev.o)
                                       0x1347 (size before relaxing)
                0x00000000401051e0                wDev_MacTim1SetFunc
                0x0000000040105200                wDev_MacTim1Arm
                0x0000000040105294                wDev_ProcessFiq
                0x00000000401055d8                wDev_EnableTransmit
                0x0000000040105610                wDev_DisableTransmit
                0x0000000040105630                Tx_Copy2Queue
                0x0000000040105678                wDev_ProcessCollision
                0x000000004010569c                wDev_GetTxqCollisions
                0x00000000401056ac                wDev_ClearTxqCollisions
                0x00000000401056c8                wDev_SetWaitingQueue
                0x0000000040105710                wDev_ClearWaitingQueue
                0x0000000040105734                wDev_SetFrameAckType
                0x0000000040105794                wDev_AppendRxBlocks
                0x00000000401058d8                wDev_AppendRxAmpduLensBlocks
                0x00000000401059ac                wDev_GetBAInfo
                0x00000000401059e0                wDevDisableRx
 *fill*         0x0000000040105e97        0x1 
 .text          0x0000000040105e98       0x4c /home/stoffer/esp8266/esp-open-sdk/sdk/lib/libpp.a(esf_buf.o)
                                         0x5c (size before relaxing)
                0x0000000040105e9c                esf_rx_buf_alloc
 .text          0x0000000040105ee4       0x23 /home/stoffer/esp8266/esp-open-sdk/sdk/lib/libnet80211.a(ieee80211_output.o)
                                         0x27 (size before relaxing)
 *fill*         0x0000000040105f07        0x1 
 .text          0x0000000040105f08        0xb /home/stoffer/esp8266/esp-open-sdk/sdk/lib/libnet80211.a(wl_chm.o)
                0x0000000040105f0c                chm_get_current_channel
 *fill*         0x0000000040105f13        0x1 
 .text          0x0000000040105f14       0x43 /home/stoffer/esp8266/esp-open-sdk/sdk/lib/liblwip.a(etharp.o)
                                         0x47 (size before relaxing)
 *fill*         0x0000000040105f57        0x1 
 .text          0x0000000040105f58       0xd6 /home/stoffer/esp8266/esp-open-sdk/sdk/lib/liblwip.a(sntp.o)
                                         0xde (size before relaxing)
                0x0000000040105f60                sntp_get_current_timestamp
                0x0000000040105f88                sntp_get_real_time
 *fill*         0x000000004010602e        0x2 
 .text          0x0000000040106030      0x1fd /home/stoffer/esp8266/esp-open-sdk/sdk/lib/liblwip.a(tcp.o)
                                        0x229 (size before relaxing)
 *fill*         0x000000004010622d        0x3 
 .text          0x0000000040106230      0x159 /home/stoffer/esp8266/esp-open-sdk/sdk/lib/liblwip.a(tcp_out.o)
                                        0x161 (size before relaxing)
 *fill*         0x0000000040106389        0x3 
 .text          0x000000004010638c       0xb4 /home/stoffer/esp8266/esp-open-sdk/sdk/lib/liblwip.a(timers.o)
                                         0xc0 (size before relaxing)
 .text          0x0000000040106440      0x15d /home/stoffer/esp8266/esp-open-sdk/sdk/lib/libgcc.a(_mulsf3.o)
                0x00000000401064b8                __mulsf3
 *fill*         0x000000004010659d        0x3 
 .text          0x00000000401065a0      0x135 /home/stoffer/esp8266/esp-open-sdk/sdk/lib/libgcc.a(_divsf3.o)
                0x000000004010661c                __divsf3
 *fill*         0x00000000401066d5        0x3 
 .text          0x00000000401066d8       0x40 /home/stoffer/esp8266/esp-open-sdk/sdk/lib/libgcc.a(_fixsfsi.o)
                0x00000000401066d8                __fixsfsi
 .text          0x0000000040106718        0x0 /home/stoffer/esp8266/esp-open-sdk/sdk/lib/libmain.a(debug-vector.o)
 .text          0x0000000040106718        0x0 /home/stoffer/esp8266/esp-open-sdk/sdk/lib/libmain.a(double-vector.o)
 .text          0x0000000040106718        0x0 /home/stoffer/esp8266/esp-open-sdk/sdk/lib/libmain.a(kernel-vector.o)
 .literal       0x0000000040106718        0x0 /home/stoffer/esp8266/esp-open-sdk/sdk/lib/libmain.a(nmi-vector.o)
 *fill*         0x0000000040106718        0x0 
 .literal       0x0000000040106718        0x0 /home/stoffer/esp8266/esp-open-sdk/sdk/lib/libmain.a(user-vector.o)
 .text          0x0000000040106718        0x0 /home/stoffer/esp8266/esp-open-sdk/sdk/lib/libmain.a(vector.o)
 *fill*         0x0000000040106718        0x0 
 .literal       0x0000000040106718        0x0 /home/stoffer/esp8266/esp-open-sdk/sdk/lib/libmain.a(app_main.o)
 *fill*         0x0000000040106718        0x0 
 .literal       0x0000000040106718        0x0 /home/stoffer/esp8266/esp-open-sdk/sdk/lib/libmain.a(ets_timer.o)
 .literal       0x0000000040106718        0x0 /home/stoffer/esp8266/esp-open-sdk/sdk/lib/libmain.a(mem_manager.o)
 *fill*         0x0000000040106718        0x0 
 .literal       0x0000000040106718        0x0 /home/stoffer/esp8266/esp-open-sdk/sdk/lib/libmain.a(spi_flash.o)
 .literal       0x0000000040106718        0x0 /home/stoffer/esp8266/esp-open-sdk/sdk/lib/libmain.a(user_interface.o)
 .text          0x0000000040106718        0x0 /home/stoffer/esp8266/esp-open-sdk/sdk/lib/libmain.a(eagle_lib.o)
 .text          0x0000000040106718        0x0 /home/stoffer/esp8266/esp-open-sdk/sdk/lib/libmain.a(eagle_lwip_if.o)
 *fill*         0x0000000040106718        0x0 
 .literal       0x0000000040106718        0x0 build/app_app.a(user_main.o)
 .text          0x0000000040106718        0x0 build/app_app.a(captdns.o)
 .text          0x0000000040106718        0x0 build/app_app.a(led.o)
 *fill*         0x0000000040106718        0x0 
 .literal       0x0000000040106718        0x0 build/app_app.a(httpd.o)
 .text          0x0000000040106718       0xe9 build/app_app.a(httpd.o)
                0x0000000040106744                httpdUrlDecode
 .text          0x0000000040106801        0x0 build/app_app.a(utils.o)
 *fill*         0x0000000040106801        0x3 
 .literal       0x0000000040106804        0x0 build/app_app.a(httpd_user_init.o)
 .text          0x0000000040106804        0x0 build/app_app.a(crypto.o)
 .text          0x0000000040106804        0x0 build/app_app.a(hmac-sha256.o)
 .text          0x0000000040106804        0x0 build/app_app.a(sha256.o)
 .text          0x0000000040106804        0x0 build/app_app.a(aes.o)
 *fill*         0x0000000040106804        0x0 
 .literal       0x0000000040106804        0x0 build/app_app.a(uart.o)
 .text          0x0000000040106804        0x0 build/app_app.a(ext_spi_flash.o)
 .text          0x0000000040106804        0x0 build/app_app.a(spi.o)
 .text          0x0000000040106804        0x0 build/app_app.a(gpio16.o)
 .text          0x0000000040106804        0x0 build/app_app.a(mqtt.o)
 .text          0x0000000040106804        0x0 build/app_app.a(mqtt_msg.o)
 .text          0x0000000040106804        0x0 build/app_app.a(queue.o)
 .text          0x0000000040106804        0x0 build/app_app.a(mqtt_utils.o)
 .text          0x0000000040106804        0x0 build/app_app.a(proto.o)
 .text          0x0000000040106804        0x0 build/app_app.a(config.o)
 *fill*         0x0000000040106804        0x0 
 .literal       0x0000000040106804        0x0 build/app_app.a(wifi.o)
 .text          0x0000000040106804        0x0 build/app_app.a(tinyprintf.o)
 .text          0x0000000040106804        0x0 build/app_app.a(unix_time.o)
 .text          0x0000000040106804        0x0 build/app_app.a(cgi.o)
 .text          0x0000000040106804        0x0 build/app_app.a(httpdespfs.o)
 .text          0x0000000040106804        0x0 build/app_app.a(cgiwifi.o)
 .text          0x0000000040106804        0x0 build/app_app.a(espfs.o)
 *fill*         0x0000000040106804        0x0 
 .literal       0x0000000040106804        0x0 build/app_app.a(heatshrink_decoder.o)
 .text          0x0000000040106804        0x0 build/app_app.a(ringbuf.o)
 *fill*         0x0000000040106804        0x0 
 .text          0x0000000040106804      0x145 /home/stoffer/esp8266/esp-open-sdk/xtensa-lx106-elf/lib/gcc/xtensa-lx106-elf/4.8.5/../../../../xtensa-lx106-elf/lib/libc.a(lib_a-memcpy.o)
                0x0000000040106848                memcpy
 *fill*         0x0000000040106949        0x3 
 .text          0x000000004010694c       0x7c /home/stoffer/esp8266/esp-open-sdk/xtensa-lx106-elf/lib/gcc/xtensa-lx106-elf/4.8.5/../../../../xtensa-lx106-elf/lib/libc.a(lib_a-memset.o)
                0x0000000040106978                memset
 *fill*         0x00000000401069c8        0x0 
 .literal       0x00000000401069c8        0x0 /home/stoffer/esp8266/esp-open-sdk/xtensa-lx106-elf/lib/gcc/xtensa-lx106-elf/4.8.5/../../../../xtensa-lx106-elf/lib/libc.a(lib_a-strtok_r.o)
 .text          0x00000000401069c8       0x71 /home/stoffer/esp8266/esp-open-sdk/xtensa-lx106-elf/lib/gcc/xtensa-lx106-elf/4.8.5/../../../../xtensa-lx106-elf/lib/libc.a(lib_a-strtok_r.o)
                0x00000000401069c8                __strtok_r
                0x0000000040106a28                strtok_r
 *fill*         0x0000000040106a39        0x0 
 .text          0x0000000040106a39        0x0 /home/stoffer/esp8266/esp-open-sdk/xtensa-lx106-elf/lib/gcc/xtensa-lx106-elf/4.8.5/../../../../xtensa-lx106-elf/lib/libc.a(lib_a-ctype_.o)
 .text          0x0000000040106a39        0x0 /home/stoffer/esp8266/esp-open-sdk/xtensa-lx106-elf/lib/gcc/xtensa-lx106-elf/4.8.5/../../../../xtensa-lx106-elf/lib/libc.a(lib_a-impure.o)
 *fill*         0x0000000040106a39        0x3 
 .text          0x0000000040106a3c        0x5 /home/stoffer/esp8266/esp-open-sdk/xtensa-lx106-elf/xtensa-lx106-elf/sysroot/usr/lib/libhal.a(int_asm--set_intclear.o)
                0x0000000040106a3c                xthal_set_intclear
 *fill*         0x0000000040106a41        0x3 
 .literal       0x0000000040106a44        0x0 /home/stoffer/esp8266/esp-open-sdk/sdk/lib/libphy.a(phy.o)
 *fill*         0x0000000040106a44        0x0 
 .literal       0x0000000040106a44        0x0 /home/stoffer/esp8266/esp-open-sdk/sdk/lib/libphy.a(phy_chip_v6_ana.o)
 *fill*         0x0000000040106a44        0x0 
 .literal       0x0000000040106a44        0x0 /home/stoffer/esp8266/esp-open-sdk/sdk/lib/libphy.a(phy_chip_v6.o)
 *fill*         0x0000000040106a44        0x0 
 .literal       0x0000000040106a44        0x0 /home/stoffer/esp8266/esp-open-sdk/sdk/lib/libphy.a(phy_chip_v6_cal.o)
 .text          0x0000000040106a44        0x0 /home/stoffer/esp8266/esp-open-sdk/sdk/lib/libphy.a(phy_chip_v6_unused.o)
 *fill*         0x0000000040106a44        0x0 
 .literal       0x0000000040106a44        0x0 /home/stoffer/esp8266/esp-open-sdk/sdk/lib/libphy.a(phy_sleep.o)
 .text          0x0000000040106a44        0x0 /home/stoffer/esp8266/esp-open-sdk/sdk/lib/libpp.a(if_hwctrl.o)
 *fill*         0x0000000040106a44        0x0 
 .literal       0x0000000040106a44        0x0 /home/stoffer/esp8266/esp-open-sdk/sdk/lib/libpp.a(lmac.o)
 .text          0x0000000040106a44        0x0 /home/stoffer/esp8266/esp-open-sdk/sdk/lib/libpp.a(pm.o)
 .text          0x0000000040106a44        0x0 /home/stoffer/esp8266/esp-open-sdk/sdk/lib/libpp.a(pm_for_bcn_only_mode.o)
 *fill*         0x0000000040106a44        0x0 
 .literal       0x0000000040106a44        0x0 /home/stoffer/esp8266/esp-open-sdk/sdk/lib/libpp.a(pp.o)
 *fill*         0x0000000040106a44        0x0 
 .literal       0x0000000040106a44        0x0 /home/stoffer/esp8266/esp-open-sdk/sdk/lib/libpp.a(rate_control.o)
 *fill*         0x0000000040106a44        0x0 
 .literal       0x0000000040106a44        0x0 /home/stoffer/esp8266/esp-open-sdk/sdk/lib/libpp.a(trc.o)
 *fill*         0x0000000040106a44        0x0 
 .literal       0x0000000040106a44        0x0 /home/stoffer/esp8266/esp-open-sdk/sdk/lib/libpp.a(wdev.o)
 *fill*         0x0000000040106a44        0x0 
 .literal       0x0000000040106a44        0x0 /home/stoffer/esp8266/esp-open-sdk/sdk/lib/libpp.a(esf_buf.o)
 .text          0x0000000040106a44        0x0 /home/stoffer/esp8266/esp-open-sdk/sdk/lib/libnet80211.a(ieee80211.o)
 .text          0x0000000040106a44        0x0 /home/stoffer/esp8266/esp-open-sdk/sdk/lib/libnet80211.a(ieee80211_crypto.o)
 .text          0x0000000040106a44        0x0 /home/stoffer/esp8266/esp-open-sdk/sdk/lib/libnet80211.a(ieee80211_ets.o)
 .literal       0x0000000040106a44        0x0 /home/stoffer/esp8266/esp-open-sdk/sdk/lib/libnet80211.a(ieee80211_hostap.o)
 .text          0x0000000040106a44       0x25 /home/stoffer/esp8266/esp-open-sdk/sdk/lib/libnet80211.a(ieee80211_hostap.o)
 .text          0x0000000040106a69        0x0 /home/stoffer/esp8266/esp-open-sdk/sdk/lib/libnet80211.a(ieee80211_ht.o)
 .text          0x0000000040106a69        0x0 /home/stoffer/esp8266/esp-open-sdk/sdk/lib/libnet80211.a(ieee80211_input.o)
 .text          0x0000000040106a69        0x0 /home/stoffer/esp8266/esp-open-sdk/sdk/lib/libnet80211.a(ieee80211_mesh_quick.o)
 *fill*         0x0000000040106a69        0x3 
 .literal       0x0000000040106a6c        0x0 /home/stoffer/esp8266/esp-open-sdk/sdk/lib/libnet80211.a(ieee80211_output.o)
 .text          0x0000000040106a6c        0x0 /home/stoffer/esp8266/esp-open-sdk/sdk/lib/libnet80211.a(ieee80211_phy.o)
 .text          0x0000000040106a6c        0x0 /home/stoffer/esp8266/esp-open-sdk/sdk/lib/libnet80211.a(ieee80211_power.o)
 .text          0x0000000040106a6c        0x0 /home/stoffer/esp8266/esp-open-sdk/sdk/lib/libnet80211.a(ieee80211_proto.o)
 .text          0x0000000040106a6c        0x0 /home/stoffer/esp8266/esp-open-sdk/sdk/lib/libnet80211.a(ieee80211_rfid.o)
 .text          0x0000000040106a6c        0x0 /home/stoffer/esp8266/esp-open-sdk/sdk/lib/libnet80211.a(ieee80211_scan.o)
 .text          0x0000000040106a6c        0x0 /home/stoffer/esp8266/esp-open-sdk/sdk/lib/libnet80211.a(ieee80211_sta.o)
 *fill*         0x0000000040106a6c        0x0 
 .literal       0x0000000040106a6c        0x0 /home/stoffer/esp8266/esp-open-sdk/sdk/lib/libnet80211.a(wl_chm.o)
 .text          0x0000000040106a6c        0x0 /home/stoffer/esp8266/esp-open-sdk/sdk/lib/libnet80211.a(wl_cnx.o)
 .text          0x0000000040106a6c        0x0 /home/stoffer/esp8266/esp-open-sdk/sdk/lib/libnet80211.a(ieee80211_action.o)
 .text          0x0000000040106a6c        0x0 /home/stoffer/esp8266/esp-open-sdk/sdk/lib/libnet80211.a(ieee80211_action_vendor.o)
 .text          0x0000000040106a6c        0x0 /home/stoffer/esp8266/esp-open-sdk/sdk/lib/libnet80211.a(ieee80211_crypto_ccmp.o)
 .text          0x0000000040106a6c        0x0 /home/stoffer/esp8266/esp-open-sdk/sdk/lib/libnet80211.a(ieee80211_ie_vendor.o)
 .text          0x0000000040106a6c        0x0 /home/stoffer/esp8266/esp-open-sdk/sdk/lib/liblwip.a(dhcp.o)
 .text          0x0000000040106a6c        0x0 /home/stoffer/esp8266/esp-open-sdk/sdk/lib/liblwip.a(dhcpserver.o)
 .text          0x0000000040106a6c        0x0 /home/stoffer/esp8266/esp-open-sdk/sdk/lib/liblwip.a(dns.o)
 .text          0x0000000040106a6c        0x0 /home/stoffer/esp8266/esp-open-sdk/sdk/lib/liblwip.a(espconn.o)
 .text          0x0000000040106a6c        0x0 /home/stoffer/esp8266/esp-open-sdk/sdk/lib/liblwip.a(espconn_tcp.o)
 .text          0x0000000040106a6c        0x0 /home/stoffer/esp8266/esp-open-sdk/sdk/lib/liblwip.a(espconn_udp.o)
 *fill*         0x0000000040106a6c        0x0 
 .literal       0x0000000040106a6c        0x0 /home/stoffer/esp8266/esp-open-sdk/sdk/lib/liblwip.a(etharp.o)
 .text          0x0000000040106a6c        0x0 /home/stoffer/esp8266/esp-open-sdk/sdk/lib/liblwip.a(igmp.o)
 .text          0x0000000040106a6c        0x0 /home/stoffer/esp8266/esp-open-sdk/sdk/lib/liblwip.a(inet_chksum.o)
 .text          0x0000000040106a6c        0x0 /home/stoffer/esp8266/esp-open-sdk/sdk/lib/liblwip.a(init.o)
 .text          0x0000000040106a6c        0x0 /home/stoffer/esp8266/esp-open-sdk/sdk/lib/liblwip.a(ip_addr.o)
 .text          0x0000000040106a6c        0x0 /home/stoffer/esp8266/esp-open-sdk/sdk/lib/liblwip.a(ip.o)
 .text          0x0000000040106a6c        0x0 /home/stoffer/esp8266/esp-open-sdk/sdk/lib/liblwip.a(memp.o)
 .text          0x0000000040106a6c        0x0 /home/stoffer/esp8266/esp-open-sdk/sdk/lib/liblwip.a(netif.o)
 .text          0x0000000040106a6c        0x0 /home/stoffer/esp8266/esp-open-sdk/sdk/lib/liblwip.a(pbuf.o)
 .text          0x0000000040106a6c        0x0 /home/stoffer/esp8266/esp-open-sdk/sdk/lib/liblwip.a(raw.o)
 *fill*         0x0000000040106a6c        0x0 
 .literal       0x0000000040106a6c        0x0 /home/stoffer/esp8266/esp-open-sdk/sdk/lib/liblwip.a(sntp.o)
 .text          0x0000000040106a6c        0x0 /home/stoffer/esp8266/esp-open-sdk/sdk/lib/liblwip.a(tcp_in.o)
 *fill*         0x0000000040106a6c        0x0 
 .literal       0x0000000040106a6c        0x0 /home/stoffer/esp8266/esp-open-sdk/sdk/lib/liblwip.a(tcp.o)
 *fill*         0x0000000040106a6c        0x0 
 .literal       0x0000000040106a6c        0x0 /home/stoffer/esp8266/esp-open-sdk/sdk/lib/liblwip.a(tcp_out.o)
 *fill*         0x0000000040106a6c        0x0 
 .literal       0x0000000040106a6c        0x0 /home/stoffer/esp8266/esp-open-sdk/sdk/lib/liblwip.a(timers.o)
 .text          0x0000000040106a6c        0x0 /home/stoffer/esp8266/esp-open-sdk/sdk/lib/liblwip.a(udp.o)
 .text          0x0000000040106a6c        0x0 /home/stoffer/esp8266/esp-open-sdk/sdk/lib/liblwip.a(icmp.o)
 .text          0x0000000040106a6c        0x0 /home/stoffer/esp8266/esp-open-sdk/sdk/lib/libwpa.a(ap_config.o)
 .text          0x0000000040106a6c        0x0 /home/stoffer/esp8266/esp-open-sdk/sdk/lib/libwpa.a(common.o)
 .text          0x0000000040106a6c        0x0 /home/stoffer/esp8266/esp-open-sdk/sdk/lib/libwpa.a(os_xtensa.o)
 .literal       0x0000000040106a6c        0x0 /home/stoffer/esp8266/esp-open-sdk/sdk/lib/libwpa.a(wpa_auth.o)
 .text          0x0000000040106a6c       0x11 /home/stoffer/esp8266/esp-open-sdk/sdk/lib/libwpa.a(wpa_auth.o)
 .text          0x0000000040106a7d        0x0 /home/stoffer/esp8266/esp-open-sdk/sdk/lib/libwpa.a(wpa_auth_ie.o)
 .text          0x0000000040106a7d        0x0 /home/stoffer/esp8266/esp-open-sdk/sdk/lib/libwpa.a(wpa.o)
 .text          0x0000000040106a7d        0x0 /home/stoffer/esp8266/esp-open-sdk/sdk/lib/libwpa.a(wpa_common.o)
 .text          0x0000000040106a7d        0x0 /home/stoffer/esp8266/esp-open-sdk/sdk/lib/libwpa.a(wpa_debug.o)
 .text          0x0000000040106a7d        0x0 /home/stoffer/esp8266/esp-open-sdk/sdk/lib/libwpa.a(wpa_ie.o)
 .text          0x0000000040106a7d        0x0 /home/stoffer/esp8266/esp-open-sdk/sdk/lib/libwpa.a(wpa_main.o)
 .text          0x0000000040106a7d        0x0 /home/stoffer/esp8266/esp-open-sdk/sdk/lib/libwpa.a(wpas_glue.o)
 .text          0x0000000040106a7d        0x0 /home/stoffer/esp8266/esp-open-sdk/sdk/lib/libwpa.a(aes-wrap.o)
 .text          0x0000000040106a7d        0x0 /home/stoffer/esp8266/esp-open-sdk/sdk/lib/libwpa.a(aes-internal-enc.o)
 .text          0x0000000040106a7d        0x0 /home/stoffer/esp8266/esp-open-sdk/sdk/lib/libwpa.a(aes-internal.o)
 *fill*         0x0000000040106a7d        0x3 
 .text          0x0000000040106a80       0x49 /home/stoffer/esp8266/esp-open-sdk/sdk/lib/libgcc.a(_modsi3.o)
                0x0000000040106a80                __modsi3
 *fill*         0x0000000040106ac9        0x3 
 .text          0x0000000040106acc       0x18 /home/stoffer/esp8266/esp-open-sdk/sdk/lib/libgcc.a(_ashrdi3.o)
                0x0000000040106acc                __ashrdi3
 *fill*         0x0000000040106ae4        0x0 
 *fill*         0x0000000040106ae4        0x0 
 .text          0x0000000040106ae4        0x0 /home/stoffer/esp8266/esp-open-sdk/sdk/lib/libnet80211.a(ieee80211_crypto_tkip.o)
 .text          0x0000000040106ae4        0x0 /home/stoffer/esp8266/esp-open-sdk/sdk/lib/libnet80211.a(ieee80211_crypto_wep.o)
 *(.fini.literal)
 *(.fini)
 *(.gnu.version)