Archive member included because of file (symbol)

/home/stoffer/esp8266/esp-open-sdk/sdk/lib/libmain.a(debug-vector.o)
                              (_DebugExceptionVector)
/home/stoffer/esp8266/esp-open-sdk/sdk/lib/libmain.a(double-vector.o)
                              (_DoubleExceptionVector)
/home/stoffer/esp8266/esp-open-sdk/sdk/lib/libmain.a(kernel-vector.o)
                              (_KernelExceptionVector)
/home/stoffer/esp8266/esp-open-sdk/sdk/lib/libmain.a(nmi-vector.o)
                              (_NMIExceptionVector)
/home/stoffer/esp8266/esp-open-sdk/sdk/lib/libmain.a(user-vector.o)
                              (_UserExceptionVector)
/home/stoffer/esp8266/esp-open-sdk/sdk/lib/libmain.a(vector.o)
                              (call_user_start)
/home/stoffer/esp8266/esp-open-sdk/sdk/lib/libmain.a(app_main.o)
                              /home/stoffer/esp8266/esp-open-sdk/sdk/lib/libmain.a(nmi-vector.o) (NMI_Handler)
/home/stoffer/esp8266/esp-open-sdk/sdk/lib/libmain.a(ets_timer.o)
                              /home/stoffer/esp8266/esp-open-sdk/sdk/lib/libmain.a(app_main.o) (ets_timer_setfn)
/home/stoffer/esp8266/esp-open-sdk/sdk/lib/libmain.a(mem_manager.o)
                              /home/stoffer/esp8266/esp-open-sdk/sdk/lib/libmain.a(app_main.o) (pvPortMalloc)
/home/stoffer/esp8266/esp-open-sdk/sdk/lib/libmain.a(spi_flash.o)
                              /home/stoffer/esp8266/esp-open-sdk/sdk/lib/libmain.a(app_main.o) (spi_flash_read)
/home/stoffer/esp8266/esp-open-sdk/sdk/lib/libmain.a(user_interface.o)
                              /home/stoffer/esp8266/esp-open-sdk/sdk/lib/libmain.a(app_main.o) (done_cb)
/home/stoffer/esp8266/esp-open-sdk/sdk/lib/libmain.a(eagle_lib.o)
                              /home/stoffer/esp8266/esp-open-sdk/sdk/lib/libmain.a(user_interface.o) (ets_sprintf)
/home/stoffer/esp8266/esp-open-sdk/sdk/lib/libmain.a(eagle_lwip_if.o)
                              /home/stoffer/esp8266/esp-open-sdk/sdk/lib/libmain.a(user_interface.o) (hostname)
/home/stoffer/esp8266/esp-open-sdk/xtensa-lx106-elf/bin/../lib/gcc/xtensa-lx106-elf/4.8.2/libgcc.a(_udivsi3.o)
                              /home/stoffer/esp8266/esp-open-sdk/sdk/lib/libmain.a(app_main.o) (__udivsi3)
/home/stoffer/esp8266/esp-open-sdk/xtensa-lx106-elf/bin/../lib/gcc/xtensa-lx106-elf/4.8.2/libgcc.a(_umodsi3.o)
                              /home/stoffer/esp8266/esp-open-sdk/sdk/lib/libmain.a(eagle_lib.o) (__umodsi3)
/home/stoffer/esp8266/esp-open-sdk/xtensa-lx106-elf/bin/../lib/gcc/xtensa-lx106-elf/4.8.2/libgcc.a(_muldi3.o)
                              /home/stoffer/esp8266/esp-open-sdk/sdk/lib/libmain.a(user_interface.o) (__muldi3)
/home/stoffer/esp8266/esp-open-sdk/xtensa-lx106-elf/bin/../lib/gcc/xtensa-lx106-elf/4.8.2/libgcc.a(_umulsidi3.o)
                              /home/stoffer/esp8266/esp-open-sdk/xtensa-lx106-elf/bin/../lib/gcc/xtensa-lx106-elf/4.8.2/libgcc.a(_muldi3.o) (__umulsidi3)
build/app_app.a(user_main.o)  /home/stoffer/esp8266/esp-open-sdk/sdk/lib/libmain.a(app_main.o) (user_init)
build/app_app.a(tinyprintf.o)
                              build/app_app.a(user_main.o) (tfp_snprintf)
build/app_app.a(unix_time.o)  build/app_app.a(user_main.o) (init_unix_time)
build/app_app.a(captdns.o)    build/app_app.a(user_main.o) (captdnsInit)
build/app_app.a(led.o)        build/app_app.a(user_main.o) (led_init)
build/app_app.a(httpd.o)      build/app_app.a(user_main.o) (httpdStop)
build/app_app.a(httpd_user_init.o)
                              build/app_app.a(user_main.o) (httpd_user_init)
build/app_app.a(aes.o)        build/app_app.a(user_main.o) (AES128_CBC_encrypt_buffer)
build/app_app.a(kmp_request.o)
                              build/app_app.a(user_main.o) (kmp_request_init)
build/app_app.a(kmp.o)        build/app_app.a(kmp_request.o) (kmp_value_to_string)
build/app_app.a(cron.o)       build/app_app.a(user_main.o) (cron_init)
build/app_app.a(ac_out.o)     build/app_app.a(user_main.o) (ac_out_init)
build/app_app.a(uart.o)       build/app_app.a(kmp_request.o) (uart0_tx_buffer)
build/app_app.a(mqtt.o)       build/app_app.a(user_main.o) (MQTT_Publish)
build/app_app.a(mqtt_msg.o)   build/app_app.a(mqtt.o) (mqtt_msg_init)
build/app_app.a(queue.o)      build/app_app.a(mqtt.o) (QUEUE_Init)
build/app_app.a(mqtt_utils.o)
                              build/app_app.a(mqtt.o) (UTILS_StrToIP)
build/app_app.a(proto.o)      build/app_app.a(queue.o) (PROTO_ParseRb)
build/app_app.a(config.o)     build/app_app.a(user_main.o) (sys_cfg)
build/app_app.a(wifi.o)       build/app_app.a(user_main.o) (wifi_connect)
build/app_app.a(cgi.o)        build/app_app.a(httpd_user_init.o) (cgiLed)
build/app_app.a(httpdespfs.o)
                              build/app_app.a(httpd_user_init.o) (cgiEspFsHook)
build/app_app.a(cgiwifi.o)    build/app_app.a(httpd_user_init.o) (cgiWiFiScan)
build/app_app.a(espfs.o)      build/app_app.a(httpdespfs.o) (espFsOpen)
build/app_app.a(heatshrink_decoder.o)
[...]
Memory Configuration

Name             Origin             Length             Attributes
dport0_0_seg     0x000000003ff00000 0x0000000000000010
dram0_0_seg      0x000000003ffe8000 0x0000000000014000
iram1_0_seg      0x0000000040100000 0x0000000000008000
irom0_0_seg      0x0000000040240000 0x000000000003c000
*default*        0x0000000000000000 0xffffffffffffffff

Linker script and memory map

START GROUP
LOAD /home/stoffer/esp8266/esp-open-sdk/xtensa-lx106-elf/bin/../lib/gcc/xtensa-lx106-elf/4.8.2/../../../../xtensa-lx106-elf/lib/libc.a
LOAD /home/stoffer/esp8266/esp-open-sdk/xtensa-lx106-elf/bin/../lib/gcc/xtensa-lx106-elf/4.8.2/libgcc.a
LOAD /home/stoffer/esp8266/esp-open-sdk/xtensa-lx106-elf/bin/../xtensa-lx106-elf/sysroot/usr/lib/libhal.a
LOAD /home/stoffer/esp8266/esp-open-sdk/sdk/lib/libphy.a
LOAD /home/stoffer/esp8266/esp-open-sdk/sdk/lib/libpp.a
LOAD /home/stoffer/esp8266/esp-open-sdk/sdk/lib/libnet80211.a
LOAD /home/stoffer/esp8266/esp-open-sdk/sdk/lib/liblwip.a
LOAD /home/stoffer/esp8266/esp-open-sdk/sdk/lib/libwpa.a
LOAD /home/stoffer/esp8266/esp-open-sdk/sdk/lib/libmain.a
LOAD /home/stoffer/esp8266/esp-open-sdk/sdk/lib/libssl.a
LOAD /home/stoffer/esp8266/esp-open-sdk/xtensa-lx106-elf/bin/../lib/gcc/xtensa-lx106-elf/4.8.2/../../../../xtensa-lx106-elf/lib/libc.a
LOAD /home/stoffer/esp8266/esp-open-sdk/xtensa-lx106-elf/bin/../lib/gcc/xtensa-lx106-elf/4.8.2/libgcc.a
LOAD build/app_app.a
END GROUP
                0x0000000040000000                PROVIDE (_memmap_vecbase_reset, 0x40000000)
                0x0000000000000110                _memmap_cacheattr_wb_base = 0x110
                0x0000000000000110                _memmap_cacheattr_wt_base = 0x110
                0x0000000000000220                _memmap_cacheattr_bp_base = 0x220
                0x00000000fffff00f                _memmap_cacheattr_unused_mask = 0xfffff00f
                0x000000002222211f                _memmap_cacheattr_wb_trapnull = 0x2222211f
                0x000000002222211f                _memmap_cacheattr_wba_trapnull = 0x2222211f
                0x000000002222211f                _memmap_cacheattr_wbna_trapnull = 0x2222211f
                0x000000002222211f                _memmap_cacheattr_wt_trapnull = 0x2222211f
                0x000000002222222f                _memmap_cacheattr_bp_trapnull = 0x2222222f
                0x00000000fffff11f                _memmap_cacheattr_wb_strict = 0xfffff11f
                0x00000000fffff11f                _memmap_cacheattr_wt_strict = 0xfffff11f
                0x00000000fffff22f                _memmap_cacheattr_bp_strict = 0xfffff22f
                0x0000000022222112                _memmap_cacheattr_wb_allvalid = 0x22222112
                0x0000000022222112                _memmap_cacheattr_wt_allvalid = 0x22222112
                0x0000000022222222                _memmap_cacheattr_bp_allvalid = 0x22222222
                0x000000002222211f                PROVIDE (_memmap_cacheattr_reset, _memmap_cacheattr_wb_trapnull)

.dport0.rodata  0x000000003ff00000        0x0
                0x000000003ff00000                _dport0_rodata_start = ABSOLUTE (.)
 *(.dport0.rodata)
 *(.dport.rodata)
                0x000000003ff00000                _dport0_rodata_end = ABSOLUTE (.)

.dport0.literal
                0x000000003ff00000        0x0
                0x000000003ff00000                _dport0_literal_start = ABSOLUTE (.)
 *(.dport0.literal)
 *(.dport.literal)
                0x000000003ff00000                _dport0_literal_end = ABSOLUTE (.)

.dport0.data    0x000000003ff00000        0x0
                0x000000003ff00000                _dport0_data_start = ABSOLUTE (.)
 *(.dport0.data)
 *(.dport.data)
                0x000000003ff00000                _dport0_data_end = ABSOLUTE (.)

.data           0x000000003ffe8000      0xa98
                0x000000003ffe8000                _data_start = ABSOLUTE (.)
 *(.data)
 .data          0x000000003ffe8000        0x0 /home/stoffer/esp8266/esp-open-sdk/sdk/lib/libmain.a(debug-vector.o)
 .data          0x000000003ffe8000        0x0 /home/stoffer/esp8266/esp-open-sdk/sdk/lib/libmain.a(double-vector.o)
 .data          0x000000003ffe8000        0x0 /home/stoffer/esp8266/esp-open-sdk/sdk/lib/libmain.a(kernel-vector.o)
 .data          0x000000003ffe8000        0x4 /home/stoffer/esp8266/esp-open-sdk/sdk/lib/libmain.a(nmi-vector.o)
                0x000000003ffe8000                _Pri_3_HandlerAddress
 .data          0x000000003ffe8004        0x0 /home/stoffer/esp8266/esp-open-sdk/sdk/lib/libmain.a(user-vector.o)
 .data          0x000000003ffe8004        0x0 /home/stoffer/esp8266/esp-open-sdk/sdk/lib/libmain.a(vector.o)
 .data          0x000000003ffe8004        0x1 /home/stoffer/esp8266/esp-open-sdk/sdk/lib/libmain.a(app_main.o)
 .data          0x000000003ffe8005        0x0 /home/stoffer/esp8266/esp-open-sdk/sdk/lib/libmain.a(ets_timer.o)
 .data          0x000000003ffe8005        0x0 /home/stoffer/esp8266/esp-open-sdk/sdk/lib/libmain.a(mem_manager.o)
 .data          0x000000003ffe8005        0x0 /home/stoffer/esp8266/esp-open-sdk/sdk/lib/libmain.a(spi_flash.o)
 *fill*         0x000000003ffe8005        0x3 
 .data          0x000000003ffe8008        0x6 /home/stoffer/esp8266/esp-open-sdk/sdk/lib/libmain.a(user_interface.o)
                0x000000003ffe8009                timer2_ms_flag
                0x000000003ffe800a                dhcps_flag
                0x000000003ffe800b                dhcpc_flag
                0x000000003ffe800d                reconnect_internal
 .data          0x000000003ffe800e        0x0 /home/stoffer/esp8266/esp-open-sdk/sdk/lib/libmain.a(eagle_lib.o)
 *fill*         0x000000003ffe800e        0x2 
 .data          0x000000003ffe8010        0x1 /home/stoffer/esp8266/esp-open-sdk/sdk/lib/libmain.a(eagle_lwip_if.o)
                0x000000003ffe8010                default_hostname
 .data          0x000000003ffe8011        0x0 /home/stoffer/esp8266/esp-open-sdk/xtensa-lx106-elf/bin/../lib/gcc/xtensa-lx106-elf/4.8.2/libgcc.a(_udivsi3.o)
 .data          0x000000003ffe8011        0x0 /home/stoffer/esp8266/esp-open-sdk/xtensa-lx106-elf/bin/../lib/gcc/xtensa-lx106-elf/4.8.2/libgcc.a(_umodsi3.o)
 .data          0x000000003ffe8011        0x0 /home/stoffer/esp8266/esp-open-sdk/xtensa-lx106-elf/bin/../lib/gcc/xtensa-lx106-elf/4.8.2/libgcc.a(_muldi3.o)
 .data          0x000000003ffe8011        0x0 /home/stoffer/esp8266/esp-open-sdk/xtensa-lx106-elf/bin/../lib/gcc/xtensa-lx106-elf/4.8.2/libgcc.a(_umulsidi3.o)
 .data          0x000000003ffe8011        0x0 build/app_app.a(user_main.o)
 .data          0x000000003ffe8011        0x0 build/app_app.a(tinyprintf.o)
 .data          0x000000003ffe8011        0x0 build/app_app.a(unix_time.o)
 .data          0x000000003ffe8011        0x0 build/app_app.a(captdns.o)
 .data          0x000000003ffe8011        0x0 build/app_app.a(led.o)
 .data          0x000000003ffe8011        0x0 build/app_app.a(httpd.o)
 *fill*         0x000000003ffe8011        0x3 
 .data          0x000000003ffe8014       0x9c build/app_app.a(httpd_user_init.o)
                0x000000003ffe8014                builtInUrls
 .data          0x000000003ffe80b0        0x0 build/app_app.a(aes.o)
 .data          0x000000003ffe80b0        0x0 build/app_app.a(kmp_request.o)
 .data          0x000000003ffe80b0        0x0 build/app_app.a(kmp.o)
 .data          0x000000003ffe80b0        0x0 build/app_app.a(cron.o)
 .data          0x000000003ffe80b0        0x4 build/app_app.a(ac_out.o)
                0x000000003ffe80b0                ac_pwm_state
 .data          0x000000003ffe80b4        0x0 build/app_app.a(uart.o)
 .data          0x000000003ffe80b4        0x0 build/app_app.a(mqtt.o)
 .data          0x000000003ffe80b4        0x0 build/app_app.a(mqtt_msg.o)
 .data          0x000000003ffe80b4        0x0 build/app_app.a(queue.o)
 .data          0x000000003ffe80b4        0x0 build/app_app.a(mqtt_utils.o)
 .data          0x000000003ffe80b4        0x0 build/app_app.a(proto.o)
 .data          0x000000003ffe80b4        0x0 build/app_app.a(config.o)
 .data          0x000000003ffe80b4        0x0 build/app_app.a(wifi.o)
 .data          0x000000003ffe80b4        0x0 build/app_app.a(cgi.o)
 .data          0x000000003ffe80b4        0x0 build/app_app.a(httpdespfs.o)
 .data          0x000000003ffe80b4        0x0 build/app_app.a(cgiwifi.o)
 .data          0x000000003ffe80b4        0x0 build/app_app.a(espfs.o)
 .data          0x000000003ffe80b4        0x0 build/app_app.a(heatshrink_decoder.o)
 .data          0x000000003ffe80b4      0x200 build/app_app.a(utils.o)
                0x000000003ffe80b4                ccit_crc16_table
 .data          0x000000003ffe82b4        0x0 build/app_app.a(ringbuf.o)
 .data          0x000000003ffe82b4        0x0 /home/stoffer/esp8266/esp-open-sdk/xtensa-lx106-elf/bin/../lib/gcc/xtensa-lx106-elf/4.8.2/../../../../xtensa-lx106-elf/lib/libc.a(lib_a-atoi.o)
 .data          0x000000003ffe82b4        0x0 /home/stoffer/esp8266/esp-open-sdk/xtensa-lx106-elf/bin/../lib/gcc/xtensa-lx106-elf/4.8.2/../../../../xtensa-lx106-elf/lib/libc.a(lib_a-gmtime.o)
 .data          0x000000003ffe82b4        0x0 /home/stoffer/esp8266/esp-open-sdk/xtensa-lx106-elf/bin/../lib/gcc/xtensa-lx106-elf/4.8.2/../../../../xtensa-lx106-elf/lib/libc.a(lib_a-gmtime_r.o)
 *fill*         0x000000003ffe82b4        0x4 
 .data          0x000000003ffe82b8      0x430 /home/stoffer/esp8266/esp-open-sdk/xtensa-lx106-elf/bin/../lib/gcc/xtensa-lx106-elf/4.8.2/../../../../xtensa-lx106-elf/lib/libc.a(lib_a-impure.o)
                0x000000003ffe82b8                _impure_ptr
 .data          0x000000003ffe86e8        0x0 /home/stoffer/esp8266/esp-open-sdk/xtensa-lx106-elf/bin/../lib/gcc/xtensa-lx106-elf/4.8.2/../../../../xtensa-lx106-elf/lib/libc.a(lib_a-memcpy.o)
 .data          0x000000003ffe86e8        0x0 /home/stoffer/esp8266/esp-open-sdk/xtensa-lx106-elf/bin/../lib/gcc/xtensa-lx106-elf/4.8.2/../../../../xtensa-lx106-elf/lib/libc.a(lib_a-memset.o)
 .data          0x000000003ffe86e8        0x0 /home/stoffer/esp8266/esp-open-sdk/xtensa-lx106-elf/bin/../lib/gcc/xtensa-lx106-elf/4.8.2/../../../../xtensa-lx106-elf/lib/libc.a(lib_a-mktm_r.o)
 .data          0x000000003ffe86e8        0x0 /home/stoffer/esp8266/esp-open-sdk/xtensa-lx106-elf/bin/../lib/gcc/xtensa-lx106-elf/4.8.2/../../../../xtensa-lx106-elf/lib/libc.a(lib_a-strcat.o)
 .data          0x000000003ffe86e8        0x0 /home/stoffer/esp8266/esp-open-sdk/xtensa-lx106-elf/bin/../lib/gcc/xtensa-lx106-elf/4.8.2/../../../../xtensa-lx106-elf/lib/libc.a(lib_a-strlen.o)
 .data          0x000000003ffe86e8        0x0 /home/stoffer/esp8266/esp-open-sdk/xtensa-lx106-elf/bin/../lib/gcc/xtensa-lx106-elf/4.8.2/../../../../xtensa-lx106-elf/lib/libc.a(lib_a-strtok.o)
 .data          0x000000003ffe86e8        0x0 /home/stoffer/esp8266/esp-open-sdk/xtensa-lx106-elf/bin/../lib/gcc/xtensa-lx106-elf/4.8.2/../../../../xtensa-lx106-elf/lib/libc.a(lib_a-strtok_r.o)
 .data          0x000000003ffe86e8        0x0 /home/stoffer/esp8266/esp-open-sdk/xtensa-lx106-elf/bin/../lib/gcc/xtensa-lx106-elf/4.8.2/../../../../xtensa-lx106-elf/lib/libc.a(lib_a-strtol.o)
 .data          0x000000003ffe86e8        0x0 /home/stoffer/esp8266/esp-open-sdk/xtensa-lx106-elf/bin/../lib/gcc/xtensa-lx106-elf/4.8.2/../../../../xtensa-lx106-elf/lib/libc.a(lib_a-tzlock.o)
 .data          0x000000003ffe86e8        0x8 /home/stoffer/esp8266/esp-open-sdk/xtensa-lx106-elf/bin/../lib/gcc/xtensa-lx106-elf/4.8.2/../../../../xtensa-lx106-elf/lib/libc.a(lib_a-tzvars.o)
                0x000000003ffe86e8                _tzname
 .data          0x000000003ffe86f0        0x4 /home/stoffer/esp8266/esp-open-sdk/xtensa-lx106-elf/bin/../lib/gcc/xtensa-lx106-elf/4.8.2/../../../../xtensa-lx106-elf/lib/libc.a(lib_a-ctype_.o)
                0x000000003ffe86f0                __ctype_ptr__
 .data          0x000000003ffe86f4       0x40 /home/stoffer/esp8266/esp-open-sdk/xtensa-lx106-elf/bin/../lib/gcc/xtensa-lx106-elf/4.8.2/../../../../xtensa-lx106-elf/lib/libc.a(lib_a-gettzinfo.o)
 .data          0x000000003ffe8734        0x0 /home/stoffer/esp8266/esp-open-sdk/xtensa-lx106-elf/bin/../lib/gcc/xtensa-lx106-elf/4.8.2/libgcc.a(_divsi3.o)
 .data          0x000000003ffe8734        0x0 /home/stoffer/esp8266/esp-open-sdk/xtensa-lx106-elf/bin/../lib/gcc/xtensa-lx106-elf/4.8.2/libgcc.a(_modsi3.o)
 .data          0x000000003ffe8734        0x0 /home/stoffer/esp8266/esp-open-sdk/xtensa-lx106-elf/bin/../lib/gcc/xtensa-lx106-elf/4.8.2/libgcc.a(_muldf3.o)
 .data          0x000000003ffe8734        0x0 /home/stoffer/esp8266/esp-open-sdk/xtensa-lx106-elf/bin/../lib/gcc/xtensa-lx106-elf/4.8.2/libgcc.a(_divdf3.o)
 .data          0x000000003ffe8734        0x0 /home/stoffer/esp8266/esp-open-sdk/xtensa-lx106-elf/bin/../lib/gcc/xtensa-lx106-elf/4.8.2/libgcc.a(_floatsidf.o)
 .data          0x000000003ffe8734        0x0 /home/stoffer/esp8266/esp-open-sdk/xtensa-lx106-elf/bin/../lib/gcc/xtensa-lx106-elf/4.8.2/libgcc.a(_udivdi3.o)
 .data          0x000000003ffe8734        0x0 /home/stoffer/esp8266/esp-open-sdk/xtensa-lx106-elf/bin/../lib/gcc/xtensa-lx106-elf/4.8.2/libgcc.a(_umoddi3.o)
 .data          0x000000003ffe8734        0x0 /home/stoffer/esp8266/esp-open-sdk/xtensa-lx106-elf/bin/../xtensa-lx106-elf/sysroot/usr/lib/libhal.a(int_asm--set_intclear.o)
 .data          0x000000003ffe8734        0x0 /home/stoffer/esp8266/esp-open-sdk/sdk/lib/libphy.a(phy.o)
 .data          0x000000003ffe8734        0x0 /home/stoffer/esp8266/esp-open-sdk/sdk/lib/libphy.a(phy_chip_v6_ana.o)
 *fill*         0x000000003ffe8734        0xc 
 .data          0x000000003ffe8740       0x53 /home/stoffer/esp8266/esp-open-sdk/sdk/lib/libphy.a(phy_chip_v6.o)
                0x000000003ffe8742                tx_rf_ana_gain
                0x000000003ffe8770                rx_gain_swp
                0x000000003ffe8790                test_rffreq_txcap
 .data          0x000000003ffe8793        0x0 /home/stoffer/esp8266/esp-open-sdk/sdk/lib/libphy.a(phy_chip_v6_cal.o)
 .data          0x000000003ffe8793        0x0 /home/stoffer/esp8266/esp-open-sdk/sdk/lib/libphy.a(phy_chip_v6_unused.o)
 *fill*         0x000000003ffe8793        0x1 
 .data          0x000000003ffe8794        0x4 /home/stoffer/esp8266/esp-open-sdk/sdk/lib/libphy.a(phy_sleep.o)
                0x000000003ffe8794                chip_version
 .data          0x000000003ffe8798        0x0 /home/stoffer/esp8266/esp-open-sdk/sdk/lib/libpp.a(if_hwctrl.o)
 .data          0x000000003ffe8798        0x0 /home/stoffer/esp8266/esp-open-sdk/sdk/lib/libpp.a(lmac.o)
 .data          0x000000003ffe8798        0x1 /home/stoffer/esp8266/esp-open-sdk/sdk/lib/libpp.a(pm.o)
 *fill*         0x000000003ffe8799        0x3 
 .data          0x000000003ffe879c        0x1 /home/stoffer/esp8266/esp-open-sdk/sdk/lib/libpp.a(pm_for_bcn_only_mode.o)
 *fill*         0x000000003ffe879d        0x3 
 .data          0x000000003ffe87a0       0x1c /home/stoffer/esp8266/esp-open-sdk/sdk/lib/libpp.a(pp.o)
                0x000000003ffe87a0                soft_wdt_interval
                0x000000003ffe87a4                NoiseTimerInterval
                0x000000003ffe87ac                sleep_start_wait_time
                0x000000003ffe87b4                CanDoFreqCal
                0x000000003ffe87b8                tcb
 *fill*         0x000000003ffe87bc        0x4 
 .data          0x000000003ffe87c0       0x40 /home/stoffer/esp8266/esp-open-sdk/sdk/lib/libpp.a(rate_control.o)
 .data          0x000000003ffe8800      0x24c /home/stoffer/esp8266/esp-open-sdk/sdk/lib/libpp.a(trc.o)
 .data          0x000000003ffe8a4c        0x8 /home/stoffer/esp8266/esp-open-sdk/sdk/lib/libpp.a(wdev.o)
 .data          0x000000003ffe8a54        0x0 /home/stoffer/esp8266/esp-open-sdk/sdk/lib/libpp.a(esf_buf.o)
 .data          0x000000003ffe8a54        0x0 /home/stoffer/esp8266/esp-open-sdk/sdk/lib/libnet80211.a(ieee80211.o)
 .data          0x000000003ffe8a54        0x0 /home/stoffer/esp8266/esp-open-sdk/sdk/lib/libnet80211.a(ieee80211_crypto.o)
 .data          0x000000003ffe8a54        0x0 /home/stoffer/esp8266/esp-open-sdk/sdk/lib/libnet80211.a(ieee80211_ets.o)
 .data          0x000000003ffe8a54        0x1 /home/stoffer/esp8266/esp-open-sdk/sdk/lib/libnet80211.a(ieee80211_hostap.o)
                0x000000003ffe8a54                TmpSTAAPCloseAP
 .data          0x000000003ffe8a55        0x0 /home/stoffer/esp8266/esp-open-sdk/sdk/lib/libnet80211.a(ieee80211_ht.o)
 .data          0x000000003ffe8a55        0x0 /home/stoffer/esp8266/esp-open-sdk/sdk/lib/libnet80211.a(ieee80211_input.o)
 .data          0x000000003ffe8a55        0x0 /home/stoffer/esp8266/esp-open-sdk/sdk/lib/libnet80211.a(ieee80211_mesh_quick.o)
 .data          0x000000003ffe8a55        0x0 /home/stoffer/esp8266/esp-open-sdk/sdk/lib/libnet80211.a(ieee80211_output.o)
 .data          0x000000003ffe8a55        0x0 /home/stoffer/esp8266/esp-open-sdk/sdk/lib/libnet80211.a(ieee80211_phy.o)
 .data          0x000000003ffe8a55        0x0 /home/stoffer/esp8266/esp-open-sdk/sdk/lib/libnet80211.a(ieee80211_power.o)
 .data          0x000000003ffe8a55        0x0 /home/stoffer/esp8266/esp-open-sdk/sdk/lib/libnet80211.a(ieee80211_proto.o)
 .data          0x000000003ffe8a55        0x0 /home/stoffer/esp8266/esp-open-sdk/sdk/lib/libnet80211.a(ieee80211_rfid.o)
 .data          0x000000003ffe8a55        0x0 /home/stoffer/esp8266/esp-open-sdk/sdk/lib/libnet80211.a(ieee80211_scan.o)
 .data          0x000000003ffe8a55        0x0 /home/stoffer/esp8266/esp-open-sdk/sdk/lib/libnet80211.a(ieee80211_sta.o)
 .data          0x000000003ffe8a55        0x0 /home/stoffer/esp8266/esp-open-sdk/sdk/lib/libnet80211.a(wl_chm.o)
 *fill*         0x000000003ffe8a55        0x3 
 .data          0x000000003ffe8a58        0x1 /home/stoffer/esp8266/esp-open-sdk/sdk/lib/libnet80211.a(wl_cnx.o)
 *fill*         0x000000003ffe8a59        0x7 
 .data          0x000000003ffe8a60       0x1c /home/stoffer/esp8266/esp-open-sdk/sdk/lib/libnet80211.a(ieee80211_action.o)
 .data          0x000000003ffe8a7c        0x0 /home/stoffer/esp8266/esp-open-sdk/sdk/lib/libnet80211.a(ieee80211_action_vendor.o)
 .data          0x000000003ffe8a7c        0x0 /home/stoffer/esp8266/esp-open-sdk/sdk/lib/libnet80211.a(ieee80211_crypto_ccmp.o)
 .data          0x000000003ffe8a7c        0x0 /home/stoffer/esp8266/esp-open-sdk/sdk/lib/libnet80211.a(ieee80211_ie_vendor.o)
 .data          0x000000003ffe8a7c        0x4 /home/stoffer/esp8266/esp-open-sdk/sdk/lib/liblwip.a(dhcp.o)
 .data          0x000000003ffe8a80        0x5 /home/stoffer/esp8266/esp-open-sdk/sdk/lib/liblwip.a(dhcpserver.o)
                0x000000003ffe8a80                dhcps_lease_time
 .data          0x000000003ffe8a85        0x0 /home/stoffer/esp8266/esp-open-sdk/sdk/lib/liblwip.a(dns.o)
 .data          0x000000003ffe8a85        0x0 /home/stoffer/esp8266/esp-open-sdk/sdk/lib/liblwip.a(espconn.o)
 .data          0x000000003ffe8a85        0x0 /home/stoffer/esp8266/esp-open-sdk/sdk/lib/liblwip.a(espconn_tcp.o)
 .data          0x000000003ffe8a85        0x0 /home/stoffer/esp8266/esp-open-sdk/sdk/lib/liblwip.a(espconn_udp.o)
 .data          0x000000003ffe8a85        0x0 /home/stoffer/esp8266/esp-open-sdk/sdk/lib/liblwip.a(etharp.o)
 .data          0x000000003ffe8a85        0x0 /home/stoffer/esp8266/esp-open-sdk/sdk/lib/liblwip.a(igmp.o)
 .data          0x000000003ffe8a85        0x0 /home/stoffer/esp8266/esp-open-sdk/sdk/lib/liblwip.a(inet_chksum.o)
 .data          0x000000003ffe8a85        0x0 /home/stoffer/esp8266/esp-open-sdk/sdk/lib/liblwip.a(init.o)
 .data          0x000000003ffe8a85        0x0 /home/stoffer/esp8266/esp-open-sdk/sdk/lib/liblwip.a(ip_addr.o)
 .data          0x000000003ffe8a85        0x0 /home/stoffer/esp8266/esp-open-sdk/sdk/lib/liblwip.a(ip.o)
 *fill*         0x000000003ffe8a85        0x3 
 .data          0x000000003ffe8a88        0x2 /home/stoffer/esp8266/esp-open-sdk/sdk/lib/liblwip.a(memp.o)
                0x000000003ffe8a88                memp_sizes_test
 .data          0x000000003ffe8a8a        0x0 /home/stoffer/esp8266/esp-open-sdk/sdk/lib/liblwip.a(netif.o)
 .data          0x000000003ffe8a8a        0x0 /home/stoffer/esp8266/esp-open-sdk/sdk/lib/liblwip.a(pbuf.o)
 .data          0x000000003ffe8a8a        0x0 /home/stoffer/esp8266/esp-open-sdk/sdk/lib/liblwip.a(raw.o)
 *fill*         0x000000003ffe8a8a        0x2 
 .data          0x000000003ffe8a8c        0x1 /home/stoffer/esp8266/esp-open-sdk/sdk/lib/liblwip.a(sntp.o)
                0x000000003ffe8a8c                time_zone
 .data          0x000000003ffe8a8d        0x0 /home/stoffer/esp8266/esp-open-sdk/sdk/lib/liblwip.a(tcp_in.o)
 *fill*         0x000000003ffe8a8d        0x3 
 .data          0x000000003ffe8a90        0x8 /home/stoffer/esp8266/esp-open-sdk/sdk/lib/liblwip.a(tcp.o)
 .data          0x000000003ffe8a98        0x0 /home/stoffer/esp8266/esp-open-sdk/sdk/lib/liblwip.a(tcp_out.o)
 .data          0x000000003ffe8a98        0x0 /home/stoffer/esp8266/esp-open-sdk/sdk/lib/liblwip.a(timers.o)
 .data          0x000000003ffe8a98        0x0 /home/stoffer/esp8266/esp-open-sdk/sdk/lib/liblwip.a(udp.o)
 .data          0x000000003ffe8a98        0x0 /home/stoffer/esp8266/esp-open-sdk/sdk/lib/liblwip.a(icmp.o)
 .data          0x000000003ffe8a98        0x0 /home/stoffer/esp8266/esp-open-sdk/sdk/lib/libwpa.a(ap_config.o)
 .data          0x000000003ffe8a98        0x0 /home/stoffer/esp8266/esp-open-sdk/sdk/lib/libwpa.a(common.o)
 .data          0x000000003ffe8a98        0x0 /home/stoffer/esp8266/esp-open-sdk/sdk/lib/libwpa.a(os_xtensa.o)
 .data          0x000000003ffe8a98        0x0 /home/stoffer/esp8266/esp-open-sdk/sdk/lib/libwpa.a(wpa_auth.o)
 .data          0x000000003ffe8a98        0x0 /home/stoffer/esp8266/esp-open-sdk/sdk/lib/libwpa.a(wpa_auth_ie.o)
 .data          0x000000003ffe8a98        0x0 /home/stoffer/esp8266/esp-open-sdk/sdk/lib/libwpa.a(wpa.o)
 .data          0x000000003ffe8a98        0x0 /home/stoffer/esp8266/esp-open-sdk/sdk/lib/libwpa.a(wpa_common.o)
 .data          0x000000003ffe8a98        0x0 /home/stoffer/esp8266/esp-open-sdk/sdk/lib/libwpa.a(wpa_debug.o)
 .data          0x000000003ffe8a98        0x0 /home/stoffer/esp8266/esp-open-sdk/sdk/lib/libwpa.a(wpa_ie.o)
 .data          0x000000003ffe8a98        0x0 /home/stoffer/esp8266/esp-open-sdk/sdk/lib/libwpa.a(wpa_main.o)
 .data          0x000000003ffe8a98        0x0 /home/stoffer/esp8266/esp-open-sdk/sdk/lib/libwpa.a(wpas_glue.o)
 .data          0x000000003ffe8a98        0x0 /home/stoffer/esp8266/esp-open-sdk/sdk/lib/libwpa.a(aes-wrap.o)
 .data          0x000000003ffe8a98        0x0 /home/stoffer/esp8266/esp-open-sdk/sdk/lib/libwpa.a(aes-internal-enc.o)
 .data          0x000000003ffe8a98        0x0 /home/stoffer/esp8266/esp-open-sdk/sdk/lib/libwpa.a(aes-internal.o)
 .data          0x000000003ffe8a98        0x0 /home/stoffer/esp8266/esp-open-sdk/xtensa-lx106-elf/bin/../lib/gcc/xtensa-lx106-elf/4.8.2/libgcc.a(_ashrdi3.o)
 .data          0x000000003ffe8a98        0x0 /home/stoffer/esp8266/esp-open-sdk/xtensa-lx106-elf/bin/../lib/gcc/xtensa-lx106-elf/4.8.2/libgcc.a(_addsubsf3.o)
 .data          0x000000003ffe8a98        0x0 /home/stoffer/esp8266/esp-open-sdk/xtensa-lx106-elf/bin/../lib/gcc/xtensa-lx106-elf/4.8.2/libgcc.a(_mulsf3.o)
 .data          0x000000003ffe8a98        0x0 /home/stoffer/esp8266/esp-open-sdk/xtensa-lx106-elf/bin/../lib/gcc/xtensa-lx106-elf/4.8.2/libgcc.a(_divsf3.o)
 .data          0x000000003ffe8a98        0x0 /home/stoffer/esp8266/esp-open-sdk/xtensa-lx106-elf/bin/../lib/gcc/xtensa-lx106-elf/4.8.2/libgcc.a(_fixsfsi.o)
 .data          0x000000003ffe8a98        0x0 /home/stoffer/esp8266/esp-open-sdk/xtensa-lx106-elf/bin/../lib/gcc/xtensa-lx106-elf/4.8.2/libgcc.a(_fixunssfsi.o)
 .data          0x000000003ffe8a98        0x0 /home/stoffer/esp8266/esp-open-sdk/xtensa-lx106-elf/bin/../lib/gcc/xtensa-lx106-elf/4.8.2/libgcc.a(_floatsisf.o)
 .data          0x000000003ffe8a98        0x0 /home/stoffer/esp8266/esp-open-sdk/xtensa-lx106-elf/bin/../lib/gcc/xtensa-lx106-elf/4.8.2/libgcc.a(_fixdfsi.o)
 .data          0x000000003ffe8a98        0x0 /home/stoffer/esp8266/esp-open-sdk/xtensa-lx106-elf/bin/../lib/gcc/xtensa-lx106-elf/4.8.2/libgcc.a(_truncdfsf2.o)
 .data          0x000000003ffe8a98        0x0 /home/stoffer/esp8266/esp-open-sdk/xtensa-lx106-elf/bin/../lib/gcc/xtensa-lx106-elf/4.8.2/libgcc.a(_divdi3.o)
 .data          0x000000003ffe8a98        0x0 /home/stoffer/esp8266/esp-open-sdk/sdk/lib/libnet80211.a(ieee80211_crypto_tkip.o)
 .data          0x000000003ffe8a98        0x0 /home/stoffer/esp8266/esp-open-sdk/sdk/lib/libnet80211.a(ieee80211_crypto_wep.o)
 *(.data.*)
 *(.gnu.linkonce.d.*)
 *(.data1)
 *(.sdata)
 *(.sdata.*)
 *(.gnu.linkonce.s.*)
 *(.sdata2)
 *(.sdata2.*)
 *(.gnu.linkonce.s2.*)
 *(.jcr)
                0x000000003ffe8a98                _data_end = ABSOLUTE (.)

.rodata         0x000000003ffe8aa0     0x1058
                0x000000003ffe8aa0                _rodata_start = ABSOLUTE (.)
 *(.sdk.version)
 .sdk.version   0x000000003ffe8aa0       0x10 /home/stoffer/esp8266/esp-open-sdk/sdk/lib/libmain.a(app_main.o)
                0x000000003ffe8aa0                SDK_VERSION
 *(.rodata)
 .rodata        0x000000003ffe8ab0       0x48 build/app_app.a(httpd.o)
 .rodata        0x000000003ffe8af8      0x300 build/app_app.a(aes.o)
 .rodata        0x000000003ffe8df8       0xd4 build/app_app.a(kmp.o)
 .rodata        0x000000003ffe8ecc       0x48 build/app_app.a(mqtt.o)
 .rodata        0x000000003ffe8f14        0x0 build/app_app.a(config.o)
 .rodata        0x000000003ffe8f14       0x24 build/app_app.a(heatshrink_decoder.o)
 .rodata        0x000000003ffe8f38        0x4 /home/stoffer/esp8266/esp-open-sdk/xtensa-lx106-elf/bin/../lib/gcc/xtensa-lx106-elf/4.8.2/../../../../xtensa-lx106-elf/lib/libc.a(lib_a-impure.o)
                0x000000003ffe8f38                _global_impure_ptr
 .rodata        0x000000003ffe8f3c       0x68 /home/stoffer/esp8266/esp-open-sdk/xtensa-lx106-elf/bin/../lib/gcc/xtensa-lx106-elf/4.8.2/../../../../xtensa-lx106-elf/lib/libc.a(lib_a-mktm_r.o)
 .rodata        0x000000003ffe8fa4      0x101 /home/stoffer/esp8266/esp-open-sdk/xtensa-lx106-elf/bin/../lib/gcc/xtensa-lx106-elf/4.8.2/../../../../xtensa-lx106-elf/lib/libc.a(lib_a-ctype_.o)
                0x000000003ffe8fa4                _ctype_
 *fill*         0x000000003ffe90a5        0x3 
 .rodata        0x000000003ffe90a8        0x8 /home/stoffer/esp8266/esp-open-sdk/sdk/lib/libphy.a(phy_chip_v6_ana.o)
 .rodata        0x000000003ffe90b0        0x8 /home/stoffer/esp8266/esp-open-sdk/sdk/lib/libphy.a(phy_chip_v6.o)
 .rodata        0x000000003ffe90b8        0x4 /home/stoffer/esp8266/esp-open-sdk/sdk/lib/libpp.a(pp.o)
 .rodata        0x000000003ffe90bc        0x8 /home/stoffer/esp8266/esp-open-sdk/sdk/lib/libnet80211.a(ieee80211_hostap.o)
 .rodata        0x000000003ffe90c4        0x9 /home/stoffer/esp8266/esp-open-sdk/sdk/lib/libnet80211.a(ieee80211_output.o)
 *fill*         0x000000003ffe90cd        0x3 
 .rodata        0x000000003ffe90d0        0x6 /home/stoffer/esp8266/esp-open-sdk/sdk/lib/liblwip.a(etharp.o)
                0x000000003ffe90d0                ethbroadcast
 *fill*         0x000000003ffe90d6        0xa 
 .rodata        0x000000003ffe90e0       0xc0 /home/stoffer/esp8266/esp-open-sdk/sdk/lib/liblwip.a(sntp.o)
 *(.rodata.*)
 .rodata.str1.4
                0x000000003ffe91a0        0xc /home/stoffer/esp8266/esp-open-sdk/sdk/lib/libmain.a(app_main.o)
 .rodata.str1.4
                0x000000003ffe91ac        0x4 /home/stoffer/esp8266/esp-open-sdk/sdk/lib/libmain.a(ets_timer.o)
                                          0xc (size before relaxing)
 .rodata.str1.4
                0x000000003ffe91b0       0x1a /home/stoffer/esp8266/esp-open-sdk/sdk/lib/libmain.a(mem_manager.o)
 *fill*         0x000000003ffe91ca        0x2 
 .rodata.str1.4
                0x000000003ffe91cc      0x1dd build/app_app.a(user_main.o)
                                        0x1f1 (size before relaxing)
 *fill*         0x000000003ffe93a9        0x3 
 .rodata.str1.4
                0x000000003ffe93ac       0x20 build/app_app.a(unix_time.o)
                                         0x24 (size before relaxing)
 .rodata.str1.4
                0x000000003ffe93cc       0x11 build/app_app.a(captdns.o)
 *fill*         0x000000003ffe93dd        0x3 
 .rodata.str1.4
                0x000000003ffe93e0      0x176 build/app_app.a(httpd.o)
                                        0x186 (size before relaxing)
 *fill*         0x000000003ffe9556        0x2 
 .rodata.str1.4
                0x000000003ffe9558       0xa2 build/app_app.a(httpd_user_init.o)
                                         0xa6 (size before relaxing)
 *fill*         0x000000003ffe95fa        0x2 
 .rodata.str1.4
                0x000000003ffe95fc       0x7a build/app_app.a(kmp_request.o)
                                         0x8a (size before relaxing)
 *fill*         0x000000003ffe9676        0x2 
 .rodata.str1.4
                0x000000003ffe9678       0x8c build/app_app.a(kmp.o)
                                         0x9c (size before relaxing)
 .rodata.str1.4
                0x000000003ffe9704       0x40 build/app_app.a(cron.o)
                                         0x68 (size before relaxing)
 .rodata.str1.4
                0x0000000000000000        0x1 build/app_app.a(mqtt.o)
 .rodata.str1.4
                0x000000003ffe9744        0x7 build/app_app.a(mqtt_msg.o)
 .rodata.str1.4
                0x0000000000000000        0x1 build/app_app.a(queue.o)
 *fill*         0x000000003ffe974b        0x1 
 .rodata.str1.4
                0x000000003ffe974c       0x49 build/app_app.a(config.o)
                                         0x4d (size before relaxing)
 *fill*         0x000000003ffe9795        0x3 
 .rodata.str1.4
                0x000000003ffe9798       0x2b build/app_app.a(wifi.o)
                                         0x39 (size before relaxing)
 *fill*         0x000000003ffe97c3        0x1 
 .rodata.str1.4
                0x000000003ffe97c4       0x4c build/app_app.a(cgi.o)
                                         0x54 (size before relaxing)
 .rodata.str1.4
                0x000000003ffe9810       0x32 build/app_app.a(httpdespfs.o)
                                         0x46 (size before relaxing)
 *fill*         0x000000003ffe9842        0x2 
 .rodata.str1.4
                0x000000003ffe9844      0x1bd build/app_app.a(cgiwifi.o)
                                        0x1e1 (size before relaxing)
 .rodata.str1.4
                0x0000000000000000        0x1 build/app_app.a(espfs.o)
 .rodata.str1.4
                0x0000000000000000        0x1 build/app_app.a(heatshrink_decoder.o)
 *fill*         0x000000003ffe9a01        0x3 
 .rodata.str1.4
                0x000000003ffe9a04        0x8 build/app_app.a(utils.o)
                                          0xb (size before relaxing)
 .rodata.str1.1
                0x000000003ffe9a0c        0x2 /home/stoffer/esp8266/esp-open-sdk/xtensa-lx106-elf/bin/../lib/gcc/xtensa-lx106-elf/4.8.2/../../../../xtensa-lx106-elf/lib/libc.a(lib_a-impure.o)
 .rodata.str1.1
                0x000000003ffe9a0e        0x4 /home/stoffer/esp8266/esp-open-sdk/xtensa-lx106-elf/bin/../lib/gcc/xtensa-lx106-elf/4.8.2/../../../../xtensa-lx106-elf/lib/libc.a(lib_a-tzvars.o)
 *fill*         0x000000003ffe9a12        0x2 
 .rodata.str1.4
                0x000000003ffe9a14        0x4 /home/stoffer/esp8266/esp-open-sdk/sdk/lib/libpp.a(lmac.o)
                                          0xc (size before relaxing)
 .rodata.str1.4
                0x000000003ffe9a18        0x4 /home/stoffer/esp8266/esp-open-sdk/sdk/lib/libpp.a(pm_for_bcn_only_mode.o)
                                          0xc (size before relaxing)
 .rodata.str1.4
                0x000000003ffe9a1c        0x8 /home/stoffer/esp8266/esp-open-sdk/sdk/lib/libpp.a(pp.o)
                                         0x10 (size before relaxing)
 .rodata.str1.4
                0x000000003ffe9a24        0x4 /home/stoffer/esp8266/esp-open-sdk/sdk/lib/libpp.a(wdev.o)
                                          0xc (size before relaxing)
 .rodata.str1.4
                0x000000003ffe9a28        0x3 /home/stoffer/esp8266/esp-open-sdk/sdk/lib/libnet80211.a(ieee80211_hostap.o)
                                          0x8 (size before relaxing)
 *fill*         0x000000003ffe9a2b        0x1 
 .rodata.str1.4
                0x000000003ffe9a2c        0x7 /home/stoffer/esp8266/esp-open-sdk/sdk/lib/libnet80211.a(ieee80211_mesh_quick.o)
 .rodata.str1.4
                0x0000000000000000        0x4 /home/stoffer/esp8266/esp-open-sdk/sdk/lib/libnet80211.a(ieee80211_sta.o)
 .rodata.str1.4
                0x0000000000000000        0x4 /home/stoffer/esp8266/esp-open-sdk/sdk/lib/libnet80211.a(ieee80211_action_vendor.o)
 .rodata.str1.4
                0x0000000000000000        0x4 /home/stoffer/esp8266/esp-open-sdk/sdk/lib/libnet80211.a(ieee80211_ie_vendor.o)
 .rodata.str1.4
                0x0000000000000000        0x1 /home/stoffer/esp8266/esp-open-sdk/sdk/lib/liblwip.a(espconn_tcp.o)
 *fill*         0x000000003ffe9a33        0x1 
 .rodata.str1.4
                0x000000003ffe9a34       0x20 /home/stoffer/esp8266/esp-open-sdk/sdk/lib/liblwip.a(sntp.o)
 .rodata.str1.4
                0x000000003ffe9a54       0x10 /home/stoffer/esp8266/esp-open-sdk/sdk/lib/libwpa.a(wpa_debug.o)
                                          0xd (size before relaxing)
 *(.gnu.linkonce.r.*)
 *(.rodata1)
                0x000000003ffe9a64                __XT_EXCEPTION_TABLE__ = ABSOLUTE (.)
 *(.xt_except_table)
 *(.gcc_except_table)
 *(.gnu.linkonce.e.*)
 *(.gnu.version_r)
 *(.eh_frame)
 .eh_frame      0x000000003ffe9a64       0x38 /home/stoffer/esp8266/esp-open-sdk/xtensa-lx106-elf/bin/../lib/gcc/xtensa-lx106-elf/4.8.2/libgcc.a(_udivdi3.o)
 .eh_frame      0x000000003ffe9a9c       0x2c /home/stoffer/esp8266/esp-open-sdk/xtensa-lx106-elf/bin/../lib/gcc/xtensa-lx106-elf/4.8.2/libgcc.a(_umoddi3.o)
                                         0x3c (size before relaxing)
 .eh_frame      0x000000003ffe9ac8       0x28 /home/stoffer/esp8266/esp-open-sdk/xtensa-lx106-elf/bin/../lib/gcc/xtensa-lx106-elf/4.8.2/libgcc.a(_divdi3.o)
                                         0x38 (size before relaxing)
 *crtbegin.o(.ctors)
 *(EXCLUDE_FILE(*crtend.o) .ctors)
 *(SORT(.ctors.*))
 *(.ctors)
 *crtbegin.o(.dtors)
 *(EXCLUDE_FILE(*crtend.o) .dtors)
 *(SORT(.dtors.*))
 *(.dtors)
                0x000000003ffe9af0                __XT_EXCEPTION_DESCS__ = ABSOLUTE (.)
 *(.xt_except_desc)
 *(.gnu.linkonce.h.*)
                0x000000003ffe9af0                __XT_EXCEPTION_DESCS_END__ = ABSOLUTE (.)
 *(.xt_except_desc_end)
 *(.dynamic)
 *(.gnu.version_d)
                0x000000003ffe9af0                . = ALIGN (0x4)
                0x000000003ffe9af0                _bss_table_start = ABSOLUTE (.)
                0x000000003ffe9af0        0x4 LONG 0x3ffe9af8 _bss_start
                0x000000003ffe9af4        0x4 LONG 0x3fff3598 _bss_end
                0x000000003ffe9af8                _bss_table_end = ABSOLUTE (.)
                0x000000003ffe9af8                _rodata_end = ABSOLUTE (.)

.bss            0x000000003ffe9af8     0x9aa0
                0x000000003ffe9af8                . = ALIGN (0x8)
                0x000000003ffe9af8                _bss_start = ABSOLUTE (.)
 *(.dynsbss)
 *(.sbss)
 *(.sbss.*)
 *(.gnu.linkonce.sb.*)
 *(.scommon)
 *(.sbss2)
 *(.sbss2.*)
 *(.gnu.linkonce.sb2.*)
 *(.dynbss)
 *(.bss)
 .bss           0x000000003ffe9af8        0x0 /home/stoffer/esp8266/esp-open-sdk/sdk/lib/libmain.a(debug-vector.o)
 .bss           0x000000003ffe9af8        0x0 /home/stoffer/esp8266/esp-open-sdk/sdk/lib/libmain.a(double-vector.o)
 .bss           0x000000003ffe9af8        0x0 /home/stoffer/esp8266/esp-open-sdk/sdk/lib/libmain.a(kernel-vector.o)
 *fill*         0x000000003ffe9af8        0x8 
 .bss           0x000000003ffe9b00      0x1c0 /home/stoffer/esp8266/esp-open-sdk/sdk/lib/libmain.a(nmi-vector.o)
 .bss           0x000000003ffe9cc0        0x0 /home/stoffer/esp8266/esp-open-sdk/sdk/lib/libmain.a(user-vector.o)
 .bss           0x000000003ffe9cc0        0x0 /home/stoffer/esp8266/esp-open-sdk/sdk/lib/libmain.a(vector.o)
 .bss           0x000000003ffe9cc0       0x41 /home/stoffer/esp8266/esp-open-sdk/sdk/lib/libmain.a(app_main.o)
                0x000000003ffe9cc4                info
                0x000000003ffe9ce8                lwip_timer_interval
                0x000000003ffe9cec                check_timeouts_timer
                0x000000003ffe9d00                user_init_flag
 *fill*         0x000000003ffe9d01        0xf 
 .bss           0x000000003ffe9d10       0x30 /home/stoffer/esp8266/esp-open-sdk/sdk/lib/libmain.a(ets_timer.o)
                0x000000003ffe9d10                dbg_timer_flag
                0x000000003ffe9d14                timer_list
                0x000000003ffe9d18                debug_timer
                0x000000003ffe9d1c                debug_timerfn
 .bss           0x000000003ffe9d40       0x3c /home/stoffer/esp8266/esp-open-sdk/sdk/lib/libmain.a(mem_manager.o)
 .bss           0x000000003ffe9d7c        0x4 /home/stoffer/esp8266/esp-open-sdk/sdk/lib/libmain.a(spi_flash.o)
                0x000000003ffe9d7c                flash_read
 .bss           0x000000003ffe9d80      0x242 /home/stoffer/esp8266/esp-open-sdk/sdk/lib/libmain.a(user_interface.o)
                0x000000003ffe9e77                deep_sleep_flag
                0x000000003ffe9e78                cpu_overclock
                0x000000003ffe9e7c                event_cb
                0x000000003ffe9e80                status_led_output_level
                0x000000003ffe9e84                done_cb
                0x000000003ffe9e88                rst_if
                0x000000003ffe9ea4                default_interface
                0x000000003ffe9ea5                OpmodChgIsOnGoing
                0x000000003ffe9ea8                promiscuous_cb
                0x000000003ffe9ec0                event_TaskQueue
 .bss           0x000000003ffe9fc2        0x0 /home/stoffer/esp8266/esp-open-sdk/sdk/lib/libmain.a(eagle_lib.o)
 *fill*         0x000000003ffe9fc2        0x2 
 .bss           0x000000003ffe9fc4        0xc /home/stoffer/esp8266/esp-open-sdk/sdk/lib/libmain.a(eagle_lwip_if.o)
                0x000000003ffe9fc4                hostname
 .bss           0x000000003ffe9fd0        0x0 /home/stoffer/esp8266/esp-open-sdk/xtensa-lx106-elf/bin/../lib/gcc/xtensa-lx106-elf/4.8.2/libgcc.a(_udivsi3.o)
 .bss           0x000000003ffe9fd0        0x0 /home/stoffer/esp8266/esp-open-sdk/xtensa-lx106-elf/bin/../lib/gcc/xtensa-lx106-elf/4.8.2/libgcc.a(_umodsi3.o)
 .bss           0x000000003ffe9fd0        0x0 /home/stoffer/esp8266/esp-open-sdk/xtensa-lx106-elf/bin/../lib/gcc/xtensa-lx106-elf/4.8.2/libgcc.a(_muldi3.o)
 .bss           0x000000003ffe9fd0        0x0 /home/stoffer/esp8266/esp-open-sdk/xtensa-lx106-elf/bin/../lib/gcc/xtensa-lx106-elf/4.8.2/libgcc.a(_umulsidi3.o)
 .bss           0x000000003ffe9fd0       0x54 build/app_app.a(user_main.o)
                0x000000003ffe9fd0                counter
 .bss           0x000000003ffea024        0x8 build/app_app.a(tinyprintf.o)
 .bss           0x000000003ffea02c       0x30 build/app_app.a(unix_time.o)
                0x000000003ffea02c                ntp_offline_second_counter
                0x000000003ffea030                init_time
 .bss           0x000000003ffea05c       0x2c build/app_app.a(captdns.o)
 .bss           0x000000003ffea088       0x14 build/app_app.a(led.o)
 .bss           0x000000003ffea09c     0x21f4 build/app_app.a(httpd.o)
 .bss           0x000000003ffec290        0x0 build/app_app.a(httpd_user_init.o)
 .bss           0x000000003ffec290       0xbc build/app_app.a(aes.o)
 .bss           0x000000003ffec34c       0x44 build/app_app.a(kmp_request.o)
                0x000000003ffec34c                kmp_serial
 .bss           0x000000003ffec390        0x0 build/app_app.a(kmp.o)
 .bss           0x000000003ffec390       0x14 build/app_app.a(cron.o)
 .bss           0x000000003ffec3a4       0x3c build/app_app.a(ac_out.o)
 .bss           0x000000003ffec3e0        0x0 build/app_app.a(uart.o)
 .bss           0x000000003ffec3e0        0x8 build/app_app.a(mqtt.o)
                0x000000003ffec3e0                default_private_key_len
                0x000000003ffec3e4                default_certificate_len
 .bss           0x000000003ffec3e8        0x0 build/app_app.a(mqtt_msg.o)
 .bss           0x000000003ffec3e8        0x0 build/app_app.a(queue.o)
 .bss           0x000000003ffec3e8        0x0 build/app_app.a(mqtt_utils.o)
 .bss           0x000000003ffec3e8        0x0 build/app_app.a(proto.o)
 .bss           0x000000003ffec3e8       0x14 build/app_app.a(config.o)
 .bss           0x000000003ffec3fc       0x20 build/app_app.a(wifi.o)
                0x000000003ffec3fc                wifi_reconnect
                0x000000003ffec3fd                wifi_scan_runnning
                0x000000003ffec3fe                wifi_fallback_last_present
                0x000000003ffec3ff                wifi_fallback_present
                0x000000003ffec400                wifi_cb
 .bss           0x000000003ffec41c        0x5 build/app_app.a(cgi.o)
 .bss           0x000000003ffec421        0x0 build/app_app.a(httpdespfs.o)
 *fill*         0x000000003ffec421        0x3 
 .bss           0x000000003ffec424       0x14 build/app_app.a(cgiwifi.o)
 .bss           0x000000003ffec438        0x0 build/app_app.a(espfs.o)
 .bss           0x000000003ffec438        0x0 build/app_app.a(heatshrink_decoder.o)
 .bss           0x000000003ffec438        0x0 build/app_app.a(utils.o)
 .bss           0x000000003ffec438        0x0 build/app_app.a(ringbuf.o)
 .bss           0x000000003ffec438        0x0 /home/stoffer/esp8266/esp-open-sdk/xtensa-lx106-elf/bin/../lib/gcc/xtensa-lx106-elf/4.8.2/../../../../xtensa-lx106-elf/lib/libc.a(lib_a-atoi.o)
 .bss           0x000000003ffec438        0x0 /home/stoffer/esp8266/esp-open-sdk/xtensa-lx106-elf/bin/../lib/gcc/xtensa-lx106-elf/4.8.2/../../../../xtensa-lx106-elf/lib/libc.a(lib_a-gmtime.o)
 .bss           0x000000003ffec438        0x0 /home/stoffer/esp8266/esp-open-sdk/xtensa-lx106-elf/bin/../lib/gcc/xtensa-lx106-elf/4.8.2/../../../../xtensa-lx106-elf/lib/libc.a(lib_a-gmtime_r.o)
 .bss           0x000000003ffec438        0x0 /home/stoffer/esp8266/esp-open-sdk/xtensa-lx106-elf/bin/../lib/gcc/xtensa-lx106-elf/4.8.2/../../../../xtensa-lx106-elf/lib/libc.a(lib_a-impure.o)
 .bss           0x000000003ffec438        0x0 /home/stoffer/esp8266/esp-open-sdk/xtensa-lx106-elf/bin/../lib/gcc/xtensa-lx106-elf/4.8.2/../../../../xtensa-lx106-elf/lib/libc.a(lib_a-memcpy.o)
 .bss           0x000000003ffec438        0x0 /home/stoffer/esp8266/esp-open-sdk/xtensa-lx106-elf/bin/../lib/gcc/xtensa-lx106-elf/4.8.2/../../../../xtensa-lx106-elf/lib/libc.a(lib_a-memset.o)
 .bss           0x000000003ffec438        0x0 /home/stoffer/esp8266/esp-open-sdk/xtensa-lx106-elf/bin/../lib/gcc/xtensa-lx106-elf/4.8.2/../../../../xtensa-lx106-elf/lib/libc.a(lib_a-mktm_r.o)
 .bss           0x000000003ffec438        0x0 /home/stoffer/esp8266/esp-open-sdk/xtensa-lx106-elf/bin/../lib/gcc/xtensa-lx106-elf/4.8.2/../../../../xtensa-lx106-elf/lib/libc.a(lib_a-strcat.o)
 .bss           0x000000003ffec438        0x0 /home/stoffer/esp8266/esp-open-sdk/xtensa-lx106-elf/bin/../lib/gcc/xtensa-lx106-elf/4.8.2/../../../../xtensa-lx106-elf/lib/libc.a(lib_a-strlen.o)
 .bss           0x000000003ffec438        0x0 /home/stoffer/esp8266/esp-open-sdk/xtensa-lx106-elf/bin/../lib/gcc/xtensa-lx106-elf/4.8.2/../../../../xtensa-lx106-elf/lib/libc.a(lib_a-strtok.o)
 .bss           0x000000003ffec438        0x0 /home/stoffer/esp8266/esp-open-sdk/xtensa-lx106-elf/bin/../lib/gcc/xtensa-lx106-elf/4.8.2/../../../../xtensa-lx106-elf/lib/libc.a(lib_a-strtok_r.o)
 .bss           0x000000003ffec438        0x0 /home/stoffer/esp8266/esp-open-sdk/xtensa-lx106-elf/bin/../lib/gcc/xtensa-lx106-elf/4.8.2/../../../../xtensa-lx106-elf/lib/libc.a(lib_a-strtol.o)
 .bss           0x000000003ffec438        0x0 /home/stoffer/esp8266/esp-open-sdk/xtensa-lx106-elf/bin/../lib/gcc/xtensa-lx106-elf/4.8.2/../../../../xtensa-lx106-elf/lib/libc.a(lib_a-tzlock.o)
 .bss           0x000000003ffec438        0x8 /home/stoffer/esp8266/esp-open-sdk/xtensa-lx106-elf/bin/../lib/gcc/xtensa-lx106-elf/4.8.2/../../../../xtensa-lx106-elf/lib/libc.a(lib_a-tzvars.o)
                0x000000003ffec438                _timezone
                0x000000003ffec43c                _daylight
 .bss           0x000000003ffec440        0x0 /home/stoffer/esp8266/esp-open-sdk/xtensa-lx106-elf/bin/../lib/gcc/xtensa-lx106-elf/4.8.2/../../../../xtensa-lx106-elf/lib/libc.a(lib_a-ctype_.o)
 .bss           0x000000003ffec440        0x0 /home/stoffer/esp8266/esp-open-sdk/xtensa-lx106-elf/bin/../lib/gcc/xtensa-lx106-elf/4.8.2/../../../../xtensa-lx106-elf/lib/libc.a(lib_a-gettzinfo.o)
 .bss           0x000000003ffec440        0x0 /home/stoffer/esp8266/esp-open-sdk/xtensa-lx106-elf/bin/../lib/gcc/xtensa-lx106-elf/4.8.2/libgcc.a(_divsi3.o)
 .bss           0x000000003ffec440        0x0 /home/stoffer/esp8266/esp-open-sdk/xtensa-lx106-elf/bin/../lib/gcc/xtensa-lx106-elf/4.8.2/libgcc.a(_modsi3.o)
 .bss           0x000000003ffec440        0x0 /home/stoffer/esp8266/esp-open-sdk/xtensa-lx106-elf/bin/../lib/gcc/xtensa-lx106-elf/4.8.2/libgcc.a(_muldf3.o)
 .bss           0x000000003ffec440        0x0 /home/stoffer/esp8266/esp-open-sdk/xtensa-lx106-elf/bin/../lib/gcc/xtensa-lx106-elf/4.8.2/libgcc.a(_divdf3.o)
 .bss           0x000000003ffec440        0x0 /home/stoffer/esp8266/esp-open-sdk/xtensa-lx106-elf/bin/../lib/gcc/xtensa-lx106-elf/4.8.2/libgcc.a(_floatsidf.o)
 .bss           0x000000003ffec440        0x0 /home/stoffer/esp8266/esp-open-sdk/xtensa-lx106-elf/bin/../lib/gcc/xtensa-lx106-elf/4.8.2/libgcc.a(_udivdi3.o)
 .bss           0x000000003ffec440        0x0 /home/stoffer/esp8266/esp-open-sdk/xtensa-lx106-elf/bin/../lib/gcc/xtensa-lx106-elf/4.8.2/libgcc.a(_umoddi3.o)
 .bss           0x000000003ffec440        0x0 /home/stoffer/esp8266/esp-open-sdk/xtensa-lx106-elf/bin/../xtensa-lx106-elf/sysroot/usr/lib/libhal.a(int_asm--set_intclear.o)
 .bss           0x000000003ffec440        0x4 /home/stoffer/esp8266/esp-open-sdk/sdk/lib/libphy.a(phy.o)
 .bss           0x000000003ffec444        0x2 /home/stoffer/esp8266/esp-open-sdk/sdk/lib/libphy.a(phy_chip_v6_ana.o)
                0x000000003ffec444                tout_dis_txpwr_track
                0x000000003ffec445                sleep_mode_flag
 *fill*         0x000000003ffec446        0x2 
 .bss           0x000000003ffec448      0x160 /home/stoffer/esp8266/esp-open-sdk/sdk/lib/libphy.a(phy_chip_v6.o)
                0x000000003ffec448                g_phyFuns
                0x000000003ffec44c                rxiq_compute_num
                0x000000003ffec450                rx_table_renew_en
                0x000000003ffec454                check_result
                0x000000003ffec458                chip6_sleep_params
                0x000000003ffec4ec                chip6_phy_init_ctrl
                0x000000003ffec560                phy_freq_offset
                0x000000003ffec562                do_pwctrl_flag
                0x000000003ffec563                pwctrl_debug
                0x000000003ffec564                txbk_dpdby_flag
                0x000000003ffec566                sw_scan_mode
                0x000000003ffec567                rxmax_ext_level
                0x000000003ffec568                phy_rx_gain_dc_table
                0x000000003ffec57c                periodic_cal_dc_num
                0x000000003ffec580                periodic_cal_flag
                0x000000003ffec581                bbpll_cal_flag
                0x000000003ffec582                phy_in_most_power
                0x000000003ffec583                init_rf_no_cal
                0x000000003ffec584                test_print_time
                0x000000003ffec588                phy_rx_gain_dc_flag
                0x000000003ffec589                phy_in_vdd33_offset
                0x000000003ffec58a                phy_set_most_tpw_disbg
                0x000000003ffec58b                phy_set_most_tpw_index
                0x000000003ffec58c                adc_rand_noise
                0x000000003ffec590                dpd_bypass_original
                0x000000003ffec598                noise_array
 .bss           0x000000003ffec5a8        0x8 /home/stoffer/esp8266/esp-open-sdk/sdk/lib/libphy.a(phy_chip_v6_cal.o)
                0x000000003ffec5a8                phy_tx_power_out
                0x000000003ffec5aa                loop_pwctrl_pwdet_error_accum_high_power
                0x000000003ffec5ac                tx_pwctrl_pk_num
                0x000000003ffec5ad                tx_pwctrl_track_num
                0x000000003ffec5ae                loop_pwctrl_correct_atten_high_power
                0x000000003ffec5af                rxiq_cover_fail_num
 .bss           0x000000003ffec5b0        0x0 /home/stoffer/esp8266/esp-open-sdk/sdk/lib/libphy.a(phy_chip_v6_unused.o)
 .bss           0x000000003ffec5b0        0x7 /home/stoffer/esp8266/esp-open-sdk/sdk/lib/libphy.a(phy_sleep.o)
                0x000000003ffec5b0                periodic_cal_sat
                0x000000003ffec5b2                lslp_mem_opt_8266
                0x000000003ffec5b4                software_slp_reject
                0x000000003ffec5b5                SDIO_slp_reject
                0x000000003ffec5b6                hardware_reject
 *fill*         0x000000003ffec5b7        0x9 
 .bss           0x000000003ffec5c0       0x40 /home/stoffer/esp8266/esp-open-sdk/sdk/lib/libpp.a(if_hwctrl.o)
                0x000000003ffec5c0                interface_mask
                0x000000003ffec5e0                if_ctrl
 .bss           0x000000003ffec600      0x150 /home/stoffer/esp8266/esp-open-sdk/sdk/lib/libpp.a(lmac.o)
                0x000000003ffec604                lmacConfMib
                0x000000003ffec628                our_tx_eb
 .bss           0x000000003ffec750      0x11a /home/stoffer/esp8266/esp-open-sdk/sdk/lib/libpp.a(pm.o)
                0x000000003ffec750                pmc
                0x000000003ffec830                flash_tmp
 *fill*         0x000000003ffec86a        0x2 
 .bss           0x000000003ffec86c       0x34 /home/stoffer/esp8266/esp-open-sdk/sdk/lib/libpp.a(pm_for_bcn_only_mode.o)
 .bss           0x000000003ffec8a0      0x322 /home/stoffer/esp8266/esp-open-sdk/sdk/lib/libpp.a(pp.o)
                0x000000003ffec8b8                pend_flag_noise_check
                0x000000003ffec8c0                pend_flag_periodic_cal
                0x000000003ffec8d8                idle_timer_reopen_flag
                0x000000003ffec8da                dbg_stop_sw_wdt
                0x000000003ffec8db                dbg_stop_hw_wdt
                0x000000003ffec8dd                total_buffed_eb_num
                0x000000003ffec8e0                HighestFreqOffsetInOneChk
                0x000000003ffec8e2                LowestFreqOffsetInOneChk
                0x000000003ffec8e4                DefFreqCalTimer
                0x000000003ffec8f8                PktNumInOneChk
                0x000000003ffeca80                buffed_eb_arr
 *fill*         0x000000003ffecbc2        0xe 
 .bss           0x000000003ffecbd0      0x100 /home/stoffer/esp8266/esp-open-sdk/sdk/lib/libpp.a(rate_control.o)
 .bss           0x000000003ffeccd0      0x46c /home/stoffer/esp8266/esp-open-sdk/sdk/lib/libpp.a(trc.o)
 *fill*         0x000000003ffed13c        0x4 
 .bss           0x000000003ffed140     0x2f88 /home/stoffer/esp8266/esp-open-sdk/sdk/lib/libpp.a(wdev.o)
                0x000000003ffed140                wDevCtrl
                0x000000003ffed2e8                WdevTimOffSet
 *fill*         0x000000003fff00c8        0x8 
 .bss           0x000000003fff00d0      0xaa4 /home/stoffer/esp8266/esp-open-sdk/sdk/lib/libpp.a(esf_buf.o)
 .bss           0x000000003fff0b74      0x67c /home/stoffer/esp8266/esp-open-sdk/sdk/lib/libnet80211.a(ieee80211.o)
                0x000000003fff0b74                g_ic
 .bss           0x000000003fff11f0        0x0 /home/stoffer/esp8266/esp-open-sdk/sdk/lib/libnet80211.a(ieee80211_crypto.o)
 .bss           0x000000003fff11f0        0x0 /home/stoffer/esp8266/esp-open-sdk/sdk/lib/libnet80211.a(ieee80211_ets.o)
 .bss           0x000000003fff11f0       0x56 /home/stoffer/esp8266/esp-open-sdk/sdk/lib/libnet80211.a(ieee80211_hostap.o)
                0x000000003fff11f0                BcnEb_update
                0x000000003fff11fd                BcnWithMcastSendStart
                0x000000003fff11fe                BcnWithMcastSendCnt
                0x000000003fff1218                PendFreeBcnEb
                0x000000003fff121c                ApFreqCalTimer
                0x000000003fff1230                APRecvBcnStartTick
 .bss           0x000000003fff1246        0x0 /home/stoffer/esp8266/esp-open-sdk/sdk/lib/libnet80211.a(ieee80211_ht.o)
 .bss           0x000000003fff1246        0x0 /home/stoffer/esp8266/esp-open-sdk/sdk/lib/libnet80211.a(ieee80211_input.o)
 .bss           0x000000003fff1246        0x0 /home/stoffer/esp8266/esp-open-sdk/sdk/lib/libnet80211.a(ieee80211_mesh_quick.o)
 .bss           0x000000003fff1246        0x0 /home/stoffer/esp8266/esp-open-sdk/sdk/lib/libnet80211.a(ieee80211_output.o)
 .bss           0x000000003fff1246        0x0 /home/stoffer/esp8266/esp-open-sdk/sdk/lib/libnet80211.a(ieee80211_phy.o)
 .bss           0x000000003fff1246        0x0 /home/stoffer/esp8266/esp-open-sdk/sdk/lib/libnet80211.a(ieee80211_power.o)
 .bss           0x000000003fff1246        0x0 /home/stoffer/esp8266/esp-open-sdk/sdk/lib/libnet80211.a(ieee80211_proto.o)
 .bss           0x000000003fff1246        0x0 /home/stoffer/esp8266/esp-open-sdk/sdk/lib/libnet80211.a(ieee80211_rfid.o)
 *fill*         0x000000003fff1246        0x2 
 .bss           0x000000003fff1248       0xc8 /home/stoffer/esp8266/esp-open-sdk/sdk/lib/libnet80211.a(ieee80211_scan.o)
                0x000000003fff1248                gScanStruct
                0x000000003fff12f4                connect_scan_flag
                0x000000003fff12f5                FreqCalCntForScan
                0x000000003fff12f6                TestStaFreqCalValInput
                0x000000003fff12f8                auth_type
                0x000000003fff12fa                scannum
 .bss           0x000000003fff1310       0x10 /home/stoffer/esp8266/esp-open-sdk/sdk/lib/libnet80211.a(ieee80211_sta.o)
 .bss           0x000000003fff1320       0x3c /home/stoffer/esp8266/esp-open-sdk/sdk/lib/libnet80211.a(wl_chm.o)
 *fill*         0x000000003fff135c        0x4 
 .bss           0x000000003fff1360      0x37a /home/stoffer/esp8266/esp-open-sdk/sdk/lib/libnet80211.a(wl_cnx.o)
                0x000000003fff16c0                sta_con_timer
                0x000000003fff16d4                g_cnx_probe_rc_list_cb
                0x000000003fff16d8                reconnect_flag
                0x000000003fff16d9                no_ap_found_index
 .bss           0x000000003fff16da        0x0 /home/stoffer/esp8266/esp-open-sdk/sdk/lib/libnet80211.a(ieee80211_action.o)
 *fill*         0x000000003fff16da        0x2 
 .bss           0x000000003fff16dc       0x10 /home/stoffer/esp8266/esp-open-sdk/sdk/lib/libnet80211.a(ieee80211_action_vendor.o)
 .bss           0x000000003fff16ec        0x0 /home/stoffer/esp8266/esp-open-sdk/sdk/lib/libnet80211.a(ieee80211_crypto_ccmp.o)
 .bss           0x000000003fff16ec        0x0 /home/stoffer/esp8266/esp-open-sdk/sdk/lib/libnet80211.a(ieee80211_ie_vendor.o)
 *fill*         0x000000003fff16ec        0x4 
 .bss           0x000000003fff16f0       0x38 /home/stoffer/esp8266/esp-open-sdk/sdk/lib/liblwip.a(dhcp.o)
                0x000000003fff16f0                dhcp_rx_options_given
                0x000000003fff1700                dhcp_rx_options_val
 .bss           0x000000003fff1728       0x28 /home/stoffer/esp8266/esp-open-sdk/sdk/lib/liblwip.a(dhcpserver.o)
 .bss           0x000000003fff1750      0x480 /home/stoffer/esp8266/esp-open-sdk/sdk/lib/liblwip.a(dns.o)
 .bss           0x000000003fff1bd0      0x104 /home/stoffer/esp8266/esp-open-sdk/sdk/lib/liblwip.a(espconn.o)
                0x000000003fff1bd0                plink_active
                0x000000003fff1bd4                pserver_list
                0x000000003fff1be0                premot
                0x000000003fff1ca0                pktinfo
 *fill*         0x000000003fff1cd4        0xc 
 .bss           0x000000003fff1ce0       0x78 /home/stoffer/esp8266/esp-open-sdk/sdk/lib/liblwip.a(espconn_tcp.o)
                0x000000003fff1ce0                espconn_TaskQueue
 .bss           0x000000003fff1d58        0x0 /home/stoffer/esp8266/esp-open-sdk/sdk/lib/liblwip.a(espconn_udp.o)
 *fill*         0x000000003fff1d58        0x8 
 .bss           0x000000003fff1d60      0x100 /home/stoffer/esp8266/esp-open-sdk/sdk/lib/liblwip.a(etharp.o)
                0x000000003fff1d64                ethzero
 .bss           0x000000003fff1e60        0xc /home/stoffer/esp8266/esp-open-sdk/sdk/lib/liblwip.a(igmp.o)
 .bss           0x000000003fff1e6c        0x0 /home/stoffer/esp8266/esp-open-sdk/sdk/lib/liblwip.a(inet_chksum.o)
 .bss           0x000000003fff1e6c        0x0 /home/stoffer/esp8266/esp-open-sdk/sdk/lib/liblwip.a(init.o)
 *fill*         0x000000003fff1e6c        0x4 
 .bss           0x000000003fff1e70       0x10 /home/stoffer/esp8266/esp-open-sdk/sdk/lib/liblwip.a(ip_addr.o)
 .bss           0x000000003fff1e80       0x12 /home/stoffer/esp8266/esp-open-sdk/sdk/lib/liblwip.a(ip.o)
                0x000000003fff1e80                current_iphdr_dest
                0x000000003fff1e84                current_iphdr_src
                0x000000003fff1e88                current_netif
                0x000000003fff1e8c                current_header
 .bss           0x000000003fff1e92        0x0 /home/stoffer/esp8266/esp-open-sdk/sdk/lib/liblwip.a(memp.o)
 *fill*         0x000000003fff1e92        0x2 
 .bss           0x000000003fff1e94        0x9 /home/stoffer/esp8266/esp-open-sdk/sdk/lib/liblwip.a(netif.o)
                0x000000003fff1e94                netif_list
                0x000000003fff1e98                netif_default
 .bss           0x000000003fff1e9d        0x0 /home/stoffer/esp8266/esp-open-sdk/sdk/lib/liblwip.a(pbuf.o)
 *fill*         0x000000003fff1e9d        0x3 
 .bss           0x000000003fff1ea0        0x4 /home/stoffer/esp8266/esp-open-sdk/sdk/lib/liblwip.a(raw.o)
 *fill*         0x000000003fff1ea4        0xc 
 .bss           0x000000003fff1eb0      0x118 /home/stoffer/esp8266/esp-open-sdk/sdk/lib/liblwip.a(sntp.o)
                0x000000003fff1eb0                res_buf
                0x000000003fff1ed4                __tzyear
                0x000000003fff1ed8                __tznorth
                0x000000003fff1edc                realtime_stamp
                0x000000003fff1f00                sntp__tzrule
                0x000000003fff1f40                reult
 .bss           0x000000003fff1fc8       0x34 /home/stoffer/esp8266/esp-open-sdk/sdk/lib/liblwip.a(tcp_in.o)
                0x000000003fff1ff8                tcp_input_pcb
 .bss           0x000000003fff1ffc       0x1c /home/stoffer/esp8266/esp-open-sdk/sdk/lib/liblwip.a(tcp.o)
                0x000000003fff2000                tcp_active_pcbs
                0x000000003fff2004                tcp_tmp_pcb
                0x000000003fff2008                tcp_tw_pcbs
                0x000000003fff200c                tcp_bound_pcbs
                0x000000003fff2010                tcp_listen_pcbs
                0x000000003fff2014                tcp_ticks
 .bss           0x000000003fff2018        0x0 /home/stoffer/esp8266/esp-open-sdk/sdk/lib/liblwip.a(tcp_out.o)
 .bss           0x000000003fff2018        0xc /home/stoffer/esp8266/esp-open-sdk/sdk/lib/liblwip.a(timers.o)
 .bss           0x000000003fff2024        0x4 /home/stoffer/esp8266/esp-open-sdk/sdk/lib/liblwip.a(udp.o)
                0x000000003fff2024                udp_pcbs
 .bss           0x000000003fff2028        0x0 /home/stoffer/esp8266/esp-open-sdk/sdk/lib/liblwip.a(icmp.o)
 .bss           0x000000003fff2028        0x0 /home/stoffer/esp8266/esp-open-sdk/sdk/lib/libwpa.a(ap_config.o)
 .bss           0x000000003fff2028        0x0 /home/stoffer/esp8266/esp-open-sdk/sdk/lib/libwpa.a(common.o)
 .bss           0x000000003fff2028        0x0 /home/stoffer/esp8266/esp-open-sdk/sdk/lib/libwpa.a(os_xtensa.o)
 .bss           0x000000003fff2028        0x0 /home/stoffer/esp8266/esp-open-sdk/sdk/lib/libwpa.a(wpa_auth.o)
 .bss           0x000000003fff2028        0x0 /home/stoffer/esp8266/esp-open-sdk/sdk/lib/libwpa.a(wpa_auth_ie.o)
 *fill*         0x000000003fff2028        0x8 
 .bss           0x000000003fff2030      0x26a /home/stoffer/esp8266/esp-open-sdk/sdk/lib/libwpa.a(wpa.o)
 .bss           0x000000003fff229a        0x0 /home/stoffer/esp8266/esp-open-sdk/sdk/lib/libwpa.a(wpa_common.o)
 .bss           0x000000003fff229a        0x0 /home/stoffer/esp8266/esp-open-sdk/sdk/lib/libwpa.a(wpa_debug.o)
 .bss           0x000000003fff229a        0x0 /home/stoffer/esp8266/esp-open-sdk/sdk/lib/libwpa.a(wpa_ie.o)
 .bss           0x000000003fff229a        0x0 /home/stoffer/esp8266/esp-open-sdk/sdk/lib/libwpa.a(wpa_main.o)
 .bss           0x000000003fff229a        0x0 /home/stoffer/esp8266/esp-open-sdk/sdk/lib/libwpa.a(wpas_glue.o)
 .bss           0x000000003fff229a        0x0 /home/stoffer/esp8266/esp-open-sdk/sdk/lib/libwpa.a(aes-wrap.o)
 .bss           0x000000003fff229a        0x0 /home/stoffer/esp8266/esp-open-sdk/sdk/lib/libwpa.a(aes-internal-enc.o)
 .bss           0x000000003fff229a        0x0 /home/stoffer/esp8266/esp-open-sdk/sdk/lib/libwpa.a(aes-internal.o)
 .bss           0x000000003fff229a        0x0 /home/stoffer/esp8266/esp-open-sdk/xtensa-lx106-elf/bin/../lib/gcc/xtensa-lx106-elf/4.8.2/libgcc.a(_ashrdi3.o)
 .bss           0x000000003fff229a        0x0 /home/stoffer/esp8266/esp-open-sdk/xtensa-lx106-elf/bin/../lib/gcc/xtensa-lx106-elf/4.8.2/libgcc.a(_addsubsf3.o)
 .bss           0x000000003fff229a        0x0 /home/stoffer/esp8266/esp-open-sdk/xtensa-lx106-elf/bin/../lib/gcc/xtensa-lx106-elf/4.8.2/libgcc.a(_mulsf3.o)
 .bss           0x000000003fff229a        0x0 /home/stoffer/esp8266/esp-open-sdk/xtensa-lx106-elf/bin/../lib/gcc/xtensa-lx106-elf/4.8.2/libgcc.a(_divsf3.o)
 .bss           0x000000003fff229a        0x0 /home/stoffer/esp8266/esp-open-sdk/xtensa-lx106-elf/bin/../lib/gcc/xtensa-lx106-elf/4.8.2/libgcc.a(_fixsfsi.o)
 .bss           0x000000003fff229a        0x0 /home/stoffer/esp8266/esp-open-sdk/xtensa-lx106-elf/bin/../lib/gcc/xtensa-lx106-elf/4.8.2/libgcc.a(_fixunssfsi.o)
 .bss           0x000000003fff229a        0x0 /home/stoffer/esp8266/esp-open-sdk/xtensa-lx106-elf/bin/../lib/gcc/xtensa-lx106-elf/4.8.2/libgcc.a(_floatsisf.o)
 .bss           0x000000003fff229a        0x0 /home/stoffer/esp8266/esp-open-sdk/xtensa-lx106-elf/bin/../lib/gcc/xtensa-lx106-elf/4.8.2/libgcc.a(_fixdfsi.o)
 .bss           0x000000003fff229a        0x0 /home/stoffer/esp8266/esp-open-sdk/xtensa-lx106-elf/bin/../lib/gcc/xtensa-lx106-elf/4.8.2/libgcc.a(_truncdfsf2.o)
 .bss           0x000000003fff229a        0x0 /home/stoffer/esp8266/esp-open-sdk/xtensa-lx106-elf/bin/../lib/gcc/xtensa-lx106-elf/4.8.2/libgcc.a(_divdi3.o)
 *fill*         0x000000003fff229a        0x6 
 .bss           0x000000003fff22a0        0x8 /home/stoffer/esp8266/esp-open-sdk/sdk/lib/libnet80211.a(ieee80211_crypto_tkip.o)
 .bss           0x000000003fff22a8        0x0 /home/stoffer/esp8266/esp-open-sdk/sdk/lib/libnet80211.a(ieee80211_crypto_wep.o)
 *(.bss.*)
 *(.gnu.linkonce.b.*)
 *(COMMON)
 COMMON         0x000000003fff22a8      0x2d4 build/app_app.a(user_main.o)
                0x000000003fff22a8                mqttClient
                0x000000003fff2378                rtc_info
                0x000000003fff237c                kmp_received_task_queue
 *fill*         0x000000003fff257c        0x4 
 COMMON         0x000000003fff2580       0x10 build/app_app.a(unix_time.o)
                0x000000003fff2580                current_unix_time
                0x000000003fff2588                boot_time
 COMMON         0x000000003fff2590      0x58c build/app_app.a(kmp_request.o)
                0x000000003fff2590                response
                0x000000003fff25fc                fifo_buffer
                0x000000003fff26fc                frame_length
                0x000000003fff2700                fifo_head
                0x000000003fff2704                kmp_requests_sent
                0x000000003fff2708                fifo_tail
                0x000000003fff270c                register_list
                0x000000003fff271c                frame
 COMMON         0x000000003fff2b1c       0x10 build/app_app.a(kmp.o)
                0x000000003fff2b1c                kmp_response
                0x000000003fff2b20                kmp_data_length
                0x000000003fff2b24                kmp_frame_length
                0x000000003fff2b28                kmp_frame
 COMMON         0x000000003fff2b2c        0x1 build/app_app.a(cron.o)
                0x000000003fff2b2c                sec_drift
 *fill*         0x000000003fff2b2d        0x3 
 COMMON         0x000000003fff2b30        0x4 build/app_app.a(ac_out.o)
                0x000000003fff2b30                ac_pwm_duty_cycle
 COMMON         0x000000003fff2b34       0x10 build/app_app.a(mqtt.o)
                0x000000003fff2b34                default_private_key
                0x000000003fff2b38                default_certificate
                0x000000003fff2b3c                mqtt_procTaskQueue
 COMMON         0x000000003fff2b44      0xa40 build/app_app.a(config.o)
                0x000000003fff2b44                sys_cfg
                0x000000003fff357c                config_save_timer_running
                0x000000003fff3580                saveFlag
 COMMON         0x000000003fff3584        0x8 build/app_app.a(wifi.o)
                0x000000003fff3584                config_ssid
                0x000000003fff3588                config_pass
 COMMON         0x000000003fff358c        0xc build/app_app.a(cgiwifi.o)
                0x000000003fff358c                cgiWifiAps
                0x000000003fff3598                . = ALIGN (0x8)
                0x000000003fff3598                _bss_end = ABSOLUTE (.)
                0x000000003fff3598                _heap_start = ABSOLUTE (.)

.text           0x0000000040100000     0x7e54
                0x0000000040100000                _stext = .
                0x0000000040100000                _text_start = ABSOLUTE (.)
 *(.UserEnter.text)
 .UserEnter.text
                0x0000000040100000        0xd /home/stoffer/esp8266/esp-open-sdk/sdk/lib/libmain.a(vector.o)
                                         0x14 (size before relaxing)
                0x0000000040100004                call_user_start
                0x0000000040100010                . = ALIGN (0x10)
 *fill*         0x000000004010000d        0x3 
 *(.DebugExceptionVector.text)
 .DebugExceptionVector.text
                0x0000000040100010        0x6 /home/stoffer/esp8266/esp-open-sdk/sdk/lib/libmain.a(debug-vector.o)
                0x0000000040100010                _DebugExceptionVector
                0x0000000040100020                . = ALIGN (0x10)
 *fill*         0x0000000040100016        0xa 
 *(.NMIExceptionVector.text)
 .NMIExceptionVector.text
                0x0000000040100020        0x6 /home/stoffer/esp8266/esp-open-sdk/sdk/lib/libmain.a(nmi-vector.o)
                                          0xd (size before relaxing)
                0x0000000040100020                _NMIExceptionVector
                0x0000000040100030                . = ALIGN (0x10)
 *fill*         0x0000000040100026        0xa 
 *(.KernelExceptionVector.text)
 .KernelExceptionVector.text
                0x0000000040100030        0x6 /home/stoffer/esp8266/esp-open-sdk/sdk/lib/libmain.a(kernel-vector.o)
                0x0000000040100030                _KernelExceptionVector
                0x0000000040100036        0x4 LONG 0x0
                0x000000004010003a        0x4 LONG 0x0
                0x000000004010003e        0x4 LONG 0x0
                0x0000000040100042        0x4 LONG 0x0
                0x0000000040100050                . = ALIGN (0x10)
 *fill*         0x0000000040100046        0xa 
 *(.UserExceptionVector.text)
 .UserExceptionVector.text
                0x0000000040100050        0x6 /home/stoffer/esp8266/esp-open-sdk/sdk/lib/libmain.a(user-vector.o)
                                          0xd (size before relaxing)
                0x0000000040100050                _UserExceptionVector
                0x0000000040100056        0x4 LONG 0x0
                0x000000004010005a        0x4 LONG 0x0
                0x000000004010005e        0x4 LONG 0x0
                0x0000000040100062        0x4 LONG 0x0
                0x0000000040100070                . = ALIGN (0x10)
 *fill*         0x0000000040100066        0xa 
 *(.DoubleExceptionVector.text)
 .DoubleExceptionVector.text
                0x0000000040100070        0x6 /home/stoffer/esp8266/esp-open-sdk/sdk/lib/libmain.a(double-vector.o)
                0x0000000040100070                _DoubleExceptionVector
                0x0000000040100076        0x4 LONG 0x0
                0x000000004010007a        0x4 LONG 0x0
                0x000000004010007e        0x4 LONG 0x0
                0x0000000040100082        0x4 LONG 0x0
                0x0000000040100090                . = ALIGN (0x10)
 *fill*         0x0000000040100086        0xa 
 *(.entry.text)
 *(.init.literal)
 *(.init)
 *(.literal .text .literal.* .text.* .stub .gnu.warning .gnu.linkonce.literal.* .gnu.linkonce.t.*.literal .gnu.linkonce.t.*)
 .text          0x0000000040100090       0xc7 /home/stoffer/esp8266/esp-open-sdk/sdk/lib/libmain.a(nmi-vector.o)
                                         0xcb (size before relaxing)
                0x000000004010009c                _NMILevelVector
 *fill*         0x0000000040100157        0x1 
 .text          0x0000000040100158       0x1e /home/stoffer/esp8266/esp-open-sdk/sdk/lib/libmain.a(user-vector.o)
                0x000000004010015c                _UserExceptionVector_1
 *fill*         0x0000000040100176        0x2 
 .text          0x0000000040100178      0x5b2 /home/stoffer/esp8266/esp-open-sdk/sdk/lib/libmain.a(app_main.o)
                                        0x616 (size before relaxing)
                0x00000000401001b0                Cache_Read_Enable_New
                0x00000000401001ec                NmiTimSetFunc
                0x0000000040100210                NMI_Handler
                0x0000000040100268                call_user_start_local
                0x00000000401003c8                wdt_feed
 *fill*         0x000000004010072a        0x2 
 .text          0x000000004010072c      0x3cc /home/stoffer/esp8266/esp-open-sdk/sdk/lib/libmain.a(ets_timer.o)
                                        0x450 (size before relaxing)
                0x0000000040100800                ets_timer_setfn
                0x00000000401008dc                ets_timer_disarm
                0x000000004010098c                ets_timer_arm_new
 .text          0x0000000040100af8      0x30f /home/stoffer/esp8266/esp-open-sdk/sdk/lib/libmain.a(mem_manager.o)
                                        0x367 (size before relaxing)
                0x0000000040100afc                prvInsertBlockIntoUsedList
                0x0000000040100b2c                system_show_malloc
                0x0000000040100b2c                pvShowMalloc
                0x0000000040100bb8                prvRemoveBlockFromUsedList
                0x0000000040100be4                xPortWantedSizeAlign
                0x0000000040100c0c                pvPortMalloc
                0x0000000040100cd4                vPortFree
                0x0000000040100d2c                pvPortCalloc
                0x0000000040100d5c                pvPortZalloc
                0x0000000040100d78                pvPortRealloc
 *fill*         0x0000000040100e07        0x1 
 .text          0x0000000040100e08      0x269 /home/stoffer/esp8266/esp-open-sdk/sdk/lib/libmain.a(spi_flash.o)
                                        0x2b5 (size before relaxing)
                0x0000000040100e0c                Cache_Read_Disable_2
                0x0000000040100e4c                Cache_Read_Enable_2
                0x0000000040100e84                spi_flash_get_id
                0x0000000040100ee0                spi_flash_read_status
                0x0000000040100f14                spi_flash_write_status
                0x0000000040100f94                spi_flash_erase_sector
                0x0000000040100fc8                spi_flash_write
                0x000000004010101c                spi_flash_read
 *fill*         0x0000000040101071        0x3 
 .text          0x0000000040101074      0x2ee /home/stoffer/esp8266/esp-open-sdk/sdk/lib/libmain.a(user_interface.o)
                                        0x34a (size before relaxing)
                0x0000000040101090                os_printf_plus
                0x00000000401011bc                system_restart_core
                0x00000000401011f4                system_deep_sleep_local_2
                0x0000000040101268                system_get_time
                0x0000000040101280                system_os_post
                0x00000000401012b4                system_rtc_mem_write
                0x000000004010130c                system_rtc_mem_read
 *fill*         0x0000000040101362        0x2 
 .literal       0x0000000040101364        0x0 /home/stoffer/esp8266/esp-open-sdk/xtensa-lx106-elf/bin/../lib/gcc/xtensa-lx106-elf/4.8.2/libgcc.a(_muldi3.o)
                                          0x4 (size before relaxing)
 .literal       0x0000000040101364        0x0 /home/stoffer/esp8266/esp-open-sdk/xtensa-lx106-elf/bin/../lib/gcc/xtensa-lx106-elf/4.8.2/../../../../xtensa-lx106-elf/lib/libc.a(lib_a-atoi.o)
                                          0x8 (size before relaxing)
 .literal       0x0000000040101364        0x4 /home/stoffer/esp8266/esp-open-sdk/xtensa-lx106-elf/bin/../lib/gcc/xtensa-lx106-elf/4.8.2/../../../../xtensa-lx106-elf/lib/libc.a(lib_a-gmtime.o)
                                          0x8 (size before relaxing)
 .literal       0x0000000040101368        0x0 /home/stoffer/esp8266/esp-open-sdk/xtensa-lx106-elf/bin/../lib/gcc/xtensa-lx106-elf/4.8.2/../../../../xtensa-lx106-elf/lib/libc.a(lib_a-gmtime_r.o)
                                          0x4 (size before relaxing)
 .literal       0x0000000040101368       0x18 /home/stoffer/esp8266/esp-open-sdk/xtensa-lx106-elf/bin/../lib/gcc/xtensa-lx106-elf/4.8.2/../../../../xtensa-lx106-elf/lib/libc.a(lib_a-mktm_r.o)
                                         0x88 (size before relaxing)
 .literal       0x0000000040101380        0x8 /home/stoffer/esp8266/esp-open-sdk/xtensa-lx106-elf/bin/../lib/gcc/xtensa-lx106-elf/4.8.2/../../../../xtensa-lx106-elf/lib/libc.a(lib_a-strlen.o)
                                          0xc (size before relaxing)
 .literal       0x0000000040101388        0x0 /home/stoffer/esp8266/esp-open-sdk/xtensa-lx106-elf/bin/../lib/gcc/xtensa-lx106-elf/4.8.2/../../../../xtensa-lx106-elf/lib/libc.a(lib_a-strtok.o)
                                          0x8 (size before relaxing)
 .literal       0x0000000040101388        0xc /home/stoffer/esp8266/esp-open-sdk/xtensa-lx106-elf/bin/../lib/gcc/xtensa-lx106-elf/4.8.2/../../../../xtensa-lx106-elf/lib/libc.a(lib_a-strtol.o)
                                         0x18 (size before relaxing)
 .literal       0x0000000040101394        0x4 /home/stoffer/esp8266/esp-open-sdk/xtensa-lx106-elf/bin/../lib/gcc/xtensa-lx106-elf/4.8.2/../../../../xtensa-lx106-elf/lib/libc.a(lib_a-gettzinfo.o)
 .literal       0x0000000040101398        0x8 /home/stoffer/esp8266/esp-open-sdk/xtensa-lx106-elf/bin/../lib/gcc/xtensa-lx106-elf/4.8.2/libgcc.a(_muldf3.o)
                                         0x10 (size before relaxing)
 .literal       0x00000000401013a0        0x0 /home/stoffer/esp8266/esp-open-sdk/xtensa-lx106-elf/bin/../lib/gcc/xtensa-lx106-elf/4.8.2/libgcc.a(_divdf3.o)
                                         0x10 (size before relaxing)
 .literal       0x00000000401013a0        0x0 /home/stoffer/esp8266/esp-open-sdk/xtensa-lx106-elf/bin/../lib/gcc/xtensa-lx106-elf/4.8.2/libgcc.a(_udivdi3.o)
                                         0x48 (size before relaxing)
 .literal       0x00000000401013a0        0x0 /home/stoffer/esp8266/esp-open-sdk/xtensa-lx106-elf/bin/../lib/gcc/xtensa-lx106-elf/4.8.2/libgcc.a(_umoddi3.o)
                                         0x40 (size before relaxing)
 .literal       0x00000000401013a0        0x4 /home/stoffer/esp8266/esp-open-sdk/xtensa-lx106-elf/bin/../lib/gcc/xtensa-lx106-elf/4.8.2/libgcc.a(_addsubsf3.o)
                                          0xc (size before relaxing)
 .literal       0x00000000401013a4        0x0 /home/stoffer/esp8266/esp-open-sdk/xtensa-lx106-elf/bin/../lib/gcc/xtensa-lx106-elf/4.8.2/libgcc.a(_mulsf3.o)
                                         0x10 (size before relaxing)
 .literal       0x00000000401013a4        0x0 /home/stoffer/esp8266/esp-open-sdk/xtensa-lx106-elf/bin/../lib/gcc/xtensa-lx106-elf/4.8.2/libgcc.a(_divsf3.o)
                                         0x10 (size before relaxing)
 .literal       0x00000000401013a4        0x0 /home/stoffer/esp8266/esp-open-sdk/xtensa-lx106-elf/bin/../lib/gcc/xtensa-lx106-elf/4.8.2/libgcc.a(_fixsfsi.o)
                                          0x4 (size before relaxing)
 .literal       0x00000000401013a4        0x0 /home/stoffer/esp8266/esp-open-sdk/xtensa-lx106-elf/bin/../lib/gcc/xtensa-lx106-elf/4.8.2/libgcc.a(_fixunssfsi.o)
                                          0x4 (size before relaxing)
 .literal       0x00000000401013a4        0x0 /home/stoffer/esp8266/esp-open-sdk/xtensa-lx106-elf/bin/../lib/gcc/xtensa-lx106-elf/4.8.2/libgcc.a(_fixdfsi.o)
                                          0x4 (size before relaxing)
 .literal       0x00000000401013a4        0x4 /home/stoffer/esp8266/esp-open-sdk/xtensa-lx106-elf/bin/../lib/gcc/xtensa-lx106-elf/4.8.2/libgcc.a(_truncdfsf2.o)
                                          0x8 (size before relaxing)
 .literal       0x00000000401013a8        0x0 /home/stoffer/esp8266/esp-open-sdk/xtensa-lx106-elf/bin/../lib/gcc/xtensa-lx106-elf/4.8.2/libgcc.a(_divdi3.o)
                                         0x48 (size before relaxing)
 .text          0x00000000401013a8       0x36 /home/stoffer/esp8266/esp-open-sdk/xtensa-lx106-elf/bin/../lib/gcc/xtensa-lx106-elf/4.8.2/libgcc.a(_muldi3.o)
                0x00000000401013a8                __muldi3
 *fill*         0x00000000401013de        0x2 
 .text          0x00000000401013e0       0x5b build/app_app.a(httpd_user_init.o)
                                         0x5f (size before relaxing)
                0x00000000401013ec                myPassFn
                0x0000000040101424                httpd_user_init
 *fill*         0x000000004010143b        0x1 
 .text          0x000000004010143c       0xeb build/app_app.a(kmp_request.o)
                                        0x10b (size before relaxing)
                0x0000000040101444                kmp_fifo_in_use
                0x0000000040101460                kmp_fifo_put
                0x00000000401014ac                kmp_fifo_get
                0x00000000401014f4                kmp_fifo_snoop
 *fill*         0x0000000040101527        0x1 
 .text          0x0000000040101528      0x15d build/app_app.a(uart.o)
                                        0x175 (size before relaxing)
                0x0000000040101654                uart_tx_one_char
 *fill*         0x0000000040101685        0x3 
 .text          0x0000000040101688       0x75 build/app_app.a(wifi.o)
                0x00000000401016a0                wifi_handle_event_cb
 *fill*         0x00000000401016fd        0x3 
 .text          0x0000000040101700      0x434 build/app_app.a(heatshrink_decoder.o)
                                        0x44c (size before relaxing)
                0x000000004010179c                heatshrink_decoder_free
                0x00000000401017b4                heatshrink_decoder_reset
                0x0000000040101800                heatshrink_decoder_alloc
                0x0000000040101874                heatshrink_decoder_sink
                0x00000000401018ec                heatshrink_decoder_poll
                0x0000000040101b08                heatshrink_decoder_finish
 .text          0x0000000040101b34       0x27 /home/stoffer/esp8266/esp-open-sdk/xtensa-lx106-elf/bin/../lib/gcc/xtensa-lx106-elf/4.8.2/../../../../xtensa-lx106-elf/lib/libc.a(lib_a-atoi.o)
                                         0x2f (size before relaxing)
                0x0000000040101b34                atoi
                0x0000000040101b48                _atoi_r
 *fill*         0x0000000040101b5b        0x1 
 .text          0x0000000040101b5c       0x17 /home/stoffer/esp8266/esp-open-sdk/xtensa-lx106-elf/bin/../lib/gcc/xtensa-lx106-elf/4.8.2/../../../../xtensa-lx106-elf/lib/libc.a(lib_a-gmtime.o)
                                         0x1b (size before relaxing)
                0x0000000040101b5c                gmtime
 *fill*         0x0000000040101b73        0x1 
 .text          0x0000000040101b74       0x14 /home/stoffer/esp8266/esp-open-sdk/xtensa-lx106-elf/bin/../lib/gcc/xtensa-lx106-elf/4.8.2/../../../../xtensa-lx106-elf/lib/libc.a(lib_a-gmtime_r.o)
                0x0000000040101b74                gmtime_r
 .text          0x0000000040101b88      0x45b /home/stoffer/esp8266/esp-open-sdk/xtensa-lx106-elf/bin/../lib/gcc/xtensa-lx106-elf/4.8.2/../../../../xtensa-lx106-elf/lib/libc.a(lib_a-mktm_r.o)
                                        0x49f (size before relaxing)
                0x0000000040101b88                __tzcalc_limits
                0x0000000040101d00                _mktm_r
 *fill*         0x0000000040101fe3        0x1 
 .text          0x0000000040101fe4       0x5b /home/stoffer/esp8266/esp-open-sdk/xtensa-lx106-elf/bin/../lib/gcc/xtensa-lx106-elf/4.8.2/../../../../xtensa-lx106-elf/lib/libc.a(lib_a-strlen.o)
                0x0000000040101fe4                strlen
 *fill*         0x000000004010203f        0x1 
 .text          0x0000000040102040       0x1c /home/stoffer/esp8266/esp-open-sdk/xtensa-lx106-elf/bin/../lib/gcc/xtensa-lx106-elf/4.8.2/../../../../xtensa-lx106-elf/lib/libc.a(lib_a-strtok.o)
                0x0000000040102040                strtok
 .text          0x000000004010205c      0x15b /home/stoffer/esp8266/esp-open-sdk/xtensa-lx106-elf/bin/../lib/gcc/xtensa-lx106-elf/4.8.2/../../../../xtensa-lx106-elf/lib/libc.a(lib_a-strtol.o)
                                        0x15f (size before relaxing)
                0x000000004010205c                _strtol_r
                0x0000000040102198                strtol
 *fill*         0x00000000401021b7        0x1 
 .text          0x00000000401021b8        0x5 /home/stoffer/esp8266/esp-open-sdk/xtensa-lx106-elf/bin/../lib/gcc/xtensa-lx106-elf/4.8.2/../../../../xtensa-lx106-elf/lib/libc.a(lib_a-gettzinfo.o)
                0x00000000401021b8                __gettzinfo
 *fill*         0x00000000401021bd        0x3 
 .text          0x00000000401021c0      0x29b /home/stoffer/esp8266/esp-open-sdk/xtensa-lx106-elf/bin/../lib/gcc/xtensa-lx106-elf/4.8.2/libgcc.a(_muldf3.o)
                0x00000000401022a0                __muldf3
 *fill*         0x000000004010245b        0x1 
 .text          0x000000004010245c      0x20b /home/stoffer/esp8266/esp-open-sdk/xtensa-lx106-elf/bin/../lib/gcc/xtensa-lx106-elf/4.8.2/libgcc.a(_divdf3.o)
                0x0000000040102544                __divdf3
 *fill*         0x0000000040102667        0x1 
 .text          0x0000000040102668      0x38d /home/stoffer/esp8266/esp-open-sdk/xtensa-lx106-elf/bin/../lib/gcc/xtensa-lx106-elf/4.8.2/libgcc.a(_udivdi3.o)
                                        0x3b5 (size before relaxing)
                0x0000000040102668                __udivdi3
 *fill*         0x00000000401029f5        0x3 
 .text          0x00000000401029f8      0x33a /home/stoffer/esp8266/esp-open-sdk/xtensa-lx106-elf/bin/../lib/gcc/xtensa-lx106-elf/4.8.2/libgcc.a(_umoddi3.o)
                                        0x366 (size before relaxing)
                0x00000000401029f8                __umoddi3
 *fill*         0x0000000040102d32        0x2 
 .text          0x0000000040102d34       0x53 /home/stoffer/esp8266/esp-open-sdk/sdk/lib/libphy.a(phy.o)
                                         0x5f (size before relaxing)
                0x0000000040102d3c                register_phy_ops
                0x0000000040102d5c                register_get_phy_addr
                0x0000000040102d64                phy_change_channel
                0x0000000040102d7c                phy_get_mactime
 *fill*         0x0000000040102d87        0x1 
 .text          0x0000000040102d88       0xaa /home/stoffer/esp8266/esp-open-sdk/sdk/lib/libphy.a(phy_chip_v6_cal.o)
                                         0xb2 (size before relaxing)
                0x0000000040102d88                unsign_to_sign
                0x0000000040102dc0                phy_get_bb_freqoffset
                0x0000000040102e24                phy_get_bb_evm
 *fill*         0x0000000040102e32        0x2 
 .text          0x0000000040102e34       0xeb /home/stoffer/esp8266/esp-open-sdk/sdk/lib/libphy.a(phy_sleep.o)
                                        0x103 (size before relaxing)
                0x0000000040102e3c                pm_rtc_clock_cali
                0x0000000040102ef4                clockgate_watchdog
 *fill*         0x0000000040102f1f        0x1 
 .text          0x0000000040102f20     0x1606 /home/stoffer/esp8266/esp-open-sdk/sdk/lib/libpp.a(lmac.o)
                                       0x1962 (size before relaxing)
                0x0000000040102f24                lmacIsActive
                0x0000000040102f38                lmacIsIdle
                0x00000000401033bc                lmacSetAcParam
                0x0000000040103410                lmacProcessTXStartData
                0x0000000040103590                lmacProcessTxSuccess
                0x00000000401036d4                GetAccess
                0x00000000401036e0                lmacDiscardAgedMSDU
                0x00000000401036f4                lmacRecycleMPDU
                0x0000000040103cb8                lmacProcessTxTimeout
                0x0000000040103d20                lmacProcessAllTxTimeout
                0x0000000040103d34                lmacProcessCollisions
                0x0000000040103d94                lmacProcessCollision
                0x0000000040103e18                lmacMSDUAged
                0x00000000401041a8                lmacProcessCtsTimeout
                0x00000000401041e0                lmacProcessAckTimeout
                0x0000000040104238                lmacProcessRtsStart
                0x0000000040104244                lmacProcessTxRtsError
                0x00000000401042e4                lmacProcessTxError
                0x0000000040104374                lmacTxFrame
                0x0000000040104510                lmacRxDone
 *fill*         0x0000000040104526        0x2 
 .text          0x0000000040104528      0x8e1 /home/stoffer/esp8266/esp-open-sdk/sdk/lib/libpp.a(pp.o)
                                        0x9fd (size before relaxing)
                0x000000004010455c                pp_soft_wdt_feed_local
                0x00000000401045f0                ppProcessTxQ
                0x0000000040104664                ppFetchTxQFirstAvail
                0x00000000401046a4                ppDequeueTxQ
                0x00000000401046cc                ppRollBackTxQ
                0x00000000401046f0                ppRecordBarRRC
                0x0000000040104700                ppTxqUpdateBitmap
                0x0000000040104728                ppEnqueueTxDone
                0x000000004010475c                ppEnqueueRxq
                0x0000000040104c44                ppDiscardMPDU
                0x0000000040104c68                pp_post
                0x0000000040104cf4                pp_post2
                0x0000000040104d1c                ppCalTxop
                0x0000000040104d9c                ppCalFrameTimes
 *fill*         0x0000000040104e09        0x3 
 .text          0x0000000040104e0c       0xf5 /home/stoffer/esp8266/esp-open-sdk/sdk/lib/libpp.a(rate_control.o)
                                        0x109 (size before relaxing)
                0x0000000040104e2c                RC_GetAckRate
                0x0000000040104e38                RC_GetRtsRate
                0x0000000040104e48                RC_GetAckTime
                0x0000000040104e5c                RC_GetCtsTime
                0x0000000040104e94                RC_GetBlockAckTime
 *fill*         0x0000000040104f01        0x3 
 .text          0x0000000040104f04      0x9a1 /home/stoffer/esp8266/esp-open-sdk/sdk/lib/libpp.a(trc.o)
                                        0xa05 (size before relaxing)
                0x00000000401050d8                rcUpdateTxDone
                0x000000004010516c                rcUpdateRxDone
                0x00000000401051c8                rcUpdateDataRxDone
                0x00000000401051e4                rcGetSched
                0x00000000401052c8                rcGetRate
                0x00000000401057d8                rcReachRetryLimit
                0x00000000401057f0                trc_NeedRTS
 *fill*         0x00000000401058a5        0x3 
 .text          0x00000000401058a8     0x105f /home/stoffer/esp8266/esp-open-sdk/sdk/lib/libpp.a(wdev.o)
                                       0x1347 (size before relaxing)
                0x0000000040105c4c                wDev_MacTim1SetFunc
                0x0000000040105c6c                wDev_MacTim1Arm
                0x0000000040105d00                wDev_ProcessFiq
                0x0000000040106044                wDev_EnableTransmit
                0x000000004010607c                wDev_DisableTransmit
                0x000000004010609c                Tx_Copy2Queue
                0x00000000401060e4                wDev_ProcessCollision
                0x0000000040106108                wDev_GetTxqCollisions
                0x0000000040106118                wDev_ClearTxqCollisions
                0x0000000040106134                wDev_SetWaitingQueue
                0x000000004010617c                wDev_ClearWaitingQueue
                0x00000000401061a0                wDev_SetFrameAckType
                0x0000000040106204                wDev_AppendRxBlocks
                0x0000000040106348                wDev_AppendRxAmpduLensBlocks
                0x000000004010641c                wDev_GetBAInfo
                0x0000000040106450                wDevDisableRx
 *fill*         0x0000000040106907        0x1 
 .text          0x0000000040106908       0x4c /home/stoffer/esp8266/esp-open-sdk/sdk/lib/libpp.a(esf_buf.o)
                                         0x5c (size before relaxing)
                0x000000004010690c                esf_rx_buf_alloc
 .text          0x0000000040106954       0x23 /home/stoffer/esp8266/esp-open-sdk/sdk/lib/libnet80211.a(ieee80211_output.o)
                                         0x27 (size before relaxing)
 *fill*         0x0000000040106977        0x1 
 .text          0x0000000040106978        0xb /home/stoffer/esp8266/esp-open-sdk/sdk/lib/libnet80211.a(wl_chm.o)
                0x000000004010697c                chm_get_current_channel
 *fill*         0x0000000040106983        0x1 
 .text          0x0000000040106984       0x43 /home/stoffer/esp8266/esp-open-sdk/sdk/lib/liblwip.a(etharp.o)
                                         0x47 (size before relaxing)
 *fill*         0x00000000401069c7        0x1 
 .text          0x00000000401069c8       0xd6 /home/stoffer/esp8266/esp-open-sdk/sdk/lib/liblwip.a(sntp.o)
                                         0xde (size before relaxing)
                0x00000000401069d0                sntp_get_current_timestamp
                0x00000000401069f8                sntp_get_real_time
 *fill*         0x0000000040106a9e        0x2 
 .text          0x0000000040106aa0      0x1fd /home/stoffer/esp8266/esp-open-sdk/sdk/lib/liblwip.a(tcp.o)
                                        0x229 (size before relaxing)
 *fill*         0x0000000040106c9d        0x3 
 .text          0x0000000040106ca0      0x159 /home/stoffer/esp8266/esp-open-sdk/sdk/lib/liblwip.a(tcp_out.o)
                                        0x161 (size before relaxing)
 *fill*         0x0000000040106df9        0x3 
 .text          0x0000000040106dfc       0xb4 /home/stoffer/esp8266/esp-open-sdk/sdk/lib/liblwip.a(timers.o)
                                         0xc0 (size before relaxing)
 .text          0x0000000040106eb0      0x1ff /home/stoffer/esp8266/esp-open-sdk/xtensa-lx106-elf/bin/../lib/gcc/xtensa-lx106-elf/4.8.2/libgcc.a(_addsubsf3.o)
                0x0000000040106ecc                __addsf3
                0x0000000040106fb4                __subsf3
 *fill*         0x00000000401070af        0x1 
 .text          0x00000000401070b0      0x15d /home/stoffer/esp8266/esp-open-sdk/xtensa-lx106-elf/bin/../lib/gcc/xtensa-lx106-elf/4.8.2/libgcc.a(_mulsf3.o)
                0x0000000040107128                __mulsf3
 *fill*         0x000000004010720d        0x3 
 .text          0x0000000040107210      0x135 /home/stoffer/esp8266/esp-open-sdk/xtensa-lx106-elf/bin/../lib/gcc/xtensa-lx106-elf/4.8.2/libgcc.a(_divsf3.o)
                0x000000004010728c                __divsf3
 *fill*         0x0000000040107345        0x3 
 .text          0x0000000040107348       0x40 /home/stoffer/esp8266/esp-open-sdk/xtensa-lx106-elf/bin/../lib/gcc/xtensa-lx106-elf/4.8.2/libgcc.a(_fixsfsi.o)
                0x0000000040107348                __fixsfsi
 .text          0x0000000040107388       0x51 /home/stoffer/esp8266/esp-open-sdk/xtensa-lx106-elf/bin/../lib/gcc/xtensa-lx106-elf/4.8.2/libgcc.a(_fixunssfsi.o)
                0x0000000040107388                __fixunssfsi
 *fill*         0x00000000401073d9        0x3 
 .text          0x00000000401073dc       0x48 /home/stoffer/esp8266/esp-open-sdk/xtensa-lx106-elf/bin/../lib/gcc/xtensa-lx106-elf/4.8.2/libgcc.a(_fixdfsi.o)
                0x00000000401073dc                __fixdfsi